Fri Jun 12 10:28:52 2026: Running xcd server. This server was built by gradle.
Fri Jun 12 10:28:52 2026: Server was asked to start on port: '44001'
Fri Jun 12 10:28:52 2026: Server is using token UUID: 'fd0541d7-ada3-4a41-a4e8-3ba4c240117c'
Fri Jun 12 10:28:52 2026: SESSION_MGR: creating session with session uuid: '6d04a3e9-ade5-4ab9-8d63-1f78fcd2ec76' and name 'default'
Fri Jun 12 10:28:52 2026: Attempting to start server on port '44001'
Fri Jun 12 10:28:52 2026: XCD main fifo: created main fifo '/tmp/xcdmainfd0541d7-ada3-4a41-a4e8-3ba4c240117c', fd read = 12
Fri Jun 12 10:28:52 2026: Running Dispatch Server
Fri Jun 12 10:28:52 2026: Version 2.2.0
Fri Jun 12 10:29:01 2026: Dispatch Server: Accepted socket connection from client
Fri Jun 12 10:29:01 2026: Starting Socket connection
Fri Jun 12 10:29:01 2026: EXCHANGE_TOKEN received, server token: fd0541d7-ada3-4a41-a4e8-3ba4c240117c, passed token: fd0541d7-ada3-4a41-a4e8-3ba4c240117c
Fri Jun 12 10:29:01 2026: SESSION_MGR: creating session with session uuid: '6a93bf5b-b98b-4e7a-8ee1-5759e73a51f7' and name 'vitis_hls'
Fri Jun 12 10:29:01 2026: KERNEL_SVC: creating session with uuid: '6a93bf5b-b98b-4e7a-8ee1-5759e73a51f7' and name 'vitis_hls'
Fri Jun 12 10:29:01 2026: GUIDANCE_SMGR: creating guidance session with uuid: '6a93bf5b-b98b-4e7a-8ee1-5759e73a51f7' and name 'vitis_hls'
Fri Jun 12 10:29:05 2026: Dispatch Server: do_await_stop
Fri Jun 12 10:29:05 2026: Dispatch Server: stopping mainFifo_
Fri Jun 12 10:29:05 2026: XCD main fifo: Stopping
Fri Jun 12 10:29:05 2026: XCD main fifo: do_read error code: Operation canceled
Fri Jun 12 10:29:05 2026: XCD main fifo: bytes_transferred: 0
Fri Jun 12 10:29:05 2026: SERVER: destructor for server bound to port 44001
Fri Jun 12 10:29:05 2026: XCD main fifo: Good unlink of /tmp/xcdmainfd0541d7-ada3-4a41-a4e8-3ba4c240117c
Fri Jun 12 10:29:05 2026: Server exiting with status 0.
Fri Jun 12 10:29:05 2026: Closing log file.
