

================================================================
== Vitis HLS Report for 'ConvolutionInputGenerator_0'
================================================================
* Date:           Fri Jun 12 09:17:16 2026

* Version:        2022.2.2 (Build 3779808 on Feb 17 2023)
* Project:        project_ConvolutionInputGenerator_0
* Solution:       sol1 (Vivado IP Flow Target)
* Product family: zynq
* Target device:  xc7z020-clg400-1


================================================================
== Performance Estimates
================================================================
+ Timing: 
    * Summary: 
    +--------+----------+----------+------------+
    |  Clock |  Target  | Estimated| Uncertainty|
    +--------+----------+----------+------------+
    |ap_clk  |  10.00 ns|  7.591 ns|     2.70 ns|
    +--------+----------+----------+------------+

+ Latency: 
    * Summary: 
    +---------+---------+----------+----------+-------+-------+---------+
    |  Latency (cycles) |  Latency (absolute) |    Interval   | Pipeline|
    |   min   |   max   |    min   |    max   |  min  |  max  |   Type  |
    +---------+---------+----------+----------+-------+-------+---------+
    |    37066|    37066|  0.371 ms|  0.371 ms|  37067|  37067|       no|
    +---------+---------+----------+----------+-------+-------+---------+

    + Detail: 
        * Instance: 
        N/A

        * Loop: 
        +--------------------+---------+---------+----------+-----------+-----------+-------+----------+
        |                    |  Latency (cycles) | Iteration|  Initiation Interval  |  Trip |          |
        |      Loop Name     |   min   |   max   |  Latency |  achieved |   target  | Count | Pipelined|
        +--------------------+---------+---------+----------+-----------+-----------+-------+----------+
        |- VITIS_LOOP_191_2  |    37064|    37064|         4|          1|          1|  37062|  yes(flp)|
        +--------------------+---------+---------+----------+-----------+-----------+-------+----------+



================================================================
== Utilization Estimates
================================================================
* Summary: 
+-----------------+---------+-----+--------+-------+-----+
|       Name      | BRAM_18K| DSP |   FF   |  LUT  | URAM|
+-----------------+---------+-----+--------+-------+-----+
|DSP              |        -|    -|       -|      -|    -|
|Expression       |        -|    -|       0|    799|    -|
|FIFO             |        -|    -|       -|      -|    -|
|Instance         |        -|    -|       0|     20|    -|
|Memory           |        -|    -|      64|     36|    -|
|Multiplexer      |        -|    -|       -|    416|    -|
|Register         |        -|    -|     331|      -|    -|
+-----------------+---------+-----+--------+-------+-----+
|Total            |        0|    0|     395|   1271|    0|
+-----------------+---------+-----+--------+-------+-----+
|Available        |      280|  220|  106400|  53200|    0|
+-----------------+---------+-----+--------+-------+-----+
|Utilization (%)  |        0|    0|      ~0|      2|    0|
+-----------------+---------+-----+--------+-------+-----+

+ Detail: 
    * Instance: 
    +-----------------+--------------+---------+----+---+----+-----+
    |     Instance    |    Module    | BRAM_18K| DSP| FF| LUT| URAM|
    +-----------------+--------------+---------+----+---+----+-----+
    |mux_42_8_1_1_U1  |mux_42_8_1_1  |        0|   0|  0|  20|    0|
    +-----------------+--------------+---------+----+---+----+-----+
    |Total            |              |        0|   0|  0|  20|    0|
    +-----------------+--------------+---------+----+---+----+-----+

    * DSP: 
    N/A

    * Memory: 
    +----------------+--------------------------------+---------+----+----+-----+------+-----+------+-------------+
    |     Memory     |             Module             | BRAM_18K| FF | LUT| URAM| Words| Bits| Banks| W*Bits*Banks|
    +----------------+--------------------------------+---------+----+----+-----+------+-----+------+-------------+
    |inputBuf_V_U    |inputBuf_V_RAM_S2P_LUTRAM_1R1W  |        0|  16|   9|    0|    66|    8|     1|          528|
    |inputBuf_V_1_U  |inputBuf_V_RAM_S2P_LUTRAM_1R1W  |        0|  16|   9|    0|    66|    8|     1|          528|
    |inputBuf_V_2_U  |inputBuf_V_RAM_S2P_LUTRAM_1R1W  |        0|  16|   9|    0|    66|    8|     1|          528|
    |inputBuf_V_3_U  |inputBuf_V_RAM_S2P_LUTRAM_1R1W  |        0|  16|   9|    0|    66|    8|     1|          528|
    +----------------+--------------------------------+---------+----+----+-----+------+-----+------+-------------+
    |Total           |                                |        0|  64|  36|    0|   264|   32|     4|         2112|
    +----------------+--------------------------------+---------+----+----+-----+------+-----+------+-------------+

    * FIFO: 
    N/A

    * Expression: 
    +------------------------------------+----------+----+---+----+------------+------------+
    |            Variable Name           | Operation| DSP| FF| LUT| Bitwidth P0| Bitwidth P1|
    +------------------------------------+----------+----+---+----+------------+------------+
    |add_ln215_1_fu_456_p2               |         +|   0|  0|   2|           2|           1|
    |add_ln215_fu_462_p2                 |         +|   0|  0|   2|           2|           2|
    |counter_internal_block_2_fu_632_p2  |         +|   0|  0|  39|          32|           1|
    |current_line_in_block_fu_450_p2     |         +|   0|  0|  14|           7|           7|
    |grp_fu_289_p2                       |         +|   0|  0|  39|          32|           1|
    |grp_fu_301_p2                       |         +|   0|  0|  39|          32|           1|
    |grp_fu_306_p2                       |         +|   0|  0|  39|          32|           1|
    |i_2_fu_398_p2                       |         +|   0|  0|  23|          16|           1|
    |inp_2_fu_669_p2                     |         +|   0|  0|  39|          32|           1|
    |k_x_1_fu_468_p2                     |         +|   0|  0|  39|          32|           1|
    |k_y_1_fu_440_p2                     |         +|   0|  0|  39|          32|           1|
    |ofm_x_1_fu_504_p2                   |         +|   0|  0|  39|          32|           1|
    |ofm_y_1_fu_534_p2                   |         +|   0|  0|  39|          32|           1|
    |and_ln239_fu_594_p2                 |       and|   0|  0|   2|           1|           1|
    |ap_block_pp0                        |       and|   0|  0|   2|           1|           1|
    |ap_block_state3_io                  |       and|   0|  0|   2|           1|           1|
    |ap_block_state4_io                  |       and|   0|  0|   2|           1|           1|
    |ap_condition_270                    |       and|   0|  0|   2|           1|           1|
    |ap_condition_273                    |       and|   0|  0|   2|           1|           1|
    |ap_condition_283                    |       and|   0|  0|   2|           1|           1|
    |ap_condition_301                    |       and|   0|  0|   2|           1|           1|
    |ap_condition_314                    |       and|   0|  0|   2|           1|           1|
    |ap_condition_328                    |       and|   0|  0|   2|           1|           1|
    |ap_condition_762                    |       and|   0|  0|   2|           1|           1|
    |ap_condition_835                    |       and|   0|  0|   2|           1|           1|
    |ap_condition_840                    |       and|   0|  0|   2|           1|           1|
    |ap_condition_845                    |       and|   0|  0|   2|           1|           1|
    |ap_condition_850                    |       and|   0|  0|   2|           1|           1|
    |ap_enable_state1_pp0_iter0_stage0   |       and|   0|  0|   2|           1|           1|
    |ap_enable_state2_pp0_iter1_stage0   |       and|   0|  0|   2|           1|           1|
    |ap_enable_state3_pp0_iter2_stage0   |       and|   0|  0|   2|           1|           1|
    |ap_predicate_op102_read_state1      |       and|   0|  0|   2|           1|           1|
    |ap_predicate_op110_store_state1     |       and|   0|  0|   2|           1|           1|
    |ap_predicate_op112_store_state1     |       and|   0|  0|   2|           1|           1|
    |ap_predicate_op114_store_state1     |       and|   0|  0|   2|           1|           1|
    |ap_predicate_op116_store_state1     |       and|   0|  0|   2|           1|           1|
    |ap_predicate_op138_read_state1      |       and|   0|  0|   2|           1|           1|
    |ap_predicate_op146_store_state1     |       and|   0|  0|   2|           1|           1|
    |ap_predicate_op148_store_state1     |       and|   0|  0|   2|           1|           1|
    |ap_predicate_op150_store_state1     |       and|   0|  0|   2|           1|           1|
    |ap_predicate_op152_store_state1     |       and|   0|  0|   2|           1|           1|
    |ap_predicate_op178_load_state2      |       and|   0|  0|   2|           1|           1|
    |ap_predicate_op182_load_state3      |       and|   0|  0|   2|           1|           1|
    |ap_predicate_op188_write_state4     |       and|   0|  0|   2|           1|           1|
    |grp_fu_295_p2                       |      icmp|   0|  0|  18|          32|           7|
    |grp_fu_311_p2                       |      icmp|   0|  0|  18|          32|           3|
    |icmp_ln191_fu_392_p2                |      icmp|   0|  0|  13|          16|          16|
    |icmp_ln193_fu_418_p2                |      icmp|   0|  0|  18|          32|           8|
    |icmp_ln209_fu_424_p2                |      icmp|   0|  0|  18|          32|          10|
    |icmp_ln221_fu_474_p2                |      icmp|   0|  0|  18|          32|           2|
    |icmp_ln224_fu_485_p2                |      icmp|   0|  0|  18|          32|           2|
    |icmp_ln227_fu_510_p2                |      icmp|   0|  0|  18|          32|           7|
    |icmp_ln230_fu_540_p2                |      icmp|   0|  0|  18|          32|           7|
    |icmp_ln239_1_fu_588_p2              |      icmp|   0|  0|  18|          32|           7|
    |icmp_ln239_fu_582_p2                |      icmp|   0|  0|  18|          32|           7|
    |icmp_ln258_fu_638_p2                |      icmp|   0|  0|  18|          32|          10|
    |ap_block_pp0_stage0_subdone         |        or|   0|  0|   2|           1|           1|
    |ap_block_state1_pp0_stage0_iter0    |        or|   0|  0|   2|           1|           1|
    |ap_block_state4_pp0_stage0_iter3    |        or|   0|  0|   2|           1|           1|
    |counter_internal_block_3_fu_644_p3  |    select|   0|  0|  32|           1|           1|
    |grp_fu_317_p3                       |    select|   0|  0|  32|           1|           1|
    |inp_3_fu_554_p3                     |    select|   0|  0|  32|           1|           1|
    |ofm_y_2_fu_546_p3                   |    select|   0|  0|  32|           1|           1|
    +------------------------------------+----------+----+---+----+------------+------------+
    |Total                               |          |   0|  0| 799|         721|         144|
    +------------------------------------+----------+----+---+----+------------+------------+

    * Multiplexer: 
    +-------------------------------------------+----+-----------+-----+-----------+
    |                    Name                   | LUT| Input Size| Bits| Total Bits|
    +-------------------------------------------+----+-----------+-----+-----------+
    |ap_NS_iter1_fsm                            |  14|          3|    2|          6|
    |ap_NS_iter2_fsm                            |  14|          3|    2|          6|
    |ap_NS_iter3_fsm                            |  14|          3|    2|          6|
    |ap_sig_allocacmp_counter_internal_block_1  |   9|          2|   32|         64|
    |ap_sig_allocacmp_current_block_write_1     |   9|          2|   32|         64|
    |ap_sig_allocacmp_current_line_load         |   9|          2|   32|         64|
    |ap_sig_allocacmp_current_line_load_1       |   9|          2|   32|         64|
    |ap_sig_allocacmp_current_line_load_2       |   9|          2|   32|         64|
    |ap_sig_allocacmp_current_line_load_3       |   9|          2|   32|         64|
    |ap_sig_allocacmp_i_1                       |   9|          2|   16|         32|
    |ap_sig_allocacmp_inp_1                     |   9|          2|   32|         64|
    |ap_sig_allocacmp_k_x_load                  |   9|          2|   32|         64|
    |ap_sig_allocacmp_k_x_load_1                |   9|          2|   32|         64|
    |ap_sig_allocacmp_k_y_load                  |   9|          2|   32|         64|
    |ap_sig_allocacmp_ofm_x_load                |   9|          2|   32|         64|
    |ap_sig_allocacmp_ofm_x_load_1              |   9|          2|   32|         64|
    |ap_sig_allocacmp_ofm_y_load                |   9|          2|   32|         64|
    |ap_sig_allocacmp_read_block_3              |   9|          2|   32|         64|
    |counter_internal_block_fu_118              |  14|          3|   32|         96|
    |current_block_write_fu_102                 |   9|          2|   32|         64|
    |current_line_fu_114                        |  20|          4|   32|        128|
    |grp_load_fu_283_p1                         |  14|          3|   32|         96|
    |grp_load_fu_286_p1                         |  14|          3|   32|         96|
    |i_fu_82                                    |   9|          2|   16|         32|
    |in0_V_TDATA_blk_n                          |   9|          2|    1|          2|
    |inp_fu_94                                  |  14|          3|   32|         96|
    |inputBuf_V_1_address1                      |  14|          3|    7|         21|
    |inputBuf_V_2_address1                      |  14|          3|    7|         21|
    |inputBuf_V_3_address1                      |  14|          3|    7|         21|
    |inputBuf_V_address1                        |  14|          3|    7|         21|
    |k_x_fu_110                                 |  25|          5|   32|        160|
    |k_y_fu_98                                  |  14|          3|   32|         96|
    |ofm_x_fu_90                                |  14|          3|   32|         96|
    |ofm_y_fu_86                                |   9|          2|   32|         64|
    |out_V_TDATA_blk_n                          |   9|          2|    1|          2|
    |read_block_fu_106                          |   9|          2|   32|         64|
    +-------------------------------------------+----+-----------+-----+-----------+
    |Total                                      | 416|         90|  868|       2122|
    +-------------------------------------------+----+-----------+-----+-----------+

    * Register: 
    +----------------------------------+----+----+-----+-----------+
    |               Name               | FF | LUT| Bits| Const Bits|
    +----------------------------------+----+----+-----+-----------+
    |add_ln215_reg_833                 |   2|   0|    2|          0|
    |add_ln215_reg_833_pp0_iter1_reg   |   2|   0|    2|          0|
    |ap_CS_iter0_fsm                   |   1|   0|    1|          0|
    |ap_CS_iter1_fsm                   |   2|   0|    2|          0|
    |ap_CS_iter2_fsm                   |   2|   0|    2|          0|
    |ap_CS_iter3_fsm                   |   2|   0|    2|          0|
    |ap_enable_reg_pp0_iter1           |   0|   0|    1|          1|
    |ap_enable_reg_pp0_iter2           |   0|   0|    1|          1|
    |counter_internal_block_fu_118     |  32|   0|   32|          0|
    |current_block_write_fu_102        |  32|   0|   32|          0|
    |current_line_fu_114               |  32|   0|   32|          0|
    |current_line_in_block_reg_828     |   7|   0|    7|          0|
    |i_fu_82                           |  16|   0|   16|          0|
    |icmp_ln191_reg_816                |   1|   0|    1|          0|
    |icmp_ln191_reg_816_pp0_iter1_reg  |   1|   0|    1|          0|
    |icmp_ln191_reg_816_pp0_iter2_reg  |   1|   0|    1|          0|
    |icmp_ln193_reg_820                |   1|   0|    1|          0|
    |icmp_ln193_reg_820_pp0_iter1_reg  |   1|   0|    1|          0|
    |icmp_ln193_reg_820_pp0_iter2_reg  |   1|   0|    1|          0|
    |icmp_ln209_reg_824                |   1|   0|    1|          0|
    |icmp_ln209_reg_824_pp0_iter1_reg  |   1|   0|    1|          0|
    |icmp_ln209_reg_824_pp0_iter2_reg  |   1|   0|    1|          0|
    |inp_fu_94                         |  32|   0|   32|          0|
    |k_x_fu_110                        |  32|   0|   32|          0|
    |k_y_fu_98                         |  32|   0|   32|          0|
    |ofm_x_fu_90                       |  32|   0|   32|          0|
    |ofm_y_fu_86                       |  32|   0|   32|          0|
    |read_block_fu_106                 |  32|   0|   32|          0|
    +----------------------------------+----+----+-----+-----------+
    |Total                             | 331|   0|  333|          2|
    +----------------------------------+----+----+-----+-----------+



================================================================
== Interface
================================================================
* Summary: 
+--------------+-----+-----+--------------+-----------------------------+--------------+
|   RTL Ports  | Dir | Bits|   Protocol   |        Source Object        |    C Type    |
+--------------+-----+-----+--------------+-----------------------------+--------------+
|ap_clk        |   in|    1|  ap_ctrl_none|  ConvolutionInputGenerator_0|  return value|
|ap_rst_n      |   in|    1|  ap_ctrl_none|  ConvolutionInputGenerator_0|  return value|
|in0_V_TVALID  |   in|    1|          axis|                        in0_V|       pointer|
|in0_V_TDATA   |   in|    8|          axis|                        in0_V|       pointer|
|in0_V_TREADY  |  out|    1|          axis|                        in0_V|       pointer|
|out_V_TREADY  |   in|    1|          axis|                        out_V|       pointer|
|out_V_TDATA   |  out|    8|          axis|                        out_V|       pointer|
|out_V_TVALID  |  out|    1|          axis|                        out_V|       pointer|
+--------------+-----+-----+--------------+-----------------------------+--------------+

