
*** Running vivado
    with args -log finn_design_StreamingFIFO_2_0.vds -m64 -product Vivado -mode batch -messageDb vivado.pb -notrace -source finn_design_StreamingFIFO_2_0.tcl


****** Vivado v2022.2.2 (64-bit)
  **** SW Build 3788238 on Tue Feb 21 19:59:23 MST 2023
  **** IP Build 3783773 on Tue Feb 21 23:41:56 MST 2023
    ** Copyright 1986-2023 Xilinx, Inc. All Rights Reserved.

source finn_design_StreamingFIFO_2_0.tcl -notrace
CRITICAL WARNING: [Board 49-4] Problem parsing board_part file - /tools/Xilinx/Vivado/2022.2/data/boards/board_files/TE0727_10_1C/1.0/board.xml
Resolution: Check that the file is valid using an XML validation tool such as xmllint.
CRITICAL WARNING: [Board 49-4] Problem parsing board_part file - /tools/Xilinx/Vivado/2022.2/data/xhub/boards/XilinxBoardStore/boards/Xilinx/TE0727_10_1C/1.0/board.xml
Resolution: Check that the file is valid using an XML validation tool such as xmllint.
INFO: [IP_Flow 19-234] Refreshing IP repositories
INFO: [IP_Flow 19-1700] Loaded user IP repository '/home/miguel_tfg/FINN-v0.9-Stable/finn-rtllib/memstream'.
INFO: [IP_Flow 19-1700] Loaded user IP repository '/tmp/FINN_build_mlp27k_w4a8_ft_clean/code_gen_ipgen_StreamingFIFO_0_0_mptvji3l/project_StreamingFIFO_0_0/sol1/impl/verilog'.
INFO: [IP_Flow 19-1700] Loaded user IP repository '/tmp/FINN_build_mlp27k_w4a8_ft_clean/code_gen_ipgen_StreamingFIFO_0_1_y03kxkv1/project_StreamingFIFO_0_1/sol1/impl/verilog'.
INFO: [IP_Flow 19-1700] Loaded user IP repository '/tmp/FINN_build_mlp27k_w4a8_ft_clean/code_gen_ipgen_Thresholding_Batch_0_jcyptf8i/project_Thresholding_Batch_0/sol1/impl/ip'.
INFO: [IP_Flow 19-1700] Loaded user IP repository '/tmp/FINN_build_mlp27k_w4a8_ft_clean/code_gen_ipgen_StreamingFIFO_1_0_h2t5sgzy/project_StreamingFIFO_1_0/sol1/impl/verilog'.
INFO: [IP_Flow 19-1700] Loaded user IP repository '/tmp/FINN_build_mlp27k_w4a8_ft_clean/code_gen_ipgen_StreamingFIFO_1_1_2y6q_dbz/project_StreamingFIFO_1_1/sol1/impl/verilog'.
INFO: [IP_Flow 19-1700] Loaded user IP repository '/tmp/FINN_build_mlp27k_w4a8_ft_clean/code_gen_ipgen_MatrixVectorActivation_0_bcm0pwkr/project_MatrixVectorActivation_0/sol1/impl/ip'.
INFO: [IP_Flow 19-1700] Loaded user IP repository '/tmp/FINN_build_mlp27k_w4a8_ft_clean/code_gen_ipgen_StreamingFIFO_2_tnhtsv9p/project_StreamingFIFO_2/sol1/impl/verilog'.
INFO: [IP_Flow 19-1700] Loaded user IP repository '/tmp/FINN_build_mlp27k_w4a8_ft_clean/code_gen_ipgen_MatrixVectorActivation_1_ymjdvd67/project_MatrixVectorActivation_1/sol1/impl/ip'.
INFO: [IP_Flow 19-1700] Loaded user IP repository '/tmp/FINN_build_mlp27k_w4a8_ft_clean/code_gen_ipgen_MatrixVectorActivation_2_xj0kii62/project_MatrixVectorActivation_2/sol1/impl/ip'.
INFO: [IP_Flow 19-2313] Loaded Vivado IP repository '/tools/Xilinx/Vivado/2022.2/data/ip'.
INFO: [IP_Flow 19-6924] IPCACHE: Running cache check for IP inst: finn_design_StreamingFIFO_2_0
Command: synth_design -top finn_design_StreamingFIFO_2_0 -part xc7z020clg400-1 -incremental_mode off -mode out_of_context
Starting synth_design
Attempting to get a license for feature 'Synthesis' and/or device 'xc7z020'
INFO: [Common 17-349] Got license for feature 'Synthesis' and/or device 'xc7z020'
INFO: [Device 21-403] Loading part xc7z020clg400-1
INFO: [Synth 8-7079] Multithreading enabled for synth_design using a maximum of 4 processes.
INFO: [Synth 8-7078] Launching helper process for spawning children vivado processes
INFO: [Synth 8-7075] Helper process launched with PID 43452
INFO: [Synth 8-11241] undeclared symbol 'REGCCE', assumed default net type 'wire' [/tools/Xilinx/Vivado/2022.2/data/verilog/src/unimacro/BRAM_SINGLE_MACRO.v:2170]
---------------------------------------------------------------------------------
Starting RTL Elaboration : Time (s): cpu = 00:00:02 ; elapsed = 00:00:02 . Memory (MB): peak = 3123.086 ; gain = 434.766 ; free physical = 28007 ; free virtual = 52938
Synthesis current peak Physical Memory [PSS] (MB): peak = 2119.594; parent = 1975.170; children = 144.424
Synthesis current peak Virtual Memory [VSS] (MB): peak = 4248.570; parent = 3129.027; children = 1119.543
---------------------------------------------------------------------------------
INFO: [Synth 8-6157] synthesizing module 'finn_design_StreamingFIFO_2_0' [/tmp/FINN_build_mlp27k_w4a8_ft_clean/vivado_stitch_proj_8ba8a6h2/finn_vivado_stitch_proj.gen/sources_1/bd/finn_design/ip/finn_design_StreamingFIFO_2_0/synth/finn_design_StreamingFIFO_2_0.v:53]
INFO: [Synth 8-6157] synthesizing module 'StreamingFIFO_2' [/tmp/FINN_build_mlp27k_w4a8_ft_clean/vivado_stitch_proj_8ba8a6h2/finn_vivado_stitch_proj.gen/sources_1/bd/finn_design/ipshared/41ae/StreamingFIFO_2.v:2]
INFO: [Synth 8-6157] synthesizing module 'Q_srl' [/tmp/FINN_build_mlp27k_w4a8_ft_clean/vivado_stitch_proj_8ba8a6h2/finn_vivado_stitch_proj.gen/sources_1/bd/finn_design/ipshared/41ae/Q_srl.v:72]
INFO: [Synth 8-6155] done synthesizing module 'Q_srl' (0#1) [/tmp/FINN_build_mlp27k_w4a8_ft_clean/vivado_stitch_proj_8ba8a6h2/finn_vivado_stitch_proj.gen/sources_1/bd/finn_design/ipshared/41ae/Q_srl.v:72]
WARNING: [Synth 8-689] width (5) of port connection 'count' does not match port width (6) of module 'Q_srl' [/tmp/FINN_build_mlp27k_w4a8_ft_clean/vivado_stitch_proj_8ba8a6h2/finn_vivado_stitch_proj.gen/sources_1/bd/finn_design/ipshared/41ae/StreamingFIFO_2.v:34]
WARNING: [Synth 8-689] width (5) of port connection 'maxcount' does not match port width (6) of module 'Q_srl' [/tmp/FINN_build_mlp27k_w4a8_ft_clean/vivado_stitch_proj_8ba8a6h2/finn_vivado_stitch_proj.gen/sources_1/bd/finn_design/ipshared/41ae/StreamingFIFO_2.v:35]
INFO: [Synth 8-6155] done synthesizing module 'StreamingFIFO_2' (0#1) [/tmp/FINN_build_mlp27k_w4a8_ft_clean/vivado_stitch_proj_8ba8a6h2/finn_vivado_stitch_proj.gen/sources_1/bd/finn_design/ipshared/41ae/StreamingFIFO_2.v:2]
INFO: [Synth 8-6155] done synthesizing module 'finn_design_StreamingFIFO_2_0' (0#1) [/tmp/FINN_build_mlp27k_w4a8_ft_clean/vivado_stitch_proj_8ba8a6h2/finn_vivado_stitch_proj.gen/sources_1/bd/finn_design/ip/finn_design_StreamingFIFO_2_0/synth/finn_design_StreamingFIFO_2_0.v:53]
---------------------------------------------------------------------------------
Finished RTL Elaboration : Time (s): cpu = 00:00:03 ; elapsed = 00:00:03 . Memory (MB): peak = 3199.992 ; gain = 511.672 ; free physical = 27577 ; free virtual = 52509
Synthesis current peak Physical Memory [PSS] (MB): peak = 2119.594; parent = 1975.170; children = 144.424
Synthesis current peak Virtual Memory [VSS] (MB): peak = 4319.539; parent = 3199.996; children = 1119.543
---------------------------------------------------------------------------------
---------------------------------------------------------------------------------
Start Handling Custom Attributes
---------------------------------------------------------------------------------
---------------------------------------------------------------------------------
Finished Handling Custom Attributes : Time (s): cpu = 00:00:03 ; elapsed = 00:00:03 . Memory (MB): peak = 3217.805 ; gain = 529.484 ; free physical = 27570 ; free virtual = 52501
Synthesis current peak Physical Memory [PSS] (MB): peak = 2119.594; parent = 1975.170; children = 144.424
Synthesis current peak Virtual Memory [VSS] (MB): peak = 4337.352; parent = 3217.809; children = 1119.543
---------------------------------------------------------------------------------
---------------------------------------------------------------------------------
Finished RTL Optimization Phase 1 : Time (s): cpu = 00:00:03 ; elapsed = 00:00:03 . Memory (MB): peak = 3217.805 ; gain = 529.484 ; free physical = 27565 ; free virtual = 52496
Synthesis current peak Physical Memory [PSS] (MB): peak = 2119.594; parent = 1975.170; children = 144.424
Synthesis current peak Virtual Memory [VSS] (MB): peak = 4337.352; parent = 3217.809; children = 1119.543
---------------------------------------------------------------------------------
Netlist sorting complete. Time (s): cpu = 00:00:00 ; elapsed = 00:00:00.01 . Memory (MB): peak = 3217.805 ; gain = 0.000 ; free physical = 27547 ; free virtual = 52479
INFO: [Project 1-570] Preparing netlist for logic optimization

Processing XDC Constraints
Initializing timing engine
Completed Processing XDC Constraints

Netlist sorting complete. Time (s): cpu = 00:00:00 ; elapsed = 00:00:00 . Memory (MB): peak = 3813.555 ; gain = 0.000 ; free physical = 27388 ; free virtual = 52327
INFO: [Project 1-111] Unisim Transformation Summary:
No Unisim elements were transformed.

Constraint Validation Runtime : Time (s): cpu = 00:00:00.01 ; elapsed = 00:00:00.01 . Memory (MB): peak = 3813.555 ; gain = 0.000 ; free physical = 27388 ; free virtual = 52329
INFO: [Designutils 20-5008] Incremental synthesis strategy off
INFO: [Synth 8-11241] undeclared symbol 'REGCCE', assumed default net type 'wire' [/tools/Xilinx/Vivado/2022.2/data/verilog/src/unimacro/BRAM_SINGLE_MACRO.v:2170]
---------------------------------------------------------------------------------
Finished Constraint Validation : Time (s): cpu = 00:00:06 ; elapsed = 00:00:07 . Memory (MB): peak = 3813.555 ; gain = 1125.234 ; free physical = 27505 ; free virtual = 52444
Synthesis current peak Physical Memory [PSS] (MB): peak = 2119.594; parent = 1975.170; children = 144.424
Synthesis current peak Virtual Memory [VSS] (MB): peak = 4421.070; parent = 3301.527; children = 1119.543
---------------------------------------------------------------------------------
---------------------------------------------------------------------------------
Start Loading Part and Timing Information
---------------------------------------------------------------------------------
Loading part: xc7z020clg400-1
---------------------------------------------------------------------------------
Finished Loading Part and Timing Information : Time (s): cpu = 00:00:06 ; elapsed = 00:00:07 . Memory (MB): peak = 3813.555 ; gain = 1125.234 ; free physical = 27505 ; free virtual = 52443
Synthesis current peak Physical Memory [PSS] (MB): peak = 2119.594; parent = 1975.170; children = 144.424
Synthesis current peak Virtual Memory [VSS] (MB): peak = 4485.074; parent = 3365.531; children = 1119.543
---------------------------------------------------------------------------------
---------------------------------------------------------------------------------
Start Applying 'set_property' XDC Constraints
---------------------------------------------------------------------------------
---------------------------------------------------------------------------------
Finished applying 'set_property' XDC Constraints : Time (s): cpu = 00:00:06 ; elapsed = 00:00:07 . Memory (MB): peak = 3813.555 ; gain = 1125.234 ; free physical = 27519 ; free virtual = 52457
Synthesis current peak Physical Memory [PSS] (MB): peak = 2119.594; parent = 1975.170; children = 144.424
Synthesis current peak Virtual Memory [VSS] (MB): peak = 4485.074; parent = 3365.531; children = 1119.543
---------------------------------------------------------------------------------
INFO: [Synth 8-802] inferred FSM for state register 'state_reg' in module 'Q_srl'
---------------------------------------------------------------------------------------------------
                   State |                     New Encoding |                Previous Encoding 
---------------------------------------------------------------------------------------------------
             state_empty |                               00 |                               00
               state_one |                               01 |                               01
              state_more |                               10 |                               10
---------------------------------------------------------------------------------------------------
INFO: [Synth 8-3354] encoded FSM with state register 'state_reg' using encoding 'sequential' in module 'Q_srl'
---------------------------------------------------------------------------------
Finished RTL Optimization Phase 2 : Time (s): cpu = 00:00:07 ; elapsed = 00:00:07 . Memory (MB): peak = 3813.555 ; gain = 1125.234 ; free physical = 27528 ; free virtual = 52468
Synthesis current peak Physical Memory [PSS] (MB): peak = 2119.594; parent = 1975.170; children = 144.424
Synthesis current peak Virtual Memory [VSS] (MB): peak = 4485.074; parent = 3365.531; children = 1119.543
---------------------------------------------------------------------------------
---------------------------------------------------------------------------------
Start RTL Component Statistics 
---------------------------------------------------------------------------------
Detailed RTL Component Info : 
+---Adders : 
	   2 Input    6 Bit       Adders := 1     
	   2 Input    5 Bit       Adders := 2     
+---Registers : 
	                8 Bit    Registers := 1     
	                6 Bit    Registers := 1     
	                5 Bit    Registers := 1     
	                1 Bit    Registers := 3     
+---Muxes : 
	   3 Input    8 Bit        Muxes := 1     
	   2 Input    6 Bit        Muxes := 1     
	   2 Input    5 Bit        Muxes := 1     
	   3 Input    5 Bit        Muxes := 1     
	   2 Input    2 Bit        Muxes := 3     
	   7 Input    2 Bit        Muxes := 2     
	   3 Input    2 Bit        Muxes := 2     
	  15 Input    2 Bit        Muxes := 1     
	   2 Input    1 Bit        Muxes := 8     
	   3 Input    1 Bit        Muxes := 2     
---------------------------------------------------------------------------------
Finished RTL Component Statistics 
---------------------------------------------------------------------------------
---------------------------------------------------------------------------------
Start Part Resource Summary
---------------------------------------------------------------------------------
Part Resources:
DSPs: 220 (col length:60)
BRAMs: 280 (col length: RAMB18 60 RAMB36 30)
---------------------------------------------------------------------------------
Finished Part Resource Summary
---------------------------------------------------------------------------------
---------------------------------------------------------------------------------
Start Cross Boundary and Area Optimization
---------------------------------------------------------------------------------
WARNING: [Synth 8-7080] Parallel synthesis criteria is not met
---------------------------------------------------------------------------------
Finished Cross Boundary and Area Optimization : Time (s): cpu = 00:00:07 ; elapsed = 00:00:08 . Memory (MB): peak = 3813.555 ; gain = 1125.234 ; free physical = 27602 ; free virtual = 52545
Synthesis current peak Physical Memory [PSS] (MB): peak = 2119.594; parent = 1975.170; children = 144.424
Synthesis current peak Virtual Memory [VSS] (MB): peak = 4485.074; parent = 3365.531; children = 1119.543
---------------------------------------------------------------------------------
---------------------------------------------------------------------------------
Start Applying XDC Timing Constraints
---------------------------------------------------------------------------------
---------------------------------------------------------------------------------
Finished Applying XDC Timing Constraints : Time (s): cpu = 00:00:10 ; elapsed = 00:00:11 . Memory (MB): peak = 3813.555 ; gain = 1125.234 ; free physical = 27881 ; free virtual = 52834
Synthesis current peak Physical Memory [PSS] (MB): peak = 2201.636; parent = 2057.258; children = 144.424
Synthesis current peak Virtual Memory [VSS] (MB): peak = 4485.074; parent = 3365.531; children = 1119.543
---------------------------------------------------------------------------------
---------------------------------------------------------------------------------
Start Timing Optimization
---------------------------------------------------------------------------------
---------------------------------------------------------------------------------
Finished Timing Optimization : Time (s): cpu = 00:00:10 ; elapsed = 00:00:11 . Memory (MB): peak = 3813.555 ; gain = 1125.234 ; free physical = 27881 ; free virtual = 52834
Synthesis current peak Physical Memory [PSS] (MB): peak = 2201.718; parent = 2057.340; children = 144.424
Synthesis current peak Virtual Memory [VSS] (MB): peak = 4485.074; parent = 3365.531; children = 1119.543
---------------------------------------------------------------------------------
---------------------------------------------------------------------------------
Start Technology Mapping
---------------------------------------------------------------------------------
---------------------------------------------------------------------------------
Finished Technology Mapping : Time (s): cpu = 00:00:10 ; elapsed = 00:00:11 . Memory (MB): peak = 3813.555 ; gain = 1125.234 ; free physical = 27881 ; free virtual = 52834
Synthesis current peak Physical Memory [PSS] (MB): peak = 2202.277; parent = 2057.899; children = 144.424
Synthesis current peak Virtual Memory [VSS] (MB): peak = 4485.074; parent = 3365.531; children = 1119.543
---------------------------------------------------------------------------------
---------------------------------------------------------------------------------
Start IO Insertion
---------------------------------------------------------------------------------
---------------------------------------------------------------------------------
Start Flattening Before IO Insertion
---------------------------------------------------------------------------------
---------------------------------------------------------------------------------
Finished Flattening Before IO Insertion
---------------------------------------------------------------------------------
---------------------------------------------------------------------------------
Start Final Netlist Cleanup
---------------------------------------------------------------------------------
---------------------------------------------------------------------------------
Finished Final Netlist Cleanup
---------------------------------------------------------------------------------
---------------------------------------------------------------------------------
Finished IO Insertion : Time (s): cpu = 00:00:12 ; elapsed = 00:00:13 . Memory (MB): peak = 3813.555 ; gain = 1125.234 ; free physical = 27909 ; free virtual = 52903
Synthesis current peak Physical Memory [PSS] (MB): peak = 2202.277; parent = 2057.899; children = 144.424
Synthesis current peak Virtual Memory [VSS] (MB): peak = 4485.074; parent = 3365.531; children = 1119.543
---------------------------------------------------------------------------------
---------------------------------------------------------------------------------
Start Renaming Generated Instances
---------------------------------------------------------------------------------
---------------------------------------------------------------------------------
Finished Renaming Generated Instances : Time (s): cpu = 00:00:12 ; elapsed = 00:00:13 . Memory (MB): peak = 3813.555 ; gain = 1125.234 ; free physical = 27909 ; free virtual = 52904
Synthesis current peak Physical Memory [PSS] (MB): peak = 2202.277; parent = 2057.899; children = 144.424
Synthesis current peak Virtual Memory [VSS] (MB): peak = 4485.074; parent = 3365.531; children = 1119.543
---------------------------------------------------------------------------------
---------------------------------------------------------------------------------
Start Rebuilding User Hierarchy
---------------------------------------------------------------------------------
---------------------------------------------------------------------------------
Finished Rebuilding User Hierarchy : Time (s): cpu = 00:00:12 ; elapsed = 00:00:13 . Memory (MB): peak = 3813.555 ; gain = 1125.234 ; free physical = 27909 ; free virtual = 52905
Synthesis current peak Physical Memory [PSS] (MB): peak = 2202.277; parent = 2057.899; children = 144.424
Synthesis current peak Virtual Memory [VSS] (MB): peak = 4485.074; parent = 3365.531; children = 1119.543
---------------------------------------------------------------------------------
---------------------------------------------------------------------------------
Start Renaming Generated Ports
---------------------------------------------------------------------------------
---------------------------------------------------------------------------------
Finished Renaming Generated Ports : Time (s): cpu = 00:00:12 ; elapsed = 00:00:13 . Memory (MB): peak = 3813.555 ; gain = 1125.234 ; free physical = 27909 ; free virtual = 52905
Synthesis current peak Physical Memory [PSS] (MB): peak = 2202.317; parent = 2057.940; children = 144.424
Synthesis current peak Virtual Memory [VSS] (MB): peak = 4485.074; parent = 3365.531; children = 1119.543
---------------------------------------------------------------------------------
---------------------------------------------------------------------------------
Start Handling Custom Attributes
---------------------------------------------------------------------------------
---------------------------------------------------------------------------------
Finished Handling Custom Attributes : Time (s): cpu = 00:00:12 ; elapsed = 00:00:13 . Memory (MB): peak = 3813.555 ; gain = 1125.234 ; free physical = 27909 ; free virtual = 52905
Synthesis current peak Physical Memory [PSS] (MB): peak = 2202.317; parent = 2057.940; children = 144.424
Synthesis current peak Virtual Memory [VSS] (MB): peak = 4485.074; parent = 3365.531; children = 1119.543
---------------------------------------------------------------------------------
---------------------------------------------------------------------------------
Start Renaming Generated Nets
---------------------------------------------------------------------------------
---------------------------------------------------------------------------------
Finished Renaming Generated Nets : Time (s): cpu = 00:00:12 ; elapsed = 00:00:13 . Memory (MB): peak = 3813.555 ; gain = 1125.234 ; free physical = 27909 ; free virtual = 52905
Synthesis current peak Physical Memory [PSS] (MB): peak = 2202.333; parent = 2057.956; children = 144.424
Synthesis current peak Virtual Memory [VSS] (MB): peak = 4485.074; parent = 3365.531; children = 1119.543
---------------------------------------------------------------------------------
---------------------------------------------------------------------------------
Start ROM, RAM, DSP, Shift Register and Retiming Reporting
---------------------------------------------------------------------------------

Dynamic Shift Register Report:
+------------+-------------+--------+------------+--------+---------+--------+--------+--------+
|Module Name | RTL Name    | Length | Data Width | SRL16E | SRLC32E | Mux F7 | Mux F8 | Mux F9 | 
+------------+-------------+--------+------------+--------+---------+--------+--------+--------+
|dsrl        | srl_reg[30] | 8      | 8          | 0      | 8       | 0      | 0      | 0      | 
+------------+-------------+--------+------------+--------+---------+--------+--------+--------+

---------------------------------------------------------------------------------
Finished ROM, RAM, DSP, Shift Register and Retiming Reporting
---------------------------------------------------------------------------------
---------------------------------------------------------------------------------
Start Writing Synthesis Report
---------------------------------------------------------------------------------

Report BlackBoxes: 
+-+--------------+----------+
| |BlackBox name |Instances |
+-+--------------+----------+
+-+--------------+----------+

Report Cell Usage: 
+------+--------+------+
|      |Cell    |Count |
+------+--------+------+
|1     |LUT1    |     2|
|2     |LUT2    |     6|
|3     |LUT3    |     7|
|4     |LUT4    |    13|
|5     |LUT5    |     4|
|6     |LUT6    |    25|
|7     |SRLC32E |     8|
|8     |FDRE    |    24|
+------+--------+------+
---------------------------------------------------------------------------------
Finished Writing Synthesis Report : Time (s): cpu = 00:00:12 ; elapsed = 00:00:13 . Memory (MB): peak = 3813.555 ; gain = 1125.234 ; free physical = 27909 ; free virtual = 52906
Synthesis current peak Physical Memory [PSS] (MB): peak = 2202.364; parent = 2057.987; children = 144.424
Synthesis current peak Virtual Memory [VSS] (MB): peak = 4485.074; parent = 3365.531; children = 1119.543
---------------------------------------------------------------------------------
Synthesis finished with 0 errors, 0 critical warnings and 1 warnings.
Synthesis Optimization Runtime : Time (s): cpu = 00:00:11 ; elapsed = 00:00:12 . Memory (MB): peak = 3813.555 ; gain = 529.484 ; free physical = 27909 ; free virtual = 52883
Synthesis Optimization Complete : Time (s): cpu = 00:00:12 ; elapsed = 00:00:13 . Memory (MB): peak = 3813.555 ; gain = 1125.234 ; free physical = 27913 ; free virtual = 52887
INFO: [Project 1-571] Translating synthesized netlist
Netlist sorting complete. Time (s): cpu = 00:00:00 ; elapsed = 00:00:00 . Memory (MB): peak = 3813.555 ; gain = 0.000 ; free physical = 28026 ; free virtual = 52999
INFO: [Project 1-570] Preparing netlist for logic optimization
INFO: [Opt 31-138] Pushed 0 inverter(s) to 0 load pin(s).
Netlist sorting complete. Time (s): cpu = 00:00:00 ; elapsed = 00:00:00 . Memory (MB): peak = 3813.555 ; gain = 0.000 ; free physical = 28062 ; free virtual = 53036
INFO: [Project 1-111] Unisim Transformation Summary:
No Unisim elements were transformed.

Synth Design complete, checksum: baf3fde9
INFO: [Common 17-83] Releasing license: Synthesis
36 Infos, 3 Warnings, 2 Critical Warnings and 0 Errors encountered.
synth_design completed successfully
synth_design: Time (s): cpu = 00:00:17 ; elapsed = 00:00:16 . Memory (MB): peak = 3813.555 ; gain = 1456.801 ; free physical = 28214 ; free virtual = 53187
INFO: [Common 17-1381] The checkpoint '/tmp/FINN_build_mlp27k_w4a8_ft_clean/vivado_stitch_proj_8ba8a6h2/finn_vivado_stitch_proj.runs/finn_design_StreamingFIFO_2_0_synth_1/finn_design_StreamingFIFO_2_0.dcp' has been generated.
INFO: [Coretcl 2-1648] Added synthesis output to IP cache for IP finn_design_StreamingFIFO_2_0, cache-ID = e25e2f573ce1f46e
INFO: [Coretcl 2-1174] Renamed 2 cell refs.
INFO: [Common 17-1381] The checkpoint '/tmp/FINN_build_mlp27k_w4a8_ft_clean/vivado_stitch_proj_8ba8a6h2/finn_vivado_stitch_proj.runs/finn_design_StreamingFIFO_2_0_synth_1/finn_design_StreamingFIFO_2_0.dcp' has been generated.
INFO: [runtcl-4] Executing : report_utilization -file finn_design_StreamingFIFO_2_0_utilization_synth.rpt -pb finn_design_StreamingFIFO_2_0_utilization_synth.pb
INFO: [Common 17-206] Exiting Vivado at Wed Jul  8 10:43:59 2026...
