

================================================================
== Vitis HLS Report for 'LabelSelect_Batch_0_Pipeline_VITIS_LOOP_488_3'
================================================================
* Date:           Fri Jun 12 09:15:34 2026

* Version:        2022.2.2 (Build 3779808 on Feb 17 2023)
* Project:        project_LabelSelect_Batch_0
* Solution:       sol1 (Vivado IP Flow Target)
* Product family: zynq
* Target device:  xc7z020-clg400-1


================================================================
== Performance Estimates
================================================================
+ Timing: 
    * Summary: 
    +--------+----------+----------+------------+
    |  Clock |  Target  | Estimated| Uncertainty|
    +--------+----------+----------+------------+
    |ap_clk  |  10.00 ns|  5.265 ns|     2.70 ns|
    +--------+----------+----------+------------+

+ Latency: 
    * Summary: 
    +---------+---------+----------+----------+-----+-----+---------+
    |  Latency (cycles) |  Latency (absolute) |  Interval | Pipeline|
    |   min   |   max   |    min   |    max   | min | max |   Type  |
    +---------+---------+----------+----------+-----+-----+---------+
    |       16|       16|  0.160 us|  0.160 us|   16|   16|       no|
    +---------+---------+----------+----------+-----+-----+---------+

    + Detail: 
        * Instance: 
        N/A

        * Loop: 
        +--------------------+---------+---------+----------+-----------+-----------+------+----------+
        |                    |  Latency (cycles) | Iteration|  Initiation Interval  | Trip |          |
        |      Loop Name     |   min   |   max   |  Latency |  achieved |   target  | Count| Pipelined|
        +--------------------+---------+---------+----------+-----------+-----------+------+----------+
        |- VITIS_LOOP_488_3  |       14|       14|         1|          1|          1|    14|  yes(flp)|
        +--------------------+---------+---------+----------+-----------+-----------+------+----------+

============================================================
+ Verbose Summary: Synthesis Manager
============================================================
InlineROM: 1
ExposeGlobal: 0
============================================================
+ Verbose Summary: CDFG Model
============================================================
IsTopModel: 0
ResetActiveHigh: 1
IsCombinational: 0
IsDatapathOnly: 0
HasWiredReturn: 1
HasMFsm: 1
HasVarLatency: 1
IsPipeline: 0
IsRtlPipelined: 0
IsInstanceOverlapped: 0
IsDontTouch: 0
HasImplIP: 0
IsGatedGlobalClock: 0

+ Individual pipeline summary: 
  * Pipeline-0: initiation interval (II) = 1, depth = 1


============================================================
+ Verbose Summary: Schedule
============================================================
* Number of FSM states : 1
* Pipeline : 1
  Pipeline-0 : II = 1, D = 1, States = { 1 }
* Dataflow Pipeline: 0

* FSM state transitions: 
1 --> 

* FSM state operations: 

State 1 <SV = 0> <Delay = 5.26>
ST_1 : Operation 4 [1/1] (0.00ns)   --->   "%idx_1 = alloca i32 1"   --->   Operation 4 'alloca' 'idx_1' <Predicate = true> <Delay = 0.00>
ST_1 : Operation 5 [1/1] (0.00ns)   --->   "%empty = alloca i32 1"   --->   Operation 5 'alloca' 'empty' <Predicate = true> <Delay = 0.00>
ST_1 : Operation 6 [1/1] (0.00ns)   --->   "%conv2_i_i107_i = alloca i32 1"   --->   Operation 6 'alloca' 'conv2_i_i107_i' <Predicate = true> <Delay = 0.00>
ST_1 : Operation 7 [1/1] (0.00ns)   --->   "%specinterface_ln0 = specinterface void @_ssdm_op_SpecInterface, i16 %in0_V, void @empty, i32 0, i32 0, void @empty_0, i32 0, i32 0, void @empty_1, void @empty_1, void @empty_1, i32 0, i32 0, i32 0, i32 0, void @empty_1, void @empty_1, i32 4294967295, i32 0"   --->   Operation 7 'specinterface' 'specinterface_ln0' <Predicate = true> <Delay = 0.00>
ST_1 : Operation 8 [1/1] (1.58ns)   --->   "%store_ln0 = store i8 0, i8 %conv2_i_i107_i"   --->   Operation 8 'store' 'store_ln0' <Predicate = true> <Delay = 1.58>
ST_1 : Operation 9 [1/1] (1.58ns)   --->   "%store_ln0 = store i16 32768, i16 %empty"   --->   Operation 9 'store' 'store_ln0' <Predicate = true> <Delay = 1.58>
ST_1 : Operation 10 [1/1] (1.58ns)   --->   "%store_ln0 = store i4 0, i4 %idx_1"   --->   Operation 10 'store' 'store_ln0' <Predicate = true> <Delay = 1.58>
ST_1 : Operation 11 [1/1] (0.00ns)   --->   "%br_ln0 = br void %for.body45.i"   --->   Operation 11 'br' 'br_ln0' <Predicate = true> <Delay = 0.00>
ST_1 : Operation 12 [1/1] (0.00ns)   --->   "%block_1 = load i4 %idx_1" [/home/miguel_tfg/FINN-v0.9-Stable/deps/finn-hlslib/maxpool.h:522]   --->   Operation 12 'load' 'block_1' <Predicate = true> <Delay = 0.00>
ST_1 : Operation 13 [1/1] (1.30ns)   --->   "%icmp_ln488 = icmp_eq  i4 %block_1, i4 14" [/home/miguel_tfg/FINN-v0.9-Stable/deps/finn-hlslib/maxpool.h:488]   --->   Operation 13 'icmp' 'icmp_ln488' <Predicate = true> <Delay = 1.30> <CoreInst = "Cmp">   --->   Core 9 'Cmp' <Latency = 0> <II = 1> <Delay = 1.30> <FuncUnit> <Opcode : 'icmp'> <InPorts = 2> <OutPorts = 1>
ST_1 : Operation 14 [1/1] (0.00ns)   --->   "%empty_8 = speclooptripcount i32 @_ssdm_op_SpecLoopTripCount, i64 14, i64 14, i64 14"   --->   Operation 14 'speclooptripcount' 'empty_8' <Predicate = true> <Delay = 0.00>
ST_1 : Operation 15 [1/1] (1.73ns)   --->   "%idx = add i4 %block_1, i4 1" [/home/miguel_tfg/FINN-v0.9-Stable/deps/finn-hlslib/maxpool.h:522]   --->   Operation 15 'add' 'idx' <Predicate = true> <Delay = 1.73> <CoreInst = "Adder">   --->   Core 1 'Adder' <Latency = 0> <II = 1> <Delay = 1.73> <FuncUnit> <Opcode : 'add' 'sub'> <InPorts = 2> <OutPorts = 1>
ST_1 : Operation 16 [1/1] (0.00ns)   --->   "%br_ln488 = br i1 %icmp_ln488, void %for.body45.i.split, void %_Z17LabelSelect_BatchILj14ELj1ELj1E6ap_intILi16EE7ap_uintILi8EEEvRN3hls6streamIS2_IXmlT0_srT2_5widthEELi0EEERNS5_IT3_Li0EEEj.exit.exitStub" [/home/miguel_tfg/FINN-v0.9-Stable/deps/finn-hlslib/maxpool.h:488]   --->   Operation 16 'br' 'br_ln488' <Predicate = true> <Delay = 0.00>
ST_1 : Operation 17 [1/1] (0.00ns)   --->   "%p_load = load i16 %empty" [/home/miguel_tfg/FINN-v0.9-Stable/deps/finn-hlslib/maxpool.h:509]   --->   Operation 17 'load' 'p_load' <Predicate = (!icmp_ln488)> <Delay = 0.00>
ST_1 : Operation 18 [1/1] (0.00ns)   --->   "%conv2_i_i107_i_load_1 = load i8 %conv2_i_i107_i" [/home/miguel_tfg/FINN-v0.9-Stable/deps/finn-hlslib/maxpool.h:509]   --->   Operation 18 'load' 'conv2_i_i107_i_load_1' <Predicate = (!icmp_ln488)> <Delay = 0.00>
ST_1 : Operation 19 [1/1] (0.00ns)   --->   "%specpipeline_ln489 = specpipeline void @_ssdm_op_SpecPipeline, i32 1, i32 2, i32 0, i32 0, void @empty_1" [/home/miguel_tfg/FINN-v0.9-Stable/deps/finn-hlslib/maxpool.h:489]   --->   Operation 19 'specpipeline' 'specpipeline_ln489' <Predicate = (!icmp_ln488)> <Delay = 0.00>
ST_1 : Operation 20 [1/1] (0.00ns)   --->   "%specloopname_ln488 = specloopname void @_ssdm_op_SpecLoopName, void @empty_4" [/home/miguel_tfg/FINN-v0.9-Stable/deps/finn-hlslib/maxpool.h:488]   --->   Operation 20 'specloopname' 'specloopname_ln488' <Predicate = (!icmp_ln488)> <Delay = 0.00>
ST_1 : Operation 21 [1/1] (0.00ns)   --->   "%inval_V = read i16 @_ssdm_op_Read.axis.volatile.i16P128A, i16 %in0_V" [/home/miguel_tfg/FINN-v0.9-Stable/deps/finn-hlslib/maxpool.h:490]   --->   Operation 21 'read' 'inval_V' <Predicate = (!icmp_ln488)> <Delay = 0.00> <CoreInst = "axis">   --->   Core 115 'axis' <Latency = 0> <II = 1> <Delay = 1.00> <Adapter> <Opcode : >
ST_1 : Operation 22 [1/1] (2.42ns)   --->   "%cmp = icmp_sgt  i16 %inval_V, i16 %p_load"   --->   Operation 22 'icmp' 'cmp' <Predicate = (!icmp_ln488)> <Delay = 2.42> <CoreInst = "Cmp">   --->   Core 9 'Cmp' <Latency = 0> <II = 1> <Delay = 2.42> <FuncUnit> <Opcode : 'icmp'> <InPorts = 2> <OutPorts = 1>
ST_1 : Operation 23 [1/1] (0.00ns)   --->   "%conv2_i_i_i_cast = zext i4 %block_1" [/home/miguel_tfg/FINN-v0.9-Stable/deps/finn-hlslib/maxpool.h:522]   --->   Operation 23 'zext' 'conv2_i_i_i_cast' <Predicate = (!icmp_ln488)> <Delay = 0.00>
ST_1 : Operation 24 [1/1] (1.24ns)   --->   "%select_ln509 = select i1 %cmp, i8 %conv2_i_i_i_cast, i8 %conv2_i_i107_i_load_1" [/home/miguel_tfg/FINN-v0.9-Stable/deps/finn-hlslib/maxpool.h:509]   --->   Operation 24 'select' 'select_ln509' <Predicate = (!icmp_ln488)> <Delay = 1.24> <CoreInst = "Sel">   --->   Core 73 'Sel' <Latency = 0> <II = 1> <Delay = 1.24> <FuncUnit> <Opcode : 'select'> <InPorts = 3> <OutPorts = 1>
ST_1 : Operation 25 [1/1] (0.80ns)   --->   "%select_ln509_1 = select i1 %cmp, i16 %inval_V, i16 %p_load" [/home/miguel_tfg/FINN-v0.9-Stable/deps/finn-hlslib/maxpool.h:509]   --->   Operation 25 'select' 'select_ln509_1' <Predicate = (!icmp_ln488)> <Delay = 0.80> <CoreInst = "Sel">   --->   Core 73 'Sel' <Latency = 0> <II = 1> <Delay = 0.80> <FuncUnit> <Opcode : 'select'> <InPorts = 3> <OutPorts = 1>
ST_1 : Operation 26 [1/1] (1.58ns)   --->   "%store_ln488 = store i8 %select_ln509, i8 %conv2_i_i107_i" [/home/miguel_tfg/FINN-v0.9-Stable/deps/finn-hlslib/maxpool.h:488]   --->   Operation 26 'store' 'store_ln488' <Predicate = (!icmp_ln488)> <Delay = 1.58>
ST_1 : Operation 27 [1/1] (1.58ns)   --->   "%store_ln488 = store i16 %select_ln509_1, i16 %empty" [/home/miguel_tfg/FINN-v0.9-Stable/deps/finn-hlslib/maxpool.h:488]   --->   Operation 27 'store' 'store_ln488' <Predicate = (!icmp_ln488)> <Delay = 1.58>
ST_1 : Operation 28 [1/1] (1.58ns)   --->   "%store_ln488 = store i4 %idx, i4 %idx_1" [/home/miguel_tfg/FINN-v0.9-Stable/deps/finn-hlslib/maxpool.h:488]   --->   Operation 28 'store' 'store_ln488' <Predicate = (!icmp_ln488)> <Delay = 1.58>
ST_1 : Operation 29 [1/1] (0.00ns)   --->   "%br_ln488 = br void %for.body45.i" [/home/miguel_tfg/FINN-v0.9-Stable/deps/finn-hlslib/maxpool.h:488]   --->   Operation 29 'br' 'br_ln488' <Predicate = (!icmp_ln488)> <Delay = 0.00>
ST_1 : Operation 30 [1/1] (0.00ns)   --->   "%conv2_i_i107_i_load = load i8 %conv2_i_i107_i"   --->   Operation 30 'load' 'conv2_i_i107_i_load' <Predicate = (icmp_ln488)> <Delay = 0.00>
ST_1 : Operation 31 [1/1] (0.00ns)   --->   "%write_ln0 = write void @_ssdm_op_Write.ap_auto.i8P0A, i8 %conv2_i_i107_i_out, i8 %conv2_i_i107_i_load"   --->   Operation 31 'write' 'write_ln0' <Predicate = (icmp_ln488)> <Delay = 0.00>
ST_1 : Operation 32 [1/1] (0.00ns)   --->   "%ret_ln0 = ret"   --->   Operation 32 'ret' 'ret_ln0' <Predicate = (icmp_ln488)> <Delay = 0.00>


============================================================
+ Verbose Summary: Binding
============================================================
STG Binding: 
---------------- STG Properties BEGIN ----------------
- Is combinational: 0
- Is one-state seq: 0
- Is datapath-only: 0
- Is pipelined: 0
- Is top level: 0
Port [ Return ] is wired: 1; IO mode=ap_ctrl_hs:ce=0
Port [ in0_V]:  wired=1; compound=1; hidden=0; nouse=0; global=0; static=0; extern=0; dir=0; type=0; pingpong=0; private_global=0; IO mode=axis:ce=0
Port [ conv2_i_i107_i_out]:  wired=1; compound=0; hidden=0; nouse=0; global=0; static=0; extern=0; dir=1; type=0; pingpong=0; private_global=0; IO mode=ap_vld:ce=0
---------------- STG Properties END ------------------

---------------- Datapath Model BEGIN ----------------

<LifeTime>
<method=bitvector/>
idx_1                 (alloca           ) [ 01]
empty                 (alloca           ) [ 01]
conv2_i_i107_i        (alloca           ) [ 01]
specinterface_ln0     (specinterface    ) [ 00]
store_ln0             (store            ) [ 00]
store_ln0             (store            ) [ 00]
store_ln0             (store            ) [ 00]
br_ln0                (br               ) [ 00]
block_1               (load             ) [ 00]
icmp_ln488            (icmp             ) [ 01]
empty_8               (speclooptripcount) [ 00]
idx                   (add              ) [ 00]
br_ln488              (br               ) [ 00]
p_load                (load             ) [ 00]
conv2_i_i107_i_load_1 (load             ) [ 00]
specpipeline_ln489    (specpipeline     ) [ 00]
specloopname_ln488    (specloopname     ) [ 00]
inval_V               (read             ) [ 00]
cmp                   (icmp             ) [ 00]
conv2_i_i_i_cast      (zext             ) [ 00]
select_ln509          (select           ) [ 00]
select_ln509_1        (select           ) [ 00]
store_ln488           (store            ) [ 00]
store_ln488           (store            ) [ 00]
store_ln488           (store            ) [ 00]
br_ln488              (br               ) [ 00]
conv2_i_i107_i_load   (load             ) [ 00]
write_ln0             (write            ) [ 00]
ret_ln0               (ret              ) [ 00]
</LifeTime>

<model>

<comp_list>
<comp id="0" class="1000" name="in0_V">
<pin_list>
<pin id="1" dir="1" index="0" bw="1" slack="0"/>
</pin_list>
<bind>
<StgValue><ssdm name="in0_V"/></StgValue>
</bind>
</comp>

<comp id="2" class="1000" name="conv2_i_i107_i_out">
<pin_list>
<pin id="3" dir="1" index="0" bw="1" slack="0"/>
</pin_list>
<bind>
<StgValue><ssdm name="conv2_i_i107_i_out"/></StgValue>
</bind>
</comp>

<comp id="4" class="1001" name="const_4">
<pin_list>
<pin id="5" dir="1" index="0" bw="1" slack="0"/>
</pin_list>
<bind>
<StgValue><ssdm name=""/></StgValue>
</bind>
</comp>

<comp id="6" class="1001" name="const_6">
<pin_list>
<pin id="7" dir="1" index="0" bw="1" slack="2147483647"/>
</pin_list>
<bind>
<StgValue><ssdm name="_ssdm_op_SpecInterface"/></StgValue>
</bind>
</comp>

<comp id="8" class="1001" name="const_8">
<pin_list>
<pin id="9" dir="1" index="0" bw="1" slack="2147483647"/>
</pin_list>
<bind>
<StgValue><ssdm name="empty"/></StgValue>
</bind>
</comp>

<comp id="10" class="1001" name="const_10">
<pin_list>
<pin id="11" dir="1" index="0" bw="1" slack="2147483647"/>
</pin_list>
<bind>
<StgValue><ssdm name=""/></StgValue>
</bind>
</comp>

<comp id="12" class="1001" name="const_12">
<pin_list>
<pin id="13" dir="1" index="0" bw="1" slack="2147483647"/>
</pin_list>
<bind>
<StgValue><ssdm name="empty_0"/></StgValue>
</bind>
</comp>

<comp id="14" class="1001" name="const_14">
<pin_list>
<pin id="15" dir="1" index="0" bw="1" slack="2147483647"/>
</pin_list>
<bind>
<StgValue><ssdm name="empty_1"/></StgValue>
</bind>
</comp>

<comp id="16" class="1001" name="const_16">
<pin_list>
<pin id="17" dir="1" index="0" bw="1" slack="2147483647"/>
</pin_list>
<bind>
<StgValue><ssdm name=""/></StgValue>
</bind>
</comp>

<comp id="18" class="1001" name="const_18">
<pin_list>
<pin id="19" dir="1" index="0" bw="1" slack="0"/>
</pin_list>
<bind>
<StgValue><ssdm name=""/></StgValue>
</bind>
</comp>

<comp id="20" class="1001" name="const_20">
<pin_list>
<pin id="21" dir="1" index="0" bw="1" slack="0"/>
</pin_list>
<bind>
<StgValue><ssdm name=""/></StgValue>
</bind>
</comp>

<comp id="22" class="1001" name="const_22">
<pin_list>
<pin id="23" dir="1" index="0" bw="1" slack="0"/>
</pin_list>
<bind>
<StgValue><ssdm name=""/></StgValue>
</bind>
</comp>

<comp id="24" class="1001" name="const_24">
<pin_list>
<pin id="25" dir="1" index="0" bw="1" slack="0"/>
</pin_list>
<bind>
<StgValue><ssdm name=""/></StgValue>
</bind>
</comp>

<comp id="26" class="1001" name="const_26">
<pin_list>
<pin id="27" dir="1" index="0" bw="1" slack="2147483647"/>
</pin_list>
<bind>
<StgValue><ssdm name="_ssdm_op_SpecLoopTripCount"/></StgValue>
</bind>
</comp>

<comp id="28" class="1001" name="const_28">
<pin_list>
<pin id="29" dir="1" index="0" bw="1" slack="2147483647"/>
</pin_list>
<bind>
<StgValue><ssdm name=""/></StgValue>
</bind>
</comp>

<comp id="30" class="1001" name="const_30">
<pin_list>
<pin id="31" dir="1" index="0" bw="1" slack="0"/>
</pin_list>
<bind>
<StgValue><ssdm name=""/></StgValue>
</bind>
</comp>

<comp id="32" class="1001" name="const_32">
<pin_list>
<pin id="33" dir="1" index="0" bw="1" slack="2147483647"/>
</pin_list>
<bind>
<StgValue><ssdm name="_ssdm_op_SpecPipeline"/></StgValue>
</bind>
</comp>

<comp id="34" class="1001" name="const_34">
<pin_list>
<pin id="35" dir="1" index="0" bw="1" slack="2147483647"/>
</pin_list>
<bind>
<StgValue><ssdm name=""/></StgValue>
</bind>
</comp>

<comp id="36" class="1001" name="const_36">
<pin_list>
<pin id="37" dir="1" index="0" bw="1" slack="2147483647"/>
</pin_list>
<bind>
<StgValue><ssdm name="_ssdm_op_SpecLoopName"/></StgValue>
</bind>
</comp>

<comp id="38" class="1001" name="const_38">
<pin_list>
<pin id="39" dir="1" index="0" bw="1" slack="2147483647"/>
</pin_list>
<bind>
<StgValue><ssdm name="empty_4"/></StgValue>
</bind>
</comp>

<comp id="40" class="1001" name="const_40">
<pin_list>
<pin id="41" dir="1" index="0" bw="1" slack="0"/>
</pin_list>
<bind>
<StgValue><ssdm name="_ssdm_op_Read.axis.volatile.i16P128A"/></StgValue>
</bind>
</comp>

<comp id="42" class="1001" name="const_42">
<pin_list>
<pin id="43" dir="1" index="0" bw="1" slack="0"/>
</pin_list>
<bind>
<StgValue><ssdm name="_ssdm_op_Write.ap_auto.i8P0A"/></StgValue>
</bind>
</comp>

<comp id="44" class="1004" name="idx_1_fu_44">
<pin_list>
<pin id="45" dir="0" index="0" bw="1" slack="0"/>
<pin id="46" dir="1" index="1" bw="4" slack="0"/>
</pin_list>
<bind>
<opcode="alloca(26) " fcode="alloca"/>
<opset="idx_1/1 "/>
</bind>
</comp>

<comp id="48" class="1004" name="empty_fu_48">
<pin_list>
<pin id="49" dir="0" index="0" bw="1" slack="0"/>
<pin id="50" dir="1" index="1" bw="16" slack="0"/>
</pin_list>
<bind>
<opcode="alloca(26) " fcode="alloca"/>
<opset="empty/1 "/>
</bind>
</comp>

<comp id="52" class="1004" name="conv2_i_i107_i_fu_52">
<pin_list>
<pin id="53" dir="0" index="0" bw="1" slack="0"/>
<pin id="54" dir="1" index="1" bw="8" slack="0"/>
</pin_list>
<bind>
<opcode="alloca(26) " fcode="alloca"/>
<opset="conv2_i_i107_i/1 "/>
</bind>
</comp>

<comp id="56" class="1004" name="inval_V_read_fu_56">
<pin_list>
<pin id="57" dir="0" index="0" bw="16" slack="0"/>
<pin id="58" dir="0" index="1" bw="16" slack="0"/>
<pin id="59" dir="1" index="2" bw="16" slack="0"/>
</pin_list>
<bind>
<opcode="read(1150) " fcode="read"/>
<opset="inval_V/1 "/>
</bind>
</comp>

<comp id="62" class="1004" name="write_ln0_write_fu_62">
<pin_list>
<pin id="63" dir="0" index="0" bw="0" slack="0"/>
<pin id="64" dir="0" index="1" bw="8" slack="0"/>
<pin id="65" dir="0" index="2" bw="8" slack="0"/>
<pin id="66" dir="1" index="3" bw="0" slack="2147483647"/>
</pin_list>
<bind>
<opcode="write(1151) " fcode="write"/>
<opset="write_ln0/1 "/>
</bind>
</comp>

<comp id="69" class="1004" name="store_ln0_store_fu_69">
<pin_list>
<pin id="70" dir="0" index="0" bw="1" slack="0"/>
<pin id="71" dir="0" index="1" bw="8" slack="0"/>
<pin id="72" dir="1" index="2" bw="0" slack="2147483647"/>
</pin_list>
<bind>
<opcode="store(28) " fcode="store"/>
<opset="store_ln0/1 "/>
</bind>
</comp>

<comp id="74" class="1004" name="store_ln0_store_fu_74">
<pin_list>
<pin id="75" dir="0" index="0" bw="16" slack="0"/>
<pin id="76" dir="0" index="1" bw="16" slack="0"/>
<pin id="77" dir="1" index="2" bw="0" slack="2147483647"/>
</pin_list>
<bind>
<opcode="store(28) " fcode="store"/>
<opset="store_ln0/1 "/>
</bind>
</comp>

<comp id="79" class="1004" name="store_ln0_store_fu_79">
<pin_list>
<pin id="80" dir="0" index="0" bw="1" slack="0"/>
<pin id="81" dir="0" index="1" bw="4" slack="0"/>
<pin id="82" dir="1" index="2" bw="0" slack="2147483647"/>
</pin_list>
<bind>
<opcode="store(28) " fcode="store"/>
<opset="store_ln0/1 "/>
</bind>
</comp>

<comp id="84" class="1004" name="block_1_load_fu_84">
<pin_list>
<pin id="85" dir="0" index="0" bw="4" slack="0"/>
<pin id="86" dir="1" index="1" bw="4" slack="0"/>
</pin_list>
<bind>
<opcode="load(27) " fcode="load"/>
<opset="block_1/1 "/>
</bind>
</comp>

<comp id="87" class="1004" name="icmp_ln488_fu_87">
<pin_list>
<pin id="88" dir="0" index="0" bw="4" slack="0"/>
<pin id="89" dir="0" index="1" bw="2" slack="0"/>
<pin id="90" dir="1" index="2" bw="1" slack="2147483647"/>
</pin_list>
<bind>
<opcode="icmp(45) " fcode="icmp"/>
<opset="icmp_ln488/1 "/>
</bind>
</comp>

<comp id="93" class="1004" name="idx_fu_93">
<pin_list>
<pin id="94" dir="0" index="0" bw="4" slack="0"/>
<pin id="95" dir="0" index="1" bw="1" slack="0"/>
<pin id="96" dir="1" index="2" bw="4" slack="0"/>
</pin_list>
<bind>
<opcode="add(8) " fcode="add"/>
<opset="idx/1 "/>
</bind>
</comp>

<comp id="99" class="1004" name="p_load_load_fu_99">
<pin_list>
<pin id="100" dir="0" index="0" bw="16" slack="0"/>
<pin id="101" dir="1" index="1" bw="16" slack="0"/>
</pin_list>
<bind>
<opcode="load(27) " fcode="load"/>
<opset="p_load/1 "/>
</bind>
</comp>

<comp id="102" class="1004" name="conv2_i_i107_i_load_1_load_fu_102">
<pin_list>
<pin id="103" dir="0" index="0" bw="8" slack="0"/>
<pin id="104" dir="1" index="1" bw="8" slack="0"/>
</pin_list>
<bind>
<opcode="load(27) " fcode="load"/>
<opset="conv2_i_i107_i_load_1/1 "/>
</bind>
</comp>

<comp id="105" class="1004" name="cmp_fu_105">
<pin_list>
<pin id="106" dir="0" index="0" bw="16" slack="0"/>
<pin id="107" dir="0" index="1" bw="16" slack="0"/>
<pin id="108" dir="1" index="2" bw="1" slack="0"/>
</pin_list>
<bind>
<opcode="icmp(45) " fcode="icmp"/>
<opset="cmp/1 "/>
</bind>
</comp>

<comp id="111" class="1004" name="conv2_i_i_i_cast_fu_111">
<pin_list>
<pin id="112" dir="0" index="0" bw="4" slack="0"/>
<pin id="113" dir="1" index="1" bw="8" slack="0"/>
</pin_list>
<bind>
<opcode="zext(34) " fcode="zext"/>
<opset="conv2_i_i_i_cast/1 "/>
</bind>
</comp>

<comp id="115" class="1004" name="select_ln509_fu_115">
<pin_list>
<pin id="116" dir="0" index="0" bw="1" slack="0"/>
<pin id="117" dir="0" index="1" bw="4" slack="0"/>
<pin id="118" dir="0" index="2" bw="8" slack="0"/>
<pin id="119" dir="1" index="3" bw="8" slack="0"/>
</pin_list>
<bind>
<opcode="select(49) " fcode="select"/>
<opset="select_ln509/1 "/>
</bind>
</comp>

<comp id="123" class="1004" name="select_ln509_1_fu_123">
<pin_list>
<pin id="124" dir="0" index="0" bw="1" slack="0"/>
<pin id="125" dir="0" index="1" bw="16" slack="0"/>
<pin id="126" dir="0" index="2" bw="16" slack="0"/>
<pin id="127" dir="1" index="3" bw="16" slack="0"/>
</pin_list>
<bind>
<opcode="select(49) " fcode="select"/>
<opset="select_ln509_1/1 "/>
</bind>
</comp>

<comp id="131" class="1004" name="store_ln488_store_fu_131">
<pin_list>
<pin id="132" dir="0" index="0" bw="8" slack="0"/>
<pin id="133" dir="0" index="1" bw="8" slack="0"/>
<pin id="134" dir="1" index="2" bw="0" slack="2147483647"/>
</pin_list>
<bind>
<opcode="store(28) " fcode="store"/>
<opset="store_ln488/1 "/>
</bind>
</comp>

<comp id="136" class="1004" name="store_ln488_store_fu_136">
<pin_list>
<pin id="137" dir="0" index="0" bw="16" slack="0"/>
<pin id="138" dir="0" index="1" bw="16" slack="0"/>
<pin id="139" dir="1" index="2" bw="0" slack="2147483647"/>
</pin_list>
<bind>
<opcode="store(28) " fcode="store"/>
<opset="store_ln488/1 "/>
</bind>
</comp>

<comp id="141" class="1004" name="store_ln488_store_fu_141">
<pin_list>
<pin id="142" dir="0" index="0" bw="4" slack="0"/>
<pin id="143" dir="0" index="1" bw="4" slack="0"/>
<pin id="144" dir="1" index="2" bw="0" slack="2147483647"/>
</pin_list>
<bind>
<opcode="store(28) " fcode="store"/>
<opset="store_ln488/1 "/>
</bind>
</comp>

<comp id="146" class="1004" name="conv2_i_i107_i_load_load_fu_146">
<pin_list>
<pin id="147" dir="0" index="0" bw="8" slack="0"/>
<pin id="148" dir="1" index="1" bw="8" slack="0"/>
</pin_list>
<bind>
<opcode="load(27) " fcode="load"/>
<opset="conv2_i_i107_i_load/1 "/>
</bind>
</comp>

<comp id="150" class="1005" name="idx_1_reg_150">
<pin_list>
<pin id="151" dir="0" index="0" bw="4" slack="0"/>
<pin id="152" dir="1" index="1" bw="4" slack="0"/>
</pin_list>
<bind>
<opset="idx_1 "/>
</bind>
</comp>

<comp id="157" class="1005" name="empty_reg_157">
<pin_list>
<pin id="158" dir="0" index="0" bw="16" slack="0"/>
<pin id="159" dir="1" index="1" bw="16" slack="0"/>
</pin_list>
<bind>
<opset="empty "/>
</bind>
</comp>

<comp id="164" class="1005" name="conv2_i_i107_i_reg_164">
<pin_list>
<pin id="165" dir="0" index="0" bw="8" slack="0"/>
<pin id="166" dir="1" index="1" bw="8" slack="0"/>
</pin_list>
<bind>
<opset="conv2_i_i107_i "/>
</bind>
</comp>

</comp_list>

<net_list>
<net id="47"><net_src comp="4" pin="0"/><net_sink comp="44" pin=0"/></net>

<net id="51"><net_src comp="4" pin="0"/><net_sink comp="48" pin=0"/></net>

<net id="55"><net_src comp="4" pin="0"/><net_sink comp="52" pin=0"/></net>

<net id="60"><net_src comp="40" pin="0"/><net_sink comp="56" pin=0"/></net>

<net id="61"><net_src comp="0" pin="0"/><net_sink comp="56" pin=1"/></net>

<net id="67"><net_src comp="42" pin="0"/><net_sink comp="62" pin=0"/></net>

<net id="68"><net_src comp="2" pin="0"/><net_sink comp="62" pin=1"/></net>

<net id="73"><net_src comp="18" pin="0"/><net_sink comp="69" pin=0"/></net>

<net id="78"><net_src comp="20" pin="0"/><net_sink comp="74" pin=0"/></net>

<net id="83"><net_src comp="22" pin="0"/><net_sink comp="79" pin=0"/></net>

<net id="91"><net_src comp="84" pin="1"/><net_sink comp="87" pin=0"/></net>

<net id="92"><net_src comp="24" pin="0"/><net_sink comp="87" pin=1"/></net>

<net id="97"><net_src comp="84" pin="1"/><net_sink comp="93" pin=0"/></net>

<net id="98"><net_src comp="30" pin="0"/><net_sink comp="93" pin=1"/></net>

<net id="109"><net_src comp="56" pin="2"/><net_sink comp="105" pin=0"/></net>

<net id="110"><net_src comp="99" pin="1"/><net_sink comp="105" pin=1"/></net>

<net id="114"><net_src comp="84" pin="1"/><net_sink comp="111" pin=0"/></net>

<net id="120"><net_src comp="105" pin="2"/><net_sink comp="115" pin=0"/></net>

<net id="121"><net_src comp="111" pin="1"/><net_sink comp="115" pin=1"/></net>

<net id="122"><net_src comp="102" pin="1"/><net_sink comp="115" pin=2"/></net>

<net id="128"><net_src comp="105" pin="2"/><net_sink comp="123" pin=0"/></net>

<net id="129"><net_src comp="56" pin="2"/><net_sink comp="123" pin=1"/></net>

<net id="130"><net_src comp="99" pin="1"/><net_sink comp="123" pin=2"/></net>

<net id="135"><net_src comp="115" pin="3"/><net_sink comp="131" pin=0"/></net>

<net id="140"><net_src comp="123" pin="3"/><net_sink comp="136" pin=0"/></net>

<net id="145"><net_src comp="93" pin="2"/><net_sink comp="141" pin=0"/></net>

<net id="149"><net_src comp="146" pin="1"/><net_sink comp="62" pin=2"/></net>

<net id="153"><net_src comp="44" pin="1"/><net_sink comp="150" pin=0"/></net>

<net id="154"><net_src comp="150" pin="1"/><net_sink comp="79" pin=1"/></net>

<net id="155"><net_src comp="150" pin="1"/><net_sink comp="84" pin=0"/></net>

<net id="156"><net_src comp="150" pin="1"/><net_sink comp="141" pin=1"/></net>

<net id="160"><net_src comp="48" pin="1"/><net_sink comp="157" pin=0"/></net>

<net id="161"><net_src comp="157" pin="1"/><net_sink comp="74" pin=1"/></net>

<net id="162"><net_src comp="157" pin="1"/><net_sink comp="99" pin=0"/></net>

<net id="163"><net_src comp="157" pin="1"/><net_sink comp="136" pin=1"/></net>

<net id="167"><net_src comp="52" pin="1"/><net_sink comp="164" pin=0"/></net>

<net id="168"><net_src comp="164" pin="1"/><net_sink comp="69" pin=1"/></net>

<net id="169"><net_src comp="164" pin="1"/><net_sink comp="102" pin=0"/></net>

<net id="170"><net_src comp="164" pin="1"/><net_sink comp="131" pin=1"/></net>

<net id="171"><net_src comp="164" pin="1"/><net_sink comp="146" pin=0"/></net>

</net_list>

</model> 
---------------- Datapath Model END ------------------

* FSMD analyzer results:
  - Output states:
	Port: conv2_i_i107_i_out | {1 }
 - Input state : 
	Port: LabelSelect_Batch_0_Pipeline_VITIS_LOOP_488_3 : in0_V | {1 }
  - Chain level:
	State 1
		store_ln0 : 1
		store_ln0 : 1
		store_ln0 : 1
		block_1 : 1
		icmp_ln488 : 2
		idx : 2
		br_ln488 : 3
		p_load : 1
		conv2_i_i107_i_load_1 : 1
		cmp : 2
		conv2_i_i_i_cast : 2
		select_ln509 : 3
		select_ln509_1 : 3
		store_ln488 : 4
		store_ln488 : 4
		store_ln488 : 3
		conv2_i_i107_i_load : 1
		write_ln0 : 2


============================================================
+ Verbose Summary: Datapath Resource usage 
============================================================

* Functional unit list:
|----------|-------------------------|---------|---------|
| Operation|     Functional Unit     |    FF   |   LUT   |
|----------|-------------------------|---------|---------|
|  select  |   select_ln509_fu_115   |    0    |    8    |
|          |  select_ln509_1_fu_123  |    0    |    16   |
|----------|-------------------------|---------|---------|
|   icmp   |     icmp_ln488_fu_87    |    0    |    9    |
|          |        cmp_fu_105       |    0    |    13   |
|----------|-------------------------|---------|---------|
|    add   |        idx_fu_93        |    0    |    13   |
|----------|-------------------------|---------|---------|
|   read   |    inval_V_read_fu_56   |    0    |    0    |
|----------|-------------------------|---------|---------|
|   write  |  write_ln0_write_fu_62  |    0    |    0    |
|----------|-------------------------|---------|---------|
|   zext   | conv2_i_i_i_cast_fu_111 |    0    |    0    |
|----------|-------------------------|---------|---------|
|   Total  |                         |    0    |    59   |
|----------|-------------------------|---------|---------|

Memories:
N/A

* Register list:
+----------------------+--------+
|                      |   FF   |
+----------------------+--------+
|conv2_i_i107_i_reg_164|    8   |
|     empty_reg_157    |   16   |
|     idx_1_reg_150    |    4   |
+----------------------+--------+
|         Total        |   28   |
+----------------------+--------+

* Multiplexer (MUX) list: 
|--------|------|------|------|--------|
|  Comp  |  Pin | Size |  BW  | S x BW |
|--------|------|------|------|--------|
|  Total |      |      |      |    0   |
|--------|------|------|------|--------|



* Summary:
+-----------+--------+--------+
|           |   FF   |   LUT  |
+-----------+--------+--------+
|  Function |    0   |   59   |
|   Memory  |    -   |    -   |
|Multiplexer|    -   |    -   |
|  Register |   28   |    -   |
+-----------+--------+--------+
|   Total   |   28   |   59   |
+-----------+--------+--------+
