

================================================================
== Vitis HLS Report for 'LabelSelect_Batch_0'
================================================================
* Date:           Fri Jun 12 09:15:34 2026

* Version:        2022.2.2 (Build 3779808 on Feb 17 2023)
* Project:        project_LabelSelect_Batch_0
* Solution:       sol1 (Vivado IP Flow Target)
* Product family: zynq
* Target device:  xc7z020-clg400-1


================================================================
== Performance Estimates
================================================================
+ Timing: 
    * Summary: 
    +--------+----------+----------+------------+
    |  Clock |  Target  | Estimated| Uncertainty|
    +--------+----------+----------+------------+
    |ap_clk  |  10.00 ns|  5.265 ns|     2.70 ns|
    +--------+----------+----------+------------+

+ Latency: 
    * Summary: 
    +---------+---------+----------+----------+-----+-----+---------+
    |  Latency (cycles) |  Latency (absolute) |  Interval | Pipeline|
    |   min   |   max   |    min   |    max   | min | max |   Type  |
    +---------+---------+----------+----------+-----+-----+---------+
    |       20|       20|  0.200 us|  0.200 us|   21|   21|       no|
    +---------+---------+----------+----------+-----+-----+---------+

    + Detail: 
        * Instance: 
        N/A

        * Loop: 
        N/A

============================================================
+ Verbose Summary: Synthesis Manager
============================================================
InlineROM: 1
ExposeGlobal: 0
============================================================
+ Verbose Summary: CDFG Model
============================================================
IsTopModel: 1
ResetActiveHigh: 1
IsCombinational: 0
IsDatapathOnly: 0
HasWiredReturn: 1
HasMFsm: 0
HasVarLatency: 1
IsPipeline: 0
IsRtlPipelined: 0
IsInstanceOverlapped: 0
IsDontTouch: 0
HasImplIP: 0
IsGatedGlobalClock: 0


============================================================
+ Verbose Summary: Schedule
============================================================
* Number of FSM states : 5
* Pipeline : 0
* Dataflow Pipeline: 0

* FSM state transitions: 
1 --> 2 
2 --> 3 
3 --> 4 
4 --> 5 
5 --> 

* FSM state operations: 

State 1 <SV = 0> <Delay = 0.00>
ST_1 : Operation 6 [1/1] (0.00ns)   --->   "%conv2_i_i107_i_loc = alloca i64 1"   --->   Operation 6 'alloca' 'conv2_i_i107_i_loc' <Predicate = true> <Delay = 0.00>

State 2 <SV = 1> <Delay = 5.26>
ST_2 : Operation 7 [1/1] (0.00ns)   --->   "%empty = wait i32 @_ssdm_op_Wait"   --->   Operation 7 'wait' 'empty' <Predicate = true> <Delay = 0.00>
ST_2 : Operation 8 [2/2] (5.26ns)   --->   "%call_ln0 = call void @LabelSelect_Batch_0_Pipeline_VITIS_LOOP_488_3, i16 %in0_V, i8 %conv2_i_i107_i_loc"   --->   Operation 8 'call' 'call_ln0' <Predicate = true> <Delay = 5.26> <CoreType = "Generic">   --->   Core 0 '' <Latency = 0> <II = 1> <Delay = 1.00> <Generic> <Opcode : >

State 3 <SV = 2> <Delay = 2.89>
ST_3 : Operation 9 [1/2] (2.89ns)   --->   "%call_ln0 = call void @LabelSelect_Batch_0_Pipeline_VITIS_LOOP_488_3, i16 %in0_V, i8 %conv2_i_i107_i_loc"   --->   Operation 9 'call' 'call_ln0' <Predicate = true> <Delay = 2.89> <CoreType = "Generic">   --->   Core 0 '' <Latency = 0> <II = 1> <Delay = 1.00> <Generic> <Opcode : >

State 4 <SV = 3> <Delay = 0.00>
ST_4 : Operation 10 [1/1] (0.00ns)   --->   "%conv2_i_i107_i_loc_load = load i8 %conv2_i_i107_i_loc"   --->   Operation 10 'load' 'conv2_i_i107_i_loc_load' <Predicate = true> <Delay = 0.00>
ST_4 : Operation 11 [1/1] (0.00ns)   --->   "%empty_9 = wait i32 @_ssdm_op_Wait"   --->   Operation 11 'wait' 'empty_9' <Predicate = true> <Delay = 0.00>
ST_4 : Operation 12 [2/2] (0.00ns)   --->   "%write_ln528 = write void @_ssdm_op_Write.axis.volatile.i8P128A, i8 %out_V, i8 %conv2_i_i107_i_loc_load" [/home/miguel_tfg/FINN-v0.9-Stable/deps/finn-hlslib/maxpool.h:528]   --->   Operation 12 'write' 'write_ln528' <Predicate = true> <Delay = 0.00> <CoreInst = "axis">   --->   Core 115 'axis' <Latency = 0> <II = 1> <Delay = 1.00> <Adapter> <Opcode : >

State 5 <SV = 4> <Delay = 0.00>
ST_5 : Operation 13 [1/1] (0.00ns)   --->   "%spectopmodule_ln12 = spectopmodule void @_ssdm_op_SpecTopModule, void @empty_2" [/home/miguel_tfg/FINN-v0.9-Stable/notebooks/UAH_example/FINN_build/code_gen_ipgen_LabelSelect_Batch_0_mj0frppw/top_LabelSelect_Batch_0.cpp:12]   --->   Operation 13 'spectopmodule' 'spectopmodule_ln12' <Predicate = true> <Delay = 0.00>
ST_5 : Operation 14 [1/1] (0.00ns)   --->   "%specinterface_ln12 = specinterface void @_ssdm_op_SpecInterface, i32 0, void @empty_3, i32 0, i32 0, void @empty_1, i32 0, i32 0, void @empty_1, void @empty_1, void @empty_1, i32 0, i32 0, i32 0, i32 0, void @empty_1, void @empty_1, i32 4294967295, i32 0" [/home/miguel_tfg/FINN-v0.9-Stable/notebooks/UAH_example/FINN_build/code_gen_ipgen_LabelSelect_Batch_0_mj0frppw/top_LabelSelect_Batch_0.cpp:12]   --->   Operation 14 'specinterface' 'specinterface_ln12' <Predicate = true> <Delay = 0.00>
ST_5 : Operation 15 [1/1] (0.00ns)   --->   "%specinterface_ln0 = specinterface void @_ssdm_op_SpecInterface, i16 %in0_V, void @empty, i32 1, i32 1, void @empty_0, i32 0, i32 0, void @empty_1, void @empty_1, void @empty_1, i32 0, i32 0, i32 0, i32 0, void @empty_1, void @empty_1, i32 4294967295, i32 0"   --->   Operation 15 'specinterface' 'specinterface_ln0' <Predicate = true> <Delay = 0.00>
ST_5 : Operation 16 [1/1] (0.00ns)   --->   "%specbitsmap_ln0 = specbitsmap void @_ssdm_op_SpecBitsMap, i16 %in0_V"   --->   Operation 16 'specbitsmap' 'specbitsmap_ln0' <Predicate = true> <Delay = 0.00>
ST_5 : Operation 17 [1/1] (0.00ns)   --->   "%specinterface_ln0 = specinterface void @_ssdm_op_SpecInterface, i8 %out_V, void @empty, i32 1, i32 1, void @empty_0, i32 0, i32 0, void @empty_1, void @empty_1, void @empty_1, i32 0, i32 0, i32 0, i32 0, void @empty_1, void @empty_1, i32 4294967295, i32 0"   --->   Operation 17 'specinterface' 'specinterface_ln0' <Predicate = true> <Delay = 0.00>
ST_5 : Operation 18 [1/1] (0.00ns)   --->   "%specbitsmap_ln0 = specbitsmap void @_ssdm_op_SpecBitsMap, i8 %out_V"   --->   Operation 18 'specbitsmap' 'specbitsmap_ln0' <Predicate = true> <Delay = 0.00>
ST_5 : Operation 19 [1/2] (0.00ns)   --->   "%write_ln528 = write void @_ssdm_op_Write.axis.volatile.i8P128A, i8 %out_V, i8 %conv2_i_i107_i_loc_load" [/home/miguel_tfg/FINN-v0.9-Stable/deps/finn-hlslib/maxpool.h:528]   --->   Operation 19 'write' 'write_ln528' <Predicate = true> <Delay = 0.00> <CoreInst = "axis">   --->   Core 115 'axis' <Latency = 0> <II = 1> <Delay = 1.00> <Adapter> <Opcode : >
ST_5 : Operation 20 [1/1] (0.00ns)   --->   "%ret_ln19 = ret" [/home/miguel_tfg/FINN-v0.9-Stable/notebooks/UAH_example/FINN_build/code_gen_ipgen_LabelSelect_Batch_0_mj0frppw/top_LabelSelect_Batch_0.cpp:19]   --->   Operation 20 'ret' 'ret_ln19' <Predicate = true> <Delay = 0.00>


============================================================
+ Verbose Summary: Timing violations
============================================================
Target clock period: 10ns, clock uncertainty: 2.7ns.

 <State 1>: 0ns
The critical path consists of the following:

 <State 2>: 5.27ns
The critical path consists of the following:
	'call' operation ('call_ln0') to 'LabelSelect_Batch_0_Pipeline_VITIS_LOOP_488_3' [11]  (5.27 ns)

 <State 3>: 2.89ns
The critical path consists of the following:
	'call' operation ('call_ln0') to 'LabelSelect_Batch_0_Pipeline_VITIS_LOOP_488_3' [11]  (2.89 ns)

 <State 4>: 0ns
The critical path consists of the following:

 <State 5>: 0ns
The critical path consists of the following:


============================================================
+ Verbose Summary: Binding
============================================================
N/A
* FSMD analyzer results:
  - Output states:
 - Input state : 
  - Chain level:
	State 1
	State 2
	State 3
	State 4
	State 5


============================================================
+ Verbose Summary: Datapath Resource usage 
============================================================
N/A
