

================================================================
== Vitis HLS Report for 'LabelSelect_Batch_0_Pipeline_VITIS_LOOP_488_3'
================================================================
* Date:           Fri Jun 12 09:15:34 2026

* Version:        2022.2.2 (Build 3779808 on Feb 17 2023)
* Project:        project_LabelSelect_Batch_0
* Solution:       sol1 (Vivado IP Flow Target)
* Product family: zynq
* Target device:  xc7z020-clg400-1


================================================================
== Performance Estimates
================================================================
+ Timing: 
    * Summary: 
    +--------+----------+----------+------------+
    |  Clock |  Target  | Estimated| Uncertainty|
    +--------+----------+----------+------------+
    |ap_clk  |  10.00 ns|  5.265 ns|     2.70 ns|
    +--------+----------+----------+------------+

+ Latency: 
    * Summary: 
    +---------+---------+----------+----------+-----+-----+---------+
    |  Latency (cycles) |  Latency (absolute) |  Interval | Pipeline|
    |   min   |   max   |    min   |    max   | min | max |   Type  |
    +---------+---------+----------+----------+-----+-----+---------+
    |       16|       16|  0.160 us|  0.160 us|   16|   16|       no|
    +---------+---------+----------+----------+-----+-----+---------+

    + Detail: 
        * Instance: 
        N/A

        * Loop: 
        +--------------------+---------+---------+----------+-----------+-----------+------+----------+
        |                    |  Latency (cycles) | Iteration|  Initiation Interval  | Trip |          |
        |      Loop Name     |   min   |   max   |  Latency |  achieved |   target  | Count| Pipelined|
        +--------------------+---------+---------+----------+-----------+-----------+------+----------+
        |- VITIS_LOOP_488_3  |       14|       14|         1|          1|          1|    14|  yes(flp)|
        +--------------------+---------+---------+----------+-----------+-----------+------+----------+

============================================================
+ Verbose Summary: Synthesis Manager
============================================================
InlineROM: 1
ExposeGlobal: 0
============================================================
+ Verbose Summary: CDFG Model
============================================================
IsTopModel: 0
ResetActiveHigh: 1
IsCombinational: 0
IsDatapathOnly: 0
HasWiredReturn: 1
HasMFsm: 1
HasVarLatency: 1
IsPipeline: 0
IsRtlPipelined: 0
IsInstanceOverlapped: 0
IsDontTouch: 0
HasImplIP: 0
IsGatedGlobalClock: 0

+ Individual pipeline summary: 
  * Pipeline-0: initiation interval (II) = 1, depth = 1


============================================================
+ Verbose Summary: Schedule
============================================================
* Number of FSM states : 1
* Pipeline : 1
  Pipeline-0 : II = 1, D = 1, States = { 1 }
* Dataflow Pipeline: 0

* FSM state transitions: 
1 --> 

* FSM state operations: 

State 1 <SV = 0> <Delay = 5.26>
ST_1 : Operation 4 [1/1] (0.00ns)   --->   "%idx_1 = alloca i32 1"   --->   Operation 4 'alloca' 'idx_1' <Predicate = true> <Delay = 0.00>
ST_1 : Operation 5 [1/1] (0.00ns)   --->   "%empty = alloca i32 1"   --->   Operation 5 'alloca' 'empty' <Predicate = true> <Delay = 0.00>
ST_1 : Operation 6 [1/1] (0.00ns)   --->   "%conv2_i_i107_i = alloca i32 1"   --->   Operation 6 'alloca' 'conv2_i_i107_i' <Predicate = true> <Delay = 0.00>
ST_1 : Operation 7 [1/1] (0.00ns)   --->   "%specinterface_ln0 = specinterface void @_ssdm_op_SpecInterface, i16 %in0_V, void @empty, i32 0, i32 0, void @empty_0, i32 0, i32 0, void @empty_1, void @empty_1, void @empty_1, i32 0, i32 0, i32 0, i32 0, void @empty_1, void @empty_1, i32 4294967295, i32 0"   --->   Operation 7 'specinterface' 'specinterface_ln0' <Predicate = true> <Delay = 0.00>
ST_1 : Operation 8 [1/1] (1.58ns)   --->   "%store_ln0 = store i8 0, i8 %conv2_i_i107_i"   --->   Operation 8 'store' 'store_ln0' <Predicate = true> <Delay = 1.58>
ST_1 : Operation 9 [1/1] (1.58ns)   --->   "%store_ln0 = store i16 32768, i16 %empty"   --->   Operation 9 'store' 'store_ln0' <Predicate = true> <Delay = 1.58>
ST_1 : Operation 10 [1/1] (1.58ns)   --->   "%store_ln0 = store i4 0, i4 %idx_1"   --->   Operation 10 'store' 'store_ln0' <Predicate = true> <Delay = 1.58>
ST_1 : Operation 11 [1/1] (0.00ns)   --->   "%br_ln0 = br void %for.body45.i"   --->   Operation 11 'br' 'br_ln0' <Predicate = true> <Delay = 0.00>
ST_1 : Operation 12 [1/1] (0.00ns)   --->   "%block_1 = load i4 %idx_1" [/home/miguel_tfg/FINN-v0.9-Stable/deps/finn-hlslib/maxpool.h:522]   --->   Operation 12 'load' 'block_1' <Predicate = true> <Delay = 0.00>
ST_1 : Operation 13 [1/1] (1.30ns)   --->   "%icmp_ln488 = icmp_eq  i4 %block_1, i4 14" [/home/miguel_tfg/FINN-v0.9-Stable/deps/finn-hlslib/maxpool.h:488]   --->   Operation 13 'icmp' 'icmp_ln488' <Predicate = true> <Delay = 1.30> <CoreInst = "Cmp">   --->   Core 9 'Cmp' <Latency = 0> <II = 1> <Delay = 1.30> <FuncUnit> <Opcode : 'icmp'> <InPorts = 2> <OutPorts = 1>
ST_1 : Operation 14 [1/1] (0.00ns)   --->   "%empty_8 = speclooptripcount i32 @_ssdm_op_SpecLoopTripCount, i64 14, i64 14, i64 14"   --->   Operation 14 'speclooptripcount' 'empty_8' <Predicate = true> <Delay = 0.00>
ST_1 : Operation 15 [1/1] (1.73ns)   --->   "%idx = add i4 %block_1, i4 1" [/home/miguel_tfg/FINN-v0.9-Stable/deps/finn-hlslib/maxpool.h:522]   --->   Operation 15 'add' 'idx' <Predicate = true> <Delay = 1.73> <CoreInst = "Adder">   --->   Core 1 'Adder' <Latency = 0> <II = 1> <Delay = 1.73> <FuncUnit> <Opcode : 'add' 'sub'> <InPorts = 2> <OutPorts = 1>
ST_1 : Operation 16 [1/1] (0.00ns)   --->   "%br_ln488 = br i1 %icmp_ln488, void %for.body45.i.split, void %_Z17LabelSelect_BatchILj14ELj1ELj1E6ap_intILi16EE7ap_uintILi8EEEvRN3hls6streamIS2_IXmlT0_srT2_5widthEELi0EEERNS5_IT3_Li0EEEj.exit.exitStub" [/home/miguel_tfg/FINN-v0.9-Stable/deps/finn-hlslib/maxpool.h:488]   --->   Operation 16 'br' 'br_ln488' <Predicate = true> <Delay = 0.00>
ST_1 : Operation 17 [1/1] (0.00ns)   --->   "%p_load = load i16 %empty" [/home/miguel_tfg/FINN-v0.9-Stable/deps/finn-hlslib/maxpool.h:509]   --->   Operation 17 'load' 'p_load' <Predicate = (!icmp_ln488)> <Delay = 0.00>
ST_1 : Operation 18 [1/1] (0.00ns)   --->   "%conv2_i_i107_i_load_1 = load i8 %conv2_i_i107_i" [/home/miguel_tfg/FINN-v0.9-Stable/deps/finn-hlslib/maxpool.h:509]   --->   Operation 18 'load' 'conv2_i_i107_i_load_1' <Predicate = (!icmp_ln488)> <Delay = 0.00>
ST_1 : Operation 19 [1/1] (0.00ns)   --->   "%specpipeline_ln489 = specpipeline void @_ssdm_op_SpecPipeline, i32 1, i32 2, i32 0, i32 0, void @empty_1" [/home/miguel_tfg/FINN-v0.9-Stable/deps/finn-hlslib/maxpool.h:489]   --->   Operation 19 'specpipeline' 'specpipeline_ln489' <Predicate = (!icmp_ln488)> <Delay = 0.00>
ST_1 : Operation 20 [1/1] (0.00ns)   --->   "%specloopname_ln488 = specloopname void @_ssdm_op_SpecLoopName, void @empty_4" [/home/miguel_tfg/FINN-v0.9-Stable/deps/finn-hlslib/maxpool.h:488]   --->   Operation 20 'specloopname' 'specloopname_ln488' <Predicate = (!icmp_ln488)> <Delay = 0.00>
ST_1 : Operation 21 [1/1] (0.00ns)   --->   "%inval_V = read i16 @_ssdm_op_Read.axis.volatile.i16P128A, i16 %in0_V" [/home/miguel_tfg/FINN-v0.9-Stable/deps/finn-hlslib/maxpool.h:490]   --->   Operation 21 'read' 'inval_V' <Predicate = (!icmp_ln488)> <Delay = 0.00> <CoreInst = "axis">   --->   Core 115 'axis' <Latency = 0> <II = 1> <Delay = 1.00> <Adapter> <Opcode : >
ST_1 : Operation 22 [1/1] (2.42ns)   --->   "%cmp = icmp_sgt  i16 %inval_V, i16 %p_load"   --->   Operation 22 'icmp' 'cmp' <Predicate = (!icmp_ln488)> <Delay = 2.42> <CoreInst = "Cmp">   --->   Core 9 'Cmp' <Latency = 0> <II = 1> <Delay = 2.42> <FuncUnit> <Opcode : 'icmp'> <InPorts = 2> <OutPorts = 1>
ST_1 : Operation 23 [1/1] (0.00ns)   --->   "%conv2_i_i_i_cast = zext i4 %block_1" [/home/miguel_tfg/FINN-v0.9-Stable/deps/finn-hlslib/maxpool.h:522]   --->   Operation 23 'zext' 'conv2_i_i_i_cast' <Predicate = (!icmp_ln488)> <Delay = 0.00>
ST_1 : Operation 24 [1/1] (1.24ns)   --->   "%select_ln509 = select i1 %cmp, i8 %conv2_i_i_i_cast, i8 %conv2_i_i107_i_load_1" [/home/miguel_tfg/FINN-v0.9-Stable/deps/finn-hlslib/maxpool.h:509]   --->   Operation 24 'select' 'select_ln509' <Predicate = (!icmp_ln488)> <Delay = 1.24> <CoreInst = "Sel">   --->   Core 73 'Sel' <Latency = 0> <II = 1> <Delay = 1.24> <FuncUnit> <Opcode : 'select'> <InPorts = 3> <OutPorts = 1>
ST_1 : Operation 25 [1/1] (0.80ns)   --->   "%select_ln509_1 = select i1 %cmp, i16 %inval_V, i16 %p_load" [/home/miguel_tfg/FINN-v0.9-Stable/deps/finn-hlslib/maxpool.h:509]   --->   Operation 25 'select' 'select_ln509_1' <Predicate = (!icmp_ln488)> <Delay = 0.80> <CoreInst = "Sel">   --->   Core 73 'Sel' <Latency = 0> <II = 1> <Delay = 0.80> <FuncUnit> <Opcode : 'select'> <InPorts = 3> <OutPorts = 1>
ST_1 : Operation 26 [1/1] (1.58ns)   --->   "%store_ln488 = store i8 %select_ln509, i8 %conv2_i_i107_i" [/home/miguel_tfg/FINN-v0.9-Stable/deps/finn-hlslib/maxpool.h:488]   --->   Operation 26 'store' 'store_ln488' <Predicate = (!icmp_ln488)> <Delay = 1.58>
ST_1 : Operation 27 [1/1] (1.58ns)   --->   "%store_ln488 = store i16 %select_ln509_1, i16 %empty" [/home/miguel_tfg/FINN-v0.9-Stable/deps/finn-hlslib/maxpool.h:488]   --->   Operation 27 'store' 'store_ln488' <Predicate = (!icmp_ln488)> <Delay = 1.58>
ST_1 : Operation 28 [1/1] (1.58ns)   --->   "%store_ln488 = store i4 %idx, i4 %idx_1" [/home/miguel_tfg/FINN-v0.9-Stable/deps/finn-hlslib/maxpool.h:488]   --->   Operation 28 'store' 'store_ln488' <Predicate = (!icmp_ln488)> <Delay = 1.58>
ST_1 : Operation 29 [1/1] (0.00ns)   --->   "%br_ln488 = br void %for.body45.i" [/home/miguel_tfg/FINN-v0.9-Stable/deps/finn-hlslib/maxpool.h:488]   --->   Operation 29 'br' 'br_ln488' <Predicate = (!icmp_ln488)> <Delay = 0.00>
ST_1 : Operation 30 [1/1] (0.00ns)   --->   "%conv2_i_i107_i_load = load i8 %conv2_i_i107_i"   --->   Operation 30 'load' 'conv2_i_i107_i_load' <Predicate = (icmp_ln488)> <Delay = 0.00>
ST_1 : Operation 31 [1/1] (0.00ns)   --->   "%write_ln0 = write void @_ssdm_op_Write.ap_auto.i8P0A, i8 %conv2_i_i107_i_out, i8 %conv2_i_i107_i_load"   --->   Operation 31 'write' 'write_ln0' <Predicate = (icmp_ln488)> <Delay = 0.00>
ST_1 : Operation 32 [1/1] (0.00ns)   --->   "%ret_ln0 = ret"   --->   Operation 32 'ret' 'ret_ln0' <Predicate = (icmp_ln488)> <Delay = 0.00>


============================================================
+ Verbose Summary: Timing violations
============================================================
Target clock period: 10ns, clock uncertainty: 2.7ns.

 <State 1>: 5.26ns
The critical path consists of the following:
	'alloca' operation ('empty') [4]  (0 ns)
	'load' operation ('p_load', /home/miguel_tfg/FINN-v0.9-Stable/deps/finn-hlslib/maxpool.h:509) on local variable 'empty' [18]  (0 ns)
	'icmp' operation ('cmp') [23]  (2.43 ns)
	'select' operation ('select_ln509', /home/miguel_tfg/FINN-v0.9-Stable/deps/finn-hlslib/maxpool.h:509) [25]  (1.25 ns)
	'store' operation ('store_ln488', /home/miguel_tfg/FINN-v0.9-Stable/deps/finn-hlslib/maxpool.h:488) of variable 'select_ln509', /home/miguel_tfg/FINN-v0.9-Stable/deps/finn-hlslib/maxpool.h:509 on local variable 'conv2_i_i107_i' [27]  (1.59 ns)


============================================================
+ Verbose Summary: Binding
============================================================
N/A
* FSMD analyzer results:
  - Output states:
 - Input state : 
  - Chain level:
	State 1


============================================================
+ Verbose Summary: Datapath Resource usage 
============================================================
N/A
