==============================================================
Vitis HLS - High-Level Synthesis from C, C++ and OpenCL v2022.2.2 (64-bit)
Tool Version Limit: 2019.12
Copyright 1986-2023 Xilinx, Inc. All Rights Reserved.
==============================================================
INFO: [HLS 200-1505] Using default flow_target 'vivado'
INFO: [HLS 200-435] Setting 'open_solution -flow_target vivado' configuration: config_interface -m_axi_latency=0
INFO: [HLS 200-1510] Running: set_part xc7z020clg400-1 
INFO: [HLS 200-1611] Setting target device to 'xc7z020-clg400-1'
INFO: [HLS 200-1510] Running: config_compile -disable_unroll_code_size_check -pipeline_style flp 
WARNING: [XFORM 203-506] Disable code size check when do loop unroll.
WARNING: [HLS 200-643] The 'config_compile -disable_unroll_code_size_check' hidden command is deprecated and will be removed in a future release.
INFO: [HLS 200-1510] Running: config_interface -m_axi_addr64 
INFO: [HLS 200-1510] Running: config_rtl -module_auto_prefix 
INFO: [HLS 200-1510] Running: config_rtl -deadlock_detection none 
INFO: [HLS 200-1510] Running: create_clock -period 10.0 -name default 
INFO: [SYN 201-201] Setting up clock 'default' with a period of 10ns.
INFO: [HLS 200-1510] Running: csynth_design 
INFO: [HLS 200-111] Finished File checks and directory preparation: CPU user time: 0 seconds. CPU system time: 0.01 seconds. Elapsed time: 10.02 seconds; current allocated memory: 1.469 GB.
INFO: [HLS 200-10] Analyzing design file '/home/miguel_tfg/FINN-v0.9-Stable/notebooks/UAH_example/FINN_build/code_gen_ipgen_MatrixVectorActivation_4_2ay3ojwy/top_MatrixVectorActivation_4.cpp' ... 
INFO: [HLS 200-111] Finished Source Code Analysis and Preprocessing: CPU user time: 3.98 seconds. CPU system time: 0.43 seconds. Elapsed time: 4.4 seconds; current allocated memory: 1.477 GB.
INFO: [HLS 200-777] Using interface defaults for 'Vivado' flow target.
INFO: [HLS 214-131] Inlining function 'Slice<ap_uint<4>, 4u>::Container<ap_uint<4> >::Container(ap_uint<4> const&)' into 'Slice<ap_uint<4>, 4u>::Container<ap_uint<4> > Slice<ap_uint<4>, 4u>::operator()<ap_uint<4> >(ap_uint<4> const&, unsigned int) const' (/home/miguel_tfg/FINN-v0.9-Stable/deps/finn-hlslib/interpret.hpp:243:9)
INFO: [HLS 214-131] Inlining function 'Slice<ap_uint<4>, 4u>::Container<ap_uint<4> >::operator()(unsigned int, unsigned int) const' into 'ap_int<16> mac<1u, ap_int<16>, std::array<ap_int<4>, 1ul>, Slice<ap_uint<4>, 4u>::Container<ap_uint<4> >, ap_resource_dsp>(ap_int<16> const&, std::array<ap_int<4>, 1ul> const&, Slice<ap_uint<4>, 4u>::Container<ap_uint<4> > const&, ap_resource_dsp const&, unsigned int)' (/home/miguel_tfg/FINN-v0.9-Stable/deps/finn-hlslib/mac.hpp:169:19)
INFO: [HLS 214-131] Inlining function 'decltype((fp) * (fp0)) mul<ap_int<4>, ap_uint<4> >(ap_int<4> const&, ap_uint<4> const&, ap_resource_dsp const&)' into 'ap_int<16> mac<1u, ap_int<16>, std::array<ap_int<4>, 1ul>, Slice<ap_uint<4>, 4u>::Container<ap_uint<4> >, ap_resource_dsp>(ap_int<16> const&, std::array<ap_int<4>, 1ul> const&, Slice<ap_uint<4>, 4u>::Container<ap_uint<4> > const&, ap_resource_dsp const&, unsigned int)' (/home/miguel_tfg/FINN-v0.9-Stable/deps/finn-hlslib/mac.hpp:169:9)
INFO: [HLS 214-131] Inlining function 'Slice<ap_int<16>, 16u>::Container<ap_uint<16> >::operator ap_uint<16> const&() const' into 'void Matrix_Vector_Activate_Stream_Batch<128u, 14u, 1u, 1u, Slice<ap_uint<4>, 4u>, Slice<ap_int<16>, 16u>, Identity, ap_int<4>, ap_uint<4>, ap_uint<16>, PassThroughActivation<ap_int<16> >, ap_resource_dsp>(hls::stream<ap_uint<4>, 0>&, hls::stream<ap_uint<16>, 0>&, hls::stream<ap_uint<((1u) * (1u)) * (ap_int<4>::width)>, 0>&, PassThroughActivation<ap_int<16> > const&, int, ap_resource_dsp const&)' (/home/miguel_tfg/FINN-v0.9-Stable/deps/finn-hlslib/mvau.hpp:298:17)
INFO: [HLS 214-131] Inlining function 'Slice<ap_int<16>, 16u>::Container<ap_uint<16> >::operator()(unsigned int, unsigned int, bool) const' into 'void Matrix_Vector_Activate_Stream_Batch<128u, 14u, 1u, 1u, Slice<ap_uint<4>, 4u>, Slice<ap_int<16>, 16u>, Identity, ap_int<4>, ap_uint<4>, ap_uint<16>, PassThroughActivation<ap_int<16> >, ap_resource_dsp>(hls::stream<ap_uint<4>, 0>&, hls::stream<ap_uint<16>, 0>&, hls::stream<ap_uint<((1u) * (1u)) * (ap_int<4>::width)>, 0>&, PassThroughActivation<ap_int<16> > const&, int, ap_resource_dsp const&)' (/home/miguel_tfg/FINN-v0.9-Stable/deps/finn-hlslib/mvau.hpp:295:2)
INFO: [HLS 214-131] Inlining function 'PassThroughActivation<ap_int<16> >::activate(unsigned int, unsigned int, ap_int<16> const&) const' into 'void Matrix_Vector_Activate_Stream_Batch<128u, 14u, 1u, 1u, Slice<ap_uint<4>, 4u>, Slice<ap_int<16>, 16u>, Identity, ap_int<4>, ap_uint<4>, ap_uint<16>, PassThroughActivation<ap_int<16> >, ap_resource_dsp>(hls::stream<ap_uint<4>, 0>&, hls::stream<ap_uint<16>, 0>&, hls::stream<ap_uint<((1u) * (1u)) * (ap_int<4>::width)>, 0>&, PassThroughActivation<ap_int<16> > const&, int, ap_resource_dsp const&)' (/home/miguel_tfg/FINN-v0.9-Stable/deps/finn-hlslib/mvau.hpp:295:31)
INFO: [HLS 214-131] Inlining function 'ap_int<16> mac<1u, ap_int<16>, std::array<ap_int<4>, 1ul>, Slice<ap_uint<4>, 4u>::Container<ap_uint<4> >, ap_resource_dsp>(ap_int<16> const&, std::array<ap_int<4>, 1ul> const&, Slice<ap_uint<4>, 4u>::Container<ap_uint<4> > const&, ap_resource_dsp const&, unsigned int)' into 'void Matrix_Vector_Activate_Stream_Batch<128u, 14u, 1u, 1u, Slice<ap_uint<4>, 4u>, Slice<ap_int<16>, 16u>, Identity, ap_int<4>, ap_uint<4>, ap_uint<16>, PassThroughActivation<ap_int<16> >, ap_resource_dsp>(hls::stream<ap_uint<4>, 0>&, hls::stream<ap_uint<16>, 0>&, hls::stream<ap_uint<((1u) * (1u)) * (ap_int<4>::width)>, 0>&, PassThroughActivation<ap_int<16> > const&, int, ap_resource_dsp const&)' (/home/miguel_tfg/FINN-v0.9-Stable/deps/finn-hlslib/mvau.hpp:285:21)
INFO: [HLS 214-131] Inlining function 'std::array<ap_int<4>, 1ul> const& Identity::operator()<std::array<ap_int<4>, 1ul> >(std::array<ap_int<4>, 1ul> const&) const' into 'void Matrix_Vector_Activate_Stream_Batch<128u, 14u, 1u, 1u, Slice<ap_uint<4>, 4u>, Slice<ap_int<16>, 16u>, Identity, ap_int<4>, ap_uint<4>, ap_uint<16>, PassThroughActivation<ap_int<16> >, ap_resource_dsp>(hls::stream<ap_uint<4>, 0>&, hls::stream<ap_uint<16>, 0>&, hls::stream<ap_uint<((1u) * (1u)) * (ap_int<4>::width)>, 0>&, PassThroughActivation<ap_int<16> > const&, int, ap_resource_dsp const&)' (/home/miguel_tfg/FINN-v0.9-Stable/deps/finn-hlslib/mvau.hpp:283:24)
INFO: [HLS 214-131] Inlining function 'Weights_Tile<1u, ap_int<4>, 1u>::operator[](unsigned int) const' into 'void Matrix_Vector_Activate_Stream_Batch<128u, 14u, 1u, 1u, Slice<ap_uint<4>, 4u>, Slice<ap_int<16>, 16u>, Identity, ap_int<4>, ap_uint<4>, ap_uint<16>, PassThroughActivation<ap_int<16> >, ap_resource_dsp>(hls::stream<ap_uint<4>, 0>&, hls::stream<ap_uint<16>, 0>&, hls::stream<ap_uint<((1u) * (1u)) * (ap_int<4>::width)>, 0>&, PassThroughActivation<ap_int<16> > const&, int, ap_resource_dsp const&)' (/home/miguel_tfg/FINN-v0.9-Stable/deps/finn-hlslib/mvau.hpp:283:35)
INFO: [HLS 214-131] Inlining function 'Slice<ap_uint<4>, 4u>::Container<ap_uint<4> > Slice<ap_uint<4>, 4u>::operator()<ap_uint<4> >(ap_uint<4> const&, unsigned int) const' into 'void Matrix_Vector_Activate_Stream_Batch<128u, 14u, 1u, 1u, Slice<ap_uint<4>, 4u>, Slice<ap_int<16>, 16u>, Identity, ap_int<4>, ap_uint<4>, ap_uint<16>, PassThroughActivation<ap_int<16> >, ap_resource_dsp>(hls::stream<ap_uint<4>, 0>&, hls::stream<ap_uint<16>, 0>&, hls::stream<ap_uint<((1u) * (1u)) * (ap_int<4>::width)>, 0>&, PassThroughActivation<ap_int<16> > const&, int, ap_resource_dsp const&)' (/home/miguel_tfg/FINN-v0.9-Stable/deps/finn-hlslib/mvau.hpp:282:19)
INFO: [HLS 214-131] Inlining function 'Activation<ap_int<16>, ap_int<16> >::init(unsigned int, unsigned int) const' into 'void Matrix_Vector_Activate_Stream_Batch<128u, 14u, 1u, 1u, Slice<ap_uint<4>, 4u>, Slice<ap_int<16>, 16u>, Identity, ap_int<4>, ap_uint<4>, ap_uint<16>, PassThroughActivation<ap_int<16> >, ap_resource_dsp>(hls::stream<ap_uint<4>, 0>&, hls::stream<ap_uint<16>, 0>&, hls::stream<ap_uint<((1u) * (1u)) * (ap_int<4>::width)>, 0>&, PassThroughActivation<ap_int<16> > const&, int, ap_resource_dsp const&)' (/home/miguel_tfg/FINN-v0.9-Stable/deps/finn-hlslib/mvau.hpp:275:27)
WARNING: [HLS 214-191] The stream pragma on function argument, in 'call' is unsupported (/home/miguel_tfg/FINN-v0.9-Stable/notebooks/UAH_example/FINN_build/code_gen_ipgen_MatrixVectorActivation_4_2ay3ojwy/top_MatrixVectorActivation_4.cpp:34:9)
INFO: [HLS 214-377] Adding 'w' into disaggregation list because there's array-partition pragma applied on the struct field (/home/miguel_tfg/FINN-v0.9-Stable/deps/finn-hlslib/mvau.hpp:238:9)
INFO: [HLS 214-210] Disaggregating variable 'w' (/home/miguel_tfg/FINN-v0.9-Stable/deps/finn-hlslib/mvau.hpp:237:30)
INFO: [HLS 214-291] Loop 'VITIS_LOOP_266_2' is marked as complete unroll implied by the pipeline pragma (/home/miguel_tfg/FINN-v0.9-Stable/deps/finn-hlslib/mvau.hpp:266:23)
INFO: [HLS 214-291] Loop 'VITIS_LOOP_273_3' is marked as complete unroll implied by the pipeline pragma (/home/miguel_tfg/FINN-v0.9-Stable/deps/finn-hlslib/mvau.hpp:273:25)
INFO: [HLS 214-291] Loop 'VITIS_LOOP_280_4' is marked as complete unroll implied by the pipeline pragma (/home/miguel_tfg/FINN-v0.9-Stable/deps/finn-hlslib/mvau.hpp:280:23)
INFO: [HLS 214-291] Loop 'VITIS_LOOP_159_1' is marked as complete unroll implied by the pipeline pragma (/home/miguel_tfg/FINN-v0.9-Stable/deps/finn-hlslib/weights.hpp:159:23)
INFO: [HLS 214-291] Loop 'VITIS_LOOP_167_1' is marked as complete unroll implied by the pipeline pragma (/home/miguel_tfg/FINN-v0.9-Stable/deps/finn-hlslib/mac.hpp:167:21)
INFO: [HLS 214-291] Loop 'VITIS_LOOP_293_5' is marked as complete unroll implied by the pipeline pragma (/home/miguel_tfg/FINN-v0.9-Stable/deps/finn-hlslib/mvau.hpp:293:25)
INFO: [HLS 214-186] Unrolling loop 'VITIS_LOOP_266_2' (/home/miguel_tfg/FINN-v0.9-Stable/deps/finn-hlslib/mvau.hpp:266:23) in function 'Matrix_Vector_Activate_Stream_Batch<128u, 14u, 1u, 1u, Slice<ap_uint<4>, 4u>, Slice<ap_int<16>, 16u>, Identity, ap_int<4>, ap_uint<4>, ap_uint<16>, PassThroughActivation<ap_int<16> >, ap_resource_dsp>' completely with a factor of 1 (/home/miguel_tfg/FINN-v0.9-Stable/deps/finn-hlslib/mvau.hpp:220:0)
INFO: [HLS 214-186] Unrolling loop 'VITIS_LOOP_273_3' (/home/miguel_tfg/FINN-v0.9-Stable/deps/finn-hlslib/mvau.hpp:273:25) in function 'Matrix_Vector_Activate_Stream_Batch<128u, 14u, 1u, 1u, Slice<ap_uint<4>, 4u>, Slice<ap_int<16>, 16u>, Identity, ap_int<4>, ap_uint<4>, ap_uint<16>, PassThroughActivation<ap_int<16> >, ap_resource_dsp>' completely with a factor of 1 (/home/miguel_tfg/FINN-v0.9-Stable/deps/finn-hlslib/mvau.hpp:220:0)
INFO: [HLS 214-186] Unrolling loop 'VITIS_LOOP_280_4' (/home/miguel_tfg/FINN-v0.9-Stable/deps/finn-hlslib/mvau.hpp:280:23) in function 'Matrix_Vector_Activate_Stream_Batch<128u, 14u, 1u, 1u, Slice<ap_uint<4>, 4u>, Slice<ap_int<16>, 16u>, Identity, ap_int<4>, ap_uint<4>, ap_uint<16>, PassThroughActivation<ap_int<16> >, ap_resource_dsp>' completely with a factor of 1 (/home/miguel_tfg/FINN-v0.9-Stable/deps/finn-hlslib/mvau.hpp:220:0)
INFO: [HLS 214-186] Unrolling loop 'VITIS_LOOP_167_1' (/home/miguel_tfg/FINN-v0.9-Stable/deps/finn-hlslib/mac.hpp:167:21) in function 'Matrix_Vector_Activate_Stream_Batch<128u, 14u, 1u, 1u, Slice<ap_uint<4>, 4u>, Slice<ap_int<16>, 16u>, Identity, ap_int<4>, ap_uint<4>, ap_uint<16>, PassThroughActivation<ap_int<16> >, ap_resource_dsp>' completely with a factor of 1 (/home/miguel_tfg/FINN-v0.9-Stable/deps/finn-hlslib/mvau.hpp:220:0)
INFO: [HLS 214-186] Unrolling loop 'VITIS_LOOP_159_1' (/home/miguel_tfg/FINN-v0.9-Stable/deps/finn-hlslib/weights.hpp:159:23) in function 'Matrix_Vector_Activate_Stream_Batch<128u, 14u, 1u, 1u, Slice<ap_uint<4>, 4u>, Slice<ap_int<16>, 16u>, Identity, ap_int<4>, ap_uint<4>, ap_uint<16>, PassThroughActivation<ap_int<16> >, ap_resource_dsp>' completely with a factor of 1 (/home/miguel_tfg/FINN-v0.9-Stable/deps/finn-hlslib/mvau.hpp:220:0)
INFO: [HLS 214-186] Unrolling loop 'VITIS_LOOP_293_5' (/home/miguel_tfg/FINN-v0.9-Stable/deps/finn-hlslib/mvau.hpp:293:25) in function 'Matrix_Vector_Activate_Stream_Batch<128u, 14u, 1u, 1u, Slice<ap_uint<4>, 4u>, Slice<ap_int<16>, 16u>, Identity, ap_int<4>, ap_uint<4>, ap_uint<16>, PassThroughActivation<ap_int<16> >, ap_resource_dsp>' completely with a factor of 1 (/home/miguel_tfg/FINN-v0.9-Stable/deps/finn-hlslib/mvau.hpp:220:0)
INFO: [HLS 214-178] Inlining function 'std::__array_traits<ap_int<4>, 1ul>::_S_ref(ap_int<4> const (&) [1], unsigned long)' into 'std::array<ap_int<4>, 1ul>::operator[](unsigned long)' (/tools/Xilinx/Vitis_HLS/2022.2/tps/lnx64/gcc-8.3.0/lib/gcc/x86_64-pc-linux-gnu/8.3.0/../../../../include/c++/8.3.0/array:186:0)
INFO: [HLS 214-178] Inlining function 'std::__array_traits<ap_int<4>, 1ul>::_S_ref(ap_int<4> const (&) [1], unsigned long)' into 'std::array<ap_int<4>, 1ul>::operator[](unsigned long) const' (/tools/Xilinx/Vitis_HLS/2022.2/tps/lnx64/gcc-8.3.0/lib/gcc/x86_64-pc-linux-gnu/8.3.0/../../../../include/c++/8.3.0/array:190:0)
INFO: [HLS 214-178] Inlining function 'std::array<ap_int<4>, 1ul>::operator[](unsigned long)' into 'void Matrix_Vector_Activate_Stream_Batch<128u, 14u, 1u, 1u, Slice<ap_uint<4>, 4u>, Slice<ap_int<16>, 16u>, Identity, ap_int<4>, ap_uint<4>, ap_uint<16>, PassThroughActivation<ap_int<16> >, ap_resource_dsp>(hls::stream<ap_uint<4>, 0>&, hls::stream<ap_uint<16>, 0>&, hls::stream<ap_uint<((1u) * (1u)) * (ap_int<4>::width)>, 0>&, PassThroughActivation<ap_int<16> > const&, int, ap_resource_dsp const&)' (/home/miguel_tfg/FINN-v0.9-Stable/deps/finn-hlslib/mvau.hpp:220:0)
INFO: [HLS 214-178] Inlining function 'std::array<ap_int<4>, 1ul>::operator[](unsigned long) const' into 'void Matrix_Vector_Activate_Stream_Batch<128u, 14u, 1u, 1u, Slice<ap_uint<4>, 4u>, Slice<ap_int<16>, 16u>, Identity, ap_int<4>, ap_uint<4>, ap_uint<16>, PassThroughActivation<ap_int<16> >, ap_resource_dsp>(hls::stream<ap_uint<4>, 0>&, hls::stream<ap_uint<16>, 0>&, hls::stream<ap_uint<((1u) * (1u)) * (ap_int<4>::width)>, 0>&, PassThroughActivation<ap_int<16> > const&, int, ap_resource_dsp const&)' (/home/miguel_tfg/FINN-v0.9-Stable/deps/finn-hlslib/mvau.hpp:220:0)
INFO: [HLS 214-178] Inlining function 'ap_uint<4> Caster<ap_uint<4> >::cast<4>(ap_int<4> const&)' into 'void Matrix_Vector_Activate_Stream_Batch<128u, 14u, 1u, 1u, Slice<ap_uint<4>, 4u>, Slice<ap_int<16>, 16u>, Identity, ap_int<4>, ap_uint<4>, ap_uint<16>, PassThroughActivation<ap_int<16> >, ap_resource_dsp>(hls::stream<ap_uint<4>, 0>&, hls::stream<ap_uint<16>, 0>&, hls::stream<ap_uint<((1u) * (1u)) * (ap_int<4>::width)>, 0>&, PassThroughActivation<ap_int<16> > const&, int, ap_resource_dsp const&)' (/home/miguel_tfg/FINN-v0.9-Stable/deps/finn-hlslib/mvau.hpp:220:0)
INFO: [HLS 214-178] Inlining function 'void Matrix_Vector_Activate_Stream_Batch<128u, 14u, 1u, 1u, Slice<ap_uint<4>, 4u>, Slice<ap_int<16>, 16u>, Identity, ap_int<4>, ap_uint<4>, ap_uint<16>, PassThroughActivation<ap_int<16> >, ap_resource_dsp>(hls::stream<ap_uint<4>, 0>&, hls::stream<ap_uint<16>, 0>&, hls::stream<ap_uint<((1u) * (1u)) * (ap_int<4>::width)>, 0>&, PassThroughActivation<ap_int<16> > const&, int, ap_resource_dsp const&)' into 'MatrixVectorActivation_4(hls::stream<ap_uint<4>, 0>&, hls::stream<ap_uint<4>, 0>&, hls::stream<ap_uint<16>, 0>&)' (/home/miguel_tfg/FINN-v0.9-Stable/notebooks/UAH_example/FINN_build/code_gen_ipgen_MatrixVectorActivation_4_2ay3ojwy/top_MatrixVectorActivation_4.cpp:29:0)
INFO: [HLS 214-248] Applying array_partition to 'inputBuf.i': Complete partitioning on dimension 1. (/home/miguel_tfg/FINN-v0.9-Stable/deps/finn-hlslib/mvau.hpp:231:6)
INFO: [HLS 200-111] Finished Compiling Optimization and Transform: CPU user time: 2.38 seconds. CPU system time: 0.34 seconds. Elapsed time: 2.72 seconds; current allocated memory: 1.478 GB.
INFO: [HLS 200-111] Finished Checking Pragmas: CPU user time: 0 seconds. CPU system time: 0 seconds. Elapsed time: 0 seconds; current allocated memory: 1.478 GB.
INFO: [HLS 200-10] Starting code transformations ...
INFO: [HLS 200-111] Finished Standard Transforms: CPU user time: 0.05 seconds. CPU system time: 0 seconds. Elapsed time: 0.05 seconds; current allocated memory: 1.486 GB.
INFO: [HLS 200-10] Checking synthesizability ...
INFO: [HLS 200-111] Finished Checking Synthesizability: CPU user time: 0.07 seconds. CPU system time: 0.01 seconds. Elapsed time: 0.07 seconds; current allocated memory: 1.495 GB.
INFO: [HLS 200-111] Finished Loop, function and other optimizations: CPU user time: 0.33 seconds. CPU system time: 0.01 seconds. Elapsed time: 0.34 seconds; current allocated memory: 1.527 GB.
