

================================================================
== Vitis HLS Report for 'Matrix_Vector_Activate_Stream_Batch'
================================================================
* Date:           Tue Jun 16 08:11:23 2026

* Version:        2022.2.2 (Build 3779808 on Feb 17 2023)
* Project:        project_MatrixVectorActivation_3
* Solution:       sol1 (Vivado IP Flow Target)
* Product family: zynq
* Target device:  xc7z020-clg400-1


================================================================
== Performance Estimates
================================================================
+ Timing: 
    * Summary: 
    +--------+----------+----------+------------+
    |  Clock |  Target  | Estimated| Uncertainty|
    +--------+----------+----------+------------+
    |ap_clk  |  10.00 ns|  7.591 ns|     2.70 ns|
    +--------+----------+----------+------------+

+ Latency: 
    * Summary: 
    +---------+---------+----------+----------+-----+-----+---------+
    |  Latency (cycles) |  Latency (absolute) |  Interval | Pipeline|
    |   min   |   max   |    min   |    max   | min | max |   Type  |
    +---------+---------+----------+----------+-----+-----+---------+
    |       38|       38|  0.380 us|  0.380 us|   38|   38|       no|
    +---------+---------+----------+----------+-----+-----+---------+

    + Detail: 
        * Instance: 
        N/A

        * Loop: 
        +--------------------+---------+---------+----------+-----------+-----------+------+----------+
        |                    |  Latency (cycles) | Iteration|  Initiation Interval  | Trip |          |
        |      Loop Name     |   min   |   max   |  Latency |  achieved |   target  | Count| Pipelined|
        +--------------------+---------+---------+----------+-----------+-----------+------+----------+
        |- VITIS_LOOP_249_1  |       36|       36|         6|          1|          1|    32|  yes(flp)|
        +--------------------+---------+---------+----------+-----------+-----------+------+----------+



================================================================
== Utilization Estimates
================================================================
* Summary: 
+-----------------+---------+-----+--------+-------+-----+
|       Name      | BRAM_18K| DSP |   FF   |  LUT  | URAM|
+-----------------+---------+-----+--------+-------+-----+
|DSP              |        -|    -|       -|      -|    -|
|Expression       |        -|    -|       0|   5740|    -|
|FIFO             |        -|    -|       -|      -|    -|
|Instance         |        -|    0|       0|     89|    -|
|Memory           |        -|    -|       -|      -|    -|
|Multiplexer      |        -|    -|       -|    188|    -|
|Register         |        -|    -|     412|      -|    -|
+-----------------+---------+-----+--------+-------+-----+
|Total            |        0|    0|     412|   6017|    0|
+-----------------+---------+-----+--------+-------+-----+
|Available        |      280|  220|  106400|  53200|    0|
+-----------------+---------+-----+--------+-------+-----+
|Utilization (%)  |        0|    0|      ~0|     11|    0|
+-----------------+---------+-----+--------+-------+-----+

+ Detail: 
    * Instance: 
    +---------------------+------------------+---------+----+---+----+-----+
    |       Instance      |      Module      | BRAM_18K| DSP| FF| LUT| URAM|
    +---------------------+------------------+---------+----+---+----+-----+
    |mul_4ns_4s_8_1_1_U2  |mul_4ns_4s_8_1_1  |        0|   0|  0|  24|    0|
    |mux_164_4_1_1_U1     |mux_164_4_1_1     |        0|   0|  0|  65|    0|
    +---------------------+------------------+---------+----+---+----+-----+
    |Total                |                  |        0|   0|  0|  89|    0|
    +---------------------+------------------+---------+----+---+----+-----+

    * DSP: 
    N/A

    * Memory: 
    N/A

    * FIFO: 
    N/A

    * Expression: 
    +----------------------------------+----------+----+---+----+------------+------------+
    |           Variable Name          | Operation| DSP| FF| LUT| Bitwidth P0| Bitwidth P1|
    +----------------------------------+----------+----+---+----+------------+------------+
    |accu_V_2_fu_920_p2                |         +|   0|  0|  12|          12|          12|
    |add_ln840_100_fu_6736_p2          |         +|   0|  0|   8|           8|           8|
    |add_ln840_101_fu_5245_p2          |         +|   0|  0|  10|           2|           2|
    |add_ln840_102_fu_5255_p2          |         +|   0|  0|  10|           2|           2|
    |add_ln840_103_fu_5265_p2          |         +|   0|  0|  11|           3|           3|
    |add_ln840_104_fu_5299_p2          |         +|   0|  0|  11|           3|           3|
    |add_ln840_105_fu_5309_p2          |         +|   0|  0|  13|           4|           4|
    |add_ln840_106_fu_5319_p2          |         +|   0|  0|  10|           2|           2|
    |add_ln840_107_fu_5329_p2          |         +|   0|  0|  10|           2|           2|
    |add_ln840_108_fu_5339_p2          |         +|   0|  0|  11|           3|           3|
    |add_ln840_109_fu_5373_p2          |         +|   0|  0|  11|           3|           3|
    |add_ln840_10_fu_4307_p2           |         +|   0|  0|  10|           2|           2|
    |add_ln840_110_fu_5383_p2          |         +|   0|  0|  13|           4|           4|
    |add_ln840_111_fu_5393_p2          |         +|   0|  0|  13|           5|           5|
    |add_ln840_112_fu_5399_p2          |         +|   0|  0|  10|           2|           2|
    |add_ln840_113_fu_5409_p2          |         +|   0|  0|  10|           2|           2|
    |add_ln840_114_fu_5419_p2          |         +|   0|  0|  11|           3|           3|
    |add_ln840_115_fu_5429_p2          |         +|   0|  0|  10|           2|           2|
    |add_ln840_116_fu_5451_p2          |         +|   0|  0|  11|           3|           3|
    |add_ln840_117_fu_5461_p2          |         +|   0|  0|  13|           4|           4|
    |add_ln840_118_fu_5479_p2          |         +|   0|  0|  10|           2|           2|
    |add_ln840_119_fu_5489_p2          |         +|   0|  0|  11|           3|           3|
    |add_ln840_11_fu_4317_p2           |         +|   0|  0|  10|           2|           2|
    |add_ln840_120_fu_5499_p2          |         +|   0|  0|  10|           2|           2|
    |add_ln840_121_fu_5509_p2          |         +|   0|  0|  10|           2|           2|
    |add_ln840_122_fu_5519_p2          |         +|   0|  0|  11|           3|           3|
    |add_ln840_123_fu_5529_p2          |         +|   0|  0|  13|           4|           4|
    |add_ln840_124_fu_6587_p2          |         +|   0|  0|  13|           5|           5|
    |add_ln840_125_fu_6597_p2          |         +|   0|  0|  14|           6|           6|
    |add_ln840_126_fu_5547_p2          |         +|   0|  0|  10|           2|           2|
    |add_ln840_127_fu_5557_p2          |         +|   0|  0|  11|           3|           3|
    |add_ln840_128_fu_5567_p2          |         +|   0|  0|  10|           2|           2|
    |add_ln840_129_fu_5577_p2          |         +|   0|  0|  10|           2|           2|
    |add_ln840_12_fu_4327_p2           |         +|   0|  0|  11|           3|           3|
    |add_ln840_130_fu_5587_p2          |         +|   0|  0|  11|           3|           3|
    |add_ln840_131_fu_5597_p2          |         +|   0|  0|  13|           4|           4|
    |add_ln840_132_fu_5631_p2          |         +|   0|  0|  11|           3|           3|
    |add_ln840_133_fu_5641_p2          |         +|   0|  0|  10|           2|           2|
    |add_ln840_134_fu_5651_p2          |         +|   0|  0|  10|           2|           2|
    |add_ln840_135_fu_5661_p2          |         +|   0|  0|  11|           3|           3|
    |add_ln840_136_fu_5671_p2          |         +|   0|  0|  13|           4|           4|
    |add_ln840_137_fu_5681_p2          |         +|   0|  0|  13|           5|           5|
    |add_ln840_138_fu_5687_p2          |         +|   0|  0|  10|           2|           2|
    |add_ln840_139_fu_5709_p2          |         +|   0|  0|  11|           3|           3|
    |add_ln840_13_fu_4333_p2           |         +|   0|  0|  10|           2|           2|
    |add_ln840_140_fu_5731_p2          |         +|   0|  0|  10|           2|           2|
    |add_ln840_141_fu_5741_p2          |         +|   0|  0|  11|           3|           3|
    |add_ln840_142_fu_5751_p2          |         +|   0|  0|  13|           4|           4|
    |add_ln840_143_fu_5757_p2          |         +|   0|  0|  10|           2|           2|
    |add_ln840_144_fu_5779_p2          |         +|   0|  0|  11|           3|           3|
    |add_ln840_145_fu_5801_p2          |         +|   0|  0|  10|           2|           2|
    |add_ln840_146_fu_5811_p2          |         +|   0|  0|  11|           3|           3|
    |add_ln840_147_fu_5821_p2          |         +|   0|  0|  13|           4|           4|
    |add_ln840_148_fu_6616_p2          |         +|   0|  0|  13|           5|           5|
    |add_ln840_149_fu_6626_p2          |         +|   0|  0|  14|           6|           6|
    |add_ln840_14_fu_4355_p2           |         +|   0|  0|  11|           3|           3|
    |add_ln840_150_fu_6636_p2          |         +|   0|  0|  14|           7|           7|
    |add_ln840_151_fu_5827_p2          |         +|   0|  0|  10|           2|           2|
    |add_ln840_152_fu_5837_p2          |         +|   0|  0|  10|           2|           2|
    |add_ln840_153_fu_5847_p2          |         +|   0|  0|  11|           3|           3|
    |add_ln840_154_fu_5881_p2          |         +|   0|  0|  11|           3|           3|
    |add_ln840_155_fu_5891_p2          |         +|   0|  0|  13|           4|           4|
    |add_ln840_156_fu_5901_p2          |         +|   0|  0|  10|           2|           2|
    |add_ln840_157_fu_5911_p2          |         +|   0|  0|  10|           2|           2|
    |add_ln840_158_fu_5921_p2          |         +|   0|  0|  11|           3|           3|
    |add_ln840_159_fu_5931_p2          |         +|   0|  0|  10|           2|           2|
    |add_ln840_15_fu_6399_p2           |         +|   0|  0|  13|           4|           4|
    |add_ln840_160_fu_5953_p2          |         +|   0|  0|  11|           3|           3|
    |add_ln840_161_fu_5963_p2          |         +|   0|  0|  13|           4|           4|
    |add_ln840_162_fu_5973_p2          |         +|   0|  0|  13|           5|           5|
    |add_ln840_163_fu_5979_p2          |         +|   0|  0|  10|           2|           2|
    |add_ln840_164_fu_5989_p2          |         +|   0|  0|  10|           2|           2|
    |add_ln840_165_fu_5999_p2          |         +|   0|  0|  11|           3|           3|
    |add_ln840_166_fu_6009_p2          |         +|   0|  0|  10|           2|           2|
    |add_ln840_167_fu_6031_p2          |         +|   0|  0|  11|           3|           3|
    |add_ln840_168_fu_6041_p2          |         +|   0|  0|  13|           4|           4|
    |add_ln840_169_fu_6059_p2          |         +|   0|  0|  10|           2|           2|
    |add_ln840_16_fu_4373_p2           |         +|   0|  0|  10|           2|           2|
    |add_ln840_170_fu_6069_p2          |         +|   0|  0|  11|           3|           3|
    |add_ln840_171_fu_6079_p2          |         +|   0|  0|  10|           2|           2|
    |add_ln840_172_fu_6089_p2          |         +|   0|  0|  10|           2|           2|
    |add_ln840_173_fu_6099_p2          |         +|   0|  0|  11|           3|           3|
    |add_ln840_174_fu_6109_p2          |         +|   0|  0|  13|           4|           4|
    |add_ln840_175_fu_6655_p2          |         +|   0|  0|  13|           5|           5|
    |add_ln840_176_fu_6665_p2          |         +|   0|  0|  14|           6|           6|
    |add_ln840_177_fu_6127_p2          |         +|   0|  0|  10|           2|           2|
    |add_ln840_178_fu_6137_p2          |         +|   0|  0|  11|           3|           3|
    |add_ln840_179_fu_6147_p2          |         +|   0|  0|  10|           2|           2|
    |add_ln840_17_fu_4383_p2           |         +|   0|  0|  11|           3|           3|
    |add_ln840_180_fu_6157_p2          |         +|   0|  0|  10|           2|           2|
    |add_ln840_181_fu_6167_p2          |         +|   0|  0|  11|           3|           3|
    |add_ln840_182_fu_6177_p2          |         +|   0|  0|  13|           4|           4|
    |add_ln840_183_fu_6207_p2          |         +|   0|  0|  11|           3|           3|
    |add_ln840_184_fu_6217_p2          |         +|   0|  0|  10|           2|           2|
    |add_ln840_185_fu_6227_p2          |         +|   0|  0|  10|           2|           2|
    |add_ln840_186_fu_6237_p2          |         +|   0|  0|  11|           3|           3|
    |add_ln840_187_fu_6247_p2          |         +|   0|  0|  13|           4|           4|
    |add_ln840_188_fu_6681_p2          |         +|   0|  0|  13|           5|           5|
    |add_ln840_189_fu_6253_p2          |         +|   0|  0|  10|           2|           2|
    |add_ln840_18_fu_4389_p2           |         +|   0|  0|  10|           2|           2|
    |add_ln840_190_fu_6275_p2          |         +|   0|  0|  11|           3|           3|
    |add_ln840_191_fu_6297_p2          |         +|   0|  0|  10|           2|           2|
    |add_ln840_192_fu_6307_p2          |         +|   0|  0|  11|           3|           3|
    |add_ln840_193_fu_6317_p2          |         +|   0|  0|  13|           4|           4|
    |add_ln840_194_fu_6323_p2          |         +|   0|  0|  10|           2|           2|
    |add_ln840_195_fu_6345_p2          |         +|   0|  0|  11|           3|           3|
    |add_ln840_196_fu_6367_p2          |         +|   0|  0|  10|           2|           2|
    |add_ln840_197_fu_6377_p2          |         +|   0|  0|  11|           3|           3|
    |add_ln840_198_fu_6387_p2          |         +|   0|  0|  13|           4|           4|
    |add_ln840_199_fu_6697_p2          |         +|   0|  0|  13|           5|           5|
    |add_ln840_19_fu_4399_p2           |         +|   0|  0|  10|           2|           2|
    |add_ln840_1_fu_4195_p2            |         +|   0|  0|  15|           8|           8|
    |add_ln840_200_fu_6707_p2          |         +|   0|  0|  14|           6|           6|
    |add_ln840_201_fu_6717_p2          |         +|   0|  0|  14|           7|           7|
    |add_ln840_202_fu_6727_p2          |         +|   0|  0|  15|           8|           8|
    |add_ln840_20_fu_4409_p2           |         +|   0|  0|  11|           3|           3|
    |add_ln840_21_fu_6415_p2           |         +|   0|  0|  13|           4|           4|
    |add_ln840_22_fu_6425_p2           |         +|   0|  0|  13|           5|           5|
    |add_ln840_23_fu_6435_p2           |         +|   0|  0|   8|           8|           8|
    |add_ln840_24_fu_4427_p2           |         +|   0|  0|  10|           2|           2|
    |add_ln840_25_fu_4437_p2           |         +|   0|  0|  11|           3|           3|
    |add_ln840_26_fu_4447_p2           |         +|   0|  0|  10|           2|           2|
    |add_ln840_27_fu_4457_p2           |         +|   0|  0|  10|           2|           2|
    |add_ln840_28_fu_4467_p2           |         +|   0|  0|  11|           3|           3|
    |add_ln840_29_fu_4477_p2           |         +|   0|  0|  13|           4|           4|
    |add_ln840_2_fu_4225_p2            |         +|   0|  0|  11|           3|           3|
    |add_ln840_30_fu_4507_p2           |         +|   0|  0|  11|           3|           3|
    |add_ln840_31_fu_4517_p2           |         +|   0|  0|  10|           2|           2|
    |add_ln840_32_fu_4527_p2           |         +|   0|  0|  10|           2|           2|
    |add_ln840_33_fu_4537_p2           |         +|   0|  0|  11|           3|           3|
    |add_ln840_34_fu_4547_p2           |         +|   0|  0|  13|           4|           4|
    |add_ln840_35_fu_6446_p2           |         +|   0|  0|  13|           5|           5|
    |add_ln840_36_fu_4553_p2           |         +|   0|  0|  10|           2|           2|
    |add_ln840_37_fu_4575_p2           |         +|   0|  0|  11|           3|           3|
    |add_ln840_38_fu_4585_p2           |         +|   0|  0|  10|           2|           2|
    |add_ln840_39_fu_4595_p2           |         +|   0|  0|  10|           2|           2|
    |add_ln840_3_fu_4235_p2            |         +|   0|  0|   8|           8|           8|
    |add_ln840_40_fu_4605_p2           |         +|   0|  0|  11|           3|           3|
    |add_ln840_41_fu_4615_p2           |         +|   0|  0|  13|           4|           4|
    |add_ln840_42_fu_4621_p2           |         +|   0|  0|  10|           2|           2|
    |add_ln840_43_fu_4643_p2           |         +|   0|  0|  11|           3|           3|
    |add_ln840_44_fu_4665_p2           |         +|   0|  0|  10|           2|           2|
    |add_ln840_45_fu_4675_p2           |         +|   0|  0|  11|           3|           3|
    |add_ln840_46_fu_4685_p2           |         +|   0|  0|  13|           4|           4|
    |add_ln840_47_fu_6462_p2           |         +|   0|  0|  13|           5|           5|
    |add_ln840_48_fu_6472_p2           |         +|   0|  0|  14|           6|           6|
    |add_ln840_49_fu_6482_p2           |         +|   0|  0|   8|           8|           8|
    |add_ln840_4_fu_1863_p2            |         +|   0|  0|  10|           2|           2|
    |add_ln840_50_fu_4691_p2           |         +|   0|  0|  10|           2|           2|
    |add_ln840_51_fu_4701_p2           |         +|   0|  0|  10|           2|           2|
    |add_ln840_52_fu_4711_p2           |         +|   0|  0|  11|           3|           3|
    |add_ln840_53_fu_4745_p2           |         +|   0|  0|  11|           3|           3|
    |add_ln840_54_fu_4755_p2           |         +|   0|  0|  13|           4|           4|
    |add_ln840_55_fu_4765_p2           |         +|   0|  0|  10|           2|           2|
    |add_ln840_56_fu_4775_p2           |         +|   0|  0|  10|           2|           2|
    |add_ln840_57_fu_4785_p2           |         +|   0|  0|  11|           3|           3|
    |add_ln840_58_fu_4819_p2           |         +|   0|  0|  11|           3|           3|
    |add_ln840_59_fu_4829_p2           |         +|   0|  0|  13|           4|           4|
    |add_ln840_5_fu_1869_p2            |         +|   0|  0|  10|           2|           2|
    |add_ln840_60_fu_4839_p2           |         +|   0|  0|  13|           5|           5|
    |add_ln840_61_fu_4845_p2           |         +|   0|  0|  10|           2|           2|
    |add_ln840_62_fu_4855_p2           |         +|   0|  0|  10|           2|           2|
    |add_ln840_63_fu_4865_p2           |         +|   0|  0|  11|           3|           3|
    |add_ln840_64_fu_4871_p2           |         +|   0|  0|  10|           2|           2|
    |add_ln840_65_fu_4893_p2           |         +|   0|  0|  11|           3|           3|
    |add_ln840_66_fu_6497_p2           |         +|   0|  0|  13|           4|           4|
    |add_ln840_67_fu_4911_p2           |         +|   0|  0|  10|           2|           2|
    |add_ln840_68_fu_4921_p2           |         +|   0|  0|  11|           3|           3|
    |add_ln840_69_fu_4927_p2           |         +|   0|  0|  10|           2|           2|
    |add_ln840_6_fu_4247_p2            |         +|   0|  0|  11|           3|           3|
    |add_ln840_70_fu_4937_p2           |         +|   0|  0|  10|           2|           2|
    |add_ln840_71_fu_4947_p2           |         +|   0|  0|  11|           3|           3|
    |add_ln840_72_fu_6513_p2           |         +|   0|  0|  13|           4|           4|
    |add_ln840_73_fu_6523_p2           |         +|   0|  0|  13|           5|           5|
    |add_ln840_74_fu_6533_p2           |         +|   0|  0|  14|           6|           6|
    |add_ln840_75_fu_4965_p2           |         +|   0|  0|  10|           2|           2|
    |add_ln840_76_fu_4975_p2           |         +|   0|  0|  11|           3|           3|
    |add_ln840_77_fu_4985_p2           |         +|   0|  0|  10|           2|           2|
    |add_ln840_78_fu_4995_p2           |         +|   0|  0|  10|           2|           2|
    |add_ln840_79_fu_5005_p2           |         +|   0|  0|  11|           3|           3|
    |add_ln840_7_fu_4281_p2            |         +|   0|  0|  11|           3|           3|
    |add_ln840_80_fu_5015_p2           |         +|   0|  0|  13|           4|           4|
    |add_ln840_81_fu_5049_p2           |         +|   0|  0|  11|           3|           3|
    |add_ln840_82_fu_5059_p2           |         +|   0|  0|  10|           2|           2|
    |add_ln840_83_fu_5069_p2           |         +|   0|  0|  10|           2|           2|
    |add_ln840_84_fu_5079_p2           |         +|   0|  0|  11|           3|           3|
    |add_ln840_85_fu_5089_p2           |         +|   0|  0|  13|           4|           4|
    |add_ln840_86_fu_5099_p2           |         +|   0|  0|  13|           5|           5|
    |add_ln840_87_fu_5105_p2           |         +|   0|  0|  10|           2|           2|
    |add_ln840_88_fu_5127_p2           |         +|   0|  0|  11|           3|           3|
    |add_ln840_89_fu_5149_p2           |         +|   0|  0|  10|           2|           2|
    |add_ln840_8_fu_4291_p2            |         +|   0|  0|  13|           4|           4|
    |add_ln840_90_fu_5159_p2           |         +|   0|  0|  11|           3|           3|
    |add_ln840_91_fu_5169_p2           |         +|   0|  0|  13|           4|           4|
    |add_ln840_92_fu_5175_p2           |         +|   0|  0|  10|           2|           2|
    |add_ln840_93_fu_5197_p2           |         +|   0|  0|  11|           3|           3|
    |add_ln840_94_fu_5219_p2           |         +|   0|  0|  10|           2|           2|
    |add_ln840_95_fu_5229_p2           |         +|   0|  0|  11|           3|           3|
    |add_ln840_96_fu_5239_p2           |         +|   0|  0|  13|           4|           4|
    |add_ln840_97_fu_6552_p2           |         +|   0|  0|  13|           5|           5|
    |add_ln840_98_fu_6562_p2           |         +|   0|  0|  14|           6|           6|
    |add_ln840_99_fu_6572_p2           |         +|   0|  0|  14|           7|           7|
    |add_ln840_9_fu_4301_p2            |         +|   0|  0|   8|           8|           8|
    |add_ln840_fu_4185_p2              |         +|   0|  0|  10|           2|           2|
    |i_2_fu_638_p2                     |         +|   0|  0|  14|           6|           1|
    |nf_fu_859_p2                      |         +|   0|  0|  39|          32|           1|
    |out_V_TDATA                       |         +|   0|  0|   8|           8|           8|
    |sf_2_fu_838_p2                    |         +|   0|  0|  39|          32|           1|
    |ap_block_state6_io                |       and|   0|  0|   2|           1|           1|
    |ap_condition_5149                 |       and|   0|  0|   2|           1|           1|
    |ap_predicate_op1205_write_state6  |       and|   0|  0|   2|           1|           1|
    |ap_predicate_op66_read_state1     |       and|   0|  0|   2|           1|           1|
    |icmp_ln1039_100_fu_1542_p2        |      icmp|   0|  0|  12|          12|          12|
    |icmp_ln1039_101_fu_1561_p2        |      icmp|   0|  0|  12|          12|          12|
    |icmp_ln1039_102_fu_3372_p2        |      icmp|   0|  0|  12|          12|          12|
    |icmp_ln1039_103_fu_3390_p2        |      icmp|   0|  0|  12|          12|          12|
    |icmp_ln1039_104_fu_1574_p2        |      icmp|   0|  0|  12|          12|          12|
    |icmp_ln1039_105_fu_1587_p2        |      icmp|   0|  0|  12|          12|          12|
    |icmp_ln1039_106_fu_1606_p2        |      icmp|   0|  0|  12|          12|          12|
    |icmp_ln1039_107_fu_3423_p2        |      icmp|   0|  0|  12|          12|          12|
    |icmp_ln1039_108_fu_3445_p2        |      icmp|   0|  0|  12|          12|          12|
    |icmp_ln1039_109_fu_3463_p2        |      icmp|   0|  0|  12|          12|          12|
    |icmp_ln1039_10_fu_1974_p2         |      icmp|   0|  0|  12|          12|          12|
    |icmp_ln1039_110_fu_3481_p2        |      icmp|   0|  0|  12|          12|          12|
    |icmp_ln1039_111_fu_1625_p2        |      icmp|   0|  0|  12|          12|          12|
    |icmp_ln1039_112_fu_3512_p2        |      icmp|   0|  0|  12|          12|          12|
    |icmp_ln1039_113_fu_3534_p2        |      icmp|   0|  0|  12|          12|          12|
    |icmp_ln1039_114_fu_3552_p2        |      icmp|   0|  0|  12|          12|          12|
    |icmp_ln1039_115_fu_3570_p2        |      icmp|   0|  0|  12|          12|          12|
    |icmp_ln1039_116_fu_1638_p2        |      icmp|   0|  0|  12|          12|          12|
    |icmp_ln1039_117_fu_1657_p2        |      icmp|   0|  0|  12|          12|          12|
    |icmp_ln1039_118_fu_1676_p2        |      icmp|   0|  0|  12|          12|          12|
    |icmp_ln1039_119_fu_3607_p2        |      icmp|   0|  0|  12|          12|          12|
    |icmp_ln1039_11_fu_1996_p2         |      icmp|   0|  0|  12|          12|          12|
    |icmp_ln1039_120_fu_3625_p2        |      icmp|   0|  0|  12|          12|          12|
    |icmp_ln1039_121_fu_1689_p2        |      icmp|   0|  0|  12|          12|          12|
    |icmp_ln1039_122_fu_1702_p2        |      icmp|   0|  0|  12|          12|          12|
    |icmp_ln1039_123_fu_1721_p2        |      icmp|   0|  0|  12|          12|          12|
    |icmp_ln1039_124_fu_1740_p2        |      icmp|   0|  0|  12|          12|          12|
    |icmp_ln1039_125_fu_3667_p2        |      icmp|   0|  0|  12|          12|          12|
    |icmp_ln1039_126_fu_3685_p2        |      icmp|   0|  0|  12|          12|          12|
    |icmp_ln1039_127_fu_1753_p2        |      icmp|   0|  0|  12|          12|          12|
    |icmp_ln1039_128_fu_1766_p2        |      icmp|   0|  0|  12|          12|          12|
    |icmp_ln1039_129_fu_3725_p2        |      icmp|   0|  0|  12|          12|          12|
    |icmp_ln1039_12_fu_2018_p2         |      icmp|   0|  0|  12|          12|          12|
    |icmp_ln1039_130_fu_3747_p2        |      icmp|   0|  0|  12|          12|          12|
    |icmp_ln1039_131_fu_3765_p2        |      icmp|   0|  0|  12|          12|          12|
    |icmp_ln1039_132_fu_3783_p2        |      icmp|   0|  0|  12|          12|          12|
    |icmp_ln1039_133_fu_1779_p2        |      icmp|   0|  0|  12|          12|          12|
    |icmp_ln1039_134_fu_1792_p2        |      icmp|   0|  0|  12|          12|          12|
    |icmp_ln1039_135_fu_3823_p2        |      icmp|   0|  0|  12|          12|          12|
    |icmp_ln1039_136_fu_3845_p2        |      icmp|   0|  0|  12|          12|          12|
    |icmp_ln1039_137_fu_3863_p2        |      icmp|   0|  0|  12|          12|          12|
    |icmp_ln1039_138_fu_1805_p2        |      icmp|   0|  0|  12|          12|          12|
    |icmp_ln1039_139_fu_1818_p2        |      icmp|   0|  0|  12|          12|          12|
    |icmp_ln1039_13_fu_2040_p2         |      icmp|   0|  0|  12|          12|          12|
    |icmp_ln1039_140_fu_3903_p2        |      icmp|   0|  0|  12|          12|          12|
    |icmp_ln1039_141_fu_3925_p2        |      icmp|   0|  0|  12|          12|          12|
    |icmp_ln1039_142_fu_3943_p2        |      icmp|   0|  0|  12|          12|          12|
    |icmp_ln1039_143_fu_3961_p2        |      icmp|   0|  0|  12|          12|          12|
    |icmp_ln1039_144_fu_1831_p2        |      icmp|   0|  0|  12|          12|          12|
    |icmp_ln1039_145_fu_1844_p2        |      icmp|   0|  0|  12|          12|          12|
    |icmp_ln1039_146_fu_4001_p2        |      icmp|   0|  0|  12|          12|          12|
    |icmp_ln1039_147_fu_4023_p2        |      icmp|   0|  0|  12|          12|          12|
    |icmp_ln1039_148_fu_4041_p2        |      icmp|   0|  0|  12|          12|          12|
    |icmp_ln1039_149_fu_4059_p2        |      icmp|   0|  0|  12|          12|          12|
    |icmp_ln1039_14_fu_2058_p2         |      icmp|   0|  0|  12|          12|          12|
    |icmp_ln1039_150_fu_1857_p2        |      icmp|   0|  0|  12|          12|          12|
    |icmp_ln1039_151_fu_4090_p2        |      icmp|   0|  0|  12|          12|          12|
    |icmp_ln1039_152_fu_4112_p2        |      icmp|   0|  0|  12|          12|          12|
    |icmp_ln1039_153_fu_4130_p2        |      icmp|   0|  0|  12|          12|          12|
    |icmp_ln1039_154_fu_4148_p2        |      icmp|   0|  0|  12|          12|          12|
    |icmp_ln1039_155_fu_4170_p2        |      icmp|   0|  0|  12|          12|          12|
    |icmp_ln1039_15_fu_2076_p2         |      icmp|   0|  0|  12|          12|          12|
    |icmp_ln1039_16_fu_2098_p2         |      icmp|   0|  0|  12|          12|          12|
    |icmp_ln1039_17_fu_2120_p2         |      icmp|   0|  0|  12|          12|          12|
    |icmp_ln1039_18_fu_2142_p2         |      icmp|   0|  0|  12|          12|          12|
    |icmp_ln1039_19_fu_2164_p2         |      icmp|   0|  0|  12|          12|          12|
    |icmp_ln1039_1_fu_952_p2           |      icmp|   0|  0|  12|          12|          12|
    |icmp_ln1039_20_fu_2182_p2         |      icmp|   0|  0|  12|          12|          12|
    |icmp_ln1039_21_fu_1060_p2         |      icmp|   0|  0|  12|          12|          12|
    |icmp_ln1039_22_fu_1073_p2         |      icmp|   0|  0|  12|          12|          12|
    |icmp_ln1039_23_fu_2222_p2         |      icmp|   0|  0|  12|          12|          12|
    |icmp_ln1039_24_fu_2244_p2         |      icmp|   0|  0|  12|          12|          12|
    |icmp_ln1039_25_fu_2262_p2         |      icmp|   0|  0|  12|          12|          12|
    |icmp_ln1039_26_fu_2280_p2         |      icmp|   0|  0|  12|          12|          12|
    |icmp_ln1039_27_fu_1086_p2         |      icmp|   0|  0|  12|          12|          12|
    |icmp_ln1039_28_fu_1099_p2         |      icmp|   0|  0|  12|          12|          12|
    |icmp_ln1039_29_fu_2320_p2         |      icmp|   0|  0|  12|          12|          12|
    |icmp_ln1039_2_fu_1906_p2          |      icmp|   0|  0|  12|          12|          12|
    |icmp_ln1039_30_fu_2342_p2         |      icmp|   0|  0|  12|          12|          12|
    |icmp_ln1039_31_fu_2360_p2         |      icmp|   0|  0|  12|          12|          12|
    |icmp_ln1039_32_fu_1112_p2         |      icmp|   0|  0|  12|          12|          12|
    |icmp_ln1039_33_fu_1125_p2         |      icmp|   0|  0|  12|          12|          12|
    |icmp_ln1039_34_fu_2400_p2         |      icmp|   0|  0|  12|          12|          12|
    |icmp_ln1039_35_fu_2422_p2         |      icmp|   0|  0|  12|          12|          12|
    |icmp_ln1039_36_fu_2440_p2         |      icmp|   0|  0|  12|          12|          12|
    |icmp_ln1039_37_fu_2458_p2         |      icmp|   0|  0|  12|          12|          12|
    |icmp_ln1039_38_fu_1138_p2         |      icmp|   0|  0|  12|          12|          12|
    |icmp_ln1039_39_fu_1157_p2         |      icmp|   0|  0|  12|          12|          12|
    |icmp_ln1039_3_fu_1924_p2          |      icmp|   0|  0|  12|          12|          12|
    |icmp_ln1039_40_fu_1176_p2         |      icmp|   0|  0|  12|          12|          12|
    |icmp_ln1039_41_fu_2495_p2         |      icmp|   0|  0|  12|          12|          12|
    |icmp_ln1039_42_fu_2513_p2         |      icmp|   0|  0|  12|          12|          12|
    |icmp_ln1039_43_fu_1189_p2         |      icmp|   0|  0|  12|          12|          12|
    |icmp_ln1039_44_fu_1202_p2         |      icmp|   0|  0|  12|          12|          12|
    |icmp_ln1039_45_fu_1221_p2         |      icmp|   0|  0|  12|          12|          12|
    |icmp_ln1039_46_fu_2552_p2         |      icmp|   0|  0|  12|          12|          12|
    |icmp_ln1039_47_fu_2570_p2         |      icmp|   0|  0|  12|          12|          12|
    |icmp_ln1039_48_fu_2588_p2         |      icmp|   0|  0|  12|          12|          12|
    |icmp_ln1039_49_fu_2610_p2         |      icmp|   0|  0|  12|          12|          12|
    |icmp_ln1039_4_fu_965_p2           |      icmp|   0|  0|  12|          12|          12|
    |icmp_ln1039_50_fu_2632_p2         |      icmp|   0|  0|  12|          12|          12|
    |icmp_ln1039_51_fu_2654_p2         |      icmp|   0|  0|  12|          12|          12|
    |icmp_ln1039_52_fu_2676_p2         |      icmp|   0|  0|  12|          12|          12|
    |icmp_ln1039_53_fu_2694_p2         |      icmp|   0|  0|  12|          12|          12|
    |icmp_ln1039_54_fu_2712_p2         |      icmp|   0|  0|  12|          12|          12|
    |icmp_ln1039_55_fu_2734_p2         |      icmp|   0|  0|  12|          12|          12|
    |icmp_ln1039_56_fu_2756_p2         |      icmp|   0|  0|  12|          12|          12|
    |icmp_ln1039_57_fu_2778_p2         |      icmp|   0|  0|  12|          12|          12|
    |icmp_ln1039_58_fu_2800_p2         |      icmp|   0|  0|  12|          12|          12|
    |icmp_ln1039_59_fu_1234_p2         |      icmp|   0|  0|  12|          12|          12|
    |icmp_ln1039_5_fu_988_p2           |      icmp|   0|  0|  12|          12|          12|
    |icmp_ln1039_60_fu_1247_p2         |      icmp|   0|  0|  12|          12|          12|
    |icmp_ln1039_61_fu_1266_p2         |      icmp|   0|  0|  12|          12|          12|
    |icmp_ln1039_62_fu_1285_p2         |      icmp|   0|  0|  12|          12|          12|
    |icmp_ln1039_63_fu_2842_p2         |      icmp|   0|  0|  12|          12|          12|
    |icmp_ln1039_64_fu_2860_p2         |      icmp|   0|  0|  12|          12|          12|
    |icmp_ln1039_65_fu_1298_p2         |      icmp|   0|  0|  12|          12|          12|
    |icmp_ln1039_66_fu_1311_p2         |      icmp|   0|  0|  12|          12|          12|
    |icmp_ln1039_67_fu_1330_p2         |      icmp|   0|  0|  12|          12|          12|
    |icmp_ln1039_68_fu_2893_p2         |      icmp|   0|  0|  12|          12|          12|
    |icmp_ln1039_69_fu_2915_p2         |      icmp|   0|  0|  12|          12|          12|
    |icmp_ln1039_6_fu_1011_p2          |      icmp|   0|  0|  12|          12|          12|
    |icmp_ln1039_70_fu_2933_p2         |      icmp|   0|  0|  12|          12|          12|
    |icmp_ln1039_71_fu_2951_p2         |      icmp|   0|  0|  12|          12|          12|
    |icmp_ln1039_72_fu_1349_p2         |      icmp|   0|  0|  12|          12|          12|
    |icmp_ln1039_73_fu_2982_p2         |      icmp|   0|  0|  12|          12|          12|
    |icmp_ln1039_74_fu_3004_p2         |      icmp|   0|  0|  12|          12|          12|
    |icmp_ln1039_75_fu_3022_p2         |      icmp|   0|  0|  12|          12|          12|
    |icmp_ln1039_76_fu_3040_p2         |      icmp|   0|  0|  12|          12|          12|
    |icmp_ln1039_77_fu_1362_p2         |      icmp|   0|  0|  12|          12|          12|
    |icmp_ln1039_78_fu_1381_p2         |      icmp|   0|  0|  12|          12|          12|
    |icmp_ln1039_79_fu_1400_p2         |      icmp|   0|  0|  12|          12|          12|
    |icmp_ln1039_7_fu_1034_p2          |      icmp|   0|  0|  12|          12|          12|
    |icmp_ln1039_80_fu_3077_p2         |      icmp|   0|  0|  12|          12|          12|
    |icmp_ln1039_81_fu_3095_p2         |      icmp|   0|  0|  12|          12|          12|
    |icmp_ln1039_82_fu_1413_p2         |      icmp|   0|  0|  12|          12|          12|
    |icmp_ln1039_83_fu_1426_p2         |      icmp|   0|  0|  12|          12|          12|
    |icmp_ln1039_84_fu_1445_p2         |      icmp|   0|  0|  12|          12|          12|
    |icmp_ln1039_85_fu_3134_p2         |      icmp|   0|  0|  12|          12|          12|
    |icmp_ln1039_86_fu_3152_p2         |      icmp|   0|  0|  12|          12|          12|
    |icmp_ln1039_87_fu_3170_p2         |      icmp|   0|  0|  12|          12|          12|
    |icmp_ln1039_88_fu_1458_p2         |      icmp|   0|  0|  12|          12|          12|
    |icmp_ln1039_89_fu_1471_p2         |      icmp|   0|  0|  12|          12|          12|
    |icmp_ln1039_8_fu_1047_p2          |      icmp|   0|  0|  12|          12|          12|
    |icmp_ln1039_90_fu_3210_p2         |      icmp|   0|  0|  12|          12|          12|
    |icmp_ln1039_91_fu_3232_p2         |      icmp|   0|  0|  12|          12|          12|
    |icmp_ln1039_92_fu_3250_p2         |      icmp|   0|  0|  12|          12|          12|
    |icmp_ln1039_93_fu_3268_p2         |      icmp|   0|  0|  12|          12|          12|
    |icmp_ln1039_94_fu_1484_p2         |      icmp|   0|  0|  12|          12|          12|
    |icmp_ln1039_95_fu_1497_p2         |      icmp|   0|  0|  12|          12|          12|
    |icmp_ln1039_96_fu_3308_p2         |      icmp|   0|  0|  12|          12|          12|
    |icmp_ln1039_97_fu_3330_p2         |      icmp|   0|  0|  12|          12|          12|
    |icmp_ln1039_98_fu_1510_p2         |      icmp|   0|  0|  12|          12|          12|
    |icmp_ln1039_99_fu_1523_p2         |      icmp|   0|  0|  12|          12|          12|
    |icmp_ln1039_9_fu_1952_p2          |      icmp|   0|  0|  12|          12|          12|
    |icmp_ln1039_fu_933_p2             |      icmp|   0|  0|  12|          12|          12|
    |icmp_ln249_fu_632_p2              |      icmp|   0|  0|  10|           6|           7|
    |icmp_ln253_fu_644_p2              |      icmp|   0|  0|  18|          32|           1|
    |icmp_ln272_fu_832_p2              |      icmp|   0|  0|  18|          32|           1|
    |icmp_ln290_fu_844_p2              |      icmp|   0|  0|  18|          32|           5|
    |icmp_ln302_fu_865_p2              |      icmp|   0|  0|  18|          32|           2|
    |ap_block_state1_pp0_stage0_iter0  |        or|   0|  0|   2|           1|           1|
    |accu_V_1_fu_910_p3                |    select|   0|  0|  12|           1|           1|
    |nf_3_fu_871_p3                    |    select|   0|  0|  32|           1|           1|
    |select_ln1039_100_fu_1535_p3      |    select|   0|  0|   6|           1|           4|
    |select_ln1039_101_fu_1554_p3      |    select|   0|  0|   6|           1|           4|
    |select_ln1039_102_fu_3365_p3      |    select|   0|  0|   6|           1|           4|
    |select_ln1039_103_fu_3383_p3      |    select|   0|  0|   6|           1|           4|
    |select_ln1039_104_fu_1567_p3      |    select|   0|  0|   6|           1|           4|
    |select_ln1039_105_fu_1580_p3      |    select|   0|  0|   6|           1|           4|
    |select_ln1039_106_fu_1599_p3      |    select|   0|  0|   6|           1|           4|
    |select_ln1039_107_fu_3416_p3      |    select|   0|  0|   6|           1|           4|
    |select_ln1039_108_fu_3438_p3      |    select|   0|  0|   6|           1|           5|
    |select_ln1039_109_fu_3456_p3      |    select|   0|  0|   6|           1|           5|
    |select_ln1039_10_fu_1967_p3       |    select|   0|  0|   8|           1|           8|
    |select_ln1039_110_fu_3474_p3      |    select|   0|  0|   6|           1|           5|
    |select_ln1039_111_fu_1618_p3      |    select|   0|  0|   6|           1|           5|
    |select_ln1039_112_fu_3505_p3      |    select|   0|  0|   6|           1|           5|
    |select_ln1039_113_fu_3527_p3      |    select|   0|  0|   6|           1|           5|
    |select_ln1039_114_fu_3545_p3      |    select|   0|  0|   6|           1|           5|
    |select_ln1039_115_fu_3563_p3      |    select|   0|  0|   6|           1|           5|
    |select_ln1039_116_fu_1631_p3      |    select|   0|  0|   6|           1|           5|
    |select_ln1039_117_fu_1650_p3      |    select|   0|  0|   6|           1|           5|
    |select_ln1039_118_fu_1669_p3      |    select|   0|  0|   6|           1|           5|
    |select_ln1039_119_fu_3600_p3      |    select|   0|  0|   6|           1|           5|
    |select_ln1039_11_fu_1989_p3       |    select|   0|  0|   8|           1|           8|
    |select_ln1039_120_fu_3618_p3      |    select|   0|  0|   6|           1|           5|
    |select_ln1039_121_fu_1682_p3      |    select|   0|  0|   6|           1|           5|
    |select_ln1039_122_fu_1695_p3      |    select|   0|  0|   6|           1|           5|
    |select_ln1039_123_fu_1714_p3      |    select|   0|  0|   6|           1|           5|
    |select_ln1039_124_fu_1733_p3      |    select|   0|  0|   6|           1|           6|
    |select_ln1039_125_fu_3660_p3      |    select|   0|  0|   6|           1|           6|
    |select_ln1039_126_fu_3678_p3      |    select|   0|  0|   6|           1|           6|
    |select_ln1039_127_fu_1746_p3      |    select|   0|  0|   7|           1|           6|
    |select_ln1039_128_fu_1759_p3      |    select|   0|  0|   7|           1|           6|
    |select_ln1039_129_fu_3718_p3      |    select|   0|  0|   7|           1|           6|
    |select_ln1039_12_fu_2011_p3       |    select|   0|  0|   8|           1|           8|
    |select_ln1039_130_fu_3740_p3      |    select|   0|  0|   7|           1|           6|
    |select_ln1039_131_fu_3758_p3      |    select|   0|  0|   7|           1|           6|
    |select_ln1039_132_fu_3776_p3      |    select|   0|  0|   7|           1|           6|
    |select_ln1039_133_fu_1772_p3      |    select|   0|  0|   7|           1|           6|
    |select_ln1039_134_fu_1785_p3      |    select|   0|  0|   7|           1|           6|
    |select_ln1039_135_fu_3816_p3      |    select|   0|  0|   7|           1|           6|
    |select_ln1039_136_fu_3838_p3      |    select|   0|  0|   7|           1|           6|
    |select_ln1039_137_fu_3856_p3      |    select|   0|  0|   7|           1|           6|
    |select_ln1039_138_fu_1798_p3      |    select|   0|  0|   7|           1|           6|
    |select_ln1039_139_fu_1811_p3      |    select|   0|  0|   7|           1|           6|
    |select_ln1039_13_fu_2033_p3       |    select|   0|  0|   8|           1|           8|
    |select_ln1039_140_fu_3896_p3      |    select|   0|  0|   7|           1|           6|
    |select_ln1039_141_fu_3918_p3      |    select|   0|  0|   7|           1|           6|
    |select_ln1039_142_fu_3936_p3      |    select|   0|  0|   7|           1|           6|
    |select_ln1039_143_fu_3954_p3      |    select|   0|  0|   7|           1|           6|
    |select_ln1039_144_fu_1824_p3      |    select|   0|  0|   7|           1|           6|
    |select_ln1039_145_fu_1837_p3      |    select|   0|  0|   7|           1|           6|
    |select_ln1039_146_fu_3994_p3      |    select|   0|  0|   7|           1|           6|
    |select_ln1039_147_fu_4016_p3      |    select|   0|  0|   7|           1|           6|
    |select_ln1039_148_fu_4034_p3      |    select|   0|  0|   7|           1|           6|
    |select_ln1039_149_fu_4052_p3      |    select|   0|  0|   7|           1|           6|
    |select_ln1039_14_fu_2051_p3       |    select|   0|  0|   8|           1|           8|
    |select_ln1039_150_fu_1850_p3      |    select|   0|  0|   7|           1|           6|
    |select_ln1039_151_fu_4083_p3      |    select|   0|  0|   7|           1|           6|
    |select_ln1039_152_fu_4105_p3      |    select|   0|  0|   7|           1|           6|
    |select_ln1039_153_fu_4123_p3      |    select|   0|  0|   7|           1|           6|
    |select_ln1039_154_fu_4141_p3      |    select|   0|  0|   7|           1|           6|
    |select_ln1039_155_fu_4163_p3      |    select|   0|  0|   7|           1|           6|
    |select_ln1039_15_fu_2069_p3       |    select|   0|  0|   8|           1|           8|
    |select_ln1039_16_fu_2091_p3       |    select|   0|  0|   8|           1|           8|
    |select_ln1039_17_fu_2113_p3       |    select|   0|  0|   8|           1|           8|
    |select_ln1039_18_fu_2135_p3       |    select|   0|  0|   8|           1|           8|
    |select_ln1039_19_fu_2157_p3       |    select|   0|  0|   8|           1|           8|
    |select_ln1039_1_fu_945_p3         |    select|   0|  0|   8|           1|           8|
    |select_ln1039_20_fu_2175_p3       |    select|   0|  0|   8|           1|           8|
    |select_ln1039_21_fu_1053_p3       |    select|   0|  0|   8|           1|           8|
    |select_ln1039_22_fu_1066_p3       |    select|   0|  0|   8|           1|           8|
    |select_ln1039_23_fu_2215_p3       |    select|   0|  0|   8|           1|           8|
    |select_ln1039_24_fu_2237_p3       |    select|   0|  0|   8|           1|           8|
    |select_ln1039_25_fu_2255_p3       |    select|   0|  0|   8|           1|           8|
    |select_ln1039_26_fu_2273_p3       |    select|   0|  0|   8|           1|           8|
    |select_ln1039_27_fu_1079_p3       |    select|   0|  0|   8|           1|           8|
    |select_ln1039_28_fu_1092_p3       |    select|   0|  0|   8|           1|           8|
    |select_ln1039_29_fu_2313_p3       |    select|   0|  0|   7|           1|           7|
    |select_ln1039_2_fu_1899_p3        |    select|   0|  0|   8|           1|           8|
    |select_ln1039_30_fu_2335_p3       |    select|   0|  0|   7|           1|           7|
    |select_ln1039_31_fu_2353_p3       |    select|   0|  0|   7|           1|           7|
    |select_ln1039_32_fu_1105_p3       |    select|   0|  0|   7|           1|           7|
    |select_ln1039_33_fu_1118_p3       |    select|   0|  0|   7|           1|           7|
    |select_ln1039_34_fu_2393_p3       |    select|   0|  0|   7|           1|           7|
    |select_ln1039_35_fu_2415_p3       |    select|   0|  0|   7|           1|           7|
    |select_ln1039_36_fu_2433_p3       |    select|   0|  0|   7|           1|           7|
    |select_ln1039_37_fu_2451_p3       |    select|   0|  0|   7|           1|           7|
    |select_ln1039_38_fu_1131_p3       |    select|   0|  0|   7|           1|           7|
    |select_ln1039_39_fu_1150_p3       |    select|   0|  0|   7|           1|           7|
    |select_ln1039_3_fu_1917_p3        |    select|   0|  0|   8|           1|           8|
    |select_ln1039_40_fu_1169_p3       |    select|   0|  0|   7|           1|           7|
    |select_ln1039_41_fu_2488_p3       |    select|   0|  0|   7|           1|           7|
    |select_ln1039_42_fu_2506_p3       |    select|   0|  0|   7|           1|           7|
    |select_ln1039_43_fu_1182_p3       |    select|   0|  0|   7|           1|           7|
    |select_ln1039_44_fu_1195_p3       |    select|   0|  0|   7|           1|           7|
    |select_ln1039_45_fu_1214_p3       |    select|   0|  0|   7|           1|           7|
    |select_ln1039_46_fu_2545_p3       |    select|   0|  0|   7|           1|           7|
    |select_ln1039_47_fu_2563_p3       |    select|   0|  0|   7|           1|           7|
    |select_ln1039_48_fu_2581_p3       |    select|   0|  0|   7|           1|           7|
    |select_ln1039_49_fu_2603_p3       |    select|   0|  0|   7|           1|           7|
    |select_ln1039_4_fu_958_p3         |    select|   0|  0|   8|           1|           8|
    |select_ln1039_50_fu_2625_p3       |    select|   0|  0|   7|           1|           7|
    |select_ln1039_51_fu_2647_p3       |    select|   0|  0|   7|           1|           7|
    |select_ln1039_52_fu_2669_p3       |    select|   0|  0|   7|           1|           7|
    |select_ln1039_53_fu_2687_p3       |    select|   0|  0|   7|           1|           7|
    |select_ln1039_54_fu_2705_p3       |    select|   0|  0|   7|           1|           7|
    |select_ln1039_55_fu_2727_p3       |    select|   0|  0|   7|           1|           7|
    |select_ln1039_56_fu_2749_p3       |    select|   0|  0|   7|           1|           7|
    |select_ln1039_57_fu_2771_p3       |    select|   0|  0|   7|           1|           7|
    |select_ln1039_58_fu_2793_p3       |    select|   0|  0|   7|           1|           7|
    |select_ln1039_59_fu_1227_p3       |    select|   0|  0|   7|           1|           7|
    |select_ln1039_5_fu_981_p3         |    select|   0|  0|   8|           1|           8|
    |select_ln1039_60_fu_1240_p3       |    select|   0|  0|   7|           1|           7|
    |select_ln1039_61_fu_1259_p3       |    select|   0|  0|   6|           1|           6|
    |select_ln1039_62_fu_1278_p3       |    select|   0|  0|   6|           1|           6|
    |select_ln1039_63_fu_2835_p3       |    select|   0|  0|   6|           1|           6|
    |select_ln1039_64_fu_2853_p3       |    select|   0|  0|   6|           1|           6|
    |select_ln1039_65_fu_1291_p3       |    select|   0|  0|   6|           1|           6|
    |select_ln1039_66_fu_1304_p3       |    select|   0|  0|   6|           1|           6|
    |select_ln1039_67_fu_1323_p3       |    select|   0|  0|   6|           1|           6|
    |select_ln1039_68_fu_2886_p3       |    select|   0|  0|   6|           1|           6|
    |select_ln1039_69_fu_2908_p3       |    select|   0|  0|   6|           1|           6|
    |select_ln1039_6_fu_1004_p3        |    select|   0|  0|   8|           1|           8|
    |select_ln1039_70_fu_2926_p3       |    select|   0|  0|   6|           1|           6|
    |select_ln1039_71_fu_2944_p3       |    select|   0|  0|   6|           1|           6|
    |select_ln1039_72_fu_1342_p3       |    select|   0|  0|   6|           1|           6|
    |select_ln1039_73_fu_2975_p3       |    select|   0|  0|   6|           1|           6|
    |select_ln1039_74_fu_2997_p3       |    select|   0|  0|   6|           1|           6|
    |select_ln1039_75_fu_3015_p3       |    select|   0|  0|   6|           1|           6|
    |select_ln1039_76_fu_3033_p3       |    select|   0|  0|   6|           1|           6|
    |select_ln1039_77_fu_1355_p3       |    select|   0|  0|   5|           1|           5|
    |select_ln1039_78_fu_1374_p3       |    select|   0|  0|   5|           1|           5|
    |select_ln1039_79_fu_1393_p3       |    select|   0|  0|   5|           1|           5|
    |select_ln1039_7_fu_1027_p3        |    select|   0|  0|   8|           1|           8|
    |select_ln1039_80_fu_3070_p3       |    select|   0|  0|   5|           1|           5|
    |select_ln1039_81_fu_3088_p3       |    select|   0|  0|   5|           1|           5|
    |select_ln1039_82_fu_1406_p3       |    select|   0|  0|   5|           1|           5|
    |select_ln1039_83_fu_1419_p3       |    select|   0|  0|   5|           1|           5|
    |select_ln1039_84_fu_1438_p3       |    select|   0|  0|   5|           1|           5|
    |select_ln1039_85_fu_3127_p3       |    select|   0|  0|   5|           1|           4|
    |select_ln1039_86_fu_3145_p3       |    select|   0|  0|   5|           1|           4|
    |select_ln1039_87_fu_3163_p3       |    select|   0|  0|   5|           1|           4|
    |select_ln1039_88_fu_1451_p3       |    select|   0|  0|   5|           1|           4|
    |select_ln1039_89_fu_1464_p3       |    select|   0|  0|   5|           1|           3|
    |select_ln1039_8_fu_1040_p3        |    select|   0|  0|   8|           1|           8|
    |select_ln1039_90_fu_3203_p3       |    select|   0|  0|   5|           1|           3|
    |select_ln1039_91_fu_3225_p3       |    select|   0|  0|   5|           1|           2|
    |select_ln1039_92_fu_3243_p3       |    select|   0|  0|   5|           1|           1|
    |select_ln1039_93_fu_3261_p3       |    select|   0|  0|   5|           1|           1|
    |select_ln1039_94_fu_1477_p3       |    select|   0|  0|   5|           1|           2|
    |select_ln1039_95_fu_1490_p3       |    select|   0|  0|   6|           1|           2|
    |select_ln1039_96_fu_3301_p3       |    select|   0|  0|   6|           1|           3|
    |select_ln1039_97_fu_3323_p3       |    select|   0|  0|   6|           1|           3|
    |select_ln1039_98_fu_1503_p3       |    select|   0|  0|   6|           1|           3|
    |select_ln1039_99_fu_1516_p3       |    select|   0|  0|   6|           1|           3|
    |select_ln1039_9_fu_1945_p3        |    select|   0|  0|   8|           1|           8|
    |select_ln1039_fu_926_p3           |    select|   0|  0|   8|           1|           8|
    |xor_ln1039_100_fu_1548_p2         |       xor|   0|  0|   2|           1|           2|
    |xor_ln1039_101_fu_3356_p2         |       xor|   0|  0|   2|           1|           2|
    |xor_ln1039_102_fu_3377_p2         |       xor|   0|  0|   2|           1|           2|
    |xor_ln1039_103_fu_3395_p2         |       xor|   0|  0|   2|           1|           2|
    |xor_ln1039_104_fu_3401_p2         |       xor|   0|  0|   2|           1|           2|
    |xor_ln1039_105_fu_1593_p2         |       xor|   0|  0|   2|           1|           2|
    |xor_ln1039_106_fu_1612_p2         |       xor|   0|  0|   2|           1|           2|
    |xor_ln1039_107_fu_3428_p2         |       xor|   0|  0|   2|           1|           2|
    |xor_ln1039_108_fu_3450_p2         |       xor|   0|  0|   2|           1|           2|
    |xor_ln1039_109_fu_3468_p2         |       xor|   0|  0|   2|           1|           2|
    |xor_ln1039_10_fu_1979_p2          |       xor|   0|  0|   2|           1|           2|
    |xor_ln1039_110_fu_3486_p2         |       xor|   0|  0|   2|           1|           2|
    |xor_ln1039_111_fu_3496_p2         |       xor|   0|  0|   2|           1|           2|
    |xor_ln1039_112_fu_3517_p2         |       xor|   0|  0|   2|           1|           2|
    |xor_ln1039_113_fu_3539_p2         |       xor|   0|  0|   2|           1|           2|
    |xor_ln1039_114_fu_3557_p2         |       xor|   0|  0|   2|           1|           2|
    |xor_ln1039_115_fu_3575_p2         |       xor|   0|  0|   2|           1|           2|
    |xor_ln1039_116_fu_1644_p2         |       xor|   0|  0|   2|           1|           2|
    |xor_ln1039_117_fu_1663_p2         |       xor|   0|  0|   2|           1|           2|
    |xor_ln1039_118_fu_3591_p2         |       xor|   0|  0|   2|           1|           2|
    |xor_ln1039_119_fu_3612_p2         |       xor|   0|  0|   2|           1|           2|
    |xor_ln1039_11_fu_2001_p2          |       xor|   0|  0|   2|           1|           2|
    |xor_ln1039_120_fu_3630_p2         |       xor|   0|  0|   2|           1|           2|
    |xor_ln1039_121_fu_3636_p2         |       xor|   0|  0|   2|           1|           2|
    |xor_ln1039_122_fu_1708_p2         |       xor|   0|  0|   2|           1|           2|
    |xor_ln1039_123_fu_1727_p2         |       xor|   0|  0|   2|           1|           2|
    |xor_ln1039_124_fu_3651_p2         |       xor|   0|  0|   2|           1|           2|
    |xor_ln1039_125_fu_3672_p2         |       xor|   0|  0|   2|           1|           2|
    |xor_ln1039_126_fu_3690_p2         |       xor|   0|  0|   2|           1|           2|
    |xor_ln1039_127_fu_3700_p2         |       xor|   0|  0|   2|           1|           2|
    |xor_ln1039_128_fu_3709_p2         |       xor|   0|  0|   2|           1|           2|
    |xor_ln1039_129_fu_3730_p2         |       xor|   0|  0|   2|           1|           2|
    |xor_ln1039_12_fu_2023_p2          |       xor|   0|  0|   2|           1|           2|
    |xor_ln1039_130_fu_3752_p2         |       xor|   0|  0|   2|           1|           2|
    |xor_ln1039_131_fu_3770_p2         |       xor|   0|  0|   2|           1|           2|
    |xor_ln1039_132_fu_3788_p2         |       xor|   0|  0|   2|           1|           2|
    |xor_ln1039_133_fu_3798_p2         |       xor|   0|  0|   2|           1|           2|
    |xor_ln1039_134_fu_3807_p2         |       xor|   0|  0|   2|           1|           2|
    |xor_ln1039_135_fu_3828_p2         |       xor|   0|  0|   2|           1|           2|
    |xor_ln1039_136_fu_3850_p2         |       xor|   0|  0|   2|           1|           2|
    |xor_ln1039_137_fu_3868_p2         |       xor|   0|  0|   2|           1|           2|
    |xor_ln1039_138_fu_3878_p2         |       xor|   0|  0|   2|           1|           2|
    |xor_ln1039_139_fu_3887_p2         |       xor|   0|  0|   2|           1|           2|
    |xor_ln1039_13_fu_2045_p2          |       xor|   0|  0|   2|           1|           2|
    |xor_ln1039_140_fu_3908_p2         |       xor|   0|  0|   2|           1|           2|
    |xor_ln1039_141_fu_3930_p2         |       xor|   0|  0|   2|           1|           2|
    |xor_ln1039_142_fu_3948_p2         |       xor|   0|  0|   2|           1|           2|
    |xor_ln1039_143_fu_3966_p2         |       xor|   0|  0|   2|           1|           2|
    |xor_ln1039_144_fu_3976_p2         |       xor|   0|  0|   2|           1|           2|
    |xor_ln1039_145_fu_3985_p2         |       xor|   0|  0|   2|           1|           2|
    |xor_ln1039_146_fu_4006_p2         |       xor|   0|  0|   2|           1|           2|
    |xor_ln1039_147_fu_4028_p2         |       xor|   0|  0|   2|           1|           2|
    |xor_ln1039_148_fu_4046_p2         |       xor|   0|  0|   2|           1|           2|
    |xor_ln1039_149_fu_4064_p2         |       xor|   0|  0|   2|           1|           2|
    |xor_ln1039_14_fu_2063_p2          |       xor|   0|  0|   2|           1|           2|
    |xor_ln1039_150_fu_4074_p2         |       xor|   0|  0|   2|           1|           2|
    |xor_ln1039_151_fu_4095_p2         |       xor|   0|  0|   2|           1|           2|
    |xor_ln1039_152_fu_4117_p2         |       xor|   0|  0|   2|           1|           2|
    |xor_ln1039_153_fu_4135_p2         |       xor|   0|  0|   2|           1|           2|
    |xor_ln1039_154_fu_4153_p2         |       xor|   0|  0|   2|           1|           2|
    |xor_ln1039_155_fu_4175_p2         |       xor|   0|  0|   2|           1|           2|
    |xor_ln1039_15_fu_2081_p2          |       xor|   0|  0|   2|           1|           2|
    |xor_ln1039_16_fu_2103_p2          |       xor|   0|  0|   2|           1|           2|
    |xor_ln1039_17_fu_2125_p2          |       xor|   0|  0|   2|           1|           2|
    |xor_ln1039_18_fu_2147_p2          |       xor|   0|  0|   2|           1|           2|
    |xor_ln1039_19_fu_2169_p2          |       xor|   0|  0|   2|           1|           2|
    |xor_ln1039_1_fu_1890_p2           |       xor|   0|  0|   2|           1|           2|
    |xor_ln1039_20_fu_2187_p2          |       xor|   0|  0|   2|           1|           2|
    |xor_ln1039_21_fu_2197_p2          |       xor|   0|  0|   2|           1|           2|
    |xor_ln1039_22_fu_2206_p2          |       xor|   0|  0|   2|           1|           2|
    |xor_ln1039_23_fu_2227_p2          |       xor|   0|  0|   2|           1|           2|
    |xor_ln1039_24_fu_2249_p2          |       xor|   0|  0|   2|           1|           2|
    |xor_ln1039_25_fu_2267_p2          |       xor|   0|  0|   2|           1|           2|
    |xor_ln1039_26_fu_2285_p2          |       xor|   0|  0|   2|           1|           2|
    |xor_ln1039_27_fu_2295_p2          |       xor|   0|  0|   2|           1|           2|
    |xor_ln1039_28_fu_2304_p2          |       xor|   0|  0|   2|           1|           2|
    |xor_ln1039_29_fu_2325_p2          |       xor|   0|  0|   2|           1|           2|
    |xor_ln1039_2_fu_1911_p2           |       xor|   0|  0|   2|           1|           2|
    |xor_ln1039_30_fu_2347_p2          |       xor|   0|  0|   2|           1|           2|
    |xor_ln1039_31_fu_2365_p2          |       xor|   0|  0|   2|           1|           2|
    |xor_ln1039_32_fu_2375_p2          |       xor|   0|  0|   2|           1|           2|
    |xor_ln1039_33_fu_2384_p2          |       xor|   0|  0|   2|           1|           2|
    |xor_ln1039_34_fu_2405_p2          |       xor|   0|  0|   2|           1|           2|
    |xor_ln1039_35_fu_2427_p2          |       xor|   0|  0|   2|           1|           2|
    |xor_ln1039_36_fu_2445_p2          |       xor|   0|  0|   2|           1|           2|
    |xor_ln1039_37_fu_2463_p2          |       xor|   0|  0|   2|           1|           2|
    |xor_ln1039_38_fu_1144_p2          |       xor|   0|  0|   2|           1|           2|
    |xor_ln1039_39_fu_1163_p2          |       xor|   0|  0|   2|           1|           2|
    |xor_ln1039_3_fu_1929_p2           |       xor|   0|  0|   2|           1|           2|
    |xor_ln1039_40_fu_2479_p2          |       xor|   0|  0|   2|           1|           2|
    |xor_ln1039_41_fu_2500_p2          |       xor|   0|  0|   2|           1|           2|
    |xor_ln1039_42_fu_2518_p2          |       xor|   0|  0|   2|           1|           2|
    |xor_ln1039_43_fu_2524_p2          |       xor|   0|  0|   2|           1|           2|
    |xor_ln1039_44_fu_1208_p2          |       xor|   0|  0|   2|           1|           2|
    |xor_ln1039_45_fu_2536_p2          |       xor|   0|  0|   2|           1|           2|
    |xor_ln1039_46_fu_2557_p2          |       xor|   0|  0|   2|           1|           2|
    |xor_ln1039_47_fu_2575_p2          |       xor|   0|  0|   2|           1|           2|
    |xor_ln1039_48_fu_2593_p2          |       xor|   0|  0|   2|           1|           2|
    |xor_ln1039_49_fu_2615_p2          |       xor|   0|  0|   2|           1|           2|
    |xor_ln1039_4_fu_971_p2            |       xor|   0|  0|   2|           1|           2|
    |xor_ln1039_50_fu_2637_p2          |       xor|   0|  0|   2|           1|           2|
    |xor_ln1039_51_fu_2659_p2          |       xor|   0|  0|   2|           1|           2|
    |xor_ln1039_52_fu_2681_p2          |       xor|   0|  0|   2|           1|           2|
    |xor_ln1039_53_fu_2699_p2          |       xor|   0|  0|   2|           1|           2|
    |xor_ln1039_54_fu_2717_p2          |       xor|   0|  0|   2|           1|           2|
    |xor_ln1039_55_fu_2739_p2          |       xor|   0|  0|   2|           1|           2|
    |xor_ln1039_56_fu_2761_p2          |       xor|   0|  0|   2|           1|           2|
    |xor_ln1039_57_fu_2783_p2          |       xor|   0|  0|   2|           1|           2|
    |xor_ln1039_58_fu_2805_p2          |       xor|   0|  0|   2|           1|           2|
    |xor_ln1039_59_fu_2811_p2          |       xor|   0|  0|   2|           1|           2|
    |xor_ln1039_5_fu_994_p2            |       xor|   0|  0|   2|           1|           2|
    |xor_ln1039_60_fu_1253_p2          |       xor|   0|  0|   2|           1|           2|
    |xor_ln1039_61_fu_1272_p2          |       xor|   0|  0|   2|           1|           2|
    |xor_ln1039_62_fu_2826_p2          |       xor|   0|  0|   2|           1|           2|
    |xor_ln1039_63_fu_2847_p2          |       xor|   0|  0|   2|           1|           2|
    |xor_ln1039_64_fu_2865_p2          |       xor|   0|  0|   2|           1|           2|
    |xor_ln1039_65_fu_2871_p2          |       xor|   0|  0|   2|           1|           2|
    |xor_ln1039_66_fu_1317_p2          |       xor|   0|  0|   2|           1|           2|
    |xor_ln1039_67_fu_1336_p2          |       xor|   0|  0|   2|           1|           2|
    |xor_ln1039_68_fu_2898_p2          |       xor|   0|  0|   2|           1|           2|
    |xor_ln1039_69_fu_2920_p2          |       xor|   0|  0|   2|           1|           2|
    |xor_ln1039_6_fu_1017_p2           |       xor|   0|  0|   2|           1|           2|
    |xor_ln1039_70_fu_2938_p2          |       xor|   0|  0|   2|           1|           2|
    |xor_ln1039_71_fu_2956_p2          |       xor|   0|  0|   2|           1|           2|
    |xor_ln1039_72_fu_2966_p2          |       xor|   0|  0|   2|           1|           2|
    |xor_ln1039_73_fu_2987_p2          |       xor|   0|  0|   2|           1|           2|
    |xor_ln1039_74_fu_3009_p2          |       xor|   0|  0|   2|           1|           2|
    |xor_ln1039_75_fu_3027_p2          |       xor|   0|  0|   2|           1|           2|
    |xor_ln1039_76_fu_3045_p2          |       xor|   0|  0|   2|           1|           2|
    |xor_ln1039_77_fu_1368_p2          |       xor|   0|  0|   2|           1|           2|
    |xor_ln1039_78_fu_1387_p2          |       xor|   0|  0|   2|           1|           2|
    |xor_ln1039_79_fu_3061_p2          |       xor|   0|  0|   2|           1|           2|
    |xor_ln1039_7_fu_1935_p2           |       xor|   0|  0|   2|           1|           2|
    |xor_ln1039_80_fu_3082_p2          |       xor|   0|  0|   2|           1|           2|
    |xor_ln1039_81_fu_3100_p2          |       xor|   0|  0|   2|           1|           2|
    |xor_ln1039_82_fu_3106_p2          |       xor|   0|  0|   2|           1|           2|
    |xor_ln1039_83_fu_1432_p2          |       xor|   0|  0|   2|           1|           2|
    |xor_ln1039_84_fu_3118_p2          |       xor|   0|  0|   2|           1|           2|
    |xor_ln1039_85_fu_3139_p2          |       xor|   0|  0|   2|           1|           2|
    |xor_ln1039_86_fu_3157_p2          |       xor|   0|  0|   2|           1|           2|
    |xor_ln1039_87_fu_3175_p2          |       xor|   0|  0|   2|           1|           2|
    |xor_ln1039_88_fu_3185_p2          |       xor|   0|  0|   2|           1|           2|
    |xor_ln1039_89_fu_3194_p2          |       xor|   0|  0|   2|           1|           2|
    |xor_ln1039_8_fu_1940_p2           |       xor|   0|  0|   2|           1|           2|
    |xor_ln1039_90_fu_3215_p2          |       xor|   0|  0|   2|           1|           2|
    |xor_ln1039_91_fu_3237_p2          |       xor|   0|  0|   2|           1|           2|
    |xor_ln1039_92_fu_3255_p2          |       xor|   0|  0|   2|           1|           2|
    |xor_ln1039_93_fu_3273_p2          |       xor|   0|  0|   2|           1|           2|
    |xor_ln1039_94_fu_3283_p2          |       xor|   0|  0|   2|           1|           2|
    |xor_ln1039_95_fu_3292_p2          |       xor|   0|  0|   2|           1|           2|
    |xor_ln1039_96_fu_3313_p2          |       xor|   0|  0|   2|           1|           2|
    |xor_ln1039_97_fu_3335_p2          |       xor|   0|  0|   2|           1|           2|
    |xor_ln1039_98_fu_3341_p2          |       xor|   0|  0|   2|           1|           2|
    |xor_ln1039_99_fu_1529_p2          |       xor|   0|  0|   2|           1|           2|
    |xor_ln1039_9_fu_1957_p2           |       xor|   0|  0|   2|           1|           2|
    |xor_ln1039_fu_939_p2              |       xor|   0|  0|   2|           1|           2|
    +----------------------------------+----------+----+---+----+------------+------------+
    |Total                             |          |   0|  0|5740|        3076|        3829|
    +----------------------------------+----------+----+---+----+------------+------------+

    * Multiplexer: 
    +---------------------------------------+----+-----------+-----+-----------+
    |                  Name                 | LUT| Input Size| Bits| Total Bits|
    +---------------------------------------+----+-----------+-----+-----------+
    |ap_NS_iter1_fsm                        |  14|          3|    2|          6|
    |ap_NS_iter2_fsm                        |  14|          3|    2|          6|
    |ap_NS_iter3_fsm                        |  14|          3|    2|          6|
    |ap_NS_iter4_fsm                        |  14|          3|    2|          6|
    |ap_NS_iter5_fsm                        |  14|          3|    2|          6|
    |ap_done_int                            |   9|          2|    1|          2|
    |ap_loop_exit_ready_pp0_iter5_reg       |   9|          2|    1|          2|
    |ap_phi_reg_pp0_iter1_inElem_1_reg_569  |  14|          3|    4|         12|
    |ap_sig_allocacmp_i_1                   |   9|          2|    6|         12|
    |ap_sig_allocacmp_nf_2                  |   9|          2|   32|         64|
    |ap_sig_allocacmp_sf_1                  |   9|          2|   32|         64|
    |i_fu_474                               |   9|          2|    6|         12|
    |in0_V_TDATA_blk_n                      |   9|          2|    1|          2|
    |nf_1_fu_546                            |   9|          2|   32|         64|
    |out_V_TDATA_blk_n                      |   9|          2|    1|          2|
    |sf_fu_470                              |  14|          3|   32|         96|
    |weights_V_TDATA_blk_n                  |   9|          2|    1|          2|
    +---------------------------------------+----+-----------+-----+-----------+
    |Total                                  | 188|         41|  159|        364|
    +---------------------------------------+----+-----------+-----+-----------+

    * Register: 
    +---------------------------------------+----+----+-----+-----------+
    |                  Name                 | FF | LUT| Bits| Const Bits|
    +---------------------------------------+----+----+-----+-----------+
    |W_packed_V_reg_6908                    |   4|   0|    4|          0|
    |accu_V_2_reg_7087                      |  12|   0|   12|          0|
    |accu_V_fu_478                          |  12|   0|   12|          0|
    |add_ln840_111_reg_7572                 |   5|   0|    5|          0|
    |add_ln840_117_reg_7577                 |   4|   0|    4|          0|
    |add_ln840_123_reg_7582                 |   4|   0|    4|          0|
    |add_ln840_12_reg_7492                  |   3|   0|    3|          0|
    |add_ln840_137_reg_7587                 |   5|   0|    5|          0|
    |add_ln840_142_reg_7592                 |   4|   0|    4|          0|
    |add_ln840_147_reg_7597                 |   4|   0|    4|          0|
    |add_ln840_14_reg_7497                  |   3|   0|    3|          0|
    |add_ln840_162_reg_7602                 |   5|   0|    5|          0|
    |add_ln840_168_reg_7607                 |   4|   0|    4|          0|
    |add_ln840_174_reg_7612                 |   4|   0|    4|          0|
    |add_ln840_17_reg_7502                  |   3|   0|    3|          0|
    |add_ln840_182_reg_7617                 |   4|   0|    4|          0|
    |add_ln840_187_reg_7622                 |   4|   0|    4|          0|
    |add_ln840_193_reg_7627                 |   4|   0|    4|          0|
    |add_ln840_198_reg_7632                 |   4|   0|    4|          0|
    |add_ln840_202_reg_7647                 |   8|   0|    8|          0|
    |add_ln840_20_reg_7507                  |   3|   0|    3|          0|
    |add_ln840_29_reg_7512                  |   4|   0|    4|          0|
    |add_ln840_34_reg_7517                  |   4|   0|    4|          0|
    |add_ln840_41_reg_7522                  |   4|   0|    4|          0|
    |add_ln840_46_reg_7527                  |   4|   0|    4|          0|
    |add_ln840_49_reg_7637                  |   8|   0|    8|          0|
    |add_ln840_4_reg_7477                   |   2|   0|    2|          0|
    |add_ln840_5_reg_7482                   |   2|   0|    2|          0|
    |add_ln840_60_reg_7532                  |   5|   0|    5|          0|
    |add_ln840_63_reg_7537                  |   3|   0|    3|          0|
    |add_ln840_65_reg_7542                  |   3|   0|    3|          0|
    |add_ln840_68_reg_7547                  |   3|   0|    3|          0|
    |add_ln840_71_reg_7552                  |   3|   0|    3|          0|
    |add_ln840_86_reg_7557                  |   5|   0|    5|          0|
    |add_ln840_91_reg_7562                  |   4|   0|    4|          0|
    |add_ln840_96_reg_7567                  |   4|   0|    4|          0|
    |add_ln840_99_reg_7642                  |   7|   0|    7|          0|
    |add_ln840_9_reg_7487                   |   8|   0|    8|          0|
    |ap_CS_iter0_fsm                        |   1|   0|    1|          0|
    |ap_CS_iter1_fsm                        |   2|   0|    2|          0|
    |ap_CS_iter2_fsm                        |   2|   0|    2|          0|
    |ap_CS_iter3_fsm                        |   2|   0|    2|          0|
    |ap_CS_iter4_fsm                        |   2|   0|    2|          0|
    |ap_CS_iter5_fsm                        |   2|   0|    2|          0|
    |ap_done_reg                            |   1|   0|    1|          0|
    |ap_loop_exit_ready_pp0_iter1_reg       |   1|   0|    1|          0|
    |ap_loop_exit_ready_pp0_iter2_reg       |   1|   0|    1|          0|
    |ap_loop_exit_ready_pp0_iter3_reg       |   1|   0|    1|          0|
    |ap_loop_exit_ready_pp0_iter4_reg       |   1|   0|    1|          0|
    |ap_loop_exit_ready_pp0_iter5_reg       |   1|   0|    1|          0|
    |ap_phi_reg_pp0_iter1_inElem_1_reg_569  |   4|   0|    4|          0|
    |i_fu_474                               |   6|   0|    6|          0|
    |icmp_ln1039_101_reg_7372               |   1|   0|    1|          0|
    |icmp_ln1039_104_reg_7377               |   1|   0|    1|          0|
    |icmp_ln1039_111_reg_7392               |   1|   0|    1|          0|
    |icmp_ln1039_118_reg_7407               |   1|   0|    1|          0|
    |icmp_ln1039_121_reg_7412               |   1|   0|    1|          0|
    |icmp_ln1039_124_reg_7427               |   1|   0|    1|          0|
    |icmp_ln1039_127_reg_7432               |   1|   0|    1|          0|
    |icmp_ln1039_128_reg_7437               |   1|   0|    1|          0|
    |icmp_ln1039_133_reg_7442               |   1|   0|    1|          0|
    |icmp_ln1039_134_reg_7447               |   1|   0|    1|          0|
    |icmp_ln1039_138_reg_7452               |   1|   0|    1|          0|
    |icmp_ln1039_139_reg_7457               |   1|   0|    1|          0|
    |icmp_ln1039_144_reg_7462               |   1|   0|    1|          0|
    |icmp_ln1039_145_reg_7467               |   1|   0|    1|          0|
    |icmp_ln1039_150_reg_7472               |   1|   0|    1|          0|
    |icmp_ln1039_1_reg_7192                 |   1|   0|    1|          0|
    |icmp_ln1039_21_reg_7207                |   1|   0|    1|          0|
    |icmp_ln1039_22_reg_7212                |   1|   0|    1|          0|
    |icmp_ln1039_27_reg_7217                |   1|   0|    1|          0|
    |icmp_ln1039_28_reg_7222                |   1|   0|    1|          0|
    |icmp_ln1039_32_reg_7227                |   1|   0|    1|          0|
    |icmp_ln1039_33_reg_7232                |   1|   0|    1|          0|
    |icmp_ln1039_40_reg_7247                |   1|   0|    1|          0|
    |icmp_ln1039_43_reg_7252                |   1|   0|    1|          0|
    |icmp_ln1039_45_reg_7262                |   1|   0|    1|          0|
    |icmp_ln1039_59_reg_7267                |   1|   0|    1|          0|
    |icmp_ln1039_62_reg_7282                |   1|   0|    1|          0|
    |icmp_ln1039_65_reg_7287                |   1|   0|    1|          0|
    |icmp_ln1039_72_reg_7302                |   1|   0|    1|          0|
    |icmp_ln1039_79_reg_7317                |   1|   0|    1|          0|
    |icmp_ln1039_7_reg_7197                 |   1|   0|    1|          0|
    |icmp_ln1039_82_reg_7322                |   1|   0|    1|          0|
    |icmp_ln1039_84_reg_7332                |   1|   0|    1|          0|
    |icmp_ln1039_88_reg_7337                |   1|   0|    1|          0|
    |icmp_ln1039_89_reg_7342                |   1|   0|    1|          0|
    |icmp_ln1039_8_reg_7202                 |   1|   0|    1|          0|
    |icmp_ln1039_94_reg_7347                |   1|   0|    1|          0|
    |icmp_ln1039_95_reg_7352                |   1|   0|    1|          0|
    |icmp_ln1039_98_reg_7357                |   1|   0|    1|          0|
    |icmp_ln249_reg_6871                    |   1|   0|    1|          0|
    |icmp_ln249_reg_6871_pp0_iter1_reg      |   1|   0|    1|          0|
    |icmp_ln249_reg_6871_pp0_iter2_reg      |   1|   0|    1|          0|
    |icmp_ln249_reg_6871_pp0_iter3_reg      |   1|   0|    1|          0|
    |icmp_ln249_reg_6871_pp0_iter4_reg      |   1|   0|    1|          0|
    |icmp_ln272_reg_6913                    |   1|   0|    1|          0|
    |icmp_ln272_reg_6913_pp0_iter1_reg      |   1|   0|    1|          0|
    |icmp_ln290_reg_6918                    |   1|   0|    1|          0|
    |icmp_ln290_reg_6918_pp0_iter1_reg      |   1|   0|    1|          0|
    |icmp_ln290_reg_6918_pp0_iter2_reg      |   1|   0|    1|          0|
    |icmp_ln290_reg_6918_pp0_iter3_reg      |   1|   0|    1|          0|
    |icmp_ln290_reg_6918_pp0_iter4_reg      |   1|   0|    1|          0|
    |inputBuf_V_10_fu_522                   |   4|   0|    4|          0|
    |inputBuf_V_11_fu_526                   |   4|   0|    4|          0|
    |inputBuf_V_12_fu_530                   |   4|   0|    4|          0|
    |inputBuf_V_13_fu_534                   |   4|   0|    4|          0|
    |inputBuf_V_14_fu_538                   |   4|   0|    4|          0|
    |inputBuf_V_15_fu_542                   |   4|   0|    4|          0|
    |inputBuf_V_1_fu_486                    |   4|   0|    4|          0|
    |inputBuf_V_2_fu_490                    |   4|   0|    4|          0|
    |inputBuf_V_3_fu_494                    |   4|   0|    4|          0|
    |inputBuf_V_4_fu_498                    |   4|   0|    4|          0|
    |inputBuf_V_5_fu_502                    |   4|   0|    4|          0|
    |inputBuf_V_6_fu_506                    |   4|   0|    4|          0|
    |inputBuf_V_7_fu_510                    |   4|   0|    4|          0|
    |inputBuf_V_8_fu_514                    |   4|   0|    4|          0|
    |inputBuf_V_9_fu_518                    |   4|   0|    4|          0|
    |inputBuf_V_fu_482                      |   4|   0|    4|          0|
    |nf_1_fu_546                            |  32|   0|   32|          0|
    |ret_V_reg_7082                         |   8|   0|    8|          0|
    |sf_fu_470                              |  32|   0|   32|          0|
    |trunc_ln218_reg_6922                   |   1|   0|    1|          0|
    |trunc_ln218_reg_6922_pp0_iter1_reg     |   1|   0|    1|          0|
    |trunc_ln218_reg_6922_pp0_iter2_reg     |   1|   0|    1|          0|
    |xor_ln1039_100_reg_7367                |   1|   0|    1|          0|
    |xor_ln1039_105_reg_7382                |   1|   0|    1|          0|
    |xor_ln1039_106_reg_7387                |   1|   0|    1|          0|
    |xor_ln1039_116_reg_7397                |   1|   0|    1|          0|
    |xor_ln1039_117_reg_7402                |   1|   0|    1|          0|
    |xor_ln1039_122_reg_7417                |   1|   0|    1|          0|
    |xor_ln1039_123_reg_7422                |   1|   0|    1|          0|
    |xor_ln1039_38_reg_7237                 |   1|   0|    1|          0|
    |xor_ln1039_39_reg_7242                 |   1|   0|    1|          0|
    |xor_ln1039_44_reg_7257                 |   1|   0|    1|          0|
    |xor_ln1039_60_reg_7272                 |   1|   0|    1|          0|
    |xor_ln1039_61_reg_7277                 |   1|   0|    1|          0|
    |xor_ln1039_66_reg_7292                 |   1|   0|    1|          0|
    |xor_ln1039_67_reg_7297                 |   1|   0|    1|          0|
    |xor_ln1039_77_reg_7307                 |   1|   0|    1|          0|
    |xor_ln1039_78_reg_7312                 |   1|   0|    1|          0|
    |xor_ln1039_83_reg_7327                 |   1|   0|    1|          0|
    |xor_ln1039_99_reg_7362                 |   1|   0|    1|          0|
    |xor_ln1039_reg_7186                    |   1|   0|    1|          0|
    +---------------------------------------+----+----+-----+-----------+
    |Total                                  | 412|   0|  412|          0|
    +---------------------------------------+----+----+-----+-----------+



================================================================
== Interface
================================================================
* Summary: 
+------------------+-----+-----+------------+-------------------------------------+--------------+
|     RTL Ports    | Dir | Bits|  Protocol  |            Source Object            |    C Type    |
+------------------+-----+-----+------------+-------------------------------------+--------------+
|ap_clk            |   in|    1|  ap_ctrl_hs|  Matrix_Vector_Activate_Stream_Batch|  return value|
|ap_rst            |   in|    1|  ap_ctrl_hs|  Matrix_Vector_Activate_Stream_Batch|  return value|
|ap_start          |   in|    1|  ap_ctrl_hs|  Matrix_Vector_Activate_Stream_Batch|  return value|
|ap_done           |  out|    1|  ap_ctrl_hs|  Matrix_Vector_Activate_Stream_Batch|  return value|
|ap_idle           |  out|    1|  ap_ctrl_hs|  Matrix_Vector_Activate_Stream_Batch|  return value|
|ap_ready          |  out|    1|  ap_ctrl_hs|  Matrix_Vector_Activate_Stream_Batch|  return value|
|in0_V_TVALID      |   in|    1|        axis|                                in0_V|       pointer|
|in0_V_TDATA       |   in|    8|        axis|                                in0_V|       pointer|
|in0_V_TREADY      |  out|    1|        axis|                                in0_V|       pointer|
|weights_V_TVALID  |   in|    1|        axis|                            weights_V|       pointer|
|weights_V_TDATA   |   in|    8|        axis|                            weights_V|       pointer|
|weights_V_TREADY  |  out|    1|        axis|                            weights_V|       pointer|
|out_V_TREADY      |   in|    1|        axis|                                out_V|       pointer|
|out_V_TDATA       |  out|    8|        axis|                                out_V|       pointer|
|out_V_TVALID      |  out|    1|        axis|                                out_V|       pointer|
+------------------+-----+-----+------------+-------------------------------------+--------------+

