

================================================================
== Vitis HLS Report for 'StreamingDataWidthConverter_Batch_1'
================================================================
* Date:           Fri Jun 12 09:19:15 2026

* Version:        2022.2.2 (Build 3779808 on Feb 17 2023)
* Project:        project_StreamingDataWidthConverter_Batch_1
* Solution:       sol1 (Vivado IP Flow Target)
* Product family: zynq
* Target device:  xc7z020-clg400-1


================================================================
== Performance Estimates
================================================================
+ Timing: 
    * Summary: 
    +--------+----------+----------+------------+
    |  Clock |  Target  | Estimated| Uncertainty|
    +--------+----------+----------+------------+
    |ap_clk  |  10.00 ns|  7.311 ns|     2.70 ns|
    +--------+----------+----------+------------+

+ Latency: 
    * Summary: 
    +---------+---------+----------+----------+--------+--------+---------+
    |  Latency (cycles) |  Latency (absolute) |     Interval    | Pipeline|
    |   min   |   max   |    min   |    max   |   min  |   max  |   Type  |
    +---------+---------+----------+----------+--------+--------+---------+
    |   147459|   147459|  1.475 ms|  1.475 ms|  147460|  147460|       no|
    +---------+---------+----------+----------+--------+--------+---------+

    + Detail: 
        * Instance: 
        N/A

        * Loop: 
        +--------------------+---------+---------+----------+-----------+-----------+--------+----------+
        |                    |  Latency (cycles) | Iteration|  Initiation Interval  |  Trip  |          |
        |      Loop Name     |   min   |   max   |  Latency |  achieved |   target  |  Count | Pipelined|
        +--------------------+---------+---------+----------+-----------+-----------+--------+----------+
        |- VITIS_LOOP_450_1  |   147457|   147457|         3|          1|          1|  147456|  yes(flp)|
        +--------------------+---------+---------+----------+-----------+-----------+--------+----------+



================================================================
== Utilization Estimates
================================================================
* Summary: 
+-----------------+---------+-----+--------+-------+-----+
|       Name      | BRAM_18K| DSP |   FF   |  LUT  | URAM|
+-----------------+---------+-----+--------+-------+-----+
|DSP              |        -|    -|       -|      -|    -|
|Expression       |        -|    -|       0|    157|    -|
|FIFO             |        -|    -|       -|      -|    -|
|Instance         |        -|    -|       -|      -|    -|
|Memory           |        -|    -|       -|      -|    -|
|Multiplexer      |        -|    -|       -|    109|    -|
|Register         |        -|    -|     182|      -|    -|
+-----------------+---------+-----+--------+-------+-----+
|Total            |        0|    0|     182|    266|    0|
+-----------------+---------+-----+--------+-------+-----+
|Available        |      280|  220|  106400|  53200|    0|
+-----------------+---------+-----+--------+-------+-----+
|Utilization (%)  |        0|    0|      ~0|     ~0|    0|
+-----------------+---------+-----+--------+-------+-----+

+ Detail: 
    * Instance: 
    N/A

    * DSP: 
    N/A

    * Memory: 
    N/A

    * FIFO: 
    N/A

    * Expression: 
    +----------------------------------+----------+----+---+----+------------+------------+
    |           Variable Name          | Operation| DSP| FF| LUT| Bitwidth P0| Bitwidth P1|
    +----------------------------------+----------+----+---+----+------------+------------+
    |o_4_fu_131_p2                     |         +|   0|  0|  39|          32|           1|
    |t_2_fu_119_p2                     |         +|   0|  0|  25|          18|           1|
    |ap_block_state1_pp0_stage0_iter0  |       and|   0|  0|   2|           1|           1|
    |ap_block_state2_io                |       and|   0|  0|   2|           1|           1|
    |ap_block_state3_io                |       and|   0|  0|   2|           1|           1|
    |ap_condition_272                  |       and|   0|  0|   2|           1|           1|
    |ap_predicate_op26_read_state1     |       and|   0|  0|   2|           1|           1|
    |icmp_ln450_fu_113_p2              |      icmp|   0|  0|  13|          18|          18|
    |icmp_ln453_fu_125_p2              |      icmp|   0|  0|  18|          32|           1|
    |icmp_ln464_fu_137_p2              |      icmp|   0|  0|  18|          32|           5|
    |ap_block_state3_pp0_stage0_iter2  |        or|   0|  0|   2|           1|           1|
    |o_5_fu_143_p3                     |    select|   0|  0|  32|           1|           1|
    +----------------------------------+----------+----+---+----+------------+------------+
    |Total                             |          |   0|  0| 157|         139|          33|
    +----------------------------------+----------+----+---+----+------------+------------+

    * Multiplexer: 
    +------------------------------------+----+-----------+-----+-----------+
    |                Name                | LUT| Input Size| Bits| Total Bits|
    +------------------------------------+----+-----------+-----+-----------+
    |ap_NS_iter1_fsm                     |  14|          3|    2|          6|
    |ap_NS_iter2_fsm                     |  14|          3|    2|          6|
    |ap_phi_mux_ei_V_3_phi_fu_86_p4      |   9|          2|   64|        128|
    |ap_phi_reg_pp0_iter1_ei_V_3_reg_83  |   9|          2|   64|        128|
    |ap_sig_allocacmp_o_3                |   9|          2|   32|         64|
    |ap_sig_allocacmp_t_1                |   9|          2|   18|         36|
    |ei_V_fu_58                          |   9|          2|   60|        120|
    |in0_V_TDATA_blk_n                   |   9|          2|    1|          2|
    |o_fu_62                             |   9|          2|   32|         64|
    |out_V_TDATA_blk_n                   |   9|          2|    1|          2|
    |t_fu_66                             |   9|          2|   18|         36|
    +------------------------------------+----+-----------+-----+-----------+
    |Total                               | 109|         24|  294|        592|
    +------------------------------------+----+-----------+-----+-----------+

    * Register: 
    +------------------------------------+----+----+-----+-----------+
    |                Name                | FF | LUT| Bits| Const Bits|
    +------------------------------------+----+----+-----+-----------+
    |ap_CS_iter0_fsm                     |   1|   0|    1|          0|
    |ap_CS_iter1_fsm                     |   2|   0|    2|          0|
    |ap_CS_iter2_fsm                     |   2|   0|    2|          0|
    |ap_phi_reg_pp0_iter1_ei_V_3_reg_83  |  64|   0|   64|          0|
    |ei_V_fu_58                          |  60|   0|   60|          0|
    |icmp_ln450_reg_214                  |   1|   0|    1|          0|
    |icmp_ln450_reg_214_pp0_iter1_reg    |   1|   0|    1|          0|
    |icmp_ln453_reg_218                  |   1|   0|    1|          0|
    |o_fu_62                             |  32|   0|   32|          0|
    |t_fu_66                             |  18|   0|   18|          0|
    +------------------------------------+----+----+-----+-----------+
    |Total                               | 182|   0|  182|          0|
    +------------------------------------+----+----+-----+-----------+



================================================================
== Interface
================================================================
* Summary: 
+--------------+-----+-----+--------------+-------------------------------------+--------------+
|   RTL Ports  | Dir | Bits|   Protocol   |            Source Object            |    C Type    |
+--------------+-----+-----+--------------+-------------------------------------+--------------+
|ap_clk        |   in|    1|  ap_ctrl_none|  StreamingDataWidthConverter_Batch_1|  return value|
|ap_rst_n      |   in|    1|  ap_ctrl_none|  StreamingDataWidthConverter_Batch_1|  return value|
|in0_V_TVALID  |   in|    1|          axis|                                in0_V|       pointer|
|in0_V_TDATA   |   in|   64|          axis|                                in0_V|       pointer|
|in0_V_TREADY  |  out|    1|          axis|                                in0_V|       pointer|
|out_V_TREADY  |   in|    1|          axis|                                out_V|       pointer|
|out_V_TDATA   |  out|    8|          axis|                                out_V|       pointer|
|out_V_TVALID  |  out|    1|          axis|                                out_V|       pointer|
+--------------+-----+-----+--------------+-------------------------------------+--------------+

