

================================================================
== Vitis HLS Report for 'StreamingMaxPool_Precision_Pipeline_VITIS_LOOP_158_6'
================================================================
* Date:           Fri Jun 12 09:16:36 2026

* Version:        2022.2.2 (Build 3779808 on Feb 17 2023)
* Project:        project_StreamingMaxPool_Batch_1
* Solution:       sol1 (Vivado IP Flow Target)
* Product family: zynq
* Target device:  xc7z020-clg400-1


================================================================
== Performance Estimates
================================================================
+ Timing: 
    * Summary: 
    +--------+----------+----------+------------+
    |  Clock |  Target  | Estimated| Uncertainty|
    +--------+----------+----------+------------+
    |ap_clk  |  10.00 ns|  5.824 ns|     2.70 ns|
    +--------+----------+----------+------------+

+ Latency: 
    * Summary: 
    +---------+---------+-----------+-----------+-----+-----+---------+
    |  Latency (cycles) |   Latency (absolute)  |  Interval | Pipeline|
    |   min   |   max   |    min    |    max    | min | max |   Type  |
    +---------+---------+-----------+-----------+-----+-----+---------+
    |        4|        4|  40.000 ns|  40.000 ns|    4|    4|       no|
    +---------+---------+-----------+-----------+-----+-----+---------+

    + Detail: 
        * Instance: 
        N/A

        * Loop: 
        +--------------------+---------+---------+----------+-----------+-----------+------+----------+
        |                    |  Latency (cycles) | Iteration|  Initiation Interval  | Trip |          |
        |      Loop Name     |   min   |   max   |  Latency |  achieved |   target  | Count| Pipelined|
        +--------------------+---------+---------+----------+-----------+-----------+------+----------+
        |- VITIS_LOOP_158_6  |        2|        2|         1|          1|          1|     2|  yes(flp)|
        +--------------------+---------+---------+----------+-----------+-----------+------+----------+

============================================================
+ Verbose Summary: Synthesis Manager
============================================================
InlineROM: 1
ExposeGlobal: 0
============================================================
+ Verbose Summary: CDFG Model
============================================================
IsTopModel: 0
ResetActiveHigh: 1
IsCombinational: 0
IsDatapathOnly: 0
HasWiredReturn: 1
HasMFsm: 1
HasVarLatency: 1
IsPipeline: 0
IsRtlPipelined: 0
IsInstanceOverlapped: 0
IsDontTouch: 0
HasImplIP: 0
IsGatedGlobalClock: 0

+ Individual pipeline summary: 
  * Pipeline-0: initiation interval (II) = 1, depth = 1


============================================================
+ Verbose Summary: Schedule
============================================================
* Number of FSM states : 1
* Pipeline : 1
  Pipeline-0 : II = 1, D = 1, States = { 1 }
* Dataflow Pipeline: 0

* FSM state transitions: 
1 --> 

* FSM state operations: 

State 1 <SV = 0> <Delay = 5.82>
ST_1 : Operation 4 [1/1] (0.00ns)   --->   "%kx = alloca i32 1"   --->   Operation 4 'alloca' 'kx' <Predicate = true> <Delay = 0.00>
ST_1 : Operation 5 [1/1] (0.00ns)   --->   "%oldMax_V = alloca i32 1"   --->   Operation 5 'alloca' 'oldMax_V' <Predicate = true> <Delay = 0.00>
ST_1 : Operation 6 [1/1] (0.00ns)   --->   "%oldMax_V_1 = alloca i32 1"   --->   Operation 6 'alloca' 'oldMax_V_1' <Predicate = true> <Delay = 0.00>
ST_1 : Operation 7 [1/1] (0.00ns)   --->   "%oldMax_V_2 = alloca i32 1"   --->   Operation 7 'alloca' 'oldMax_V_2' <Predicate = true> <Delay = 0.00>
ST_1 : Operation 8 [1/1] (0.00ns)   --->   "%oldMax_V_3 = alloca i32 1"   --->   Operation 8 'alloca' 'oldMax_V_3' <Predicate = true> <Delay = 0.00>
ST_1 : Operation 9 [1/1] (0.00ns)   --->   "%oldMax_V_4 = alloca i32 1"   --->   Operation 9 'alloca' 'oldMax_V_4' <Predicate = true> <Delay = 0.00>
ST_1 : Operation 10 [1/1] (0.00ns)   --->   "%oldMax_V_5 = alloca i32 1"   --->   Operation 10 'alloca' 'oldMax_V_5' <Predicate = true> <Delay = 0.00>
ST_1 : Operation 11 [1/1] (0.00ns)   --->   "%oldMax_V_6 = alloca i32 1"   --->   Operation 11 'alloca' 'oldMax_V_6' <Predicate = true> <Delay = 0.00>
ST_1 : Operation 12 [1/1] (0.00ns)   --->   "%oldMax_V_7 = alloca i32 1"   --->   Operation 12 'alloca' 'oldMax_V_7' <Predicate = true> <Delay = 0.00>
ST_1 : Operation 13 [1/1] (0.00ns)   --->   "%oldMax_V_8 = alloca i32 1"   --->   Operation 13 'alloca' 'oldMax_V_8' <Predicate = true> <Delay = 0.00>
ST_1 : Operation 14 [1/1] (0.00ns)   --->   "%oldMax_V_9 = alloca i32 1"   --->   Operation 14 'alloca' 'oldMax_V_9' <Predicate = true> <Delay = 0.00>
ST_1 : Operation 15 [1/1] (0.00ns)   --->   "%oldMax_V_10 = alloca i32 1"   --->   Operation 15 'alloca' 'oldMax_V_10' <Predicate = true> <Delay = 0.00>
ST_1 : Operation 16 [1/1] (0.00ns)   --->   "%oldMax_V_11 = alloca i32 1"   --->   Operation 16 'alloca' 'oldMax_V_11' <Predicate = true> <Delay = 0.00>
ST_1 : Operation 17 [1/1] (0.00ns)   --->   "%oldMax_V_12 = alloca i32 1"   --->   Operation 17 'alloca' 'oldMax_V_12' <Predicate = true> <Delay = 0.00>
ST_1 : Operation 18 [1/1] (0.00ns)   --->   "%oldMax_V_13 = alloca i32 1"   --->   Operation 18 'alloca' 'oldMax_V_13' <Predicate = true> <Delay = 0.00>
ST_1 : Operation 19 [1/1] (0.00ns)   --->   "%oldMax_V_14 = alloca i32 1"   --->   Operation 19 'alloca' 'oldMax_V_14' <Predicate = true> <Delay = 0.00>
ST_1 : Operation 20 [1/1] (0.00ns)   --->   "%oldMax_V_15 = alloca i32 1"   --->   Operation 20 'alloca' 'oldMax_V_15' <Predicate = true> <Delay = 0.00>
ST_1 : Operation 21 [1/1] (0.00ns)   --->   "%oldMax_V_16 = alloca i32 1"   --->   Operation 21 'alloca' 'oldMax_V_16' <Predicate = true> <Delay = 0.00>
ST_1 : Operation 22 [1/1] (0.00ns)   --->   "%oldMax_V_17 = alloca i32 1"   --->   Operation 22 'alloca' 'oldMax_V_17' <Predicate = true> <Delay = 0.00>
ST_1 : Operation 23 [1/1] (0.00ns)   --->   "%oldMax_V_18 = alloca i32 1"   --->   Operation 23 'alloca' 'oldMax_V_18' <Predicate = true> <Delay = 0.00>
ST_1 : Operation 24 [1/1] (0.00ns)   --->   "%oldMax_V_19 = alloca i32 1"   --->   Operation 24 'alloca' 'oldMax_V_19' <Predicate = true> <Delay = 0.00>
ST_1 : Operation 25 [1/1] (0.00ns)   --->   "%oldMax_V_20 = alloca i32 1"   --->   Operation 25 'alloca' 'oldMax_V_20' <Predicate = true> <Delay = 0.00>
ST_1 : Operation 26 [1/1] (0.00ns)   --->   "%oldMax_V_21 = alloca i32 1"   --->   Operation 26 'alloca' 'oldMax_V_21' <Predicate = true> <Delay = 0.00>
ST_1 : Operation 27 [1/1] (0.00ns)   --->   "%oldMax_V_22 = alloca i32 1"   --->   Operation 27 'alloca' 'oldMax_V_22' <Predicate = true> <Delay = 0.00>
ST_1 : Operation 28 [1/1] (0.00ns)   --->   "%oldMax_V_23 = alloca i32 1"   --->   Operation 28 'alloca' 'oldMax_V_23' <Predicate = true> <Delay = 0.00>
ST_1 : Operation 29 [1/1] (0.00ns)   --->   "%oldMax_V_24 = alloca i32 1"   --->   Operation 29 'alloca' 'oldMax_V_24' <Predicate = true> <Delay = 0.00>
ST_1 : Operation 30 [1/1] (0.00ns)   --->   "%oldMax_V_25 = alloca i32 1"   --->   Operation 30 'alloca' 'oldMax_V_25' <Predicate = true> <Delay = 0.00>
ST_1 : Operation 31 [1/1] (0.00ns)   --->   "%oldMax_V_26 = alloca i32 1"   --->   Operation 31 'alloca' 'oldMax_V_26' <Predicate = true> <Delay = 0.00>
ST_1 : Operation 32 [1/1] (0.00ns)   --->   "%oldMax_V_27 = alloca i32 1"   --->   Operation 32 'alloca' 'oldMax_V_27' <Predicate = true> <Delay = 0.00>
ST_1 : Operation 33 [1/1] (0.00ns)   --->   "%oldMax_V_28 = alloca i32 1"   --->   Operation 33 'alloca' 'oldMax_V_28' <Predicate = true> <Delay = 0.00>
ST_1 : Operation 34 [1/1] (0.00ns)   --->   "%oldMax_V_29 = alloca i32 1"   --->   Operation 34 'alloca' 'oldMax_V_29' <Predicate = true> <Delay = 0.00>
ST_1 : Operation 35 [1/1] (0.00ns)   --->   "%oldMax_V_30 = alloca i32 1"   --->   Operation 35 'alloca' 'oldMax_V_30' <Predicate = true> <Delay = 0.00>
ST_1 : Operation 36 [1/1] (0.00ns)   --->   "%oldMax_V_31 = alloca i32 1"   --->   Operation 36 'alloca' 'oldMax_V_31' <Predicate = true> <Delay = 0.00>
ST_1 : Operation 37 [1/1] (0.00ns)   --->   "%zext_ln156_read = read i4 @_ssdm_op_Read.ap_auto.i4, i4 %zext_ln156"   --->   Operation 37 'read' 'zext_ln156_read' <Predicate = true> <Delay = 0.00>
ST_1 : Operation 38 [1/1] (0.00ns)   --->   "%buf_V_load_1_read = read i4 @_ssdm_op_Read.ap_auto.i4, i4 %buf_V_load_1"   --->   Operation 38 'read' 'buf_V_load_1_read' <Predicate = true> <Delay = 0.00>
ST_1 : Operation 39 [1/1] (0.00ns)   --->   "%buf_V_1_load_1_read = read i4 @_ssdm_op_Read.ap_auto.i4, i4 %buf_V_1_load_1"   --->   Operation 39 'read' 'buf_V_1_load_1_read' <Predicate = true> <Delay = 0.00>
ST_1 : Operation 40 [1/1] (0.00ns)   --->   "%buf_V_2_load_1_read = read i4 @_ssdm_op_Read.ap_auto.i4, i4 %buf_V_2_load_1"   --->   Operation 40 'read' 'buf_V_2_load_1_read' <Predicate = true> <Delay = 0.00>
ST_1 : Operation 41 [1/1] (0.00ns)   --->   "%buf_V_3_load_1_read = read i4 @_ssdm_op_Read.ap_auto.i4, i4 %buf_V_3_load_1"   --->   Operation 41 'read' 'buf_V_3_load_1_read' <Predicate = true> <Delay = 0.00>
ST_1 : Operation 42 [1/1] (0.00ns)   --->   "%buf_V_4_load_1_read = read i4 @_ssdm_op_Read.ap_auto.i4, i4 %buf_V_4_load_1"   --->   Operation 42 'read' 'buf_V_4_load_1_read' <Predicate = true> <Delay = 0.00>
ST_1 : Operation 43 [1/1] (0.00ns)   --->   "%buf_V_5_load_1_read = read i4 @_ssdm_op_Read.ap_auto.i4, i4 %buf_V_5_load_1"   --->   Operation 43 'read' 'buf_V_5_load_1_read' <Predicate = true> <Delay = 0.00>
ST_1 : Operation 44 [1/1] (0.00ns)   --->   "%buf_V_6_load_1_read = read i4 @_ssdm_op_Read.ap_auto.i4, i4 %buf_V_6_load_1"   --->   Operation 44 'read' 'buf_V_6_load_1_read' <Predicate = true> <Delay = 0.00>
ST_1 : Operation 45 [1/1] (0.00ns)   --->   "%buf_V_7_load_1_read = read i4 @_ssdm_op_Read.ap_auto.i4, i4 %buf_V_7_load_1"   --->   Operation 45 'read' 'buf_V_7_load_1_read' <Predicate = true> <Delay = 0.00>
ST_1 : Operation 46 [1/1] (0.00ns)   --->   "%buf_V_8_load_1_read = read i4 @_ssdm_op_Read.ap_auto.i4, i4 %buf_V_8_load_1"   --->   Operation 46 'read' 'buf_V_8_load_1_read' <Predicate = true> <Delay = 0.00>
ST_1 : Operation 47 [1/1] (0.00ns)   --->   "%buf_V_9_load_1_read = read i4 @_ssdm_op_Read.ap_auto.i4, i4 %buf_V_9_load_1"   --->   Operation 47 'read' 'buf_V_9_load_1_read' <Predicate = true> <Delay = 0.00>
ST_1 : Operation 48 [1/1] (0.00ns)   --->   "%buf_V_10_load_1_read = read i4 @_ssdm_op_Read.ap_auto.i4, i4 %buf_V_10_load_1"   --->   Operation 48 'read' 'buf_V_10_load_1_read' <Predicate = true> <Delay = 0.00>
ST_1 : Operation 49 [1/1] (0.00ns)   --->   "%buf_V_11_load_1_read = read i4 @_ssdm_op_Read.ap_auto.i4, i4 %buf_V_11_load_1"   --->   Operation 49 'read' 'buf_V_11_load_1_read' <Predicate = true> <Delay = 0.00>
ST_1 : Operation 50 [1/1] (0.00ns)   --->   "%buf_V_12_load_1_read = read i4 @_ssdm_op_Read.ap_auto.i4, i4 %buf_V_12_load_1"   --->   Operation 50 'read' 'buf_V_12_load_1_read' <Predicate = true> <Delay = 0.00>
ST_1 : Operation 51 [1/1] (0.00ns)   --->   "%buf_V_13_load_1_read = read i4 @_ssdm_op_Read.ap_auto.i4, i4 %buf_V_13_load_1"   --->   Operation 51 'read' 'buf_V_13_load_1_read' <Predicate = true> <Delay = 0.00>
ST_1 : Operation 52 [1/1] (0.00ns)   --->   "%buf_V_14_load_1_read = read i4 @_ssdm_op_Read.ap_auto.i4, i4 %buf_V_14_load_1"   --->   Operation 52 'read' 'buf_V_14_load_1_read' <Predicate = true> <Delay = 0.00>
ST_1 : Operation 53 [1/1] (0.00ns)   --->   "%buf_V_15_load_1_read = read i4 @_ssdm_op_Read.ap_auto.i4, i4 %buf_V_15_load_1"   --->   Operation 53 'read' 'buf_V_15_load_1_read' <Predicate = true> <Delay = 0.00>
ST_1 : Operation 54 [1/1] (0.00ns)   --->   "%buf_V_16_load_1_read = read i4 @_ssdm_op_Read.ap_auto.i4, i4 %buf_V_16_load_1"   --->   Operation 54 'read' 'buf_V_16_load_1_read' <Predicate = true> <Delay = 0.00>
ST_1 : Operation 55 [1/1] (0.00ns)   --->   "%buf_V_17_load_1_read = read i4 @_ssdm_op_Read.ap_auto.i4, i4 %buf_V_17_load_1"   --->   Operation 55 'read' 'buf_V_17_load_1_read' <Predicate = true> <Delay = 0.00>
ST_1 : Operation 56 [1/1] (0.00ns)   --->   "%buf_V_18_load_1_read = read i4 @_ssdm_op_Read.ap_auto.i4, i4 %buf_V_18_load_1"   --->   Operation 56 'read' 'buf_V_18_load_1_read' <Predicate = true> <Delay = 0.00>
ST_1 : Operation 57 [1/1] (0.00ns)   --->   "%buf_V_19_load_1_read = read i4 @_ssdm_op_Read.ap_auto.i4, i4 %buf_V_19_load_1"   --->   Operation 57 'read' 'buf_V_19_load_1_read' <Predicate = true> <Delay = 0.00>
ST_1 : Operation 58 [1/1] (0.00ns)   --->   "%buf_V_20_load_1_read = read i4 @_ssdm_op_Read.ap_auto.i4, i4 %buf_V_20_load_1"   --->   Operation 58 'read' 'buf_V_20_load_1_read' <Predicate = true> <Delay = 0.00>
ST_1 : Operation 59 [1/1] (0.00ns)   --->   "%buf_V_21_load_1_read = read i4 @_ssdm_op_Read.ap_auto.i4, i4 %buf_V_21_load_1"   --->   Operation 59 'read' 'buf_V_21_load_1_read' <Predicate = true> <Delay = 0.00>
ST_1 : Operation 60 [1/1] (0.00ns)   --->   "%buf_V_22_load_1_read = read i4 @_ssdm_op_Read.ap_auto.i4, i4 %buf_V_22_load_1"   --->   Operation 60 'read' 'buf_V_22_load_1_read' <Predicate = true> <Delay = 0.00>
ST_1 : Operation 61 [1/1] (0.00ns)   --->   "%buf_V_23_load_1_read = read i4 @_ssdm_op_Read.ap_auto.i4, i4 %buf_V_23_load_1"   --->   Operation 61 'read' 'buf_V_23_load_1_read' <Predicate = true> <Delay = 0.00>
ST_1 : Operation 62 [1/1] (0.00ns)   --->   "%buf_V_24_load_1_read = read i4 @_ssdm_op_Read.ap_auto.i4, i4 %buf_V_24_load_1"   --->   Operation 62 'read' 'buf_V_24_load_1_read' <Predicate = true> <Delay = 0.00>
ST_1 : Operation 63 [1/1] (0.00ns)   --->   "%buf_V_25_load_1_read = read i4 @_ssdm_op_Read.ap_auto.i4, i4 %buf_V_25_load_1"   --->   Operation 63 'read' 'buf_V_25_load_1_read' <Predicate = true> <Delay = 0.00>
ST_1 : Operation 64 [1/1] (0.00ns)   --->   "%buf_V_26_load_1_read = read i4 @_ssdm_op_Read.ap_auto.i4, i4 %buf_V_26_load_1"   --->   Operation 64 'read' 'buf_V_26_load_1_read' <Predicate = true> <Delay = 0.00>
ST_1 : Operation 65 [1/1] (0.00ns)   --->   "%buf_V_27_load_1_read = read i4 @_ssdm_op_Read.ap_auto.i4, i4 %buf_V_27_load_1"   --->   Operation 65 'read' 'buf_V_27_load_1_read' <Predicate = true> <Delay = 0.00>
ST_1 : Operation 66 [1/1] (0.00ns)   --->   "%buf_V_28_load_1_read = read i4 @_ssdm_op_Read.ap_auto.i4, i4 %buf_V_28_load_1"   --->   Operation 66 'read' 'buf_V_28_load_1_read' <Predicate = true> <Delay = 0.00>
ST_1 : Operation 67 [1/1] (0.00ns)   --->   "%buf_V_29_load_1_read = read i4 @_ssdm_op_Read.ap_auto.i4, i4 %buf_V_29_load_1"   --->   Operation 67 'read' 'buf_V_29_load_1_read' <Predicate = true> <Delay = 0.00>
ST_1 : Operation 68 [1/1] (0.00ns)   --->   "%buf_V_30_load_1_read = read i4 @_ssdm_op_Read.ap_auto.i4, i4 %buf_V_30_load_1"   --->   Operation 68 'read' 'buf_V_30_load_1_read' <Predicate = true> <Delay = 0.00>
ST_1 : Operation 69 [1/1] (0.00ns)   --->   "%buf_V_31_load_1_read = read i4 @_ssdm_op_Read.ap_auto.i4, i4 %buf_V_31_load_1"   --->   Operation 69 'read' 'buf_V_31_load_1_read' <Predicate = true> <Delay = 0.00>
ST_1 : Operation 70 [1/1] (0.00ns)   --->   "%zext_ln156_cast = zext i4 %zext_ln156_read"   --->   Operation 70 'zext' 'zext_ln156_cast' <Predicate = true> <Delay = 0.00>
ST_1 : Operation 71 [1/1] (0.00ns)   --->   "%specinterface_ln0 = specinterface void @_ssdm_op_SpecInterface, i128 %in0_V, void @empty, i32 0, i32 0, void @empty_0, i32 0, i32 0, void @empty_1, void @empty_1, void @empty_1, i32 0, i32 0, i32 0, i32 0, void @empty_1, void @empty_1, i32 4294967295, i32 0"   --->   Operation 71 'specinterface' 'specinterface_ln0' <Predicate = true> <Delay = 0.00>
ST_1 : Operation 72 [1/1] (1.58ns)   --->   "%store_ln0 = store i4 %buf_V_31_load_1_read, i4 %oldMax_V_31"   --->   Operation 72 'store' 'store_ln0' <Predicate = true> <Delay = 1.58>
ST_1 : Operation 73 [1/1] (1.58ns)   --->   "%store_ln0 = store i4 %buf_V_30_load_1_read, i4 %oldMax_V_30"   --->   Operation 73 'store' 'store_ln0' <Predicate = true> <Delay = 1.58>
ST_1 : Operation 74 [1/1] (1.58ns)   --->   "%store_ln0 = store i4 %buf_V_29_load_1_read, i4 %oldMax_V_29"   --->   Operation 74 'store' 'store_ln0' <Predicate = true> <Delay = 1.58>
ST_1 : Operation 75 [1/1] (1.58ns)   --->   "%store_ln0 = store i4 %buf_V_28_load_1_read, i4 %oldMax_V_28"   --->   Operation 75 'store' 'store_ln0' <Predicate = true> <Delay = 1.58>
ST_1 : Operation 76 [1/1] (1.58ns)   --->   "%store_ln0 = store i4 %buf_V_27_load_1_read, i4 %oldMax_V_27"   --->   Operation 76 'store' 'store_ln0' <Predicate = true> <Delay = 1.58>
ST_1 : Operation 77 [1/1] (1.58ns)   --->   "%store_ln0 = store i4 %buf_V_26_load_1_read, i4 %oldMax_V_26"   --->   Operation 77 'store' 'store_ln0' <Predicate = true> <Delay = 1.58>
ST_1 : Operation 78 [1/1] (1.58ns)   --->   "%store_ln0 = store i4 %buf_V_25_load_1_read, i4 %oldMax_V_25"   --->   Operation 78 'store' 'store_ln0' <Predicate = true> <Delay = 1.58>
ST_1 : Operation 79 [1/1] (1.58ns)   --->   "%store_ln0 = store i4 %buf_V_24_load_1_read, i4 %oldMax_V_24"   --->   Operation 79 'store' 'store_ln0' <Predicate = true> <Delay = 1.58>
ST_1 : Operation 80 [1/1] (1.58ns)   --->   "%store_ln0 = store i4 %buf_V_23_load_1_read, i4 %oldMax_V_23"   --->   Operation 80 'store' 'store_ln0' <Predicate = true> <Delay = 1.58>
ST_1 : Operation 81 [1/1] (1.58ns)   --->   "%store_ln0 = store i4 %buf_V_22_load_1_read, i4 %oldMax_V_22"   --->   Operation 81 'store' 'store_ln0' <Predicate = true> <Delay = 1.58>
ST_1 : Operation 82 [1/1] (1.58ns)   --->   "%store_ln0 = store i4 %buf_V_21_load_1_read, i4 %oldMax_V_21"   --->   Operation 82 'store' 'store_ln0' <Predicate = true> <Delay = 1.58>
ST_1 : Operation 83 [1/1] (1.58ns)   --->   "%store_ln0 = store i4 %buf_V_20_load_1_read, i4 %oldMax_V_20"   --->   Operation 83 'store' 'store_ln0' <Predicate = true> <Delay = 1.58>
ST_1 : Operation 84 [1/1] (1.58ns)   --->   "%store_ln0 = store i4 %buf_V_19_load_1_read, i4 %oldMax_V_19"   --->   Operation 84 'store' 'store_ln0' <Predicate = true> <Delay = 1.58>
ST_1 : Operation 85 [1/1] (1.58ns)   --->   "%store_ln0 = store i4 %buf_V_18_load_1_read, i4 %oldMax_V_18"   --->   Operation 85 'store' 'store_ln0' <Predicate = true> <Delay = 1.58>
ST_1 : Operation 86 [1/1] (1.58ns)   --->   "%store_ln0 = store i4 %buf_V_17_load_1_read, i4 %oldMax_V_17"   --->   Operation 86 'store' 'store_ln0' <Predicate = true> <Delay = 1.58>
ST_1 : Operation 87 [1/1] (1.58ns)   --->   "%store_ln0 = store i4 %buf_V_16_load_1_read, i4 %oldMax_V_16"   --->   Operation 87 'store' 'store_ln0' <Predicate = true> <Delay = 1.58>
ST_1 : Operation 88 [1/1] (1.58ns)   --->   "%store_ln0 = store i4 %buf_V_15_load_1_read, i4 %oldMax_V_15"   --->   Operation 88 'store' 'store_ln0' <Predicate = true> <Delay = 1.58>
ST_1 : Operation 89 [1/1] (1.58ns)   --->   "%store_ln0 = store i4 %buf_V_14_load_1_read, i4 %oldMax_V_14"   --->   Operation 89 'store' 'store_ln0' <Predicate = true> <Delay = 1.58>
ST_1 : Operation 90 [1/1] (1.58ns)   --->   "%store_ln0 = store i4 %buf_V_13_load_1_read, i4 %oldMax_V_13"   --->   Operation 90 'store' 'store_ln0' <Predicate = true> <Delay = 1.58>
ST_1 : Operation 91 [1/1] (1.58ns)   --->   "%store_ln0 = store i4 %buf_V_12_load_1_read, i4 %oldMax_V_12"   --->   Operation 91 'store' 'store_ln0' <Predicate = true> <Delay = 1.58>
ST_1 : Operation 92 [1/1] (1.58ns)   --->   "%store_ln0 = store i4 %buf_V_11_load_1_read, i4 %oldMax_V_11"   --->   Operation 92 'store' 'store_ln0' <Predicate = true> <Delay = 1.58>
ST_1 : Operation 93 [1/1] (1.58ns)   --->   "%store_ln0 = store i4 %buf_V_10_load_1_read, i4 %oldMax_V_10"   --->   Operation 93 'store' 'store_ln0' <Predicate = true> <Delay = 1.58>
ST_1 : Operation 94 [1/1] (1.58ns)   --->   "%store_ln0 = store i4 %buf_V_9_load_1_read, i4 %oldMax_V_9"   --->   Operation 94 'store' 'store_ln0' <Predicate = true> <Delay = 1.58>
ST_1 : Operation 95 [1/1] (1.58ns)   --->   "%store_ln0 = store i4 %buf_V_8_load_1_read, i4 %oldMax_V_8"   --->   Operation 95 'store' 'store_ln0' <Predicate = true> <Delay = 1.58>
ST_1 : Operation 96 [1/1] (1.58ns)   --->   "%store_ln0 = store i4 %buf_V_7_load_1_read, i4 %oldMax_V_7"   --->   Operation 96 'store' 'store_ln0' <Predicate = true> <Delay = 1.58>
ST_1 : Operation 97 [1/1] (1.58ns)   --->   "%store_ln0 = store i4 %buf_V_6_load_1_read, i4 %oldMax_V_6"   --->   Operation 97 'store' 'store_ln0' <Predicate = true> <Delay = 1.58>
ST_1 : Operation 98 [1/1] (1.58ns)   --->   "%store_ln0 = store i4 %buf_V_5_load_1_read, i4 %oldMax_V_5"   --->   Operation 98 'store' 'store_ln0' <Predicate = true> <Delay = 1.58>
ST_1 : Operation 99 [1/1] (1.58ns)   --->   "%store_ln0 = store i4 %buf_V_4_load_1_read, i4 %oldMax_V_4"   --->   Operation 99 'store' 'store_ln0' <Predicate = true> <Delay = 1.58>
ST_1 : Operation 100 [1/1] (1.58ns)   --->   "%store_ln0 = store i4 %buf_V_3_load_1_read, i4 %oldMax_V_3"   --->   Operation 100 'store' 'store_ln0' <Predicate = true> <Delay = 1.58>
ST_1 : Operation 101 [1/1] (1.58ns)   --->   "%store_ln0 = store i4 %buf_V_2_load_1_read, i4 %oldMax_V_2"   --->   Operation 101 'store' 'store_ln0' <Predicate = true> <Delay = 1.58>
ST_1 : Operation 102 [1/1] (1.58ns)   --->   "%store_ln0 = store i4 %buf_V_1_load_1_read, i4 %oldMax_V_1"   --->   Operation 102 'store' 'store_ln0' <Predicate = true> <Delay = 1.58>
ST_1 : Operation 103 [1/1] (1.58ns)   --->   "%store_ln0 = store i4 %buf_V_load_1_read, i4 %oldMax_V"   --->   Operation 103 'store' 'store_ln0' <Predicate = true> <Delay = 1.58>
ST_1 : Operation 104 [1/1] (1.58ns)   --->   "%store_ln0 = store i2 0, i2 %kx"   --->   Operation 104 'store' 'store_ln0' <Predicate = true> <Delay = 1.58>
ST_1 : Operation 105 [1/1] (0.00ns)   --->   "%br_ln0 = br void %for.body39"   --->   Operation 105 'br' 'br_ln0' <Predicate = true> <Delay = 0.00>
ST_1 : Operation 106 [1/1] (0.00ns)   --->   "%kx_1 = load i2 %kx" [/home/miguel_tfg/FINN-v0.9-Stable/deps/finn-hlslib/maxpool.h:158]   --->   Operation 106 'load' 'kx_1' <Predicate = true> <Delay = 0.00>
ST_1 : Operation 107 [1/1] (0.00ns)   --->   "%buf_V_31_addr = getelementptr i4 %buf_V_31, i64 0, i64 %zext_ln156_cast"   --->   Operation 107 'getelementptr' 'buf_V_31_addr' <Predicate = true> <Delay = 0.00>
ST_1 : Operation 108 [1/1] (0.00ns)   --->   "%buf_V_30_addr = getelementptr i4 %buf_V_30, i64 0, i64 %zext_ln156_cast"   --->   Operation 108 'getelementptr' 'buf_V_30_addr' <Predicate = true> <Delay = 0.00>
ST_1 : Operation 109 [1/1] (0.00ns)   --->   "%buf_V_29_addr = getelementptr i4 %buf_V_29, i64 0, i64 %zext_ln156_cast"   --->   Operation 109 'getelementptr' 'buf_V_29_addr' <Predicate = true> <Delay = 0.00>
ST_1 : Operation 110 [1/1] (0.00ns)   --->   "%buf_V_28_addr = getelementptr i4 %buf_V_28, i64 0, i64 %zext_ln156_cast"   --->   Operation 110 'getelementptr' 'buf_V_28_addr' <Predicate = true> <Delay = 0.00>
ST_1 : Operation 111 [1/1] (0.00ns)   --->   "%buf_V_27_addr = getelementptr i4 %buf_V_27, i64 0, i64 %zext_ln156_cast"   --->   Operation 111 'getelementptr' 'buf_V_27_addr' <Predicate = true> <Delay = 0.00>
ST_1 : Operation 112 [1/1] (0.00ns)   --->   "%buf_V_26_addr = getelementptr i4 %buf_V_26, i64 0, i64 %zext_ln156_cast"   --->   Operation 112 'getelementptr' 'buf_V_26_addr' <Predicate = true> <Delay = 0.00>
ST_1 : Operation 113 [1/1] (0.00ns)   --->   "%buf_V_25_addr = getelementptr i4 %buf_V_25, i64 0, i64 %zext_ln156_cast"   --->   Operation 113 'getelementptr' 'buf_V_25_addr' <Predicate = true> <Delay = 0.00>
ST_1 : Operation 114 [1/1] (0.00ns)   --->   "%buf_V_24_addr = getelementptr i4 %buf_V_24, i64 0, i64 %zext_ln156_cast"   --->   Operation 114 'getelementptr' 'buf_V_24_addr' <Predicate = true> <Delay = 0.00>
ST_1 : Operation 115 [1/1] (0.00ns)   --->   "%buf_V_23_addr = getelementptr i4 %buf_V_23, i64 0, i64 %zext_ln156_cast"   --->   Operation 115 'getelementptr' 'buf_V_23_addr' <Predicate = true> <Delay = 0.00>
ST_1 : Operation 116 [1/1] (0.00ns)   --->   "%buf_V_22_addr = getelementptr i4 %buf_V_22, i64 0, i64 %zext_ln156_cast"   --->   Operation 116 'getelementptr' 'buf_V_22_addr' <Predicate = true> <Delay = 0.00>
ST_1 : Operation 117 [1/1] (0.00ns)   --->   "%buf_V_21_addr = getelementptr i4 %buf_V_21, i64 0, i64 %zext_ln156_cast"   --->   Operation 117 'getelementptr' 'buf_V_21_addr' <Predicate = true> <Delay = 0.00>
ST_1 : Operation 118 [1/1] (0.00ns)   --->   "%buf_V_20_addr = getelementptr i4 %buf_V_20, i64 0, i64 %zext_ln156_cast"   --->   Operation 118 'getelementptr' 'buf_V_20_addr' <Predicate = true> <Delay = 0.00>
ST_1 : Operation 119 [1/1] (0.00ns)   --->   "%buf_V_19_addr = getelementptr i4 %buf_V_19, i64 0, i64 %zext_ln156_cast"   --->   Operation 119 'getelementptr' 'buf_V_19_addr' <Predicate = true> <Delay = 0.00>
ST_1 : Operation 120 [1/1] (0.00ns)   --->   "%buf_V_18_addr = getelementptr i4 %buf_V_18, i64 0, i64 %zext_ln156_cast"   --->   Operation 120 'getelementptr' 'buf_V_18_addr' <Predicate = true> <Delay = 0.00>
ST_1 : Operation 121 [1/1] (0.00ns)   --->   "%buf_V_17_addr = getelementptr i4 %buf_V_17, i64 0, i64 %zext_ln156_cast"   --->   Operation 121 'getelementptr' 'buf_V_17_addr' <Predicate = true> <Delay = 0.00>
ST_1 : Operation 122 [1/1] (0.00ns)   --->   "%buf_V_16_addr = getelementptr i4 %buf_V_16, i64 0, i64 %zext_ln156_cast"   --->   Operation 122 'getelementptr' 'buf_V_16_addr' <Predicate = true> <Delay = 0.00>
ST_1 : Operation 123 [1/1] (0.00ns)   --->   "%buf_V_15_addr = getelementptr i4 %buf_V_15, i64 0, i64 %zext_ln156_cast"   --->   Operation 123 'getelementptr' 'buf_V_15_addr' <Predicate = true> <Delay = 0.00>
ST_1 : Operation 124 [1/1] (0.00ns)   --->   "%buf_V_14_addr = getelementptr i4 %buf_V_14, i64 0, i64 %zext_ln156_cast"   --->   Operation 124 'getelementptr' 'buf_V_14_addr' <Predicate = true> <Delay = 0.00>
ST_1 : Operation 125 [1/1] (0.00ns)   --->   "%buf_V_13_addr = getelementptr i4 %buf_V_13, i64 0, i64 %zext_ln156_cast"   --->   Operation 125 'getelementptr' 'buf_V_13_addr' <Predicate = true> <Delay = 0.00>
ST_1 : Operation 126 [1/1] (0.00ns)   --->   "%buf_V_12_addr = getelementptr i4 %buf_V_12, i64 0, i64 %zext_ln156_cast"   --->   Operation 126 'getelementptr' 'buf_V_12_addr' <Predicate = true> <Delay = 0.00>
ST_1 : Operation 127 [1/1] (0.00ns)   --->   "%buf_V_11_addr = getelementptr i4 %buf_V_11, i64 0, i64 %zext_ln156_cast"   --->   Operation 127 'getelementptr' 'buf_V_11_addr' <Predicate = true> <Delay = 0.00>
ST_1 : Operation 128 [1/1] (0.00ns)   --->   "%buf_V_10_addr = getelementptr i4 %buf_V_10, i64 0, i64 %zext_ln156_cast"   --->   Operation 128 'getelementptr' 'buf_V_10_addr' <Predicate = true> <Delay = 0.00>
ST_1 : Operation 129 [1/1] (0.00ns)   --->   "%buf_V_9_addr = getelementptr i4 %buf_V_9, i64 0, i64 %zext_ln156_cast"   --->   Operation 129 'getelementptr' 'buf_V_9_addr' <Predicate = true> <Delay = 0.00>
ST_1 : Operation 130 [1/1] (0.00ns)   --->   "%buf_V_8_addr = getelementptr i4 %buf_V_8, i64 0, i64 %zext_ln156_cast"   --->   Operation 130 'getelementptr' 'buf_V_8_addr' <Predicate = true> <Delay = 0.00>
ST_1 : Operation 131 [1/1] (0.00ns)   --->   "%buf_V_7_addr = getelementptr i4 %buf_V_7, i64 0, i64 %zext_ln156_cast"   --->   Operation 131 'getelementptr' 'buf_V_7_addr' <Predicate = true> <Delay = 0.00>
ST_1 : Operation 132 [1/1] (0.00ns)   --->   "%buf_V_6_addr = getelementptr i4 %buf_V_6, i64 0, i64 %zext_ln156_cast"   --->   Operation 132 'getelementptr' 'buf_V_6_addr' <Predicate = true> <Delay = 0.00>
ST_1 : Operation 133 [1/1] (0.00ns)   --->   "%buf_V_5_addr = getelementptr i4 %buf_V_5, i64 0, i64 %zext_ln156_cast"   --->   Operation 133 'getelementptr' 'buf_V_5_addr' <Predicate = true> <Delay = 0.00>
ST_1 : Operation 134 [1/1] (0.00ns)   --->   "%buf_V_4_addr = getelementptr i4 %buf_V_4, i64 0, i64 %zext_ln156_cast"   --->   Operation 134 'getelementptr' 'buf_V_4_addr' <Predicate = true> <Delay = 0.00>
ST_1 : Operation 135 [1/1] (0.00ns)   --->   "%buf_V_3_addr = getelementptr i4 %buf_V_3, i64 0, i64 %zext_ln156_cast"   --->   Operation 135 'getelementptr' 'buf_V_3_addr' <Predicate = true> <Delay = 0.00>
ST_1 : Operation 136 [1/1] (0.00ns)   --->   "%buf_V_2_addr = getelementptr i4 %buf_V_2, i64 0, i64 %zext_ln156_cast"   --->   Operation 136 'getelementptr' 'buf_V_2_addr' <Predicate = true> <Delay = 0.00>
ST_1 : Operation 137 [1/1] (0.00ns)   --->   "%buf_V_1_addr = getelementptr i4 %buf_V_1, i64 0, i64 %zext_ln156_cast"   --->   Operation 137 'getelementptr' 'buf_V_1_addr' <Predicate = true> <Delay = 0.00>
ST_1 : Operation 138 [1/1] (0.00ns)   --->   "%buf_V_addr = getelementptr i4 %buf_V, i64 0, i64 %zext_ln156_cast"   --->   Operation 138 'getelementptr' 'buf_V_addr' <Predicate = true> <Delay = 0.00>
ST_1 : Operation 139 [1/1] (0.95ns)   --->   "%icmp_ln158 = icmp_eq  i2 %kx_1, i2 2" [/home/miguel_tfg/FINN-v0.9-Stable/deps/finn-hlslib/maxpool.h:158]   --->   Operation 139 'icmp' 'icmp_ln158' <Predicate = true> <Delay = 0.95> <CoreInst = "Cmp">   --->   Core 9 'Cmp' <Latency = 0> <II = 1> <Delay = 0.95> <FuncUnit> <Opcode : 'icmp'> <InPorts = 2> <OutPorts = 1>
ST_1 : Operation 140 [1/1] (0.00ns)   --->   "%empty = speclooptripcount i32 @_ssdm_op_SpecLoopTripCount, i64 2, i64 2, i64 2"   --->   Operation 140 'speclooptripcount' 'empty' <Predicate = true> <Delay = 0.00>
ST_1 : Operation 141 [1/1] (1.56ns)   --->   "%kx_2 = add i2 %kx_1, i2 1" [/home/miguel_tfg/FINN-v0.9-Stable/deps/finn-hlslib/maxpool.h:158]   --->   Operation 141 'add' 'kx_2' <Predicate = true> <Delay = 1.56> <CoreInst = "Adder">   --->   Core 1 'Adder' <Latency = 0> <II = 1> <Delay = 1.56> <FuncUnit> <Opcode : 'add' 'sub'> <InPorts = 2> <OutPorts = 1>
ST_1 : Operation 142 [1/1] (0.00ns)   --->   "%br_ln158 = br i1 %icmp_ln158, void %for.body39.split, void %for.inc56.exitStub" [/home/miguel_tfg/FINN-v0.9-Stable/deps/finn-hlslib/maxpool.h:158]   --->   Operation 142 'br' 'br_ln158' <Predicate = true> <Delay = 0.00>
ST_1 : Operation 143 [1/1] (0.00ns)   --->   "%oldMax_V_load = load i4 %oldMax_V" [/home/miguel_tfg/FINN-v0.9-Stable/deps/finn-hlslib/maxpool.h:167]   --->   Operation 143 'load' 'oldMax_V_load' <Predicate = (!icmp_ln158)> <Delay = 0.00>
ST_1 : Operation 144 [1/1] (0.00ns)   --->   "%oldMax_V_1_load = load i4 %oldMax_V_1" [/home/miguel_tfg/FINN-v0.9-Stable/deps/finn-hlslib/maxpool.h:167]   --->   Operation 144 'load' 'oldMax_V_1_load' <Predicate = (!icmp_ln158)> <Delay = 0.00>
ST_1 : Operation 145 [1/1] (0.00ns)   --->   "%oldMax_V_2_load = load i4 %oldMax_V_2" [/home/miguel_tfg/FINN-v0.9-Stable/deps/finn-hlslib/maxpool.h:167]   --->   Operation 145 'load' 'oldMax_V_2_load' <Predicate = (!icmp_ln158)> <Delay = 0.00>
ST_1 : Operation 146 [1/1] (0.00ns)   --->   "%oldMax_V_3_load = load i4 %oldMax_V_3" [/home/miguel_tfg/FINN-v0.9-Stable/deps/finn-hlslib/maxpool.h:167]   --->   Operation 146 'load' 'oldMax_V_3_load' <Predicate = (!icmp_ln158)> <Delay = 0.00>
ST_1 : Operation 147 [1/1] (0.00ns)   --->   "%oldMax_V_4_load = load i4 %oldMax_V_4" [/home/miguel_tfg/FINN-v0.9-Stable/deps/finn-hlslib/maxpool.h:167]   --->   Operation 147 'load' 'oldMax_V_4_load' <Predicate = (!icmp_ln158)> <Delay = 0.00>
ST_1 : Operation 148 [1/1] (0.00ns)   --->   "%oldMax_V_5_load = load i4 %oldMax_V_5" [/home/miguel_tfg/FINN-v0.9-Stable/deps/finn-hlslib/maxpool.h:167]   --->   Operation 148 'load' 'oldMax_V_5_load' <Predicate = (!icmp_ln158)> <Delay = 0.00>
ST_1 : Operation 149 [1/1] (0.00ns)   --->   "%oldMax_V_6_load = load i4 %oldMax_V_6" [/home/miguel_tfg/FINN-v0.9-Stable/deps/finn-hlslib/maxpool.h:167]   --->   Operation 149 'load' 'oldMax_V_6_load' <Predicate = (!icmp_ln158)> <Delay = 0.00>
ST_1 : Operation 150 [1/1] (0.00ns)   --->   "%oldMax_V_7_load = load i4 %oldMax_V_7" [/home/miguel_tfg/FINN-v0.9-Stable/deps/finn-hlslib/maxpool.h:167]   --->   Operation 150 'load' 'oldMax_V_7_load' <Predicate = (!icmp_ln158)> <Delay = 0.00>
ST_1 : Operation 151 [1/1] (0.00ns)   --->   "%oldMax_V_8_load = load i4 %oldMax_V_8" [/home/miguel_tfg/FINN-v0.9-Stable/deps/finn-hlslib/maxpool.h:167]   --->   Operation 151 'load' 'oldMax_V_8_load' <Predicate = (!icmp_ln158)> <Delay = 0.00>
ST_1 : Operation 152 [1/1] (0.00ns)   --->   "%oldMax_V_9_load = load i4 %oldMax_V_9" [/home/miguel_tfg/FINN-v0.9-Stable/deps/finn-hlslib/maxpool.h:167]   --->   Operation 152 'load' 'oldMax_V_9_load' <Predicate = (!icmp_ln158)> <Delay = 0.00>
ST_1 : Operation 153 [1/1] (0.00ns)   --->   "%oldMax_V_10_load = load i4 %oldMax_V_10" [/home/miguel_tfg/FINN-v0.9-Stable/deps/finn-hlslib/maxpool.h:167]   --->   Operation 153 'load' 'oldMax_V_10_load' <Predicate = (!icmp_ln158)> <Delay = 0.00>
ST_1 : Operation 154 [1/1] (0.00ns)   --->   "%oldMax_V_11_load = load i4 %oldMax_V_11" [/home/miguel_tfg/FINN-v0.9-Stable/deps/finn-hlslib/maxpool.h:167]   --->   Operation 154 'load' 'oldMax_V_11_load' <Predicate = (!icmp_ln158)> <Delay = 0.00>
ST_1 : Operation 155 [1/1] (0.00ns)   --->   "%oldMax_V_12_load = load i4 %oldMax_V_12" [/home/miguel_tfg/FINN-v0.9-Stable/deps/finn-hlslib/maxpool.h:167]   --->   Operation 155 'load' 'oldMax_V_12_load' <Predicate = (!icmp_ln158)> <Delay = 0.00>
ST_1 : Operation 156 [1/1] (0.00ns)   --->   "%oldMax_V_13_load = load i4 %oldMax_V_13" [/home/miguel_tfg/FINN-v0.9-Stable/deps/finn-hlslib/maxpool.h:167]   --->   Operation 156 'load' 'oldMax_V_13_load' <Predicate = (!icmp_ln158)> <Delay = 0.00>
ST_1 : Operation 157 [1/1] (0.00ns)   --->   "%oldMax_V_14_load = load i4 %oldMax_V_14" [/home/miguel_tfg/FINN-v0.9-Stable/deps/finn-hlslib/maxpool.h:167]   --->   Operation 157 'load' 'oldMax_V_14_load' <Predicate = (!icmp_ln158)> <Delay = 0.00>
ST_1 : Operation 158 [1/1] (0.00ns)   --->   "%oldMax_V_15_load = load i4 %oldMax_V_15" [/home/miguel_tfg/FINN-v0.9-Stable/deps/finn-hlslib/maxpool.h:167]   --->   Operation 158 'load' 'oldMax_V_15_load' <Predicate = (!icmp_ln158)> <Delay = 0.00>
ST_1 : Operation 159 [1/1] (0.00ns)   --->   "%oldMax_V_16_load = load i4 %oldMax_V_16" [/home/miguel_tfg/FINN-v0.9-Stable/deps/finn-hlslib/maxpool.h:167]   --->   Operation 159 'load' 'oldMax_V_16_load' <Predicate = (!icmp_ln158)> <Delay = 0.00>
ST_1 : Operation 160 [1/1] (0.00ns)   --->   "%oldMax_V_17_load = load i4 %oldMax_V_17" [/home/miguel_tfg/FINN-v0.9-Stable/deps/finn-hlslib/maxpool.h:167]   --->   Operation 160 'load' 'oldMax_V_17_load' <Predicate = (!icmp_ln158)> <Delay = 0.00>
ST_1 : Operation 161 [1/1] (0.00ns)   --->   "%oldMax_V_18_load = load i4 %oldMax_V_18" [/home/miguel_tfg/FINN-v0.9-Stable/deps/finn-hlslib/maxpool.h:167]   --->   Operation 161 'load' 'oldMax_V_18_load' <Predicate = (!icmp_ln158)> <Delay = 0.00>
ST_1 : Operation 162 [1/1] (0.00ns)   --->   "%oldMax_V_19_load = load i4 %oldMax_V_19" [/home/miguel_tfg/FINN-v0.9-Stable/deps/finn-hlslib/maxpool.h:167]   --->   Operation 162 'load' 'oldMax_V_19_load' <Predicate = (!icmp_ln158)> <Delay = 0.00>
ST_1 : Operation 163 [1/1] (0.00ns)   --->   "%oldMax_V_20_load = load i4 %oldMax_V_20" [/home/miguel_tfg/FINN-v0.9-Stable/deps/finn-hlslib/maxpool.h:167]   --->   Operation 163 'load' 'oldMax_V_20_load' <Predicate = (!icmp_ln158)> <Delay = 0.00>
ST_1 : Operation 164 [1/1] (0.00ns)   --->   "%oldMax_V_21_load = load i4 %oldMax_V_21" [/home/miguel_tfg/FINN-v0.9-Stable/deps/finn-hlslib/maxpool.h:167]   --->   Operation 164 'load' 'oldMax_V_21_load' <Predicate = (!icmp_ln158)> <Delay = 0.00>
ST_1 : Operation 165 [1/1] (0.00ns)   --->   "%oldMax_V_22_load = load i4 %oldMax_V_22" [/home/miguel_tfg/FINN-v0.9-Stable/deps/finn-hlslib/maxpool.h:167]   --->   Operation 165 'load' 'oldMax_V_22_load' <Predicate = (!icmp_ln158)> <Delay = 0.00>
ST_1 : Operation 166 [1/1] (0.00ns)   --->   "%oldMax_V_23_load = load i4 %oldMax_V_23" [/home/miguel_tfg/FINN-v0.9-Stable/deps/finn-hlslib/maxpool.h:167]   --->   Operation 166 'load' 'oldMax_V_23_load' <Predicate = (!icmp_ln158)> <Delay = 0.00>
ST_1 : Operation 167 [1/1] (0.00ns)   --->   "%oldMax_V_24_load = load i4 %oldMax_V_24" [/home/miguel_tfg/FINN-v0.9-Stable/deps/finn-hlslib/maxpool.h:167]   --->   Operation 167 'load' 'oldMax_V_24_load' <Predicate = (!icmp_ln158)> <Delay = 0.00>
ST_1 : Operation 168 [1/1] (0.00ns)   --->   "%oldMax_V_25_load = load i4 %oldMax_V_25" [/home/miguel_tfg/FINN-v0.9-Stable/deps/finn-hlslib/maxpool.h:167]   --->   Operation 168 'load' 'oldMax_V_25_load' <Predicate = (!icmp_ln158)> <Delay = 0.00>
ST_1 : Operation 169 [1/1] (0.00ns)   --->   "%oldMax_V_26_load = load i4 %oldMax_V_26" [/home/miguel_tfg/FINN-v0.9-Stable/deps/finn-hlslib/maxpool.h:167]   --->   Operation 169 'load' 'oldMax_V_26_load' <Predicate = (!icmp_ln158)> <Delay = 0.00>
ST_1 : Operation 170 [1/1] (0.00ns)   --->   "%oldMax_V_27_load = load i4 %oldMax_V_27" [/home/miguel_tfg/FINN-v0.9-Stable/deps/finn-hlslib/maxpool.h:167]   --->   Operation 170 'load' 'oldMax_V_27_load' <Predicate = (!icmp_ln158)> <Delay = 0.00>
ST_1 : Operation 171 [1/1] (0.00ns)   --->   "%oldMax_V_28_load = load i4 %oldMax_V_28" [/home/miguel_tfg/FINN-v0.9-Stable/deps/finn-hlslib/maxpool.h:167]   --->   Operation 171 'load' 'oldMax_V_28_load' <Predicate = (!icmp_ln158)> <Delay = 0.00>
ST_1 : Operation 172 [1/1] (0.00ns)   --->   "%oldMax_V_29_load = load i4 %oldMax_V_29" [/home/miguel_tfg/FINN-v0.9-Stable/deps/finn-hlslib/maxpool.h:167]   --->   Operation 172 'load' 'oldMax_V_29_load' <Predicate = (!icmp_ln158)> <Delay = 0.00>
ST_1 : Operation 173 [1/1] (0.00ns)   --->   "%oldMax_V_30_load = load i4 %oldMax_V_30" [/home/miguel_tfg/FINN-v0.9-Stable/deps/finn-hlslib/maxpool.h:167]   --->   Operation 173 'load' 'oldMax_V_30_load' <Predicate = (!icmp_ln158)> <Delay = 0.00>
ST_1 : Operation 174 [1/1] (0.00ns)   --->   "%oldMax_V_31_load = load i4 %oldMax_V_31" [/home/miguel_tfg/FINN-v0.9-Stable/deps/finn-hlslib/maxpool.h:167]   --->   Operation 174 'load' 'oldMax_V_31_load' <Predicate = (!icmp_ln158)> <Delay = 0.00>
ST_1 : Operation 175 [1/1] (0.00ns)   --->   "%specpipeline_ln159 = specpipeline void @_ssdm_op_SpecPipeline, i32 1, i32 2, i32 0, i32 0, void @empty_1" [/home/miguel_tfg/FINN-v0.9-Stable/deps/finn-hlslib/maxpool.h:159]   --->   Operation 175 'specpipeline' 'specpipeline_ln159' <Predicate = (!icmp_ln158)> <Delay = 0.00>
ST_1 : Operation 176 [1/1] (0.00ns)   --->   "%specloopname_ln158 = specloopname void @_ssdm_op_SpecLoopName, void @empty_4" [/home/miguel_tfg/FINN-v0.9-Stable/deps/finn-hlslib/maxpool.h:158]   --->   Operation 176 'specloopname' 'specloopname_ln158' <Predicate = (!icmp_ln158)> <Delay = 0.00>
ST_1 : Operation 177 [1/1] (0.00ns)   --->   "%inputData_V = read i128 @_ssdm_op_Read.axis.volatile.i128P128A, i128 %in0_V" [/home/miguel_tfg/FINN-v0.9-Stable/deps/finn-hlslib/maxpool.h:160]   --->   Operation 177 'read' 'inputData_V' <Predicate = (!icmp_ln158)> <Delay = 0.00> <CoreInst = "axis">   --->   Core 115 'axis' <Latency = 0> <II = 1> <Delay = 1.00> <Adapter> <Opcode : >
ST_1 : Operation 178 [1/1] (0.00ns)   --->   "%channeldata_V = trunc i128 %inputData_V"   --->   Operation 178 'trunc' 'channeldata_V' <Predicate = (!icmp_ln158)> <Delay = 0.00>
ST_1 : Operation 179 [1/1] (1.30ns)   --->   "%icmp_ln1035 = icmp_ugt  i4 %channeldata_V, i4 %oldMax_V_load"   --->   Operation 179 'icmp' 'icmp_ln1035' <Predicate = (!icmp_ln158)> <Delay = 1.30> <CoreInst = "Cmp">   --->   Core 9 'Cmp' <Latency = 0> <II = 1> <Delay = 1.30> <FuncUnit> <Opcode : 'icmp'> <InPorts = 2> <OutPorts = 1>
ST_1 : Operation 180 [1/1] (1.02ns)   --->   "%select_ln167 = select i1 %icmp_ln1035, i4 %channeldata_V, i4 %oldMax_V_load" [/home/miguel_tfg/FINN-v0.9-Stable/deps/finn-hlslib/maxpool.h:167]   --->   Operation 180 'select' 'select_ln167' <Predicate = (!icmp_ln158)> <Delay = 1.02> <CoreInst = "Sel">   --->   Core 73 'Sel' <Latency = 0> <II = 1> <Delay = 1.02> <FuncUnit> <Opcode : 'select'> <InPorts = 3> <OutPorts = 1>
ST_1 : Operation 181 [1/1] (0.00ns)   --->   "%channeldata_V_1 = partselect i4 @_ssdm_op_PartSelect.i4.i128.i32.i32, i128 %inputData_V, i32 4, i32 7"   --->   Operation 181 'partselect' 'channeldata_V_1' <Predicate = (!icmp_ln158)> <Delay = 0.00>
ST_1 : Operation 182 [1/1] (1.30ns)   --->   "%icmp_ln1035_1 = icmp_ugt  i4 %channeldata_V_1, i4 %oldMax_V_1_load"   --->   Operation 182 'icmp' 'icmp_ln1035_1' <Predicate = (!icmp_ln158)> <Delay = 1.30> <CoreInst = "Cmp">   --->   Core 9 'Cmp' <Latency = 0> <II = 1> <Delay = 1.30> <FuncUnit> <Opcode : 'icmp'> <InPorts = 2> <OutPorts = 1>
ST_1 : Operation 183 [1/1] (1.02ns)   --->   "%select_ln167_1 = select i1 %icmp_ln1035_1, i4 %channeldata_V_1, i4 %oldMax_V_1_load" [/home/miguel_tfg/FINN-v0.9-Stable/deps/finn-hlslib/maxpool.h:167]   --->   Operation 183 'select' 'select_ln167_1' <Predicate = (!icmp_ln158)> <Delay = 1.02> <CoreInst = "Sel">   --->   Core 73 'Sel' <Latency = 0> <II = 1> <Delay = 1.02> <FuncUnit> <Opcode : 'select'> <InPorts = 3> <OutPorts = 1>
ST_1 : Operation 184 [1/1] (0.00ns)   --->   "%channeldata_V_2 = partselect i4 @_ssdm_op_PartSelect.i4.i128.i32.i32, i128 %inputData_V, i32 8, i32 11"   --->   Operation 184 'partselect' 'channeldata_V_2' <Predicate = (!icmp_ln158)> <Delay = 0.00>
ST_1 : Operation 185 [1/1] (1.30ns)   --->   "%icmp_ln1035_2 = icmp_ugt  i4 %channeldata_V_2, i4 %oldMax_V_2_load"   --->   Operation 185 'icmp' 'icmp_ln1035_2' <Predicate = (!icmp_ln158)> <Delay = 1.30> <CoreInst = "Cmp">   --->   Core 9 'Cmp' <Latency = 0> <II = 1> <Delay = 1.30> <FuncUnit> <Opcode : 'icmp'> <InPorts = 2> <OutPorts = 1>
ST_1 : Operation 186 [1/1] (1.02ns)   --->   "%select_ln167_2 = select i1 %icmp_ln1035_2, i4 %channeldata_V_2, i4 %oldMax_V_2_load" [/home/miguel_tfg/FINN-v0.9-Stable/deps/finn-hlslib/maxpool.h:167]   --->   Operation 186 'select' 'select_ln167_2' <Predicate = (!icmp_ln158)> <Delay = 1.02> <CoreInst = "Sel">   --->   Core 73 'Sel' <Latency = 0> <II = 1> <Delay = 1.02> <FuncUnit> <Opcode : 'select'> <InPorts = 3> <OutPorts = 1>
ST_1 : Operation 187 [1/1] (0.00ns)   --->   "%channeldata_V_3 = partselect i4 @_ssdm_op_PartSelect.i4.i128.i32.i32, i128 %inputData_V, i32 12, i32 15"   --->   Operation 187 'partselect' 'channeldata_V_3' <Predicate = (!icmp_ln158)> <Delay = 0.00>
ST_1 : Operation 188 [1/1] (1.30ns)   --->   "%icmp_ln1035_3 = icmp_ugt  i4 %channeldata_V_3, i4 %oldMax_V_3_load"   --->   Operation 188 'icmp' 'icmp_ln1035_3' <Predicate = (!icmp_ln158)> <Delay = 1.30> <CoreInst = "Cmp">   --->   Core 9 'Cmp' <Latency = 0> <II = 1> <Delay = 1.30> <FuncUnit> <Opcode : 'icmp'> <InPorts = 2> <OutPorts = 1>
ST_1 : Operation 189 [1/1] (1.02ns)   --->   "%select_ln167_3 = select i1 %icmp_ln1035_3, i4 %channeldata_V_3, i4 %oldMax_V_3_load" [/home/miguel_tfg/FINN-v0.9-Stable/deps/finn-hlslib/maxpool.h:167]   --->   Operation 189 'select' 'select_ln167_3' <Predicate = (!icmp_ln158)> <Delay = 1.02> <CoreInst = "Sel">   --->   Core 73 'Sel' <Latency = 0> <II = 1> <Delay = 1.02> <FuncUnit> <Opcode : 'select'> <InPorts = 3> <OutPorts = 1>
ST_1 : Operation 190 [1/1] (0.00ns)   --->   "%channeldata_V_4 = partselect i4 @_ssdm_op_PartSelect.i4.i128.i32.i32, i128 %inputData_V, i32 16, i32 19"   --->   Operation 190 'partselect' 'channeldata_V_4' <Predicate = (!icmp_ln158)> <Delay = 0.00>
ST_1 : Operation 191 [1/1] (1.30ns)   --->   "%icmp_ln1035_4 = icmp_ugt  i4 %channeldata_V_4, i4 %oldMax_V_4_load"   --->   Operation 191 'icmp' 'icmp_ln1035_4' <Predicate = (!icmp_ln158)> <Delay = 1.30> <CoreInst = "Cmp">   --->   Core 9 'Cmp' <Latency = 0> <II = 1> <Delay = 1.30> <FuncUnit> <Opcode : 'icmp'> <InPorts = 2> <OutPorts = 1>
ST_1 : Operation 192 [1/1] (1.02ns)   --->   "%select_ln167_4 = select i1 %icmp_ln1035_4, i4 %channeldata_V_4, i4 %oldMax_V_4_load" [/home/miguel_tfg/FINN-v0.9-Stable/deps/finn-hlslib/maxpool.h:167]   --->   Operation 192 'select' 'select_ln167_4' <Predicate = (!icmp_ln158)> <Delay = 1.02> <CoreInst = "Sel">   --->   Core 73 'Sel' <Latency = 0> <II = 1> <Delay = 1.02> <FuncUnit> <Opcode : 'select'> <InPorts = 3> <OutPorts = 1>
ST_1 : Operation 193 [1/1] (0.00ns)   --->   "%channeldata_V_5 = partselect i4 @_ssdm_op_PartSelect.i4.i128.i32.i32, i128 %inputData_V, i32 20, i32 23"   --->   Operation 193 'partselect' 'channeldata_V_5' <Predicate = (!icmp_ln158)> <Delay = 0.00>
ST_1 : Operation 194 [1/1] (1.30ns)   --->   "%icmp_ln1035_5 = icmp_ugt  i4 %channeldata_V_5, i4 %oldMax_V_5_load"   --->   Operation 194 'icmp' 'icmp_ln1035_5' <Predicate = (!icmp_ln158)> <Delay = 1.30> <CoreInst = "Cmp">   --->   Core 9 'Cmp' <Latency = 0> <II = 1> <Delay = 1.30> <FuncUnit> <Opcode : 'icmp'> <InPorts = 2> <OutPorts = 1>
ST_1 : Operation 195 [1/1] (1.02ns)   --->   "%select_ln167_5 = select i1 %icmp_ln1035_5, i4 %channeldata_V_5, i4 %oldMax_V_5_load" [/home/miguel_tfg/FINN-v0.9-Stable/deps/finn-hlslib/maxpool.h:167]   --->   Operation 195 'select' 'select_ln167_5' <Predicate = (!icmp_ln158)> <Delay = 1.02> <CoreInst = "Sel">   --->   Core 73 'Sel' <Latency = 0> <II = 1> <Delay = 1.02> <FuncUnit> <Opcode : 'select'> <InPorts = 3> <OutPorts = 1>
ST_1 : Operation 196 [1/1] (0.00ns)   --->   "%channeldata_V_6 = partselect i4 @_ssdm_op_PartSelect.i4.i128.i32.i32, i128 %inputData_V, i32 24, i32 27"   --->   Operation 196 'partselect' 'channeldata_V_6' <Predicate = (!icmp_ln158)> <Delay = 0.00>
ST_1 : Operation 197 [1/1] (1.30ns)   --->   "%icmp_ln1035_6 = icmp_ugt  i4 %channeldata_V_6, i4 %oldMax_V_6_load"   --->   Operation 197 'icmp' 'icmp_ln1035_6' <Predicate = (!icmp_ln158)> <Delay = 1.30> <CoreInst = "Cmp">   --->   Core 9 'Cmp' <Latency = 0> <II = 1> <Delay = 1.30> <FuncUnit> <Opcode : 'icmp'> <InPorts = 2> <OutPorts = 1>
ST_1 : Operation 198 [1/1] (1.02ns)   --->   "%select_ln167_6 = select i1 %icmp_ln1035_6, i4 %channeldata_V_6, i4 %oldMax_V_6_load" [/home/miguel_tfg/FINN-v0.9-Stable/deps/finn-hlslib/maxpool.h:167]   --->   Operation 198 'select' 'select_ln167_6' <Predicate = (!icmp_ln158)> <Delay = 1.02> <CoreInst = "Sel">   --->   Core 73 'Sel' <Latency = 0> <II = 1> <Delay = 1.02> <FuncUnit> <Opcode : 'select'> <InPorts = 3> <OutPorts = 1>
ST_1 : Operation 199 [1/1] (0.00ns)   --->   "%channeldata_V_7 = partselect i4 @_ssdm_op_PartSelect.i4.i128.i32.i32, i128 %inputData_V, i32 28, i32 31"   --->   Operation 199 'partselect' 'channeldata_V_7' <Predicate = (!icmp_ln158)> <Delay = 0.00>
ST_1 : Operation 200 [1/1] (1.30ns)   --->   "%icmp_ln1035_7 = icmp_ugt  i4 %channeldata_V_7, i4 %oldMax_V_7_load"   --->   Operation 200 'icmp' 'icmp_ln1035_7' <Predicate = (!icmp_ln158)> <Delay = 1.30> <CoreInst = "Cmp">   --->   Core 9 'Cmp' <Latency = 0> <II = 1> <Delay = 1.30> <FuncUnit> <Opcode : 'icmp'> <InPorts = 2> <OutPorts = 1>
ST_1 : Operation 201 [1/1] (1.02ns)   --->   "%select_ln167_7 = select i1 %icmp_ln1035_7, i4 %channeldata_V_7, i4 %oldMax_V_7_load" [/home/miguel_tfg/FINN-v0.9-Stable/deps/finn-hlslib/maxpool.h:167]   --->   Operation 201 'select' 'select_ln167_7' <Predicate = (!icmp_ln158)> <Delay = 1.02> <CoreInst = "Sel">   --->   Core 73 'Sel' <Latency = 0> <II = 1> <Delay = 1.02> <FuncUnit> <Opcode : 'select'> <InPorts = 3> <OutPorts = 1>
ST_1 : Operation 202 [1/1] (0.00ns)   --->   "%channeldata_V_8 = partselect i4 @_ssdm_op_PartSelect.i4.i128.i32.i32, i128 %inputData_V, i32 32, i32 35"   --->   Operation 202 'partselect' 'channeldata_V_8' <Predicate = (!icmp_ln158)> <Delay = 0.00>
ST_1 : Operation 203 [1/1] (1.30ns)   --->   "%icmp_ln1035_8 = icmp_ugt  i4 %channeldata_V_8, i4 %oldMax_V_8_load"   --->   Operation 203 'icmp' 'icmp_ln1035_8' <Predicate = (!icmp_ln158)> <Delay = 1.30> <CoreInst = "Cmp">   --->   Core 9 'Cmp' <Latency = 0> <II = 1> <Delay = 1.30> <FuncUnit> <Opcode : 'icmp'> <InPorts = 2> <OutPorts = 1>
ST_1 : Operation 204 [1/1] (1.02ns)   --->   "%select_ln167_8 = select i1 %icmp_ln1035_8, i4 %channeldata_V_8, i4 %oldMax_V_8_load" [/home/miguel_tfg/FINN-v0.9-Stable/deps/finn-hlslib/maxpool.h:167]   --->   Operation 204 'select' 'select_ln167_8' <Predicate = (!icmp_ln158)> <Delay = 1.02> <CoreInst = "Sel">   --->   Core 73 'Sel' <Latency = 0> <II = 1> <Delay = 1.02> <FuncUnit> <Opcode : 'select'> <InPorts = 3> <OutPorts = 1>
ST_1 : Operation 205 [1/1] (0.00ns)   --->   "%channeldata_V_9 = partselect i4 @_ssdm_op_PartSelect.i4.i128.i32.i32, i128 %inputData_V, i32 36, i32 39"   --->   Operation 205 'partselect' 'channeldata_V_9' <Predicate = (!icmp_ln158)> <Delay = 0.00>
ST_1 : Operation 206 [1/1] (1.30ns)   --->   "%icmp_ln1035_9 = icmp_ugt  i4 %channeldata_V_9, i4 %oldMax_V_9_load"   --->   Operation 206 'icmp' 'icmp_ln1035_9' <Predicate = (!icmp_ln158)> <Delay = 1.30> <CoreInst = "Cmp">   --->   Core 9 'Cmp' <Latency = 0> <II = 1> <Delay = 1.30> <FuncUnit> <Opcode : 'icmp'> <InPorts = 2> <OutPorts = 1>
ST_1 : Operation 207 [1/1] (1.02ns)   --->   "%select_ln167_9 = select i1 %icmp_ln1035_9, i4 %channeldata_V_9, i4 %oldMax_V_9_load" [/home/miguel_tfg/FINN-v0.9-Stable/deps/finn-hlslib/maxpool.h:167]   --->   Operation 207 'select' 'select_ln167_9' <Predicate = (!icmp_ln158)> <Delay = 1.02> <CoreInst = "Sel">   --->   Core 73 'Sel' <Latency = 0> <II = 1> <Delay = 1.02> <FuncUnit> <Opcode : 'select'> <InPorts = 3> <OutPorts = 1>
ST_1 : Operation 208 [1/1] (0.00ns)   --->   "%channeldata_V_10 = partselect i4 @_ssdm_op_PartSelect.i4.i128.i32.i32, i128 %inputData_V, i32 40, i32 43"   --->   Operation 208 'partselect' 'channeldata_V_10' <Predicate = (!icmp_ln158)> <Delay = 0.00>
ST_1 : Operation 209 [1/1] (1.30ns)   --->   "%icmp_ln1035_10 = icmp_ugt  i4 %channeldata_V_10, i4 %oldMax_V_10_load"   --->   Operation 209 'icmp' 'icmp_ln1035_10' <Predicate = (!icmp_ln158)> <Delay = 1.30> <CoreInst = "Cmp">   --->   Core 9 'Cmp' <Latency = 0> <II = 1> <Delay = 1.30> <FuncUnit> <Opcode : 'icmp'> <InPorts = 2> <OutPorts = 1>
ST_1 : Operation 210 [1/1] (1.02ns)   --->   "%select_ln167_10 = select i1 %icmp_ln1035_10, i4 %channeldata_V_10, i4 %oldMax_V_10_load" [/home/miguel_tfg/FINN-v0.9-Stable/deps/finn-hlslib/maxpool.h:167]   --->   Operation 210 'select' 'select_ln167_10' <Predicate = (!icmp_ln158)> <Delay = 1.02> <CoreInst = "Sel">   --->   Core 73 'Sel' <Latency = 0> <II = 1> <Delay = 1.02> <FuncUnit> <Opcode : 'select'> <InPorts = 3> <OutPorts = 1>
ST_1 : Operation 211 [1/1] (0.00ns)   --->   "%channeldata_V_11 = partselect i4 @_ssdm_op_PartSelect.i4.i128.i32.i32, i128 %inputData_V, i32 44, i32 47"   --->   Operation 211 'partselect' 'channeldata_V_11' <Predicate = (!icmp_ln158)> <Delay = 0.00>
ST_1 : Operation 212 [1/1] (1.30ns)   --->   "%icmp_ln1035_11 = icmp_ugt  i4 %channeldata_V_11, i4 %oldMax_V_11_load"   --->   Operation 212 'icmp' 'icmp_ln1035_11' <Predicate = (!icmp_ln158)> <Delay = 1.30> <CoreInst = "Cmp">   --->   Core 9 'Cmp' <Latency = 0> <II = 1> <Delay = 1.30> <FuncUnit> <Opcode : 'icmp'> <InPorts = 2> <OutPorts = 1>
ST_1 : Operation 213 [1/1] (1.02ns)   --->   "%select_ln167_11 = select i1 %icmp_ln1035_11, i4 %channeldata_V_11, i4 %oldMax_V_11_load" [/home/miguel_tfg/FINN-v0.9-Stable/deps/finn-hlslib/maxpool.h:167]   --->   Operation 213 'select' 'select_ln167_11' <Predicate = (!icmp_ln158)> <Delay = 1.02> <CoreInst = "Sel">   --->   Core 73 'Sel' <Latency = 0> <II = 1> <Delay = 1.02> <FuncUnit> <Opcode : 'select'> <InPorts = 3> <OutPorts = 1>
ST_1 : Operation 214 [1/1] (0.00ns)   --->   "%channeldata_V_12 = partselect i4 @_ssdm_op_PartSelect.i4.i128.i32.i32, i128 %inputData_V, i32 48, i32 51"   --->   Operation 214 'partselect' 'channeldata_V_12' <Predicate = (!icmp_ln158)> <Delay = 0.00>
ST_1 : Operation 215 [1/1] (1.30ns)   --->   "%icmp_ln1035_12 = icmp_ugt  i4 %channeldata_V_12, i4 %oldMax_V_12_load"   --->   Operation 215 'icmp' 'icmp_ln1035_12' <Predicate = (!icmp_ln158)> <Delay = 1.30> <CoreInst = "Cmp">   --->   Core 9 'Cmp' <Latency = 0> <II = 1> <Delay = 1.30> <FuncUnit> <Opcode : 'icmp'> <InPorts = 2> <OutPorts = 1>
ST_1 : Operation 216 [1/1] (1.02ns)   --->   "%select_ln167_12 = select i1 %icmp_ln1035_12, i4 %channeldata_V_12, i4 %oldMax_V_12_load" [/home/miguel_tfg/FINN-v0.9-Stable/deps/finn-hlslib/maxpool.h:167]   --->   Operation 216 'select' 'select_ln167_12' <Predicate = (!icmp_ln158)> <Delay = 1.02> <CoreInst = "Sel">   --->   Core 73 'Sel' <Latency = 0> <II = 1> <Delay = 1.02> <FuncUnit> <Opcode : 'select'> <InPorts = 3> <OutPorts = 1>
ST_1 : Operation 217 [1/1] (0.00ns)   --->   "%channeldata_V_13 = partselect i4 @_ssdm_op_PartSelect.i4.i128.i32.i32, i128 %inputData_V, i32 52, i32 55"   --->   Operation 217 'partselect' 'channeldata_V_13' <Predicate = (!icmp_ln158)> <Delay = 0.00>
ST_1 : Operation 218 [1/1] (1.30ns)   --->   "%icmp_ln1035_13 = icmp_ugt  i4 %channeldata_V_13, i4 %oldMax_V_13_load"   --->   Operation 218 'icmp' 'icmp_ln1035_13' <Predicate = (!icmp_ln158)> <Delay = 1.30> <CoreInst = "Cmp">   --->   Core 9 'Cmp' <Latency = 0> <II = 1> <Delay = 1.30> <FuncUnit> <Opcode : 'icmp'> <InPorts = 2> <OutPorts = 1>
ST_1 : Operation 219 [1/1] (1.02ns)   --->   "%select_ln167_13 = select i1 %icmp_ln1035_13, i4 %channeldata_V_13, i4 %oldMax_V_13_load" [/home/miguel_tfg/FINN-v0.9-Stable/deps/finn-hlslib/maxpool.h:167]   --->   Operation 219 'select' 'select_ln167_13' <Predicate = (!icmp_ln158)> <Delay = 1.02> <CoreInst = "Sel">   --->   Core 73 'Sel' <Latency = 0> <II = 1> <Delay = 1.02> <FuncUnit> <Opcode : 'select'> <InPorts = 3> <OutPorts = 1>
ST_1 : Operation 220 [1/1] (0.00ns)   --->   "%channeldata_V_14 = partselect i4 @_ssdm_op_PartSelect.i4.i128.i32.i32, i128 %inputData_V, i32 56, i32 59"   --->   Operation 220 'partselect' 'channeldata_V_14' <Predicate = (!icmp_ln158)> <Delay = 0.00>
ST_1 : Operation 221 [1/1] (1.30ns)   --->   "%icmp_ln1035_14 = icmp_ugt  i4 %channeldata_V_14, i4 %oldMax_V_14_load"   --->   Operation 221 'icmp' 'icmp_ln1035_14' <Predicate = (!icmp_ln158)> <Delay = 1.30> <CoreInst = "Cmp">   --->   Core 9 'Cmp' <Latency = 0> <II = 1> <Delay = 1.30> <FuncUnit> <Opcode : 'icmp'> <InPorts = 2> <OutPorts = 1>
ST_1 : Operation 222 [1/1] (1.02ns)   --->   "%select_ln167_14 = select i1 %icmp_ln1035_14, i4 %channeldata_V_14, i4 %oldMax_V_14_load" [/home/miguel_tfg/FINN-v0.9-Stable/deps/finn-hlslib/maxpool.h:167]   --->   Operation 222 'select' 'select_ln167_14' <Predicate = (!icmp_ln158)> <Delay = 1.02> <CoreInst = "Sel">   --->   Core 73 'Sel' <Latency = 0> <II = 1> <Delay = 1.02> <FuncUnit> <Opcode : 'select'> <InPorts = 3> <OutPorts = 1>
ST_1 : Operation 223 [1/1] (0.00ns)   --->   "%channeldata_V_15 = partselect i4 @_ssdm_op_PartSelect.i4.i128.i32.i32, i128 %inputData_V, i32 60, i32 63"   --->   Operation 223 'partselect' 'channeldata_V_15' <Predicate = (!icmp_ln158)> <Delay = 0.00>
ST_1 : Operation 224 [1/1] (1.30ns)   --->   "%icmp_ln1035_15 = icmp_ugt  i4 %channeldata_V_15, i4 %oldMax_V_15_load"   --->   Operation 224 'icmp' 'icmp_ln1035_15' <Predicate = (!icmp_ln158)> <Delay = 1.30> <CoreInst = "Cmp">   --->   Core 9 'Cmp' <Latency = 0> <II = 1> <Delay = 1.30> <FuncUnit> <Opcode : 'icmp'> <InPorts = 2> <OutPorts = 1>
ST_1 : Operation 225 [1/1] (1.02ns)   --->   "%select_ln167_15 = select i1 %icmp_ln1035_15, i4 %channeldata_V_15, i4 %oldMax_V_15_load" [/home/miguel_tfg/FINN-v0.9-Stable/deps/finn-hlslib/maxpool.h:167]   --->   Operation 225 'select' 'select_ln167_15' <Predicate = (!icmp_ln158)> <Delay = 1.02> <CoreInst = "Sel">   --->   Core 73 'Sel' <Latency = 0> <II = 1> <Delay = 1.02> <FuncUnit> <Opcode : 'select'> <InPorts = 3> <OutPorts = 1>
ST_1 : Operation 226 [1/1] (0.00ns)   --->   "%channeldata_V_16 = partselect i4 @_ssdm_op_PartSelect.i4.i128.i32.i32, i128 %inputData_V, i32 64, i32 67"   --->   Operation 226 'partselect' 'channeldata_V_16' <Predicate = (!icmp_ln158)> <Delay = 0.00>
ST_1 : Operation 227 [1/1] (1.30ns)   --->   "%icmp_ln1035_16 = icmp_ugt  i4 %channeldata_V_16, i4 %oldMax_V_16_load"   --->   Operation 227 'icmp' 'icmp_ln1035_16' <Predicate = (!icmp_ln158)> <Delay = 1.30> <CoreInst = "Cmp">   --->   Core 9 'Cmp' <Latency = 0> <II = 1> <Delay = 1.30> <FuncUnit> <Opcode : 'icmp'> <InPorts = 2> <OutPorts = 1>
ST_1 : Operation 228 [1/1] (1.02ns)   --->   "%select_ln167_16 = select i1 %icmp_ln1035_16, i4 %channeldata_V_16, i4 %oldMax_V_16_load" [/home/miguel_tfg/FINN-v0.9-Stable/deps/finn-hlslib/maxpool.h:167]   --->   Operation 228 'select' 'select_ln167_16' <Predicate = (!icmp_ln158)> <Delay = 1.02> <CoreInst = "Sel">   --->   Core 73 'Sel' <Latency = 0> <II = 1> <Delay = 1.02> <FuncUnit> <Opcode : 'select'> <InPorts = 3> <OutPorts = 1>
ST_1 : Operation 229 [1/1] (0.00ns)   --->   "%channeldata_V_17 = partselect i4 @_ssdm_op_PartSelect.i4.i128.i32.i32, i128 %inputData_V, i32 68, i32 71"   --->   Operation 229 'partselect' 'channeldata_V_17' <Predicate = (!icmp_ln158)> <Delay = 0.00>
ST_1 : Operation 230 [1/1] (1.30ns)   --->   "%icmp_ln1035_17 = icmp_ugt  i4 %channeldata_V_17, i4 %oldMax_V_17_load"   --->   Operation 230 'icmp' 'icmp_ln1035_17' <Predicate = (!icmp_ln158)> <Delay = 1.30> <CoreInst = "Cmp">   --->   Core 9 'Cmp' <Latency = 0> <II = 1> <Delay = 1.30> <FuncUnit> <Opcode : 'icmp'> <InPorts = 2> <OutPorts = 1>
ST_1 : Operation 231 [1/1] (1.02ns)   --->   "%select_ln167_17 = select i1 %icmp_ln1035_17, i4 %channeldata_V_17, i4 %oldMax_V_17_load" [/home/miguel_tfg/FINN-v0.9-Stable/deps/finn-hlslib/maxpool.h:167]   --->   Operation 231 'select' 'select_ln167_17' <Predicate = (!icmp_ln158)> <Delay = 1.02> <CoreInst = "Sel">   --->   Core 73 'Sel' <Latency = 0> <II = 1> <Delay = 1.02> <FuncUnit> <Opcode : 'select'> <InPorts = 3> <OutPorts = 1>
ST_1 : Operation 232 [1/1] (0.00ns)   --->   "%channeldata_V_18 = partselect i4 @_ssdm_op_PartSelect.i4.i128.i32.i32, i128 %inputData_V, i32 72, i32 75"   --->   Operation 232 'partselect' 'channeldata_V_18' <Predicate = (!icmp_ln158)> <Delay = 0.00>
ST_1 : Operation 233 [1/1] (1.30ns)   --->   "%icmp_ln1035_18 = icmp_ugt  i4 %channeldata_V_18, i4 %oldMax_V_18_load"   --->   Operation 233 'icmp' 'icmp_ln1035_18' <Predicate = (!icmp_ln158)> <Delay = 1.30> <CoreInst = "Cmp">   --->   Core 9 'Cmp' <Latency = 0> <II = 1> <Delay = 1.30> <FuncUnit> <Opcode : 'icmp'> <InPorts = 2> <OutPorts = 1>
ST_1 : Operation 234 [1/1] (1.02ns)   --->   "%select_ln167_18 = select i1 %icmp_ln1035_18, i4 %channeldata_V_18, i4 %oldMax_V_18_load" [/home/miguel_tfg/FINN-v0.9-Stable/deps/finn-hlslib/maxpool.h:167]   --->   Operation 234 'select' 'select_ln167_18' <Predicate = (!icmp_ln158)> <Delay = 1.02> <CoreInst = "Sel">   --->   Core 73 'Sel' <Latency = 0> <II = 1> <Delay = 1.02> <FuncUnit> <Opcode : 'select'> <InPorts = 3> <OutPorts = 1>
ST_1 : Operation 235 [1/1] (0.00ns)   --->   "%channeldata_V_19 = partselect i4 @_ssdm_op_PartSelect.i4.i128.i32.i32, i128 %inputData_V, i32 76, i32 79"   --->   Operation 235 'partselect' 'channeldata_V_19' <Predicate = (!icmp_ln158)> <Delay = 0.00>
ST_1 : Operation 236 [1/1] (1.30ns)   --->   "%icmp_ln1035_19 = icmp_ugt  i4 %channeldata_V_19, i4 %oldMax_V_19_load"   --->   Operation 236 'icmp' 'icmp_ln1035_19' <Predicate = (!icmp_ln158)> <Delay = 1.30> <CoreInst = "Cmp">   --->   Core 9 'Cmp' <Latency = 0> <II = 1> <Delay = 1.30> <FuncUnit> <Opcode : 'icmp'> <InPorts = 2> <OutPorts = 1>
ST_1 : Operation 237 [1/1] (1.02ns)   --->   "%select_ln167_19 = select i1 %icmp_ln1035_19, i4 %channeldata_V_19, i4 %oldMax_V_19_load" [/home/miguel_tfg/FINN-v0.9-Stable/deps/finn-hlslib/maxpool.h:167]   --->   Operation 237 'select' 'select_ln167_19' <Predicate = (!icmp_ln158)> <Delay = 1.02> <CoreInst = "Sel">   --->   Core 73 'Sel' <Latency = 0> <II = 1> <Delay = 1.02> <FuncUnit> <Opcode : 'select'> <InPorts = 3> <OutPorts = 1>
ST_1 : Operation 238 [1/1] (0.00ns)   --->   "%channeldata_V_20 = partselect i4 @_ssdm_op_PartSelect.i4.i128.i32.i32, i128 %inputData_V, i32 80, i32 83"   --->   Operation 238 'partselect' 'channeldata_V_20' <Predicate = (!icmp_ln158)> <Delay = 0.00>
ST_1 : Operation 239 [1/1] (1.30ns)   --->   "%icmp_ln1035_20 = icmp_ugt  i4 %channeldata_V_20, i4 %oldMax_V_20_load"   --->   Operation 239 'icmp' 'icmp_ln1035_20' <Predicate = (!icmp_ln158)> <Delay = 1.30> <CoreInst = "Cmp">   --->   Core 9 'Cmp' <Latency = 0> <II = 1> <Delay = 1.30> <FuncUnit> <Opcode : 'icmp'> <InPorts = 2> <OutPorts = 1>
ST_1 : Operation 240 [1/1] (1.02ns)   --->   "%select_ln167_20 = select i1 %icmp_ln1035_20, i4 %channeldata_V_20, i4 %oldMax_V_20_load" [/home/miguel_tfg/FINN-v0.9-Stable/deps/finn-hlslib/maxpool.h:167]   --->   Operation 240 'select' 'select_ln167_20' <Predicate = (!icmp_ln158)> <Delay = 1.02> <CoreInst = "Sel">   --->   Core 73 'Sel' <Latency = 0> <II = 1> <Delay = 1.02> <FuncUnit> <Opcode : 'select'> <InPorts = 3> <OutPorts = 1>
ST_1 : Operation 241 [1/1] (0.00ns)   --->   "%channeldata_V_21 = partselect i4 @_ssdm_op_PartSelect.i4.i128.i32.i32, i128 %inputData_V, i32 84, i32 87"   --->   Operation 241 'partselect' 'channeldata_V_21' <Predicate = (!icmp_ln158)> <Delay = 0.00>
ST_1 : Operation 242 [1/1] (1.30ns)   --->   "%icmp_ln1035_21 = icmp_ugt  i4 %channeldata_V_21, i4 %oldMax_V_21_load"   --->   Operation 242 'icmp' 'icmp_ln1035_21' <Predicate = (!icmp_ln158)> <Delay = 1.30> <CoreInst = "Cmp">   --->   Core 9 'Cmp' <Latency = 0> <II = 1> <Delay = 1.30> <FuncUnit> <Opcode : 'icmp'> <InPorts = 2> <OutPorts = 1>
ST_1 : Operation 243 [1/1] (1.02ns)   --->   "%select_ln167_21 = select i1 %icmp_ln1035_21, i4 %channeldata_V_21, i4 %oldMax_V_21_load" [/home/miguel_tfg/FINN-v0.9-Stable/deps/finn-hlslib/maxpool.h:167]   --->   Operation 243 'select' 'select_ln167_21' <Predicate = (!icmp_ln158)> <Delay = 1.02> <CoreInst = "Sel">   --->   Core 73 'Sel' <Latency = 0> <II = 1> <Delay = 1.02> <FuncUnit> <Opcode : 'select'> <InPorts = 3> <OutPorts = 1>
ST_1 : Operation 244 [1/1] (0.00ns)   --->   "%channeldata_V_22 = partselect i4 @_ssdm_op_PartSelect.i4.i128.i32.i32, i128 %inputData_V, i32 88, i32 91"   --->   Operation 244 'partselect' 'channeldata_V_22' <Predicate = (!icmp_ln158)> <Delay = 0.00>
ST_1 : Operation 245 [1/1] (1.30ns)   --->   "%icmp_ln1035_22 = icmp_ugt  i4 %channeldata_V_22, i4 %oldMax_V_22_load"   --->   Operation 245 'icmp' 'icmp_ln1035_22' <Predicate = (!icmp_ln158)> <Delay = 1.30> <CoreInst = "Cmp">   --->   Core 9 'Cmp' <Latency = 0> <II = 1> <Delay = 1.30> <FuncUnit> <Opcode : 'icmp'> <InPorts = 2> <OutPorts = 1>
ST_1 : Operation 246 [1/1] (1.02ns)   --->   "%select_ln167_22 = select i1 %icmp_ln1035_22, i4 %channeldata_V_22, i4 %oldMax_V_22_load" [/home/miguel_tfg/FINN-v0.9-Stable/deps/finn-hlslib/maxpool.h:167]   --->   Operation 246 'select' 'select_ln167_22' <Predicate = (!icmp_ln158)> <Delay = 1.02> <CoreInst = "Sel">   --->   Core 73 'Sel' <Latency = 0> <II = 1> <Delay = 1.02> <FuncUnit> <Opcode : 'select'> <InPorts = 3> <OutPorts = 1>
ST_1 : Operation 247 [1/1] (0.00ns)   --->   "%channeldata_V_23 = partselect i4 @_ssdm_op_PartSelect.i4.i128.i32.i32, i128 %inputData_V, i32 92, i32 95"   --->   Operation 247 'partselect' 'channeldata_V_23' <Predicate = (!icmp_ln158)> <Delay = 0.00>
ST_1 : Operation 248 [1/1] (1.30ns)   --->   "%icmp_ln1035_23 = icmp_ugt  i4 %channeldata_V_23, i4 %oldMax_V_23_load"   --->   Operation 248 'icmp' 'icmp_ln1035_23' <Predicate = (!icmp_ln158)> <Delay = 1.30> <CoreInst = "Cmp">   --->   Core 9 'Cmp' <Latency = 0> <II = 1> <Delay = 1.30> <FuncUnit> <Opcode : 'icmp'> <InPorts = 2> <OutPorts = 1>
ST_1 : Operation 249 [1/1] (1.02ns)   --->   "%select_ln167_23 = select i1 %icmp_ln1035_23, i4 %channeldata_V_23, i4 %oldMax_V_23_load" [/home/miguel_tfg/FINN-v0.9-Stable/deps/finn-hlslib/maxpool.h:167]   --->   Operation 249 'select' 'select_ln167_23' <Predicate = (!icmp_ln158)> <Delay = 1.02> <CoreInst = "Sel">   --->   Core 73 'Sel' <Latency = 0> <II = 1> <Delay = 1.02> <FuncUnit> <Opcode : 'select'> <InPorts = 3> <OutPorts = 1>
ST_1 : Operation 250 [1/1] (0.00ns)   --->   "%channeldata_V_24 = partselect i4 @_ssdm_op_PartSelect.i4.i128.i32.i32, i128 %inputData_V, i32 96, i32 99"   --->   Operation 250 'partselect' 'channeldata_V_24' <Predicate = (!icmp_ln158)> <Delay = 0.00>
ST_1 : Operation 251 [1/1] (1.30ns)   --->   "%icmp_ln1035_24 = icmp_ugt  i4 %channeldata_V_24, i4 %oldMax_V_24_load"   --->   Operation 251 'icmp' 'icmp_ln1035_24' <Predicate = (!icmp_ln158)> <Delay = 1.30> <CoreInst = "Cmp">   --->   Core 9 'Cmp' <Latency = 0> <II = 1> <Delay = 1.30> <FuncUnit> <Opcode : 'icmp'> <InPorts = 2> <OutPorts = 1>
ST_1 : Operation 252 [1/1] (1.02ns)   --->   "%select_ln167_24 = select i1 %icmp_ln1035_24, i4 %channeldata_V_24, i4 %oldMax_V_24_load" [/home/miguel_tfg/FINN-v0.9-Stable/deps/finn-hlslib/maxpool.h:167]   --->   Operation 252 'select' 'select_ln167_24' <Predicate = (!icmp_ln158)> <Delay = 1.02> <CoreInst = "Sel">   --->   Core 73 'Sel' <Latency = 0> <II = 1> <Delay = 1.02> <FuncUnit> <Opcode : 'select'> <InPorts = 3> <OutPorts = 1>
ST_1 : Operation 253 [1/1] (0.00ns)   --->   "%channeldata_V_25 = partselect i4 @_ssdm_op_PartSelect.i4.i128.i32.i32, i128 %inputData_V, i32 100, i32 103"   --->   Operation 253 'partselect' 'channeldata_V_25' <Predicate = (!icmp_ln158)> <Delay = 0.00>
ST_1 : Operation 254 [1/1] (1.30ns)   --->   "%icmp_ln1035_25 = icmp_ugt  i4 %channeldata_V_25, i4 %oldMax_V_25_load"   --->   Operation 254 'icmp' 'icmp_ln1035_25' <Predicate = (!icmp_ln158)> <Delay = 1.30> <CoreInst = "Cmp">   --->   Core 9 'Cmp' <Latency = 0> <II = 1> <Delay = 1.30> <FuncUnit> <Opcode : 'icmp'> <InPorts = 2> <OutPorts = 1>
ST_1 : Operation 255 [1/1] (1.02ns)   --->   "%select_ln167_25 = select i1 %icmp_ln1035_25, i4 %channeldata_V_25, i4 %oldMax_V_25_load" [/home/miguel_tfg/FINN-v0.9-Stable/deps/finn-hlslib/maxpool.h:167]   --->   Operation 255 'select' 'select_ln167_25' <Predicate = (!icmp_ln158)> <Delay = 1.02> <CoreInst = "Sel">   --->   Core 73 'Sel' <Latency = 0> <II = 1> <Delay = 1.02> <FuncUnit> <Opcode : 'select'> <InPorts = 3> <OutPorts = 1>
ST_1 : Operation 256 [1/1] (0.00ns)   --->   "%channeldata_V_26 = partselect i4 @_ssdm_op_PartSelect.i4.i128.i32.i32, i128 %inputData_V, i32 104, i32 107"   --->   Operation 256 'partselect' 'channeldata_V_26' <Predicate = (!icmp_ln158)> <Delay = 0.00>
ST_1 : Operation 257 [1/1] (1.30ns)   --->   "%icmp_ln1035_26 = icmp_ugt  i4 %channeldata_V_26, i4 %oldMax_V_26_load"   --->   Operation 257 'icmp' 'icmp_ln1035_26' <Predicate = (!icmp_ln158)> <Delay = 1.30> <CoreInst = "Cmp">   --->   Core 9 'Cmp' <Latency = 0> <II = 1> <Delay = 1.30> <FuncUnit> <Opcode : 'icmp'> <InPorts = 2> <OutPorts = 1>
ST_1 : Operation 258 [1/1] (1.02ns)   --->   "%select_ln167_26 = select i1 %icmp_ln1035_26, i4 %channeldata_V_26, i4 %oldMax_V_26_load" [/home/miguel_tfg/FINN-v0.9-Stable/deps/finn-hlslib/maxpool.h:167]   --->   Operation 258 'select' 'select_ln167_26' <Predicate = (!icmp_ln158)> <Delay = 1.02> <CoreInst = "Sel">   --->   Core 73 'Sel' <Latency = 0> <II = 1> <Delay = 1.02> <FuncUnit> <Opcode : 'select'> <InPorts = 3> <OutPorts = 1>
ST_1 : Operation 259 [1/1] (0.00ns)   --->   "%channeldata_V_27 = partselect i4 @_ssdm_op_PartSelect.i4.i128.i32.i32, i128 %inputData_V, i32 108, i32 111"   --->   Operation 259 'partselect' 'channeldata_V_27' <Predicate = (!icmp_ln158)> <Delay = 0.00>
ST_1 : Operation 260 [1/1] (1.30ns)   --->   "%icmp_ln1035_27 = icmp_ugt  i4 %channeldata_V_27, i4 %oldMax_V_27_load"   --->   Operation 260 'icmp' 'icmp_ln1035_27' <Predicate = (!icmp_ln158)> <Delay = 1.30> <CoreInst = "Cmp">   --->   Core 9 'Cmp' <Latency = 0> <II = 1> <Delay = 1.30> <FuncUnit> <Opcode : 'icmp'> <InPorts = 2> <OutPorts = 1>
ST_1 : Operation 261 [1/1] (1.02ns)   --->   "%select_ln167_27 = select i1 %icmp_ln1035_27, i4 %channeldata_V_27, i4 %oldMax_V_27_load" [/home/miguel_tfg/FINN-v0.9-Stable/deps/finn-hlslib/maxpool.h:167]   --->   Operation 261 'select' 'select_ln167_27' <Predicate = (!icmp_ln158)> <Delay = 1.02> <CoreInst = "Sel">   --->   Core 73 'Sel' <Latency = 0> <II = 1> <Delay = 1.02> <FuncUnit> <Opcode : 'select'> <InPorts = 3> <OutPorts = 1>
ST_1 : Operation 262 [1/1] (0.00ns)   --->   "%channeldata_V_28 = partselect i4 @_ssdm_op_PartSelect.i4.i128.i32.i32, i128 %inputData_V, i32 112, i32 115"   --->   Operation 262 'partselect' 'channeldata_V_28' <Predicate = (!icmp_ln158)> <Delay = 0.00>
ST_1 : Operation 263 [1/1] (1.30ns)   --->   "%icmp_ln1035_28 = icmp_ugt  i4 %channeldata_V_28, i4 %oldMax_V_28_load"   --->   Operation 263 'icmp' 'icmp_ln1035_28' <Predicate = (!icmp_ln158)> <Delay = 1.30> <CoreInst = "Cmp">   --->   Core 9 'Cmp' <Latency = 0> <II = 1> <Delay = 1.30> <FuncUnit> <Opcode : 'icmp'> <InPorts = 2> <OutPorts = 1>
ST_1 : Operation 264 [1/1] (1.02ns)   --->   "%select_ln167_28 = select i1 %icmp_ln1035_28, i4 %channeldata_V_28, i4 %oldMax_V_28_load" [/home/miguel_tfg/FINN-v0.9-Stable/deps/finn-hlslib/maxpool.h:167]   --->   Operation 264 'select' 'select_ln167_28' <Predicate = (!icmp_ln158)> <Delay = 1.02> <CoreInst = "Sel">   --->   Core 73 'Sel' <Latency = 0> <II = 1> <Delay = 1.02> <FuncUnit> <Opcode : 'select'> <InPorts = 3> <OutPorts = 1>
ST_1 : Operation 265 [1/1] (0.00ns)   --->   "%channeldata_V_29 = partselect i4 @_ssdm_op_PartSelect.i4.i128.i32.i32, i128 %inputData_V, i32 116, i32 119"   --->   Operation 265 'partselect' 'channeldata_V_29' <Predicate = (!icmp_ln158)> <Delay = 0.00>
ST_1 : Operation 266 [1/1] (1.30ns)   --->   "%icmp_ln1035_29 = icmp_ugt  i4 %channeldata_V_29, i4 %oldMax_V_29_load"   --->   Operation 266 'icmp' 'icmp_ln1035_29' <Predicate = (!icmp_ln158)> <Delay = 1.30> <CoreInst = "Cmp">   --->   Core 9 'Cmp' <Latency = 0> <II = 1> <Delay = 1.30> <FuncUnit> <Opcode : 'icmp'> <InPorts = 2> <OutPorts = 1>
ST_1 : Operation 267 [1/1] (1.02ns)   --->   "%select_ln167_29 = select i1 %icmp_ln1035_29, i4 %channeldata_V_29, i4 %oldMax_V_29_load" [/home/miguel_tfg/FINN-v0.9-Stable/deps/finn-hlslib/maxpool.h:167]   --->   Operation 267 'select' 'select_ln167_29' <Predicate = (!icmp_ln158)> <Delay = 1.02> <CoreInst = "Sel">   --->   Core 73 'Sel' <Latency = 0> <II = 1> <Delay = 1.02> <FuncUnit> <Opcode : 'select'> <InPorts = 3> <OutPorts = 1>
ST_1 : Operation 268 [1/1] (0.00ns)   --->   "%channeldata_V_30 = partselect i4 @_ssdm_op_PartSelect.i4.i128.i32.i32, i128 %inputData_V, i32 120, i32 123"   --->   Operation 268 'partselect' 'channeldata_V_30' <Predicate = (!icmp_ln158)> <Delay = 0.00>
ST_1 : Operation 269 [1/1] (1.30ns)   --->   "%icmp_ln1035_30 = icmp_ugt  i4 %channeldata_V_30, i4 %oldMax_V_30_load"   --->   Operation 269 'icmp' 'icmp_ln1035_30' <Predicate = (!icmp_ln158)> <Delay = 1.30> <CoreInst = "Cmp">   --->   Core 9 'Cmp' <Latency = 0> <II = 1> <Delay = 1.30> <FuncUnit> <Opcode : 'icmp'> <InPorts = 2> <OutPorts = 1>
ST_1 : Operation 270 [1/1] (1.02ns)   --->   "%select_ln167_30 = select i1 %icmp_ln1035_30, i4 %channeldata_V_30, i4 %oldMax_V_30_load" [/home/miguel_tfg/FINN-v0.9-Stable/deps/finn-hlslib/maxpool.h:167]   --->   Operation 270 'select' 'select_ln167_30' <Predicate = (!icmp_ln158)> <Delay = 1.02> <CoreInst = "Sel">   --->   Core 73 'Sel' <Latency = 0> <II = 1> <Delay = 1.02> <FuncUnit> <Opcode : 'select'> <InPorts = 3> <OutPorts = 1>
ST_1 : Operation 271 [1/1] (0.00ns)   --->   "%channeldata_V_31 = partselect i4 @_ssdm_op_PartSelect.i4.i128.i32.i32, i128 %inputData_V, i32 124, i32 127"   --->   Operation 271 'partselect' 'channeldata_V_31' <Predicate = (!icmp_ln158)> <Delay = 0.00>
ST_1 : Operation 272 [1/1] (1.30ns)   --->   "%icmp_ln1035_31 = icmp_ugt  i4 %channeldata_V_31, i4 %oldMax_V_31_load"   --->   Operation 272 'icmp' 'icmp_ln1035_31' <Predicate = (!icmp_ln158)> <Delay = 1.30> <CoreInst = "Cmp">   --->   Core 9 'Cmp' <Latency = 0> <II = 1> <Delay = 1.30> <FuncUnit> <Opcode : 'icmp'> <InPorts = 2> <OutPorts = 1>
ST_1 : Operation 273 [1/1] (1.02ns)   --->   "%select_ln167_31 = select i1 %icmp_ln1035_31, i4 %channeldata_V_31, i4 %oldMax_V_31_load" [/home/miguel_tfg/FINN-v0.9-Stable/deps/finn-hlslib/maxpool.h:167]   --->   Operation 273 'select' 'select_ln167_31' <Predicate = (!icmp_ln158)> <Delay = 1.02> <CoreInst = "Sel">   --->   Core 73 'Sel' <Latency = 0> <II = 1> <Delay = 1.02> <FuncUnit> <Opcode : 'select'> <InPorts = 3> <OutPorts = 1>
ST_1 : Operation 274 [1/1] (0.95ns)   --->   "%icmp_ln158_1 = icmp_eq  i2 %kx_2, i2 2" [/home/miguel_tfg/FINN-v0.9-Stable/deps/finn-hlslib/maxpool.h:158]   --->   Operation 274 'icmp' 'icmp_ln158_1' <Predicate = (!icmp_ln158)> <Delay = 0.95> <CoreInst = "Cmp">   --->   Core 9 'Cmp' <Latency = 0> <II = 1> <Delay = 0.95> <FuncUnit> <Opcode : 'icmp'> <InPorts = 2> <OutPorts = 1>
ST_1 : Operation 275 [1/1] (0.00ns)   --->   "%br_ln158 = br i1 %icmp_ln158_1, void %ifFalse, void %ifTrue" [/home/miguel_tfg/FINN-v0.9-Stable/deps/finn-hlslib/maxpool.h:158]   --->   Operation 275 'br' 'br_ln158' <Predicate = (!icmp_ln158)> <Delay = 0.00>
ST_1 : Operation 276 [1/1] (2.32ns)   --->   "%store_ln168 = store i4 %select_ln167, i4 %buf_V_addr" [/home/miguel_tfg/FINN-v0.9-Stable/deps/finn-hlslib/maxpool.h:168]   --->   Operation 276 'store' 'store_ln168' <Predicate = (!icmp_ln158 & icmp_ln158_1)> <Delay = 2.32> <CoreInst = "RAM">   --->   Core 82 'RAM' <Latency = 1> <II = 1> <Delay = 2.32> <Storage> <Opcode : 'load' 'store'> <Ports = 2> <Width = 4> <Depth = 16> <RAM>
ST_1 : Operation 277 [1/1] (2.32ns)   --->   "%store_ln168 = store i4 %select_ln167_1, i4 %buf_V_1_addr" [/home/miguel_tfg/FINN-v0.9-Stable/deps/finn-hlslib/maxpool.h:168]   --->   Operation 277 'store' 'store_ln168' <Predicate = (!icmp_ln158 & icmp_ln158_1)> <Delay = 2.32> <CoreInst = "RAM">   --->   Core 82 'RAM' <Latency = 1> <II = 1> <Delay = 2.32> <Storage> <Opcode : 'load' 'store'> <Ports = 2> <Width = 4> <Depth = 16> <RAM>
ST_1 : Operation 278 [1/1] (2.32ns)   --->   "%store_ln168 = store i4 %select_ln167_2, i4 %buf_V_2_addr" [/home/miguel_tfg/FINN-v0.9-Stable/deps/finn-hlslib/maxpool.h:168]   --->   Operation 278 'store' 'store_ln168' <Predicate = (!icmp_ln158 & icmp_ln158_1)> <Delay = 2.32> <CoreInst = "RAM">   --->   Core 82 'RAM' <Latency = 1> <II = 1> <Delay = 2.32> <Storage> <Opcode : 'load' 'store'> <Ports = 2> <Width = 4> <Depth = 16> <RAM>
ST_1 : Operation 279 [1/1] (2.32ns)   --->   "%store_ln168 = store i4 %select_ln167_3, i4 %buf_V_3_addr" [/home/miguel_tfg/FINN-v0.9-Stable/deps/finn-hlslib/maxpool.h:168]   --->   Operation 279 'store' 'store_ln168' <Predicate = (!icmp_ln158 & icmp_ln158_1)> <Delay = 2.32> <CoreInst = "RAM">   --->   Core 82 'RAM' <Latency = 1> <II = 1> <Delay = 2.32> <Storage> <Opcode : 'load' 'store'> <Ports = 2> <Width = 4> <Depth = 16> <RAM>
ST_1 : Operation 280 [1/1] (2.32ns)   --->   "%store_ln168 = store i4 %select_ln167_4, i4 %buf_V_4_addr" [/home/miguel_tfg/FINN-v0.9-Stable/deps/finn-hlslib/maxpool.h:168]   --->   Operation 280 'store' 'store_ln168' <Predicate = (!icmp_ln158 & icmp_ln158_1)> <Delay = 2.32> <CoreInst = "RAM">   --->   Core 82 'RAM' <Latency = 1> <II = 1> <Delay = 2.32> <Storage> <Opcode : 'load' 'store'> <Ports = 2> <Width = 4> <Depth = 16> <RAM>
ST_1 : Operation 281 [1/1] (2.32ns)   --->   "%store_ln168 = store i4 %select_ln167_5, i4 %buf_V_5_addr" [/home/miguel_tfg/FINN-v0.9-Stable/deps/finn-hlslib/maxpool.h:168]   --->   Operation 281 'store' 'store_ln168' <Predicate = (!icmp_ln158 & icmp_ln158_1)> <Delay = 2.32> <CoreInst = "RAM">   --->   Core 82 'RAM' <Latency = 1> <II = 1> <Delay = 2.32> <Storage> <Opcode : 'load' 'store'> <Ports = 2> <Width = 4> <Depth = 16> <RAM>
ST_1 : Operation 282 [1/1] (2.32ns)   --->   "%store_ln168 = store i4 %select_ln167_6, i4 %buf_V_6_addr" [/home/miguel_tfg/FINN-v0.9-Stable/deps/finn-hlslib/maxpool.h:168]   --->   Operation 282 'store' 'store_ln168' <Predicate = (!icmp_ln158 & icmp_ln158_1)> <Delay = 2.32> <CoreInst = "RAM">   --->   Core 82 'RAM' <Latency = 1> <II = 1> <Delay = 2.32> <Storage> <Opcode : 'load' 'store'> <Ports = 2> <Width = 4> <Depth = 16> <RAM>
ST_1 : Operation 283 [1/1] (2.32ns)   --->   "%store_ln168 = store i4 %select_ln167_7, i4 %buf_V_7_addr" [/home/miguel_tfg/FINN-v0.9-Stable/deps/finn-hlslib/maxpool.h:168]   --->   Operation 283 'store' 'store_ln168' <Predicate = (!icmp_ln158 & icmp_ln158_1)> <Delay = 2.32> <CoreInst = "RAM">   --->   Core 82 'RAM' <Latency = 1> <II = 1> <Delay = 2.32> <Storage> <Opcode : 'load' 'store'> <Ports = 2> <Width = 4> <Depth = 16> <RAM>
ST_1 : Operation 284 [1/1] (2.32ns)   --->   "%store_ln168 = store i4 %select_ln167_8, i4 %buf_V_8_addr" [/home/miguel_tfg/FINN-v0.9-Stable/deps/finn-hlslib/maxpool.h:168]   --->   Operation 284 'store' 'store_ln168' <Predicate = (!icmp_ln158 & icmp_ln158_1)> <Delay = 2.32> <CoreInst = "RAM">   --->   Core 82 'RAM' <Latency = 1> <II = 1> <Delay = 2.32> <Storage> <Opcode : 'load' 'store'> <Ports = 2> <Width = 4> <Depth = 16> <RAM>
ST_1 : Operation 285 [1/1] (2.32ns)   --->   "%store_ln168 = store i4 %select_ln167_9, i4 %buf_V_9_addr" [/home/miguel_tfg/FINN-v0.9-Stable/deps/finn-hlslib/maxpool.h:168]   --->   Operation 285 'store' 'store_ln168' <Predicate = (!icmp_ln158 & icmp_ln158_1)> <Delay = 2.32> <CoreInst = "RAM">   --->   Core 82 'RAM' <Latency = 1> <II = 1> <Delay = 2.32> <Storage> <Opcode : 'load' 'store'> <Ports = 2> <Width = 4> <Depth = 16> <RAM>
ST_1 : Operation 286 [1/1] (2.32ns)   --->   "%store_ln168 = store i4 %select_ln167_10, i4 %buf_V_10_addr" [/home/miguel_tfg/FINN-v0.9-Stable/deps/finn-hlslib/maxpool.h:168]   --->   Operation 286 'store' 'store_ln168' <Predicate = (!icmp_ln158 & icmp_ln158_1)> <Delay = 2.32> <CoreInst = "RAM">   --->   Core 82 'RAM' <Latency = 1> <II = 1> <Delay = 2.32> <Storage> <Opcode : 'load' 'store'> <Ports = 2> <Width = 4> <Depth = 16> <RAM>
ST_1 : Operation 287 [1/1] (2.32ns)   --->   "%store_ln168 = store i4 %select_ln167_11, i4 %buf_V_11_addr" [/home/miguel_tfg/FINN-v0.9-Stable/deps/finn-hlslib/maxpool.h:168]   --->   Operation 287 'store' 'store_ln168' <Predicate = (!icmp_ln158 & icmp_ln158_1)> <Delay = 2.32> <CoreInst = "RAM">   --->   Core 82 'RAM' <Latency = 1> <II = 1> <Delay = 2.32> <Storage> <Opcode : 'load' 'store'> <Ports = 2> <Width = 4> <Depth = 16> <RAM>
ST_1 : Operation 288 [1/1] (2.32ns)   --->   "%store_ln168 = store i4 %select_ln167_12, i4 %buf_V_12_addr" [/home/miguel_tfg/FINN-v0.9-Stable/deps/finn-hlslib/maxpool.h:168]   --->   Operation 288 'store' 'store_ln168' <Predicate = (!icmp_ln158 & icmp_ln158_1)> <Delay = 2.32> <CoreInst = "RAM">   --->   Core 82 'RAM' <Latency = 1> <II = 1> <Delay = 2.32> <Storage> <Opcode : 'load' 'store'> <Ports = 2> <Width = 4> <Depth = 16> <RAM>
ST_1 : Operation 289 [1/1] (2.32ns)   --->   "%store_ln168 = store i4 %select_ln167_13, i4 %buf_V_13_addr" [/home/miguel_tfg/FINN-v0.9-Stable/deps/finn-hlslib/maxpool.h:168]   --->   Operation 289 'store' 'store_ln168' <Predicate = (!icmp_ln158 & icmp_ln158_1)> <Delay = 2.32> <CoreInst = "RAM">   --->   Core 82 'RAM' <Latency = 1> <II = 1> <Delay = 2.32> <Storage> <Opcode : 'load' 'store'> <Ports = 2> <Width = 4> <Depth = 16> <RAM>
ST_1 : Operation 290 [1/1] (2.32ns)   --->   "%store_ln168 = store i4 %select_ln167_14, i4 %buf_V_14_addr" [/home/miguel_tfg/FINN-v0.9-Stable/deps/finn-hlslib/maxpool.h:168]   --->   Operation 290 'store' 'store_ln168' <Predicate = (!icmp_ln158 & icmp_ln158_1)> <Delay = 2.32> <CoreInst = "RAM">   --->   Core 82 'RAM' <Latency = 1> <II = 1> <Delay = 2.32> <Storage> <Opcode : 'load' 'store'> <Ports = 2> <Width = 4> <Depth = 16> <RAM>
ST_1 : Operation 291 [1/1] (2.32ns)   --->   "%store_ln168 = store i4 %select_ln167_15, i4 %buf_V_15_addr" [/home/miguel_tfg/FINN-v0.9-Stable/deps/finn-hlslib/maxpool.h:168]   --->   Operation 291 'store' 'store_ln168' <Predicate = (!icmp_ln158 & icmp_ln158_1)> <Delay = 2.32> <CoreInst = "RAM">   --->   Core 82 'RAM' <Latency = 1> <II = 1> <Delay = 2.32> <Storage> <Opcode : 'load' 'store'> <Ports = 2> <Width = 4> <Depth = 16> <RAM>
ST_1 : Operation 292 [1/1] (2.32ns)   --->   "%store_ln168 = store i4 %select_ln167_16, i4 %buf_V_16_addr" [/home/miguel_tfg/FINN-v0.9-Stable/deps/finn-hlslib/maxpool.h:168]   --->   Operation 292 'store' 'store_ln168' <Predicate = (!icmp_ln158 & icmp_ln158_1)> <Delay = 2.32> <CoreInst = "RAM">   --->   Core 82 'RAM' <Latency = 1> <II = 1> <Delay = 2.32> <Storage> <Opcode : 'load' 'store'> <Ports = 2> <Width = 4> <Depth = 16> <RAM>
ST_1 : Operation 293 [1/1] (2.32ns)   --->   "%store_ln168 = store i4 %select_ln167_17, i4 %buf_V_17_addr" [/home/miguel_tfg/FINN-v0.9-Stable/deps/finn-hlslib/maxpool.h:168]   --->   Operation 293 'store' 'store_ln168' <Predicate = (!icmp_ln158 & icmp_ln158_1)> <Delay = 2.32> <CoreInst = "RAM">   --->   Core 82 'RAM' <Latency = 1> <II = 1> <Delay = 2.32> <Storage> <Opcode : 'load' 'store'> <Ports = 2> <Width = 4> <Depth = 16> <RAM>
ST_1 : Operation 294 [1/1] (2.32ns)   --->   "%store_ln168 = store i4 %select_ln167_18, i4 %buf_V_18_addr" [/home/miguel_tfg/FINN-v0.9-Stable/deps/finn-hlslib/maxpool.h:168]   --->   Operation 294 'store' 'store_ln168' <Predicate = (!icmp_ln158 & icmp_ln158_1)> <Delay = 2.32> <CoreInst = "RAM">   --->   Core 82 'RAM' <Latency = 1> <II = 1> <Delay = 2.32> <Storage> <Opcode : 'load' 'store'> <Ports = 2> <Width = 4> <Depth = 16> <RAM>
ST_1 : Operation 295 [1/1] (2.32ns)   --->   "%store_ln168 = store i4 %select_ln167_19, i4 %buf_V_19_addr" [/home/miguel_tfg/FINN-v0.9-Stable/deps/finn-hlslib/maxpool.h:168]   --->   Operation 295 'store' 'store_ln168' <Predicate = (!icmp_ln158 & icmp_ln158_1)> <Delay = 2.32> <CoreInst = "RAM">   --->   Core 82 'RAM' <Latency = 1> <II = 1> <Delay = 2.32> <Storage> <Opcode : 'load' 'store'> <Ports = 2> <Width = 4> <Depth = 16> <RAM>
ST_1 : Operation 296 [1/1] (2.32ns)   --->   "%store_ln168 = store i4 %select_ln167_20, i4 %buf_V_20_addr" [/home/miguel_tfg/FINN-v0.9-Stable/deps/finn-hlslib/maxpool.h:168]   --->   Operation 296 'store' 'store_ln168' <Predicate = (!icmp_ln158 & icmp_ln158_1)> <Delay = 2.32> <CoreInst = "RAM">   --->   Core 82 'RAM' <Latency = 1> <II = 1> <Delay = 2.32> <Storage> <Opcode : 'load' 'store'> <Ports = 2> <Width = 4> <Depth = 16> <RAM>
ST_1 : Operation 297 [1/1] (2.32ns)   --->   "%store_ln168 = store i4 %select_ln167_21, i4 %buf_V_21_addr" [/home/miguel_tfg/FINN-v0.9-Stable/deps/finn-hlslib/maxpool.h:168]   --->   Operation 297 'store' 'store_ln168' <Predicate = (!icmp_ln158 & icmp_ln158_1)> <Delay = 2.32> <CoreInst = "RAM">   --->   Core 82 'RAM' <Latency = 1> <II = 1> <Delay = 2.32> <Storage> <Opcode : 'load' 'store'> <Ports = 2> <Width = 4> <Depth = 16> <RAM>
ST_1 : Operation 298 [1/1] (2.32ns)   --->   "%store_ln168 = store i4 %select_ln167_22, i4 %buf_V_22_addr" [/home/miguel_tfg/FINN-v0.9-Stable/deps/finn-hlslib/maxpool.h:168]   --->   Operation 298 'store' 'store_ln168' <Predicate = (!icmp_ln158 & icmp_ln158_1)> <Delay = 2.32> <CoreInst = "RAM">   --->   Core 82 'RAM' <Latency = 1> <II = 1> <Delay = 2.32> <Storage> <Opcode : 'load' 'store'> <Ports = 2> <Width = 4> <Depth = 16> <RAM>
ST_1 : Operation 299 [1/1] (2.32ns)   --->   "%store_ln168 = store i4 %select_ln167_23, i4 %buf_V_23_addr" [/home/miguel_tfg/FINN-v0.9-Stable/deps/finn-hlslib/maxpool.h:168]   --->   Operation 299 'store' 'store_ln168' <Predicate = (!icmp_ln158 & icmp_ln158_1)> <Delay = 2.32> <CoreInst = "RAM">   --->   Core 82 'RAM' <Latency = 1> <II = 1> <Delay = 2.32> <Storage> <Opcode : 'load' 'store'> <Ports = 2> <Width = 4> <Depth = 16> <RAM>
ST_1 : Operation 300 [1/1] (2.32ns)   --->   "%store_ln168 = store i4 %select_ln167_24, i4 %buf_V_24_addr" [/home/miguel_tfg/FINN-v0.9-Stable/deps/finn-hlslib/maxpool.h:168]   --->   Operation 300 'store' 'store_ln168' <Predicate = (!icmp_ln158 & icmp_ln158_1)> <Delay = 2.32> <CoreInst = "RAM">   --->   Core 82 'RAM' <Latency = 1> <II = 1> <Delay = 2.32> <Storage> <Opcode : 'load' 'store'> <Ports = 2> <Width = 4> <Depth = 16> <RAM>
ST_1 : Operation 301 [1/1] (2.32ns)   --->   "%store_ln168 = store i4 %select_ln167_25, i4 %buf_V_25_addr" [/home/miguel_tfg/FINN-v0.9-Stable/deps/finn-hlslib/maxpool.h:168]   --->   Operation 301 'store' 'store_ln168' <Predicate = (!icmp_ln158 & icmp_ln158_1)> <Delay = 2.32> <CoreInst = "RAM">   --->   Core 82 'RAM' <Latency = 1> <II = 1> <Delay = 2.32> <Storage> <Opcode : 'load' 'store'> <Ports = 2> <Width = 4> <Depth = 16> <RAM>
ST_1 : Operation 302 [1/1] (2.32ns)   --->   "%store_ln168 = store i4 %select_ln167_26, i4 %buf_V_26_addr" [/home/miguel_tfg/FINN-v0.9-Stable/deps/finn-hlslib/maxpool.h:168]   --->   Operation 302 'store' 'store_ln168' <Predicate = (!icmp_ln158 & icmp_ln158_1)> <Delay = 2.32> <CoreInst = "RAM">   --->   Core 82 'RAM' <Latency = 1> <II = 1> <Delay = 2.32> <Storage> <Opcode : 'load' 'store'> <Ports = 2> <Width = 4> <Depth = 16> <RAM>
ST_1 : Operation 303 [1/1] (2.32ns)   --->   "%store_ln168 = store i4 %select_ln167_27, i4 %buf_V_27_addr" [/home/miguel_tfg/FINN-v0.9-Stable/deps/finn-hlslib/maxpool.h:168]   --->   Operation 303 'store' 'store_ln168' <Predicate = (!icmp_ln158 & icmp_ln158_1)> <Delay = 2.32> <CoreInst = "RAM">   --->   Core 82 'RAM' <Latency = 1> <II = 1> <Delay = 2.32> <Storage> <Opcode : 'load' 'store'> <Ports = 2> <Width = 4> <Depth = 16> <RAM>
ST_1 : Operation 304 [1/1] (2.32ns)   --->   "%store_ln168 = store i4 %select_ln167_28, i4 %buf_V_28_addr" [/home/miguel_tfg/FINN-v0.9-Stable/deps/finn-hlslib/maxpool.h:168]   --->   Operation 304 'store' 'store_ln168' <Predicate = (!icmp_ln158 & icmp_ln158_1)> <Delay = 2.32> <CoreInst = "RAM">   --->   Core 82 'RAM' <Latency = 1> <II = 1> <Delay = 2.32> <Storage> <Opcode : 'load' 'store'> <Ports = 2> <Width = 4> <Depth = 16> <RAM>
ST_1 : Operation 305 [1/1] (2.32ns)   --->   "%store_ln168 = store i4 %select_ln167_29, i4 %buf_V_29_addr" [/home/miguel_tfg/FINN-v0.9-Stable/deps/finn-hlslib/maxpool.h:168]   --->   Operation 305 'store' 'store_ln168' <Predicate = (!icmp_ln158 & icmp_ln158_1)> <Delay = 2.32> <CoreInst = "RAM">   --->   Core 82 'RAM' <Latency = 1> <II = 1> <Delay = 2.32> <Storage> <Opcode : 'load' 'store'> <Ports = 2> <Width = 4> <Depth = 16> <RAM>
ST_1 : Operation 306 [1/1] (2.32ns)   --->   "%store_ln168 = store i4 %select_ln167_30, i4 %buf_V_30_addr" [/home/miguel_tfg/FINN-v0.9-Stable/deps/finn-hlslib/maxpool.h:168]   --->   Operation 306 'store' 'store_ln168' <Predicate = (!icmp_ln158 & icmp_ln158_1)> <Delay = 2.32> <CoreInst = "RAM">   --->   Core 82 'RAM' <Latency = 1> <II = 1> <Delay = 2.32> <Storage> <Opcode : 'load' 'store'> <Ports = 2> <Width = 4> <Depth = 16> <RAM>
ST_1 : Operation 307 [1/1] (2.32ns)   --->   "%store_ln168 = store i4 %select_ln167_31, i4 %buf_V_31_addr" [/home/miguel_tfg/FINN-v0.9-Stable/deps/finn-hlslib/maxpool.h:168]   --->   Operation 307 'store' 'store_ln168' <Predicate = (!icmp_ln158 & icmp_ln158_1)> <Delay = 2.32> <CoreInst = "RAM">   --->   Core 82 'RAM' <Latency = 1> <II = 1> <Delay = 2.32> <Storage> <Opcode : 'load' 'store'> <Ports = 2> <Width = 4> <Depth = 16> <RAM>
ST_1 : Operation 308 [1/1] (0.00ns)   --->   "%br_ln0 = br void %ifFalse"   --->   Operation 308 'br' 'br_ln0' <Predicate = (!icmp_ln158 & icmp_ln158_1)> <Delay = 0.00>
ST_1 : Operation 309 [1/1] (1.58ns)   --->   "%store_ln167 = store i4 %select_ln167_31, i4 %oldMax_V_31" [/home/miguel_tfg/FINN-v0.9-Stable/deps/finn-hlslib/maxpool.h:167]   --->   Operation 309 'store' 'store_ln167' <Predicate = (!icmp_ln158)> <Delay = 1.58>
ST_1 : Operation 310 [1/1] (1.58ns)   --->   "%store_ln167 = store i4 %select_ln167_30, i4 %oldMax_V_30" [/home/miguel_tfg/FINN-v0.9-Stable/deps/finn-hlslib/maxpool.h:167]   --->   Operation 310 'store' 'store_ln167' <Predicate = (!icmp_ln158)> <Delay = 1.58>
ST_1 : Operation 311 [1/1] (1.58ns)   --->   "%store_ln167 = store i4 %select_ln167_29, i4 %oldMax_V_29" [/home/miguel_tfg/FINN-v0.9-Stable/deps/finn-hlslib/maxpool.h:167]   --->   Operation 311 'store' 'store_ln167' <Predicate = (!icmp_ln158)> <Delay = 1.58>
ST_1 : Operation 312 [1/1] (1.58ns)   --->   "%store_ln167 = store i4 %select_ln167_28, i4 %oldMax_V_28" [/home/miguel_tfg/FINN-v0.9-Stable/deps/finn-hlslib/maxpool.h:167]   --->   Operation 312 'store' 'store_ln167' <Predicate = (!icmp_ln158)> <Delay = 1.58>
ST_1 : Operation 313 [1/1] (1.58ns)   --->   "%store_ln167 = store i4 %select_ln167_27, i4 %oldMax_V_27" [/home/miguel_tfg/FINN-v0.9-Stable/deps/finn-hlslib/maxpool.h:167]   --->   Operation 313 'store' 'store_ln167' <Predicate = (!icmp_ln158)> <Delay = 1.58>
ST_1 : Operation 314 [1/1] (1.58ns)   --->   "%store_ln167 = store i4 %select_ln167_26, i4 %oldMax_V_26" [/home/miguel_tfg/FINN-v0.9-Stable/deps/finn-hlslib/maxpool.h:167]   --->   Operation 314 'store' 'store_ln167' <Predicate = (!icmp_ln158)> <Delay = 1.58>
ST_1 : Operation 315 [1/1] (1.58ns)   --->   "%store_ln167 = store i4 %select_ln167_25, i4 %oldMax_V_25" [/home/miguel_tfg/FINN-v0.9-Stable/deps/finn-hlslib/maxpool.h:167]   --->   Operation 315 'store' 'store_ln167' <Predicate = (!icmp_ln158)> <Delay = 1.58>
ST_1 : Operation 316 [1/1] (1.58ns)   --->   "%store_ln167 = store i4 %select_ln167_24, i4 %oldMax_V_24" [/home/miguel_tfg/FINN-v0.9-Stable/deps/finn-hlslib/maxpool.h:167]   --->   Operation 316 'store' 'store_ln167' <Predicate = (!icmp_ln158)> <Delay = 1.58>
ST_1 : Operation 317 [1/1] (1.58ns)   --->   "%store_ln167 = store i4 %select_ln167_23, i4 %oldMax_V_23" [/home/miguel_tfg/FINN-v0.9-Stable/deps/finn-hlslib/maxpool.h:167]   --->   Operation 317 'store' 'store_ln167' <Predicate = (!icmp_ln158)> <Delay = 1.58>
ST_1 : Operation 318 [1/1] (1.58ns)   --->   "%store_ln167 = store i4 %select_ln167_22, i4 %oldMax_V_22" [/home/miguel_tfg/FINN-v0.9-Stable/deps/finn-hlslib/maxpool.h:167]   --->   Operation 318 'store' 'store_ln167' <Predicate = (!icmp_ln158)> <Delay = 1.58>
ST_1 : Operation 319 [1/1] (1.58ns)   --->   "%store_ln167 = store i4 %select_ln167_21, i4 %oldMax_V_21" [/home/miguel_tfg/FINN-v0.9-Stable/deps/finn-hlslib/maxpool.h:167]   --->   Operation 319 'store' 'store_ln167' <Predicate = (!icmp_ln158)> <Delay = 1.58>
ST_1 : Operation 320 [1/1] (1.58ns)   --->   "%store_ln167 = store i4 %select_ln167_20, i4 %oldMax_V_20" [/home/miguel_tfg/FINN-v0.9-Stable/deps/finn-hlslib/maxpool.h:167]   --->   Operation 320 'store' 'store_ln167' <Predicate = (!icmp_ln158)> <Delay = 1.58>
ST_1 : Operation 321 [1/1] (1.58ns)   --->   "%store_ln167 = store i4 %select_ln167_19, i4 %oldMax_V_19" [/home/miguel_tfg/FINN-v0.9-Stable/deps/finn-hlslib/maxpool.h:167]   --->   Operation 321 'store' 'store_ln167' <Predicate = (!icmp_ln158)> <Delay = 1.58>
ST_1 : Operation 322 [1/1] (1.58ns)   --->   "%store_ln167 = store i4 %select_ln167_18, i4 %oldMax_V_18" [/home/miguel_tfg/FINN-v0.9-Stable/deps/finn-hlslib/maxpool.h:167]   --->   Operation 322 'store' 'store_ln167' <Predicate = (!icmp_ln158)> <Delay = 1.58>
ST_1 : Operation 323 [1/1] (1.58ns)   --->   "%store_ln167 = store i4 %select_ln167_17, i4 %oldMax_V_17" [/home/miguel_tfg/FINN-v0.9-Stable/deps/finn-hlslib/maxpool.h:167]   --->   Operation 323 'store' 'store_ln167' <Predicate = (!icmp_ln158)> <Delay = 1.58>
ST_1 : Operation 324 [1/1] (1.58ns)   --->   "%store_ln167 = store i4 %select_ln167_16, i4 %oldMax_V_16" [/home/miguel_tfg/FINN-v0.9-Stable/deps/finn-hlslib/maxpool.h:167]   --->   Operation 324 'store' 'store_ln167' <Predicate = (!icmp_ln158)> <Delay = 1.58>
ST_1 : Operation 325 [1/1] (1.58ns)   --->   "%store_ln167 = store i4 %select_ln167_15, i4 %oldMax_V_15" [/home/miguel_tfg/FINN-v0.9-Stable/deps/finn-hlslib/maxpool.h:167]   --->   Operation 325 'store' 'store_ln167' <Predicate = (!icmp_ln158)> <Delay = 1.58>
ST_1 : Operation 326 [1/1] (1.58ns)   --->   "%store_ln167 = store i4 %select_ln167_14, i4 %oldMax_V_14" [/home/miguel_tfg/FINN-v0.9-Stable/deps/finn-hlslib/maxpool.h:167]   --->   Operation 326 'store' 'store_ln167' <Predicate = (!icmp_ln158)> <Delay = 1.58>
ST_1 : Operation 327 [1/1] (1.58ns)   --->   "%store_ln167 = store i4 %select_ln167_13, i4 %oldMax_V_13" [/home/miguel_tfg/FINN-v0.9-Stable/deps/finn-hlslib/maxpool.h:167]   --->   Operation 327 'store' 'store_ln167' <Predicate = (!icmp_ln158)> <Delay = 1.58>
ST_1 : Operation 328 [1/1] (1.58ns)   --->   "%store_ln167 = store i4 %select_ln167_12, i4 %oldMax_V_12" [/home/miguel_tfg/FINN-v0.9-Stable/deps/finn-hlslib/maxpool.h:167]   --->   Operation 328 'store' 'store_ln167' <Predicate = (!icmp_ln158)> <Delay = 1.58>
ST_1 : Operation 329 [1/1] (1.58ns)   --->   "%store_ln167 = store i4 %select_ln167_11, i4 %oldMax_V_11" [/home/miguel_tfg/FINN-v0.9-Stable/deps/finn-hlslib/maxpool.h:167]   --->   Operation 329 'store' 'store_ln167' <Predicate = (!icmp_ln158)> <Delay = 1.58>
ST_1 : Operation 330 [1/1] (1.58ns)   --->   "%store_ln167 = store i4 %select_ln167_10, i4 %oldMax_V_10" [/home/miguel_tfg/FINN-v0.9-Stable/deps/finn-hlslib/maxpool.h:167]   --->   Operation 330 'store' 'store_ln167' <Predicate = (!icmp_ln158)> <Delay = 1.58>
ST_1 : Operation 331 [1/1] (1.58ns)   --->   "%store_ln167 = store i4 %select_ln167_9, i4 %oldMax_V_9" [/home/miguel_tfg/FINN-v0.9-Stable/deps/finn-hlslib/maxpool.h:167]   --->   Operation 331 'store' 'store_ln167' <Predicate = (!icmp_ln158)> <Delay = 1.58>
ST_1 : Operation 332 [1/1] (1.58ns)   --->   "%store_ln167 = store i4 %select_ln167_8, i4 %oldMax_V_8" [/home/miguel_tfg/FINN-v0.9-Stable/deps/finn-hlslib/maxpool.h:167]   --->   Operation 332 'store' 'store_ln167' <Predicate = (!icmp_ln158)> <Delay = 1.58>
ST_1 : Operation 333 [1/1] (1.58ns)   --->   "%store_ln167 = store i4 %select_ln167_7, i4 %oldMax_V_7" [/home/miguel_tfg/FINN-v0.9-Stable/deps/finn-hlslib/maxpool.h:167]   --->   Operation 333 'store' 'store_ln167' <Predicate = (!icmp_ln158)> <Delay = 1.58>
ST_1 : Operation 334 [1/1] (1.58ns)   --->   "%store_ln167 = store i4 %select_ln167_6, i4 %oldMax_V_6" [/home/miguel_tfg/FINN-v0.9-Stable/deps/finn-hlslib/maxpool.h:167]   --->   Operation 334 'store' 'store_ln167' <Predicate = (!icmp_ln158)> <Delay = 1.58>
ST_1 : Operation 335 [1/1] (1.58ns)   --->   "%store_ln167 = store i4 %select_ln167_5, i4 %oldMax_V_5" [/home/miguel_tfg/FINN-v0.9-Stable/deps/finn-hlslib/maxpool.h:167]   --->   Operation 335 'store' 'store_ln167' <Predicate = (!icmp_ln158)> <Delay = 1.58>
ST_1 : Operation 336 [1/1] (1.58ns)   --->   "%store_ln167 = store i4 %select_ln167_4, i4 %oldMax_V_4" [/home/miguel_tfg/FINN-v0.9-Stable/deps/finn-hlslib/maxpool.h:167]   --->   Operation 336 'store' 'store_ln167' <Predicate = (!icmp_ln158)> <Delay = 1.58>
ST_1 : Operation 337 [1/1] (1.58ns)   --->   "%store_ln167 = store i4 %select_ln167_3, i4 %oldMax_V_3" [/home/miguel_tfg/FINN-v0.9-Stable/deps/finn-hlslib/maxpool.h:167]   --->   Operation 337 'store' 'store_ln167' <Predicate = (!icmp_ln158)> <Delay = 1.58>
ST_1 : Operation 338 [1/1] (1.58ns)   --->   "%store_ln167 = store i4 %select_ln167_2, i4 %oldMax_V_2" [/home/miguel_tfg/FINN-v0.9-Stable/deps/finn-hlslib/maxpool.h:167]   --->   Operation 338 'store' 'store_ln167' <Predicate = (!icmp_ln158)> <Delay = 1.58>
ST_1 : Operation 339 [1/1] (1.58ns)   --->   "%store_ln167 = store i4 %select_ln167_1, i4 %oldMax_V_1" [/home/miguel_tfg/FINN-v0.9-Stable/deps/finn-hlslib/maxpool.h:167]   --->   Operation 339 'store' 'store_ln167' <Predicate = (!icmp_ln158)> <Delay = 1.58>
ST_1 : Operation 340 [1/1] (1.58ns)   --->   "%store_ln167 = store i4 %select_ln167, i4 %oldMax_V" [/home/miguel_tfg/FINN-v0.9-Stable/deps/finn-hlslib/maxpool.h:167]   --->   Operation 340 'store' 'store_ln167' <Predicate = (!icmp_ln158)> <Delay = 1.58>
ST_1 : Operation 341 [1/1] (1.58ns)   --->   "%store_ln158 = store i2 %kx_2, i2 %kx" [/home/miguel_tfg/FINN-v0.9-Stable/deps/finn-hlslib/maxpool.h:158]   --->   Operation 341 'store' 'store_ln158' <Predicate = (!icmp_ln158)> <Delay = 1.58>
ST_1 : Operation 342 [1/1] (0.00ns)   --->   "%br_ln0 = br void %for.body39"   --->   Operation 342 'br' 'br_ln0' <Predicate = (!icmp_ln158)> <Delay = 0.00>
ST_1 : Operation 343 [1/1] (0.00ns)   --->   "%ret_ln0 = ret"   --->   Operation 343 'ret' 'ret_ln0' <Predicate = (icmp_ln158)> <Delay = 0.00>


============================================================
+ Verbose Summary: Timing violations
============================================================
Target clock period: 10ns, clock uncertainty: 2.7ns.

 <State 1>: 5.82ns
The critical path consists of the following:
	'alloca' operation ('oldMax.V') [68]  (0 ns)
	'load' operation ('oldMax_V_load', /home/miguel_tfg/FINN-v0.9-Stable/deps/finn-hlslib/maxpool.h:167) on local variable 'oldMax.V' [208]  (0 ns)
	'icmp' operation ('icmp_ln1035') [244]  (1.3 ns)
	'select' operation ('select_ln167', /home/miguel_tfg/FINN-v0.9-Stable/deps/finn-hlslib/maxpool.h:167) [245]  (1.02 ns)
	'store' operation ('store_ln168', /home/miguel_tfg/FINN-v0.9-Stable/deps/finn-hlslib/maxpool.h:168) of variable 'select_ln167', /home/miguel_tfg/FINN-v0.9-Stable/deps/finn-hlslib/maxpool.h:167 on array 'buf_V' [342]  (2.32 ns)
	blocking operation 1.18 ns on control path)


============================================================
+ Verbose Summary: Binding
============================================================
N/A
* FSMD analyzer results:
  - Output states:
 - Input state : 
  - Chain level:
	State 1


============================================================
+ Verbose Summary: Datapath Resource usage 
============================================================
N/A
