

================================================================
== Synthesis Summary Report of 'MatrixVectorActivation_3'
================================================================
+ General Information: 
    * Date:           Fri Jun 12 10:39:18 2026
    * Version:        2022.2.2 (Build 3779808 on Feb 17 2023)
    * Project:        project_MatrixVectorActivation_3
    * Solution:       sol1 (Vivado IP Flow Target)
    * Product family: zynq
    * Target device:  xc7z020-clg400-1
    

+ Performance & Resource Estimates: 
    
    PS: '+' for module; 'o' for loop; '*' for dataflow
    +----------------------------------------+--------+-------+---------+---------+----------+---------+------+----------+------+----+-----------+------------+-----+
    |                 Modules                |  Issue |       | Latency | Latency | Iteration|         | Trip |          |      |    |           |            |     |
    |                 & Loops                |  Type  | Slack | (cycles)|   (ns)  |  Latency | Interval| Count| Pipelined| BRAM | DSP|     FF    |     LUT    | URAM|
    +----------------------------------------+--------+-------+---------+---------+----------+---------+------+----------+------+----+-----------+------------+-----+
    |+ MatrixVectorActivation_3              |  Timing|  -0.29|       41|  410.000|         -|       42|     -|        no|     -|   -|  417 (~0%)|  6062 (11%)|    -|
    | + Matrix_Vector_Activate_Stream_Batch  |  Timing|  -0.29|       38|  380.000|         -|       38|     -|        no|     -|   -|  412 (~0%)|  6017 (11%)|    -|
    |  o VITIS_LOOP_249_1                    |       -|   7.30|       36|  360.000|         6|        1|    32|  yes(flp)|     -|   -|          -|           -|    -|
    +----------------------------------------+--------+-------+---------+---------+----------+---------+------+----------+------+----+-----------+------------+-----+


================================================================
== HW Interfaces
================================================================
* AXIS
+-----------+---------------+-------+--------+--------+
| Interface | Register Mode | TDATA | TREADY | TVALID |
+-----------+---------------+-------+--------+--------+
| in0_V     | both          | 8     | 1      | 1      |
| out_V     | both          | 8     | 1      | 1      |
| weights_V | both          | 8     | 1      | 1      |
+-----------+---------------+-------+--------+--------+

* TOP LEVEL CONTROL
+-----------+--------------+----------+
| Interface | Type         | Ports    |
+-----------+--------------+----------+
| ap_clk    | clock        | ap_clk   |
| ap_rst_n  | reset        | ap_rst_n |
| ap_ctrl   | ap_ctrl_none |          |
+-----------+--------------+----------+


================================================================
== SW I/O Information
================================================================
* Top Function Arguments
+----------+-----------+------------------------+
| Argument | Direction | Datatype               |
+----------+-----------+------------------------+
| in0      | in        | stream<ap_uint<4>, 0>& |
| weights  | in        | stream<ap_uint<4>, 0>& |
| out      | out       | stream<ap_uint<8>, 0>& |
+----------+-----------+------------------------+

* SW-to-HW Mapping
+----------+--------------+-----------+
| Argument | HW Interface | HW Type   |
+----------+--------------+-----------+
| in0      | in0_V        | interface |
| weights  | weights_V    | interface |
| out      | out_V        | interface |
+----------+--------------+-----------+


================================================================
== Bind Op Report
================================================================
+----------------------------------------+-----+--------+---------------+-----+--------+---------+
| Name                                   | DSP | Pragma | Variable      | Op  | Impl   | Latency |
+----------------------------------------+-----+--------+---------------+-----+--------+---------+
| + MatrixVectorActivation_3             | 0   |        |               |     |        |         |
|  + Matrix_Vector_Activate_Stream_Batch | 0   |        |               |     |        |         |
|    i_2_fu_638_p2                       | -   |        | i_2           | add | fabric | 0       |
|    mul_4ns_4s_8_1_1_U2                 | -   | yes    | ret_V         | mul | fabric | 0       |
|    accu_V_2_fu_920_p2                  | -   |        | accu_V_2      | add | fabric | 0       |
|    sf_2_fu_838_p2                      | -   |        | sf_2          | add | fabric | 0       |
|    add_ln840_fu_4185_p2                | -   |        | add_ln840     | add | fabric | 0       |
|    add_ln840_1_fu_4195_p2              | -   |        | add_ln840_1   | add | fabric | 0       |
|    add_ln840_2_fu_4225_p2              | -   |        | add_ln840_2   | add | fabric | 0       |
|    add_ln840_4_fu_1863_p2              | -   |        | add_ln840_4   | add | fabric | 0       |
|    add_ln840_5_fu_1869_p2              | -   |        | add_ln840_5   | add | fabric | 0       |
|    add_ln840_6_fu_4247_p2              | -   |        | add_ln840_6   | add | fabric | 0       |
|    add_ln840_7_fu_4281_p2              | -   |        | add_ln840_7   | add | fabric | 0       |
|    add_ln840_8_fu_4291_p2              | -   |        | add_ln840_8   | add | fabric | 0       |
|    add_ln840_10_fu_4307_p2             | -   |        | add_ln840_10  | add | fabric | 0       |
|    add_ln840_11_fu_4317_p2             | -   |        | add_ln840_11  | add | fabric | 0       |
|    add_ln840_12_fu_4327_p2             | -   |        | add_ln840_12  | add | fabric | 0       |
|    add_ln840_13_fu_4333_p2             | -   |        | add_ln840_13  | add | fabric | 0       |
|    add_ln840_14_fu_4355_p2             | -   |        | add_ln840_14  | add | fabric | 0       |
|    add_ln840_15_fu_6399_p2             | -   |        | add_ln840_15  | add | fabric | 0       |
|    add_ln840_16_fu_4373_p2             | -   |        | add_ln840_16  | add | fabric | 0       |
|    add_ln840_17_fu_4383_p2             | -   |        | add_ln840_17  | add | fabric | 0       |
|    add_ln840_18_fu_4389_p2             | -   |        | add_ln840_18  | add | fabric | 0       |
|    add_ln840_19_fu_4399_p2             | -   |        | add_ln840_19  | add | fabric | 0       |
|    add_ln840_20_fu_4409_p2             | -   |        | add_ln840_20  | add | fabric | 0       |
|    add_ln840_21_fu_6415_p2             | -   |        | add_ln840_21  | add | fabric | 0       |
|    add_ln840_22_fu_6425_p2             | -   |        | add_ln840_22  | add | fabric | 0       |
|    add_ln840_24_fu_4427_p2             | -   |        | add_ln840_24  | add | fabric | 0       |
|    add_ln840_25_fu_4437_p2             | -   |        | add_ln840_25  | add | fabric | 0       |
|    add_ln840_26_fu_4447_p2             | -   |        | add_ln840_26  | add | fabric | 0       |
|    add_ln840_27_fu_4457_p2             | -   |        | add_ln840_27  | add | fabric | 0       |
|    add_ln840_28_fu_4467_p2             | -   |        | add_ln840_28  | add | fabric | 0       |
|    add_ln840_29_fu_4477_p2             | -   |        | add_ln840_29  | add | fabric | 0       |
|    add_ln840_30_fu_4507_p2             | -   |        | add_ln840_30  | add | fabric | 0       |
|    add_ln840_31_fu_4517_p2             | -   |        | add_ln840_31  | add | fabric | 0       |
|    add_ln840_32_fu_4527_p2             | -   |        | add_ln840_32  | add | fabric | 0       |
|    add_ln840_33_fu_4537_p2             | -   |        | add_ln840_33  | add | fabric | 0       |
|    add_ln840_34_fu_4547_p2             | -   |        | add_ln840_34  | add | fabric | 0       |
|    add_ln840_35_fu_6446_p2             | -   |        | add_ln840_35  | add | fabric | 0       |
|    add_ln840_36_fu_4553_p2             | -   |        | add_ln840_36  | add | fabric | 0       |
|    add_ln840_37_fu_4575_p2             | -   |        | add_ln840_37  | add | fabric | 0       |
|    add_ln840_38_fu_4585_p2             | -   |        | add_ln840_38  | add | fabric | 0       |
|    add_ln840_39_fu_4595_p2             | -   |        | add_ln840_39  | add | fabric | 0       |
|    add_ln840_40_fu_4605_p2             | -   |        | add_ln840_40  | add | fabric | 0       |
|    add_ln840_41_fu_4615_p2             | -   |        | add_ln840_41  | add | fabric | 0       |
|    add_ln840_42_fu_4621_p2             | -   |        | add_ln840_42  | add | fabric | 0       |
|    add_ln840_43_fu_4643_p2             | -   |        | add_ln840_43  | add | fabric | 0       |
|    add_ln840_44_fu_4665_p2             | -   |        | add_ln840_44  | add | fabric | 0       |
|    add_ln840_45_fu_4675_p2             | -   |        | add_ln840_45  | add | fabric | 0       |
|    add_ln840_46_fu_4685_p2             | -   |        | add_ln840_46  | add | fabric | 0       |
|    add_ln840_47_fu_6462_p2             | -   |        | add_ln840_47  | add | fabric | 0       |
|    add_ln840_48_fu_6472_p2             | -   |        | add_ln840_48  | add | fabric | 0       |
|    add_ln840_50_fu_4691_p2             | -   |        | add_ln840_50  | add | fabric | 0       |
|    add_ln840_51_fu_4701_p2             | -   |        | add_ln840_51  | add | fabric | 0       |
|    add_ln840_52_fu_4711_p2             | -   |        | add_ln840_52  | add | fabric | 0       |
|    add_ln840_53_fu_4745_p2             | -   |        | add_ln840_53  | add | fabric | 0       |
|    add_ln840_54_fu_4755_p2             | -   |        | add_ln840_54  | add | fabric | 0       |
|    add_ln840_55_fu_4765_p2             | -   |        | add_ln840_55  | add | fabric | 0       |
|    add_ln840_56_fu_4775_p2             | -   |        | add_ln840_56  | add | fabric | 0       |
|    add_ln840_57_fu_4785_p2             | -   |        | add_ln840_57  | add | fabric | 0       |
|    add_ln840_58_fu_4819_p2             | -   |        | add_ln840_58  | add | fabric | 0       |
|    add_ln840_59_fu_4829_p2             | -   |        | add_ln840_59  | add | fabric | 0       |
|    add_ln840_60_fu_4839_p2             | -   |        | add_ln840_60  | add | fabric | 0       |
|    add_ln840_61_fu_4845_p2             | -   |        | add_ln840_61  | add | fabric | 0       |
|    add_ln840_62_fu_4855_p2             | -   |        | add_ln840_62  | add | fabric | 0       |
|    add_ln840_63_fu_4865_p2             | -   |        | add_ln840_63  | add | fabric | 0       |
|    add_ln840_64_fu_4871_p2             | -   |        | add_ln840_64  | add | fabric | 0       |
|    add_ln840_65_fu_4893_p2             | -   |        | add_ln840_65  | add | fabric | 0       |
|    add_ln840_66_fu_6497_p2             | -   |        | add_ln840_66  | add | fabric | 0       |
|    add_ln840_67_fu_4911_p2             | -   |        | add_ln840_67  | add | fabric | 0       |
|    add_ln840_68_fu_4921_p2             | -   |        | add_ln840_68  | add | fabric | 0       |
|    add_ln840_69_fu_4927_p2             | -   |        | add_ln840_69  | add | fabric | 0       |
|    add_ln840_70_fu_4937_p2             | -   |        | add_ln840_70  | add | fabric | 0       |
|    add_ln840_71_fu_4947_p2             | -   |        | add_ln840_71  | add | fabric | 0       |
|    add_ln840_72_fu_6513_p2             | -   |        | add_ln840_72  | add | fabric | 0       |
|    add_ln840_73_fu_6523_p2             | -   |        | add_ln840_73  | add | fabric | 0       |
|    add_ln840_74_fu_6533_p2             | -   |        | add_ln840_74  | add | fabric | 0       |
|    add_ln840_75_fu_4965_p2             | -   |        | add_ln840_75  | add | fabric | 0       |
|    add_ln840_76_fu_4975_p2             | -   |        | add_ln840_76  | add | fabric | 0       |
|    add_ln840_77_fu_4985_p2             | -   |        | add_ln840_77  | add | fabric | 0       |
|    add_ln840_78_fu_4995_p2             | -   |        | add_ln840_78  | add | fabric | 0       |
|    add_ln840_79_fu_5005_p2             | -   |        | add_ln840_79  | add | fabric | 0       |
|    add_ln840_80_fu_5015_p2             | -   |        | add_ln840_80  | add | fabric | 0       |
|    add_ln840_81_fu_5049_p2             | -   |        | add_ln840_81  | add | fabric | 0       |
|    add_ln840_82_fu_5059_p2             | -   |        | add_ln840_82  | add | fabric | 0       |
|    add_ln840_83_fu_5069_p2             | -   |        | add_ln840_83  | add | fabric | 0       |
|    add_ln840_84_fu_5079_p2             | -   |        | add_ln840_84  | add | fabric | 0       |
|    add_ln840_85_fu_5089_p2             | -   |        | add_ln840_85  | add | fabric | 0       |
|    add_ln840_86_fu_5099_p2             | -   |        | add_ln840_86  | add | fabric | 0       |
|    add_ln840_87_fu_5105_p2             | -   |        | add_ln840_87  | add | fabric | 0       |
|    add_ln840_88_fu_5127_p2             | -   |        | add_ln840_88  | add | fabric | 0       |
|    add_ln840_89_fu_5149_p2             | -   |        | add_ln840_89  | add | fabric | 0       |
|    add_ln840_90_fu_5159_p2             | -   |        | add_ln840_90  | add | fabric | 0       |
|    add_ln840_91_fu_5169_p2             | -   |        | add_ln840_91  | add | fabric | 0       |
|    add_ln840_92_fu_5175_p2             | -   |        | add_ln840_92  | add | fabric | 0       |
|    add_ln840_93_fu_5197_p2             | -   |        | add_ln840_93  | add | fabric | 0       |
|    add_ln840_94_fu_5219_p2             | -   |        | add_ln840_94  | add | fabric | 0       |
|    add_ln840_95_fu_5229_p2             | -   |        | add_ln840_95  | add | fabric | 0       |
|    add_ln840_96_fu_5239_p2             | -   |        | add_ln840_96  | add | fabric | 0       |
|    add_ln840_97_fu_6552_p2             | -   |        | add_ln840_97  | add | fabric | 0       |
|    add_ln840_98_fu_6562_p2             | -   |        | add_ln840_98  | add | fabric | 0       |
|    add_ln840_99_fu_6572_p2             | -   |        | add_ln840_99  | add | fabric | 0       |
|    add_ln840_101_fu_5245_p2            | -   |        | add_ln840_101 | add | fabric | 0       |
|    add_ln840_102_fu_5255_p2            | -   |        | add_ln840_102 | add | fabric | 0       |
|    add_ln840_103_fu_5265_p2            | -   |        | add_ln840_103 | add | fabric | 0       |
|    add_ln840_104_fu_5299_p2            | -   |        | add_ln840_104 | add | fabric | 0       |
|    add_ln840_105_fu_5309_p2            | -   |        | add_ln840_105 | add | fabric | 0       |
|    add_ln840_106_fu_5319_p2            | -   |        | add_ln840_106 | add | fabric | 0       |
|    add_ln840_107_fu_5329_p2            | -   |        | add_ln840_107 | add | fabric | 0       |
|    add_ln840_108_fu_5339_p2            | -   |        | add_ln840_108 | add | fabric | 0       |
|    add_ln840_109_fu_5373_p2            | -   |        | add_ln840_109 | add | fabric | 0       |
|    add_ln840_110_fu_5383_p2            | -   |        | add_ln840_110 | add | fabric | 0       |
|    add_ln840_111_fu_5393_p2            | -   |        | add_ln840_111 | add | fabric | 0       |
|    add_ln840_112_fu_5399_p2            | -   |        | add_ln840_112 | add | fabric | 0       |
|    add_ln840_113_fu_5409_p2            | -   |        | add_ln840_113 | add | fabric | 0       |
|    add_ln840_114_fu_5419_p2            | -   |        | add_ln840_114 | add | fabric | 0       |
|    add_ln840_115_fu_5429_p2            | -   |        | add_ln840_115 | add | fabric | 0       |
|    add_ln840_116_fu_5451_p2            | -   |        | add_ln840_116 | add | fabric | 0       |
|    add_ln840_117_fu_5461_p2            | -   |        | add_ln840_117 | add | fabric | 0       |
|    add_ln840_118_fu_5479_p2            | -   |        | add_ln840_118 | add | fabric | 0       |
|    add_ln840_119_fu_5489_p2            | -   |        | add_ln840_119 | add | fabric | 0       |
|    add_ln840_120_fu_5499_p2            | -   |        | add_ln840_120 | add | fabric | 0       |
|    add_ln840_121_fu_5509_p2            | -   |        | add_ln840_121 | add | fabric | 0       |
|    add_ln840_122_fu_5519_p2            | -   |        | add_ln840_122 | add | fabric | 0       |
|    add_ln840_123_fu_5529_p2            | -   |        | add_ln840_123 | add | fabric | 0       |
|    add_ln840_124_fu_6587_p2            | -   |        | add_ln840_124 | add | fabric | 0       |
|    add_ln840_125_fu_6597_p2            | -   |        | add_ln840_125 | add | fabric | 0       |
|    add_ln840_126_fu_5547_p2            | -   |        | add_ln840_126 | add | fabric | 0       |
|    add_ln840_127_fu_5557_p2            | -   |        | add_ln840_127 | add | fabric | 0       |
|    add_ln840_128_fu_5567_p2            | -   |        | add_ln840_128 | add | fabric | 0       |
|    add_ln840_129_fu_5577_p2            | -   |        | add_ln840_129 | add | fabric | 0       |
|    add_ln840_130_fu_5587_p2            | -   |        | add_ln840_130 | add | fabric | 0       |
|    add_ln840_131_fu_5597_p2            | -   |        | add_ln840_131 | add | fabric | 0       |
|    add_ln840_132_fu_5631_p2            | -   |        | add_ln840_132 | add | fabric | 0       |
|    add_ln840_133_fu_5641_p2            | -   |        | add_ln840_133 | add | fabric | 0       |
|    add_ln840_134_fu_5651_p2            | -   |        | add_ln840_134 | add | fabric | 0       |
|    add_ln840_135_fu_5661_p2            | -   |        | add_ln840_135 | add | fabric | 0       |
|    add_ln840_136_fu_5671_p2            | -   |        | add_ln840_136 | add | fabric | 0       |
|    add_ln840_137_fu_5681_p2            | -   |        | add_ln840_137 | add | fabric | 0       |
|    add_ln840_138_fu_5687_p2            | -   |        | add_ln840_138 | add | fabric | 0       |
|    add_ln840_139_fu_5709_p2            | -   |        | add_ln840_139 | add | fabric | 0       |
|    add_ln840_140_fu_5731_p2            | -   |        | add_ln840_140 | add | fabric | 0       |
|    add_ln840_141_fu_5741_p2            | -   |        | add_ln840_141 | add | fabric | 0       |
|    add_ln840_142_fu_5751_p2            | -   |        | add_ln840_142 | add | fabric | 0       |
|    add_ln840_143_fu_5757_p2            | -   |        | add_ln840_143 | add | fabric | 0       |
|    add_ln840_144_fu_5779_p2            | -   |        | add_ln840_144 | add | fabric | 0       |
|    add_ln840_145_fu_5801_p2            | -   |        | add_ln840_145 | add | fabric | 0       |
|    add_ln840_146_fu_5811_p2            | -   |        | add_ln840_146 | add | fabric | 0       |
|    add_ln840_147_fu_5821_p2            | -   |        | add_ln840_147 | add | fabric | 0       |
|    add_ln840_148_fu_6616_p2            | -   |        | add_ln840_148 | add | fabric | 0       |
|    add_ln840_149_fu_6626_p2            | -   |        | add_ln840_149 | add | fabric | 0       |
|    add_ln840_150_fu_6636_p2            | -   |        | add_ln840_150 | add | fabric | 0       |
|    add_ln840_151_fu_5827_p2            | -   |        | add_ln840_151 | add | fabric | 0       |
|    add_ln840_152_fu_5837_p2            | -   |        | add_ln840_152 | add | fabric | 0       |
|    add_ln840_153_fu_5847_p2            | -   |        | add_ln840_153 | add | fabric | 0       |
|    add_ln840_154_fu_5881_p2            | -   |        | add_ln840_154 | add | fabric | 0       |
|    add_ln840_155_fu_5891_p2            | -   |        | add_ln840_155 | add | fabric | 0       |
|    add_ln840_156_fu_5901_p2            | -   |        | add_ln840_156 | add | fabric | 0       |
|    add_ln840_157_fu_5911_p2            | -   |        | add_ln840_157 | add | fabric | 0       |
|    add_ln840_158_fu_5921_p2            | -   |        | add_ln840_158 | add | fabric | 0       |
|    add_ln840_159_fu_5931_p2            | -   |        | add_ln840_159 | add | fabric | 0       |
|    add_ln840_160_fu_5953_p2            | -   |        | add_ln840_160 | add | fabric | 0       |
|    add_ln840_161_fu_5963_p2            | -   |        | add_ln840_161 | add | fabric | 0       |
|    add_ln840_162_fu_5973_p2            | -   |        | add_ln840_162 | add | fabric | 0       |
|    add_ln840_163_fu_5979_p2            | -   |        | add_ln840_163 | add | fabric | 0       |
|    add_ln840_164_fu_5989_p2            | -   |        | add_ln840_164 | add | fabric | 0       |
|    add_ln840_165_fu_5999_p2            | -   |        | add_ln840_165 | add | fabric | 0       |
|    add_ln840_166_fu_6009_p2            | -   |        | add_ln840_166 | add | fabric | 0       |
|    add_ln840_167_fu_6031_p2            | -   |        | add_ln840_167 | add | fabric | 0       |
|    add_ln840_168_fu_6041_p2            | -   |        | add_ln840_168 | add | fabric | 0       |
|    add_ln840_169_fu_6059_p2            | -   |        | add_ln840_169 | add | fabric | 0       |
|    add_ln840_170_fu_6069_p2            | -   |        | add_ln840_170 | add | fabric | 0       |
|    add_ln840_171_fu_6079_p2            | -   |        | add_ln840_171 | add | fabric | 0       |
|    add_ln840_172_fu_6089_p2            | -   |        | add_ln840_172 | add | fabric | 0       |
|    add_ln840_173_fu_6099_p2            | -   |        | add_ln840_173 | add | fabric | 0       |
|    add_ln840_174_fu_6109_p2            | -   |        | add_ln840_174 | add | fabric | 0       |
|    add_ln840_175_fu_6655_p2            | -   |        | add_ln840_175 | add | fabric | 0       |
|    add_ln840_176_fu_6665_p2            | -   |        | add_ln840_176 | add | fabric | 0       |
|    add_ln840_177_fu_6127_p2            | -   |        | add_ln840_177 | add | fabric | 0       |
|    add_ln840_178_fu_6137_p2            | -   |        | add_ln840_178 | add | fabric | 0       |
|    add_ln840_179_fu_6147_p2            | -   |        | add_ln840_179 | add | fabric | 0       |
|    add_ln840_180_fu_6157_p2            | -   |        | add_ln840_180 | add | fabric | 0       |
|    add_ln840_181_fu_6167_p2            | -   |        | add_ln840_181 | add | fabric | 0       |
|    add_ln840_182_fu_6177_p2            | -   |        | add_ln840_182 | add | fabric | 0       |
|    add_ln840_183_fu_6207_p2            | -   |        | add_ln840_183 | add | fabric | 0       |
|    add_ln840_184_fu_6217_p2            | -   |        | add_ln840_184 | add | fabric | 0       |
|    add_ln840_185_fu_6227_p2            | -   |        | add_ln840_185 | add | fabric | 0       |
|    add_ln840_186_fu_6237_p2            | -   |        | add_ln840_186 | add | fabric | 0       |
|    add_ln840_187_fu_6247_p2            | -   |        | add_ln840_187 | add | fabric | 0       |
|    add_ln840_188_fu_6681_p2            | -   |        | add_ln840_188 | add | fabric | 0       |
|    add_ln840_189_fu_6253_p2            | -   |        | add_ln840_189 | add | fabric | 0       |
|    add_ln840_190_fu_6275_p2            | -   |        | add_ln840_190 | add | fabric | 0       |
|    add_ln840_191_fu_6297_p2            | -   |        | add_ln840_191 | add | fabric | 0       |
|    add_ln840_192_fu_6307_p2            | -   |        | add_ln840_192 | add | fabric | 0       |
|    add_ln840_193_fu_6317_p2            | -   |        | add_ln840_193 | add | fabric | 0       |
|    add_ln840_194_fu_6323_p2            | -   |        | add_ln840_194 | add | fabric | 0       |
|    add_ln840_195_fu_6345_p2            | -   |        | add_ln840_195 | add | fabric | 0       |
|    add_ln840_196_fu_6367_p2            | -   |        | add_ln840_196 | add | fabric | 0       |
|    add_ln840_197_fu_6377_p2            | -   |        | add_ln840_197 | add | fabric | 0       |
|    add_ln840_198_fu_6387_p2            | -   |        | add_ln840_198 | add | fabric | 0       |
|    add_ln840_199_fu_6697_p2            | -   |        | add_ln840_199 | add | fabric | 0       |
|    add_ln840_200_fu_6707_p2            | -   |        | add_ln840_200 | add | fabric | 0       |
|    add_ln840_201_fu_6717_p2            | -   |        | add_ln840_201 | add | fabric | 0       |
|    add_ln840_202_fu_6727_p2            | -   |        | add_ln840_202 | add | fabric | 0       |
|    nf_fu_859_p2                        | -   |        | nf            | add | fabric | 0       |
+----------------------------------------+-----+--------+---------------+-----+--------+---------+


================================================================
== Bind Storage Report
================================================================
  No bind storage info in design

================================================================
== Pragma Report
================================================================
* Pragmas with Warnings
+--------+--------------------------+--------------------------------------------------------------------------+------------------------------------------------------------------+
| Type   | Options                  | Location                                                                 | Messages                                                         |
+--------+--------------------------+--------------------------------------------------------------------------+------------------------------------------------------------------+
| stream | depth=8 variable=weights | top_MatrixVectorActivation_3.cpp:35 in matrixvectoractivation_3, weights | The stream pragma on function argument, in 'call' is unsupported |
+--------+--------------------------+--------------------------------------------------------------------------+------------------------------------------------------------------+

* Valid Pragma Syntax
+-----------------+---------------------------------------------------+-----------------------------------------------------------------------------------------------------------------------+
| Type            | Options                                           | Location                                                                                                              |
+-----------------+---------------------------------------------------+-----------------------------------------------------------------------------------------------------------------------+
| inline          |                                                   | ../../../../deps/finn-hlslib/activations.hpp:145 in init                                                              |
| inline          |                                                   | ../../../../deps/finn-hlslib/activations.hpp:163 in activate                                                          |
| inline          |                                                   | ../../../../deps/finn-hlslib/activations.hpp:180 in thresholdactivation<ta, compare>                                  |
| inline          |                                                   | ../../../../deps/finn-hlslib/activations.hpp:185 in activate                                                          |
| inline          |                                                   | ../../../../deps/finn-hlslib/activations.hpp:208 in init                                                              |
| inline          |                                                   | ../../../../deps/finn-hlslib/activations.hpp:214 in activate                                                          |
| unroll          |                                                   | ../../../../deps/finn-hlslib/activations.hpp:217 in activate                                                          |
| inline          |                                                   | ../../../../deps/finn-hlslib/activations.hpp:247 in init                                                              |
| inline          |                                                   | ../../../../deps/finn-hlslib/activations.hpp:252 in activate                                                          |
| pipeline        | style=flp II=1                                    | ../../../../deps/finn-hlslib/activations.hpp:296 in thresholding_batch                                                |
| unroll          |                                                   | ../../../../deps/finn-hlslib/activations.hpp:302 in thresholding_batch                                                |
| array_partition | variable=internal_thr.m_thresholds complete dim=0 | ../../../../deps/finn-hlslib/activations.hpp:352 in thresholding_stream_batch, internal_thr.m_thresholds              |
| pipeline        | style=flp II=1                                    | ../../../../deps/finn-hlslib/activations.hpp:358 in thresholding_stream_batch                                         |
| unroll          |                                                   | ../../../../deps/finn-hlslib/activations.hpp:371 in thresholding_stream_batch                                         |
| unroll          |                                                   | ../../../../deps/finn-hlslib/activations.hpp:376 in thresholding_stream_batch                                         |
| inline          |                                                   | ../../../../deps/finn-hlslib/convlayer.h:113 in convlayer_batch                                                       |
| inline          |                                                   | ../../../../deps/finn-hlslib/convlayer.h:198 in convlayer_batch_tmr                                                   |
| inline          |                                                   | ../../../../deps/finn-hlslib/convlayer.h:284 in convlayer_batch_mmv                                                   |
| pipeline        | style=flp II=1                                    | ../../../../deps/finn-hlslib/dma.h:141 in mem2stream                                                                  |
| pipeline        | style=flp II=1                                    | ../../../../deps/finn-hlslib/dma.h:154 in stream2mem                                                                  |
| pipeline        | style=flp II=1                                    | ../../../../deps/finn-hlslib/dma.h:224 in genparamstream                                                              |
| inline          |                                                   | ../../../../deps/finn-hlslib/interpret.hpp:62 in xnormul                                                              |
| inline          |                                                   | ../../../../deps/finn-hlslib/interpret.hpp:67 in operator*                                                            |
| inline          |                                                   | ../../../../deps/finn-hlslib/interpret.hpp:72 in operator*                                                            |
| inline          |                                                   | ../../../../deps/finn-hlslib/interpret.hpp:80 in binary                                                               |
| inline          |                                                   | ../../../../deps/finn-hlslib/interpret.hpp:89 in operator*                                                            |
| inline          |                                                   | ../../../../deps/finn-hlslib/interpret.hpp:97 in operator*                                                            |
| inline          |                                                   | ../../../../deps/finn-hlslib/interpret.hpp:102 in operator*                                                           |
| inline          |                                                   | ../../../../deps/finn-hlslib/interpret.hpp:116 in operator()                                                          |
| inline          |                                                   | ../../../../deps/finn-hlslib/interpret.hpp:122 in operator()                                                          |
| inline          |                                                   | ../../../../deps/finn-hlslib/interpret.hpp:138 in container<tv>                                                       |
| inline          |                                                   | ../../../../deps/finn-hlslib/interpret.hpp:143 in operator[]                                                          |
| inline          |                                                   | ../../../../deps/finn-hlslib/interpret.hpp:147 in operator[]                                                          |
| inline          |                                                   | ../../../../deps/finn-hlslib/interpret.hpp:151 in operator()                                                          |
| inline          |                                                   | ../../../../deps/finn-hlslib/interpret.hpp:155 in operator const type-parameter-1-0 &                                 |
| inline          |                                                   | ../../../../deps/finn-hlslib/interpret.hpp:163 in operator()                                                          |
| inline          |                                                   | ../../../../deps/finn-hlslib/interpret.hpp:168 in operator()                                                          |
| inline          |                                                   | ../../../../deps/finn-hlslib/interpret.hpp:173 in operator()                                                          |
| inline          |                                                   | ../../../../deps/finn-hlslib/interpret.hpp:204 in container<tv>                                                       |
| inline          |                                                   | ../../../../deps/finn-hlslib/interpret.hpp:207 in container<tv>                                                       |
| inline          |                                                   | ../../../../deps/finn-hlslib/interpret.hpp:211 in operator()                                                          |
| inline          |                                                   | ../../../../deps/finn-hlslib/interpret.hpp:215 in operator()                                                          |
| inline          |                                                   | ../../../../deps/finn-hlslib/interpret.hpp:220 in operator[]                                                          |
| inline          |                                                   | ../../../../deps/finn-hlslib/interpret.hpp:224 in operator const type-parameter-1-0 &                                 |
| inline          |                                                   | ../../../../deps/finn-hlslib/interpret.hpp:232 in operator()                                                          |
| inline          |                                                   | ../../../../deps/finn-hlslib/interpret.hpp:237 in operator()                                                          |
| inline          |                                                   | ../../../../deps/finn-hlslib/interpret.hpp:242 in operator()                                                          |
| inline          |                                                   | ../../../../deps/finn-hlslib/interpret.hpp:261 in container<tv>                                                       |
| inline          |                                                   | ../../../../deps/finn-hlslib/interpret.hpp:264 in container<tv>                                                       |
| inline          |                                                   | ../../../../deps/finn-hlslib/interpret.hpp:267 in container<tv>                                                       |
| inline          |                                                   | ../../../../deps/finn-hlslib/interpret.hpp:271 in operator const type-parameter-1-0 &                                 |
| inline          |                                                   | ../../../../deps/finn-hlslib/interpret.hpp:275 in operator()                                                          |
| inline          |                                                   | ../../../../deps/finn-hlslib/interpret.hpp:279 in operator()                                                          |
| inline          |                                                   | ../../../../deps/finn-hlslib/interpret.hpp:284 in operator[]                                                          |
| inline          |                                                   | ../../../../deps/finn-hlslib/interpret.hpp:292 in operator()                                                          |
| inline          |                                                   | ../../../../deps/finn-hlslib/interpret.hpp:297 in operator()                                                          |
| inline          |                                                   | ../../../../deps/finn-hlslib/interpret.hpp:302 in operator()                                                          |
| inline          |                                                   | ../../../../deps/finn-hlslib/mac.hpp:89 in mul                                                                        |
| inline          |                                                   | ../../../../deps/finn-hlslib/mac.hpp:114 in mul                                                                       |
| bind_op         | variable=res op=mul impl=fabric                   | ../../../../deps/finn-hlslib/mac.hpp:116 in mul, res                                                                  |
| inline          |                                                   | ../../../../deps/finn-hlslib/mac.hpp:140 in mul                                                                       |
| bind_op         | variable=res op=mul impl=dsp                      | ../../../../deps/finn-hlslib/mac.hpp:142 in mul, res                                                                  |
| inline          |                                                   | ../../../../deps/finn-hlslib/mac.hpp:165 in mac                                                                       |
| unroll          |                                                   | ../../../../deps/finn-hlslib/mac.hpp:168 in mac                                                                       |
| inline          |                                                   | ../../../../deps/finn-hlslib/mac.hpp:192 in mac                                                                       |
| unroll          |                                                   | ../../../../deps/finn-hlslib/mac.hpp:195 in mac                                                                       |
| inline          |                                                   | ../../../../deps/finn-hlslib/mac.hpp:202 in mac                                                                       |
| unroll          |                                                   | ../../../../deps/finn-hlslib/maxpool.h:74 in streamingmaxpool                                                         |
| pipeline        | style=flp II=1                                    | ../../../../deps/finn-hlslib/maxpool.h:83 in streamingmaxpool                                                         |
| pipeline        | style=flp II=1                                    | ../../../../deps/finn-hlslib/maxpool.h:91 in streamingmaxpool                                                         |
| array_partition | variable=buf complete dim=2                       | ../../../../deps/finn-hlslib/maxpool.h:146 in streamingmaxpool_precision, buf                                         |
| unroll          |                                                   | ../../../../deps/finn-hlslib/maxpool.h:149 in streamingmaxpool_precision                                              |
| pipeline        | style=flp II=1                                    | ../../../../deps/finn-hlslib/maxpool.h:159 in streamingmaxpool_precision                                              |
| unroll          |                                                   | ../../../../deps/finn-hlslib/maxpool.h:162 in streamingmaxpool_precision                                              |
| unroll          |                                                   | ../../../../deps/finn-hlslib/maxpool.h:176 in streamingmaxpool_precision                                              |
| inline          |                                                   | ../../../../deps/finn-hlslib/maxpool.h:210 in streamingmaxpool_precision_batch                                        |
| array_partition | variable=buf complete dim=2                       | ../../../../deps/finn-hlslib/maxpool.h:255 in streamingmaxpool_precision_1d, buf                                      |
| pipeline        | style=flp II=1                                    | ../../../../deps/finn-hlslib/maxpool.h:258 in streamingmaxpool_precision_1d                                           |
| unroll          |                                                   | ../../../../deps/finn-hlslib/maxpool.h:260 in streamingmaxpool_precision_1d                                           |
| pipeline        | style=flp II=1                                    | ../../../../deps/finn-hlslib/maxpool.h:272 in streamingmaxpool_precision_1d                                           |
| unroll          |                                                   | ../../../../deps/finn-hlslib/maxpool.h:275 in streamingmaxpool_precision_1d                                           |
| pipeline        | style=flp II=1                                    | ../../../../deps/finn-hlslib/maxpool.h:288 in streamingmaxpool_precision_1d                                           |
| unroll          |                                                   | ../../../../deps/finn-hlslib/maxpool.h:290 in streamingmaxpool_precision_1d                                           |
| pipeline        | style=flp II=1                                    | ../../../../deps/finn-hlslib/maxpool.h:302 in streamingmaxpool_precision_1d                                           |
| inline          |                                                   | ../../../../deps/finn-hlslib/maxpool.h:331 in streamingmaxpool_precision_batch_1d                                     |
| pipeline        | style=flp II=1                                    | ../../../../deps/finn-hlslib/maxpool.h:370 in relu_batch                                                              |
| unroll          |                                                   | ../../../../deps/finn-hlslib/maxpool.h:373 in relu_batch                                                              |
| bind_storage    | variable=accumulators type=RAM_2P impl=LUTRAM     | ../../../../deps/finn-hlslib/maxpool.h:415 in accpool_batch, accumulators                                             |
| pipeline        | style=flp II=1                                    | ../../../../deps/finn-hlslib/maxpool.h:421 in accpool_batch                                                           |
| unroll          |                                                   | ../../../../deps/finn-hlslib/maxpool.h:425 in accpool_batch                                                           |
| array_partition | variable=topval complete dim=1                    | ../../../../deps/finn-hlslib/maxpool.h:477 in labelselect_batch, topval                                               |
| array_partition | variable=toplabels complete dim=1                 | ../../../../deps/finn-hlslib/maxpool.h:479 in labelselect_batch, toplabels                                            |
| unroll          |                                                   | ../../../../deps/finn-hlslib/maxpool.h:484 in labelselect_batch                                                       |
| pipeline        | style=flp II=1                                    | ../../../../deps/finn-hlslib/maxpool.h:489 in labelselect_batch                                                       |
| unroll          |                                                   | ../../../../deps/finn-hlslib/maxpool.h:492 in labelselect_batch                                                       |
| unroll          |                                                   | ../../../../deps/finn-hlslib/maxpool.h:501 in labelselect_batch                                                       |
| unroll          |                                                   | ../../../../deps/finn-hlslib/maxpool.h:508 in labelselect_batch                                                       |
| array_partition | variable=accu complete dim=0                      | ../../../../deps/finn-hlslib/maxpool.h:570 in pool_batch, accu                                                        |
| pipeline        | style=flp II=1                                    | ../../../../deps/finn-hlslib/maxpool.h:576 in pool_batch                                                              |
| unroll          |                                                   | ../../../../deps/finn-hlslib/maxpool.h:583 in pool_batch                                                              |
| unroll          |                                                   | ../../../../deps/finn-hlslib/maxpool.h:590 in pool_batch                                                              |
| unroll          |                                                   | ../../../../deps/finn-hlslib/maxpool.h:599 in pool_batch                                                              |
| inline          |                                                   | ../../../../deps/finn-hlslib/mmv.hpp:53 in operator[]                                                                 |
| array_partition | variable=inputBuf complete dim=0                  | ../../../../deps/finn-hlslib/mvau.hpp:110 in matrix_vector_activate_batch, inputBuf                                   |
| array_partition | variable=accu complete dim=0                      | ../../../../deps/finn-hlslib/mvau.hpp:114 in matrix_vector_activate_batch, accu                                       |
| pipeline        | style=flp II=1                                    | ../../../../deps/finn-hlslib/mvau.hpp:124 in matrix_vector_activate_batch                                             |
| unroll          |                                                   | ../../../../deps/finn-hlslib/mvau.hpp:140 in matrix_vector_activate_batch                                             |
| unroll          |                                                   | ../../../../deps/finn-hlslib/mvau.hpp:142 in matrix_vector_activate_batch                                             |
| unroll          |                                                   | ../../../../deps/finn-hlslib/mvau.hpp:151 in matrix_vector_activate_batch                                             |
| unroll          |                                                   | ../../../../deps/finn-hlslib/mvau.hpp:165 in matrix_vector_activate_batch                                             |
| unroll          |                                                   | ../../../../deps/finn-hlslib/mvau.hpp:167 in matrix_vector_activate_batch                                             |
| array_partition | variable=inputBuf complete dim=1                  | ../../../../deps/finn-hlslib/mvau.hpp:232 in matrix_vector_activate_stream_batch, inputBuf                            |
| array_partition | variable=accu complete dim=0                      | ../../../../deps/finn-hlslib/mvau.hpp:235 in matrix_vector_activate_stream_batch, accu                                |
| array_partition | variable=w.m_weights complete dim=0               | ../../../../deps/finn-hlslib/mvau.hpp:238 in matrix_vector_activate_stream_batch, w.m_weights                         |
| pipeline        | style=flp II=1                                    | ../../../../deps/finn-hlslib/mvau.hpp:250 in matrix_vector_activate_stream_batch                                      |
| unroll          |                                                   | ../../../../deps/finn-hlslib/mvau.hpp:267 in matrix_vector_activate_stream_batch                                      |
| unroll          |                                                   | ../../../../deps/finn-hlslib/mvau.hpp:274 in matrix_vector_activate_stream_batch                                      |
| unroll          |                                                   | ../../../../deps/finn-hlslib/mvau.hpp:281 in matrix_vector_activate_stream_batch                                      |
| unroll          |                                                   | ../../../../deps/finn-hlslib/mvau.hpp:294 in matrix_vector_activate_stream_batch                                      |
| bind_storage    | variable=inputBuf type=RAM_2P                     | ../../../../deps/finn-hlslib/slidingwindow.h:74 in memory_resource, inputBuf                                          |
| bind_storage    | variable=inputBuf type=RAM_S2P impl=BRAM          | ../../../../deps/finn-hlslib/slidingwindow.h:95 in memory_resource, inputBuf                                          |
| bind_storage    | variable=inputBuf type=RAM_S2P impl=URAM          | ../../../../deps/finn-hlslib/slidingwindow.h:116 in memory_resource, inputBuf                                         |
| bind_storage    | variable=inputBuf type=RAM_S2P impl=LUTRAM        | ../../../../deps/finn-hlslib/slidingwindow.h:137 in memory_resource, inputBuf                                         |
| array_partition | variable=inputBuf complete dim=1                  | ../../../../deps/finn-hlslib/slidingwindow.h:177 in convolutioninputgenerator, inputBuf                               |
| pipeline        | style=flp II=1                                    | ../../../../deps/finn-hlslib/slidingwindow.h:192 in convolutioninputgenerator                                         |
| dependence      | variable=inputBuf intra false                     | ../../../../deps/finn-hlslib/slidingwindow.h:243 in convolutioninputgenerator, inputBuf                               |
| dependence      | variable=inputBuf inter false                     | ../../../../deps/finn-hlslib/slidingwindow.h:244 in convolutioninputgenerator, inputBuf                               |
| dependence      | variable=current_block_write intra false          | ../../../../deps/finn-hlslib/slidingwindow.h:254 in convolutioninputgenerator, current_block_write                    |
| dependence      | variable=inputBuf inter false                     | ../../../../deps/finn-hlslib/slidingwindow.h:308 in convolutioninputgenerator_mmv, inputBuf                           |
| dependence      | variable=inputBuf intra false                     | ../../../../deps/finn-hlslib/slidingwindow.h:309 in convolutioninputgenerator_mmv, inputBuf                           |
| array_partition | variable=inputBuf complete dim=1                  | ../../../../deps/finn-hlslib/slidingwindow.h:310 in convolutioninputgenerator_mmv, inputBuf                           |
| array_partition | variable=inputBuf complete dim=2                  | ../../../../deps/finn-hlslib/slidingwindow.h:311 in convolutioninputgenerator_mmv, inputBuf                           |
| pipeline        | style=flp II=1                                    | ../../../../deps/finn-hlslib/slidingwindow.h:326 in convolutioninputgenerator_mmv                                     |
| unroll          |                                                   | ../../../../deps/finn-hlslib/slidingwindow.h:333 in convolutioninputgenerator_mmv                                     |
| unroll          |                                                   | ../../../../deps/finn-hlslib/slidingwindow.h:359 in convolutioninputgenerator_mmv                                     |
| unroll          |                                                   | ../../../../deps/finn-hlslib/slidingwindow.h:392 in convolutioninputgenerator_mmv                                     |
| dependence      | variable=inputBuf intra false                     | ../../../../deps/finn-hlslib/slidingwindow.h:394 in convolutioninputgenerator_mmv, inputBuf                           |
| dependence      | variable=inputBuf inter false                     | ../../../../deps/finn-hlslib/slidingwindow.h:395 in convolutioninputgenerator_mmv, inputBuf                           |
| dependence      | variable=current_block_write intra false          | ../../../../deps/finn-hlslib/slidingwindow.h:406 in convolutioninputgenerator_mmv, current_block_write                |
| array_partition | variable=inputBuf complete dim=1                  | ../../../../deps/finn-hlslib/slidingwindow.h:466 in convolutioninputgenerator_kernel_stride, inputBuf                 |
| dependence      | variable=inputBuf inter false                     | ../../../../deps/finn-hlslib/slidingwindow.h:467 in convolutioninputgenerator_kernel_stride, inputBuf                 |
| dependence      | variable=inputBuf intra false                     | ../../../../deps/finn-hlslib/slidingwindow.h:468 in convolutioninputgenerator_kernel_stride, inputBuf                 |
| dependence      | variable=current_block_write intra false          | ../../../../deps/finn-hlslib/slidingwindow.h:476 in convolutioninputgenerator_kernel_stride, current_block_write      |
| pipeline        | style=flp II=1                                    | ../../../../deps/finn-hlslib/slidingwindow.h:479 in convolutioninputgenerator_kernel_stride                           |
| dependence      | variable=inputBuf inter false                     | ../../../../deps/finn-hlslib/slidingwindow.h:544 in convolutioninputgenerator_kernel_stride, inputBuf                 |
| dependence      | variable=inputBuf intra false                     | ../../../../deps/finn-hlslib/slidingwindow.h:545 in convolutioninputgenerator_kernel_stride, inputBuf                 |
| dependence      | variable=current_block_write intra false          | ../../../../deps/finn-hlslib/slidingwindow.h:554 in convolutioninputgenerator_kernel_stride, current_block_write      |
| dependence      | variable=inputBuf inter false                     | ../../../../deps/finn-hlslib/slidingwindow.h:610 in convolutioninputgenerator_kernel_stride_mmv, inputBuf             |
| dependence      | variable=inputBuf intra false                     | ../../../../deps/finn-hlslib/slidingwindow.h:611 in convolutioninputgenerator_kernel_stride_mmv, inputBuf             |
| array_partition | variable=inputBuf complete dim=1                  | ../../../../deps/finn-hlslib/slidingwindow.h:612 in convolutioninputgenerator_kernel_stride_mmv, inputBuf             |
| array_partition | variable=inputBuf complete dim=2                  | ../../../../deps/finn-hlslib/slidingwindow.h:613 in convolutioninputgenerator_kernel_stride_mmv, inputBuf             |
| dependence      | variable=current_block_write intra false          | ../../../../deps/finn-hlslib/slidingwindow.h:628 in convolutioninputgenerator_kernel_stride_mmv, current_block_write  |
| pipeline        | style=flp II=1                                    | ../../../../deps/finn-hlslib/slidingwindow.h:631 in convolutioninputgenerator_kernel_stride_mmv                       |
| unroll          |                                                   | ../../../../deps/finn-hlslib/slidingwindow.h:638 in convolutioninputgenerator_kernel_stride_mmv                       |
| unroll          |                                                   | ../../../../deps/finn-hlslib/slidingwindow.h:672 in convolutioninputgenerator_kernel_stride_mmv                       |
| unroll          |                                                   | ../../../../deps/finn-hlslib/slidingwindow.h:705 in convolutioninputgenerator_kernel_stride_mmv                       |
| dependence      | variable=current_block_write intra false          | ../../../../deps/finn-hlslib/slidingwindow.h:716 in convolutioninputgenerator_kernel_stride_mmv, current_block_write  |
| array_partition | variable=inputBuf complete dim=1                  | ../../../../deps/finn-hlslib/slidingwindow.h:767 in convolutioninputgenerator_dws, inputBuf                           |
| pipeline        | style=flp II=1                                    | ../../../../deps/finn-hlslib/slidingwindow.h:782 in convolutioninputgenerator_dws                                     |
| dependence      | variable=inputBuf intra false                     | ../../../../deps/finn-hlslib/slidingwindow.h:833 in convolutioninputgenerator_dws, inputBuf                           |
| dependence      | variable=inputBuf inter false                     | ../../../../deps/finn-hlslib/slidingwindow.h:834 in convolutioninputgenerator_dws, inputBuf                           |
| dependence      | variable=current_block_write intra false          | ../../../../deps/finn-hlslib/slidingwindow.h:844 in convolutioninputgenerator_dws, current_block_write                |
| array_partition | variable=inputBuf complete dim=1                  | ../../../../deps/finn-hlslib/slidingwindow.h:903 in convolutioninputgenerator_kernel_stride_dws, inputBuf             |
| dependence      | variable=inputBuf inter false                     | ../../../../deps/finn-hlslib/slidingwindow.h:904 in convolutioninputgenerator_kernel_stride_dws, inputBuf             |
| dependence      | variable=inputBuf intra false                     | ../../../../deps/finn-hlslib/slidingwindow.h:905 in convolutioninputgenerator_kernel_stride_dws, inputBuf             |
| pipeline        | style=flp II=1                                    | ../../../../deps/finn-hlslib/slidingwindow.h:915 in convolutioninputgenerator_kernel_stride_dws                       |
| dependence      | variable=current_block_write intra false          | ../../../../deps/finn-hlslib/slidingwindow.h:917 in convolutioninputgenerator_kernel_stride_dws, current_block_write  |
| dependence      | variable=inputBuf inter false                     | ../../../../deps/finn-hlslib/slidingwindow.h:983 in convolutioninputgenerator_kernel_stride_dws, inputBuf             |
| dependence      | variable=inputBuf intra false                     | ../../../../deps/finn-hlslib/slidingwindow.h:984 in convolutioninputgenerator_kernel_stride_dws, inputBuf             |
| dependence      | variable=current_block_write intra false          | ../../../../deps/finn-hlslib/slidingwindow.h:993 in convolutioninputgenerator_kernel_stride_dws, current_block_write  |
| dependence      | variable=inputBuf inter false                     | ../../../../deps/finn-hlslib/slidingwindow.h:1048 in convolutioninputgenerator_dws_mmv, inputBuf                      |
| dependence      | variable=inputBuf intra false                     | ../../../../deps/finn-hlslib/slidingwindow.h:1049 in convolutioninputgenerator_dws_mmv, inputBuf                      |
| array_partition | variable=inputBuf complete dim=1                  | ../../../../deps/finn-hlslib/slidingwindow.h:1050 in convolutioninputgenerator_dws_mmv, inputBuf                      |
| array_partition | variable=inputBuf complete dim=2                  | ../../../../deps/finn-hlslib/slidingwindow.h:1051 in convolutioninputgenerator_dws_mmv, inputBuf                      |
| pipeline        | style=flp II=1                                    | ../../../../deps/finn-hlslib/slidingwindow.h:1066 in convolutioninputgenerator_dws_mmv                                |
| unroll          |                                                   | ../../../../deps/finn-hlslib/slidingwindow.h:1073 in convolutioninputgenerator_dws_mmv                                |
| unroll          |                                                   | ../../../../deps/finn-hlslib/slidingwindow.h:1099 in convolutioninputgenerator_dws_mmv                                |
| unroll          |                                                   | ../../../../deps/finn-hlslib/slidingwindow.h:1132 in convolutioninputgenerator_dws_mmv                                |
| dependence      | variable=inputBuf intra false                     | ../../../../deps/finn-hlslib/slidingwindow.h:1134 in convolutioninputgenerator_dws_mmv, inputBuf                      |
| dependence      | variable=inputBuf inter false                     | ../../../../deps/finn-hlslib/slidingwindow.h:1135 in convolutioninputgenerator_dws_mmv, inputBuf                      |
| dependence      | variable=current_block_write intra false          | ../../../../deps/finn-hlslib/slidingwindow.h:1146 in convolutioninputgenerator_dws_mmv, current_block_write           |
| pipeline        | style=flp II=1                                    | ../../../../deps/finn-hlslib/slidingwindow.h:1199 in convolutioninputgenerator_2d_kernel1                             |
| pipeline        | style=flp II=1                                    | ../../../../deps/finn-hlslib/slidingwindow.h:1243 in convolutioninputgenerator_1d_kernel1                             |
| array_partition | variable=inputBuf complete dim=1                  | ../../../../deps/finn-hlslib/slidingwindow.h:1298 in convolutioninputgenerator_nonsquare, inputBuf                    |
| pipeline        | style=flp II=1                                    | ../../../../deps/finn-hlslib/slidingwindow.h:1313 in convolutioninputgenerator_nonsquare                              |
| dependence      | variable=inputBuf intra false                     | ../../../../deps/finn-hlslib/slidingwindow.h:1364 in convolutioninputgenerator_nonsquare, inputBuf                    |
| dependence      | variable=inputBuf inter false                     | ../../../../deps/finn-hlslib/slidingwindow.h:1365 in convolutioninputgenerator_nonsquare, inputBuf                    |
| dependence      | variable=current_block_write intra false          | ../../../../deps/finn-hlslib/slidingwindow.h:1375 in convolutioninputgenerator_nonsquare, current_block_write         |
| array_partition | variable=inputBuf complete dim=1                  | ../../../../deps/finn-hlslib/slidingwindow.h:1432 in convolutioninputgenerator_nonsquare_dws, inputBuf                |
| pipeline        | style=flp II=1                                    | ../../../../deps/finn-hlslib/slidingwindow.h:1447 in convolutioninputgenerator_nonsquare_dws                          |
| dependence      | variable=inputBuf intra false                     | ../../../../deps/finn-hlslib/slidingwindow.h:1498 in convolutioninputgenerator_nonsquare_dws, inputBuf                |
| dependence      | variable=inputBuf inter false                     | ../../../../deps/finn-hlslib/slidingwindow.h:1499 in convolutioninputgenerator_nonsquare_dws, inputBuf                |
| dependence      | variable=current_block_write intra false          | ../../../../deps/finn-hlslib/slidingwindow.h:1509 in convolutioninputgenerator_nonsquare_dws, current_block_write     |
| array_partition | variable=inputBuf complete dim=1                  | ../../../../deps/finn-hlslib/slidingwindow.h:1573 in convolutioninputgenerator_nonsquare_dilated, inputBuf            |
| pipeline        | style=flp II=1                                    | ../../../../deps/finn-hlslib/slidingwindow.h:1588 in convolutioninputgenerator_nonsquare_dilated                      |
| dependence      | variable=inputBuf intra false                     | ../../../../deps/finn-hlslib/slidingwindow.h:1640 in convolutioninputgenerator_nonsquare_dilated, inputBuf            |
| dependence      | variable=inputBuf inter false                     | ../../../../deps/finn-hlslib/slidingwindow.h:1641 in convolutioninputgenerator_nonsquare_dilated, inputBuf            |
| dependence      | variable=current_block_write intra false          | ../../../../deps/finn-hlslib/slidingwindow.h:1651 in convolutioninputgenerator_nonsquare_dilated, current_block_write |
| array_partition | variable=inputBuf complete                        | ../../../../deps/finn-hlslib/slidingwindow.h:1708 in convolutioninputgenerator_1d_parallel, inputBuf                  |
| pipeline        | style=flp II=1                                    | ../../../../deps/finn-hlslib/slidingwindow.h:1716 in convolutioninputgenerator_1d_parallel                            |
| unroll          |                                                   | ../../../../deps/finn-hlslib/slidingwindow.h:1737 in convolutioninputgenerator_1d_parallel                            |
| dependence      | variable=inputBuf intra false                     | ../../../../deps/finn-hlslib/slidingwindow.h:1758 in convolutioninputgenerator_1d_parallel, inputBuf                  |
| dependence      | variable=inputBuf inter false                     | ../../../../deps/finn-hlslib/slidingwindow.h:1759 in convolutioninputgenerator_1d_parallel, inputBuf                  |
| dependence      | variable=current_block_write intra false          | ../../../../deps/finn-hlslib/slidingwindow.h:1766 in convolutioninputgenerator_1d_parallel, current_block_write       |
| pipeline        | style=flp II=1                                    | ../../../../deps/finn-hlslib/slidingwindow.h:1822 in convolutioninputgenerator_1d_dws_naive                           |
| pipeline        | style=flp II=1                                    | ../../../../deps/finn-hlslib/slidingwindow.h:1906 in convolutioninputgenerator_1d                                     |
| pipeline        | style=flp II=1                                    | ../../../../deps/finn-hlslib/slidingwindow.h:1982 in convolutioninputgenerator_1d_dws                                 |
| pipeline        | style=flp II=1                                    | ../../../../deps/finn-hlslib/slidingwindow.h:2061 in convolutioninputgenerator_1d_dws_stride                          |
| pipeline        | style=flp II=1                                    | ../../../../deps/finn-hlslib/streamtools.h:77 in streamlimiter                                                        |
| pipeline        | style=flp II=1                                    | ../../../../deps/finn-hlslib/streamtools.h:160 in sameresize                                                          |
| pipeline        | style=flp II=1                                    | ../../../../deps/finn-hlslib/streamtools.h:234 in streamingcast                                                       |
| pipeline        | style=flp II=1                                    | ../../../../deps/finn-hlslib/streamtools.h:280 in fmpadding_nonsquare                                                 |
| inline          |                                                   | ../../../../deps/finn-hlslib/streamtools.h:374 in fmpadding                                                           |
| pipeline        | style=flp II=1                                    | ../../../../deps/finn-hlslib/streamtools.h:451 in streamingdatawidthconverter_batch                                   |
| pipeline        | style=flp II=1                                    | ../../../../deps/finn-hlslib/streamtools.h:471 in streamingdatawidthconverter_batch                                   |
| pipeline        | style=flp II=1                                    | ../../../../deps/finn-hlslib/streamtools.h:482 in streamingdatawidthconverter_batch                                   |
| pipeline        | style=flp II=1                                    | ../../../../deps/finn-hlslib/streamtools.h:591 in duplicatestreams                                                    |
| pipeline        | style=flp II=1                                    | ../../../../deps/finn-hlslib/streamtools.h:649 in addstreams                                                          |
| unroll          |                                                   | ../../../../deps/finn-hlslib/streamtools.h:654 in addstreams                                                          |
| inline          |                                                   | ../../../../deps/finn-hlslib/streamtools.h:723 in addstreamslayer_batch                                               |
| pipeline        | style=flp II=1                                    | ../../../../deps/finn-hlslib/streamtools.h:770 in multichandatawidthconverter_batch                                   |
| unroll          |                                                   | ../../../../deps/finn-hlslib/streamtools.h:777 in multichandatawidthconverter_batch                                   |
| pipeline        | style=flp II=1                                    | ../../../../deps/finn-hlslib/streamtools.h:793 in multichandatawidthconverter_batch                                   |
| unroll          |                                                   | ../../../../deps/finn-hlslib/streamtools.h:799 in multichandatawidthconverter_batch                                   |
| pipeline        | style=flp II=1                                    | ../../../../deps/finn-hlslib/streamtools.h:811 in multichandatawidthconverter_batch                                   |
| unroll          |                                                   | ../../../../deps/finn-hlslib/streamtools.h:815 in multichandatawidthconverter_batch                                   |
| pipeline        | style=flp II=1                                    | ../../../../deps/finn-hlslib/streamtools.h:851 in flattenmultichandata                                                |
| unroll          |                                                   | ../../../../deps/finn-hlslib/streamtools.h:855 in flattenmultichandata                                                |
| pipeline        | style=flp II=1                                    | ../../../../deps/finn-hlslib/streamtools.h:882 in packmultichandata                                                   |
| unroll          |                                                   | ../../../../deps/finn-hlslib/streamtools.h:886 in packmultichandata                                                   |
| pipeline        | style=flp II=1                                    | ../../../../deps/finn-hlslib/streamtools.h:975 in qdma2stream_batch                                                   |
| pipeline        | style=flp II=1                                    | ../../../../deps/finn-hlslib/streamtools.h:998 in stream2qdma_batch                                                   |
| array_partition | variable=red_ch_index complete dim=0              | ../../../../deps/finn-hlslib/tmrcheck.hpp:82 in tmrcheck, red_ch_index                                                |
| pipeline        | style=flp II=1                                    | ../../../../deps/finn-hlslib/tmrcheck.hpp:91 in tmrcheck                                                              |
| array_partition | variable=numerrors complete dim=0                 | ../../../../deps/finn-hlslib/tmrcheck.hpp:99 in tmrcheck, numerrors                                                   |
| unroll          |                                                   | ../../../../deps/finn-hlslib/tmrcheck.hpp:103 in tmrcheck                                                             |
| array_partition | variable=compute complete dim=0                   | ../../../../deps/finn-hlslib/tmrcheck.hpp:129 in tmrcheck, compute                                                    |
| unroll          |                                                   | ../../../../deps/finn-hlslib/tmrcheck.hpp:132 in tmrcheck                                                             |
| pipeline        | style=flp II=1                                    | ../../../../deps/finn-hlslib/upsample.hpp:86 in upsamplenearestneighbour                                              |
| pipeline        | II=1 style=flp                                    | ../../../../deps/finn-hlslib/upsample.hpp:175 in upsamplenearestneighbour_1d                                          |
| array_partition | variable=accu complete dim=0                      | ../../../../deps/finn-hlslib/vvau.hpp:103 in vector_vector_activate_batch, accu                                       |
| pipeline        | style=flp II=1                                    | ../../../../deps/finn-hlslib/vvau.hpp:112 in vector_vector_activate_batch                                             |
| unroll          |                                                   | ../../../../deps/finn-hlslib/vvau.hpp:119 in vector_vector_activate_batch                                             |
| unroll          |                                                   | ../../../../deps/finn-hlslib/vvau.hpp:128 in vector_vector_activate_batch                                             |
| unroll          |                                                   | ../../../../deps/finn-hlslib/vvau.hpp:142 in vector_vector_activate_batch                                             |
| unroll          |                                                   | ../../../../deps/finn-hlslib/vvau.hpp:144 in vector_vector_activate_batch                                             |
| array_partition | variable=accu complete dim=0                      | ../../../../deps/finn-hlslib/vvau.hpp:213 in vector_vector_activate_stream_batch, accu                                |
| pipeline        | style=flp II=1                                    | ../../../../deps/finn-hlslib/vvau.hpp:223 in vector_vector_activate_stream_batch                                      |
| unroll          |                                                   | ../../../../deps/finn-hlslib/vvau.hpp:230 in vector_vector_activate_stream_batch                                      |
| array_partition | variable=w.m_weights complete dim=0               | ../../../../deps/finn-hlslib/vvau.hpp:239 in vector_vector_activate_stream_batch, w.m_weights                         |
| unroll          |                                                   | ../../../../deps/finn-hlslib/vvau.hpp:241 in vector_vector_activate_stream_batch                                      |
| unroll          |                                                   | ../../../../deps/finn-hlslib/vvau.hpp:246 in vector_vector_activate_stream_batch                                      |
| unroll          |                                                   | ../../../../deps/finn-hlslib/vvau.hpp:260 in vector_vector_activate_stream_batch                                      |
| unroll          |                                                   | ../../../../deps/finn-hlslib/vvau.hpp:262 in vector_vector_activate_stream_batch                                      |
| inline          |                                                   | ../../../../deps/finn-hlslib/weights.hpp:83 in tileindex                                                              |
| inline          |                                                   | ../../../../deps/finn-hlslib/weights.hpp:88 in operator[]                                                             |
| inline          |                                                   | ../../../../deps/finn-hlslib/weights.hpp:95 in weights                                                                |
| inline          |                                                   | ../../../../deps/finn-hlslib/weights.hpp:127 in tileindex                                                             |
| inline          |                                                   | ../../../../deps/finn-hlslib/weights.hpp:132 in operator[]                                                            |
| unroll          |                                                   | ../../../../deps/finn-hlslib/weights.hpp:135 in operator[]                                                            |
| inline          |                                                   | ../../../../deps/finn-hlslib/weights.hpp:145 in weights                                                               |
| inline          |                                                   | ../../../../deps/finn-hlslib/weights.hpp:157 in operator[]                                                            |
| unroll          |                                                   | ../../../../deps/finn-hlslib/weights.hpp:160 in operator[]                                                            |
| interface       | axis port=in0 name=in0_V                          | top_MatrixVectorActivation_3.cpp:31 in matrixvectoractivation_3, in0                                                  |
| interface       | axis port=out name=out_V                          | top_MatrixVectorActivation_3.cpp:32 in matrixvectoractivation_3, out                                                  |
| interface       | ap_ctrl_none port=return                          | top_MatrixVectorActivation_3.cpp:33 in matrixvectoractivation_3, return                                               |
| interface       | axis port=weights name=weights_V                  | top_MatrixVectorActivation_3.cpp:34 in matrixvectoractivation_3, weights                                              |
| array_partition | variable=threshs.m_thresholds complete dim=1      | top_MatrixVectorActivation_3.cpp:36 in matrixvectoractivation_3, threshs.m_thresholds                                 |
| array_partition | variable=threshs.m_thresholds complete dim=3      | top_MatrixVectorActivation_3.cpp:37 in matrixvectoractivation_3, threshs.m_thresholds                                 |
+-----------------+---------------------------------------------------+-----------------------------------------------------------------------------------------------------------------------+


