#-----------------------------------------------------------
# Vivado v2022.2.2 (64-bit)
# SW Build 3788238 on Tue Feb 21 19:59:23 MST 2023
# IP Build 3783773 on Tue Feb 21 23:41:56 MST 2023
# Start of session at: Fri Jun 12 09:18:46 2026
# Process ID: 4336
# Current directory: /home/miguel_tfg/FINN-v0.9-Stable/notebooks/UAH_example/FINN_build/code_gen_ipgen_StreamingFIFO_11_e5fwjrje/project_StreamingFIFO_11/sol1/impl/verilog
# Command line: vivado -mode batch -source package_ip.tcl
# Log file: /home/miguel_tfg/FINN-v0.9-Stable/notebooks/UAH_example/FINN_build/code_gen_ipgen_StreamingFIFO_11_e5fwjrje/project_StreamingFIFO_11/sol1/impl/verilog/vivado.log
# Journal file: /home/miguel_tfg/FINN-v0.9-Stable/notebooks/UAH_example/FINN_build/code_gen_ipgen_StreamingFIFO_11_e5fwjrje/project_StreamingFIFO_11/sol1/impl/verilog/vivado.jou
# Running On: finn_dev_miguel_tfg, OS: Linux, CPU Frequency: 4123.333 MHz, CPU Physical cores: 24, Host memory: 67180 MB
#-----------------------------------------------------------
source package_ip.tcl
