
****** Vitis HLS - High-Level Synthesis from C, C++ and OpenCL v2022.2.2 (64-bit)
  **** SW Build 3779808 on Feb 17 2023
  **** IP Build 3783773 on Tue Feb 21 23:41:56 MST 2023
    ** Copyright 1986-2023 Xilinx, Inc. All Rights Reserved.

source /tools/Xilinx/Vitis_HLS/2022.2/scripts/vitis_hls/hls.tcl -notrace
INFO: [HLS 200-10] Running '/tools/Xilinx/Vitis_HLS/2022.2/bin/unwrapped/lnx64.o/vitis_hls'
/tools/Xilinx/Vitis_HLS/2022.2/tps/tcl/tcl8.5/tzdata/Europe/Dublin can't be opened.
INFO: [HLS 200-10] For user '' on host 'finn_dev_miguel_tfg' (Linux_x86_64 version 6.8.0-124-generic) on Fri Jun 12 09:17:21 +0000 2026
INFO: [HLS 200-10] On os Ubuntu 18.04.5 LTS
INFO: [HLS 200-10] In directory '/home/miguel_tfg/FINN-v0.9-Stable/notebooks/UAH_example/FINN_build/code_gen_ipgen_Thresholding_Batch_0_kj86thfm'
Sourcing Tcl script '/home/miguel_tfg/FINN-v0.9-Stable/notebooks/UAH_example/FINN_build/code_gen_ipgen_Thresholding_Batch_0_kj86thfm/hls_syn_Thresholding_Batch_0.tcl'
INFO: [HLS 200-1510] Running: source /home/miguel_tfg/FINN-v0.9-Stable/notebooks/UAH_example/FINN_build/code_gen_ipgen_Thresholding_Batch_0_kj86thfm/hls_syn_Thresholding_Batch_0.tcl
HLS project: project_Thresholding_Batch_0
HW source dir: /home/miguel_tfg/FINN-v0.9-Stable/notebooks/UAH_example/FINN_build/code_gen_ipgen_Thresholding_Batch_0_kj86thfm
finn-hlslib dir: /home/miguel_tfg/FINN-v0.9-Stable/deps/finn-hlslib
custom HLS dir: /home/miguel_tfg/FINN-v0.9-Stable/custom_hls
INFO: [HLS 200-1510] Running: open_project project_Thresholding_Batch_0 
INFO: [HLS 200-10] Creating and opening project '/home/miguel_tfg/FINN-v0.9-Stable/notebooks/UAH_example/FINN_build/code_gen_ipgen_Thresholding_Batch_0_kj86thfm/project_Thresholding_Batch_0'.
INFO: [HLS 200-1510] Running: add_files /home/miguel_tfg/FINN-v0.9-Stable/notebooks/UAH_example/FINN_build/code_gen_ipgen_Thresholding_Batch_0_kj86thfm/top_Thresholding_Batch_0.cpp -cflags -std=c++14 -I/home/miguel_tfg/FINN-v0.9-Stable/deps/finn-hlslib -I/home/miguel_tfg/FINN-v0.9-Stable/custom_hls 
INFO: [HLS 200-10] Adding design file '/home/miguel_tfg/FINN-v0.9-Stable/notebooks/UAH_example/FINN_build/code_gen_ipgen_Thresholding_Batch_0_kj86thfm/top_Thresholding_Batch_0.cpp' to the project
INFO: [HLS 200-1510] Running: set_top Thresholding_Batch_0 
INFO: [HLS 200-1510] Running: open_solution sol1 
INFO: [HLS 200-10] Creating and opening solution '/home/miguel_tfg/FINN-v0.9-Stable/notebooks/UAH_example/FINN_build/code_gen_ipgen_Thresholding_Batch_0_kj86thfm/project_Thresholding_Batch_0/sol1'.
INFO: [HLS 200-1505] Using default flow_target 'vivado'
Resolution: For help on HLS 200-1505 see www.xilinx.com/cgi-bin/docs/rdoc?v=2022.2;t=hls+guidance;d=200-1505.html
INFO: [HLS 200-435] Setting 'open_solution -flow_target vivado' configuration: config_interface -m_axi_latency=0
INFO: [HLS 200-1510] Running: set_part xc7z020clg400-1 
INFO: [HLS 200-1611] Setting target device to 'xc7z020-clg400-1'
INFO: [HLS 200-1510] Running: config_compile -disable_unroll_code_size_check -pipeline_style flp 
WARNING: [XFORM 203-506] Disable code size check when do loop unroll.
WARNING: [HLS 200-643] The 'config_compile -disable_unroll_code_size_check' hidden command is deprecated and will be removed in a future release.
INFO: [HLS 200-1510] Running: config_interface -m_axi_addr64 
INFO: [HLS 200-1510] Running: config_rtl -module_auto_prefix 
INFO: [HLS 200-1510] Running: config_rtl -deadlock_detection none 
INFO: [HLS 200-1510] Running: config_compile -pipeline_style frp 
WARNING: [XFORM 203-506] Disable code size check when do loop unroll.
INFO: [HLS 200-1510] Running: create_clock -period 10.0 -name default 
INFO: [SYN 201-201] Setting up clock 'default' with a period of 10ns.
INFO: [HLS 200-1510] Running: csynth_design 
Running Dispatch Server on port: 46843
INFO: [HLS 200-111] Finished File checks and directory preparation: CPU user time: 0.01 seconds. CPU system time: 0.02 seconds. Elapsed time: 10.03 seconds; current allocated memory: 1.469 GB.
INFO: [HLS 200-10] Analyzing design file '/home/miguel_tfg/FINN-v0.9-Stable/notebooks/UAH_example/FINN_build/code_gen_ipgen_Thresholding_Batch_0_kj86thfm/top_Thresholding_Batch_0.cpp' ... 
INFO: [HLS 200-111] Finished Source Code Analysis and Preprocessing: CPU user time: 3.93 seconds. CPU system time: 0.49 seconds. Elapsed time: 4.41 seconds; current allocated memory: 1.477 GB.
INFO: [HLS 200-777] Using interface defaults for 'Vivado' flow target.
INFO: [HLS 214-131] Inlining function 'Slice<ap_uint<8>, 8u>::Container<ap_uint<8> >::Container(ap_uint<8> const&)' into 'Slice<ap_uint<8>, 8u>::Container<ap_uint<8> > Slice<ap_uint<8>, 8u>::operator()<ap_uint<8> >(ap_uint<8> const&) const' (/home/miguel_tfg/FINN-v0.9-Stable/deps/finn-hlslib/interpret.hpp:233:9)
INFO: [HLS 214-131] Inlining function 'Slice<ap_int<8>, 8u>::Container<ap_uint<8> >::operator ap_uint<8> const&() const' into 'void Thresholding_Batch<4096u, 1u, 1u, Slice<ap_uint<8>, 8u>, Slice<ap_int<8>, 8u>, ap_uint<8>, ap_uint<8>, ThresholdsActivation<1u, 1u, 255u, ap_uint<8>, ap_int<8>, -128, comp::less_equal<ap_uint<8>, ap_uint<8> > > >(hls::stream<ap_uint<8>, 0>&, hls::stream<ap_uint<8>, 0>&, ThresholdsActivation<1u, 1u, 255u, ap_uint<8>, ap_int<8>, -128, comp::less_equal<ap_uint<8>, ap_uint<8> > > const&, int)' (/home/miguel_tfg/FINN-v0.9-Stable/deps/finn-hlslib/activations.hpp:306:15)
INFO: [HLS 214-131] Inlining function 'Slice<ap_int<8>, 8u>::Container<ap_uint<8> >::operator()(unsigned int, unsigned int, bool) const' into 'void Thresholding_Batch<4096u, 1u, 1u, Slice<ap_uint<8>, 8u>, Slice<ap_int<8>, 8u>, ap_uint<8>, ap_uint<8>, ThresholdsActivation<1u, 1u, 255u, ap_uint<8>, ap_int<8>, -128, comp::less_equal<ap_uint<8>, ap_uint<8> > > >(hls::stream<ap_uint<8>, 0>&, hls::stream<ap_uint<8>, 0>&, ThresholdsActivation<1u, 1u, 255u, ap_uint<8>, ap_int<8>, -128, comp::less_equal<ap_uint<8>, ap_uint<8> > > const&, int)' (/home/miguel_tfg/FINN-v0.9-Stable/deps/finn-hlslib/activations.hpp:304:7)
INFO: [HLS 214-131] Inlining function 'ThresholdsActivation<1u, 1u, 255u, ap_uint<8>, ap_int<8>, -128, comp::less_equal<ap_uint<8>, ap_uint<8> > >::activate(unsigned int, unsigned int, ap_uint<8> const&) const' into 'void Thresholding_Batch<4096u, 1u, 1u, Slice<ap_uint<8>, 8u>, Slice<ap_int<8>, 8u>, ap_uint<8>, ap_uint<8>, ThresholdsActivation<1u, 1u, 255u, ap_uint<8>, ap_int<8>, -128, comp::less_equal<ap_uint<8>, ap_uint<8> > > >(hls::stream<ap_uint<8>, 0>&, hls::stream<ap_uint<8>, 0>&, ThresholdsActivation<1u, 1u, 255u, ap_uint<8>, ap_int<8>, -128, comp::less_equal<ap_uint<8>, ap_uint<8> > > const&, int)' (/home/miguel_tfg/FINN-v0.9-Stable/deps/finn-hlslib/activations.hpp:304:36)
INFO: [HLS 214-131] Inlining function 'Slice<ap_uint<8>, 8u>::Container<ap_uint<8> > Slice<ap_uint<8>, 8u>::operator()<ap_uint<8> >(ap_uint<8> const&) const' into 'void Thresholding_Batch<4096u, 1u, 1u, Slice<ap_uint<8>, 8u>, Slice<ap_int<8>, 8u>, ap_uint<8>, ap_uint<8>, ThresholdsActivation<1u, 1u, 255u, ap_uint<8>, ap_int<8>, -128, comp::less_equal<ap_uint<8>, ap_uint<8> > > >(hls::stream<ap_uint<8>, 0>&, hls::stream<ap_uint<8>, 0>&, ThresholdsActivation<1u, 1u, 255u, ap_uint<8>, ap_int<8>, -128, comp::less_equal<ap_uint<8>, ap_uint<8> > > const&, int)' (/home/miguel_tfg/FINN-v0.9-Stable/deps/finn-hlslib/activations.hpp:303:19)
INFO: [HLS 214-131] Inlining function 'Slice<ap_uint<8>, 8u>::Container<ap_uint<8> >::operator()(unsigned int, unsigned int) const' into 'void Thresholding_Batch<4096u, 1u, 1u, Slice<ap_uint<8>, 8u>, Slice<ap_int<8>, 8u>, ap_uint<8>, ap_uint<8>, ThresholdsActivation<1u, 1u, 255u, ap_uint<8>, ap_int<8>, -128, comp::less_equal<ap_uint<8>, ap_uint<8> > > >(hls::stream<ap_uint<8>, 0>&, hls::stream<ap_uint<8>, 0>&, ThresholdsActivation<1u, 1u, 255u, ap_uint<8>, ap_int<8>, -128, comp::less_equal<ap_uint<8>, ap_uint<8> > > const&, int)' (/home/miguel_tfg/FINN-v0.9-Stable/deps/finn-hlslib/activations.hpp:304:53)
INFO: [HLS 214-377] Adding 'threshs' into disaggregation list because there's array-partition pragma applied on the struct field (/home/miguel_tfg/FINN-v0.9-Stable/notebooks/UAH_example/FINN_build/code_gen_ipgen_Thresholding_Batch_0_kj86thfm/top_Thresholding_Batch_0.cpp:25:9)
INFO: [HLS 214-377] Adding 'threshs' into disaggregation list because there's array-partition pragma applied on the struct field (/home/miguel_tfg/FINN-v0.9-Stable/notebooks/UAH_example/FINN_build/code_gen_ipgen_Thresholding_Batch_0_kj86thfm/top_Thresholding_Batch_0.cpp:24:9)
INFO: [HLS 214-210] Disaggregating variable 'threshs' (/home/miguel_tfg/FINN-v0.9-Stable/notebooks/UAH_example/FINN_build/code_gen_ipgen_Thresholding_Batch_0_kj86thfm/thresh.h:1:0)
Resolution: For help on HLS 214-210 see www.xilinx.com/cgi-bin/docs/rdoc?v=2022.2;t=hls+guidance;d=214-210.html
INFO: [HLS 214-291] Loop 'VITIS_LOOP_300_2' is marked as complete unroll implied by the pipeline pragma (/home/miguel_tfg/FINN-v0.9-Stable/deps/finn-hlslib/activations.hpp:300:23)
INFO: [HLS 214-291] Loop 'VITIS_LOOP_216_1' is marked as complete unroll implied by the pipeline pragma (/home/miguel_tfg/FINN-v0.9-Stable/deps/finn-hlslib/activations.hpp:216:20)
INFO: [HLS 214-186] Unrolling loop 'VITIS_LOOP_300_2' (/home/miguel_tfg/FINN-v0.9-Stable/deps/finn-hlslib/activations.hpp:300:23) in function 'Thresholding_Batch<4096u, 1u, 1u, Slice<ap_uint<8>, 8u>, Slice<ap_int<8>, 8u>, ap_uint<8>, ap_uint<8>, ThresholdsActivation<1u, 1u, 255u, ap_uint<8>, ap_int<8>, -128, comp::less_equal<ap_uint<8>, ap_uint<8> > > >' completely with a factor of 1 (/home/miguel_tfg/FINN-v0.9-Stable/deps/finn-hlslib/activations.hpp:286:0)
INFO: [HLS 214-186] Unrolling loop 'VITIS_LOOP_216_1' (/home/miguel_tfg/FINN-v0.9-Stable/deps/finn-hlslib/activations.hpp:216:20) in function 'Thresholding_Batch<4096u, 1u, 1u, Slice<ap_uint<8>, 8u>, Slice<ap_int<8>, 8u>, ap_uint<8>, ap_uint<8>, ThresholdsActivation<1u, 1u, 255u, ap_uint<8>, ap_int<8>, -128, comp::less_equal<ap_uint<8>, ap_uint<8> > > >' completely with a factor of 255 (/home/miguel_tfg/FINN-v0.9-Stable/deps/finn-hlslib/activations.hpp:286:0)
INFO: [HLS 214-178] Inlining function 'ap_uint<8> Caster<ap_uint<8> >::cast<8>(ap_int<8> const&)' into 'void Thresholding_Batch<4096u, 1u, 1u, Slice<ap_uint<8>, 8u>, Slice<ap_int<8>, 8u>, ap_uint<8>, ap_uint<8>, ThresholdsActivation<1u, 1u, 255u, ap_uint<8>, ap_int<8>, -128, comp::less_equal<ap_uint<8>, ap_uint<8> > > >(hls::stream<ap_uint<8>, 0>&, hls::stream<ap_uint<8>, 0>&, ThresholdsActivation<1u, 1u, 255u, ap_uint<8>, ap_int<8>, -128, comp::less_equal<ap_uint<8>, ap_uint<8> > > const&, int)' (/home/miguel_tfg/FINN-v0.9-Stable/deps/finn-hlslib/activations.hpp:286:0)
INFO: [HLS 214-248] Applying array_partition to '_ZL7threshs': Complete partitioning on dimension 1. Complete partitioning on dimension 3. (/home/miguel_tfg/FINN-v0.9-Stable/notebooks/UAH_example/FINN_build/code_gen_ipgen_Thresholding_Batch_0_kj86thfm/thresh.h:1:0)
INFO: [HLS 214-364] Automatically inlining function 'comp::less_equal<ap_uint<8>, ap_uint<8> >::operator()(ap_uint<8> const&, ap_uint<8> const&) const' to improve effectiveness of pipeline pragma in function 'void Thresholding_Batch<4096u, 1u, 1u, Slice<ap_uint<8>, 8u>, Slice<ap_int<8>, 8u>, ap_uint<8>, ap_uint<8>, ThresholdsActivation<1u, 1u, 255u, ap_uint<8>, ap_int<8>, -128, comp::less_equal<ap_uint<8>, ap_uint<8> > > >(hls::stream<ap_uint<8>, 0>&, hls::stream<ap_uint<8>, 0>&, ThresholdsActivation<1u, 1u, 255u, ap_uint<8>, ap_int<8>, -128, comp::less_equal<ap_uint<8>, ap_uint<8> > > const&, int)' (/home/miguel_tfg/FINN-v0.9-Stable/deps/finn-hlslib/activations.hpp:218:10)
INFO: [HLS 200-111] Finished Compiling Optimization and Transform: CPU user time: 2.73 seconds. CPU system time: 0.36 seconds. Elapsed time: 3.09 seconds; current allocated memory: 1.479 GB.
INFO: [HLS 200-111] Finished Checking Pragmas: CPU user time: 0 seconds. CPU system time: 0 seconds. Elapsed time: 0.01 seconds; current allocated memory: 1.479 GB.
INFO: [HLS 200-10] Starting code transformations ...
INFO: [HLS 200-111] Finished Standard Transforms: CPU user time: 0.02 seconds. CPU system time: 0 seconds. Elapsed time: 0.02 seconds; current allocated memory: 1.485 GB.
INFO: [HLS 200-10] Checking synthesizability ...
INFO: [HLS 200-111] Finished Checking Synthesizability: CPU user time: 0.03 seconds. CPU system time: 0.01 seconds. Elapsed time: 0.04 seconds; current allocated memory: 1.493 GB.
INFO: [XFORM 203-11] Balancing expressions in function 'Thresholding_Batch<4096u, 1u, 1u, Slice<ap_uint<8>, 8u>, Slice<ap_int<8>, 8u>, ap_uint<8>, ap_uint<8>, ThresholdsActivation<1u, 1u, 255u, ap_uint<8>, ap_int<8>, -128, comp::less_equal<ap_uint<8>, ap_uint<8> > > >' (/home/miguel_tfg/FINN-v0.9-Stable/deps/finn-hlslib/activations.hpp:285:21)...126 expression(s) balanced.
INFO: [HLS 200-111] Finished Loop, function and other optimizations: CPU user time: 0.06 seconds. CPU system time: 0.01 seconds. Elapsed time: 0.06 seconds; current allocated memory: 1.522 GB.
INFO: [HLS 200-111] Finished Architecture Synthesis: CPU user time: 0.04 seconds. CPU system time: 0 seconds. Elapsed time: 0.04 seconds; current allocated memory: 1.530 GB.
INFO: [HLS 200-10] Starting hardware synthesis ...
INFO: [HLS 200-10] Synthesizing 'Thresholding_Batch_0' ...
INFO: [HLS 200-10] ----------------------------------------------------------------
INFO: [HLS 200-42] -- Implementing module 'Thresholding_Batch' 
INFO: [HLS 200-10] ----------------------------------------------------------------
INFO: [SCHED 204-11] Starting scheduling ...
INFO: [SCHED 204-61] Pipelining loop 'VITIS_LOOP_295_1'.
INFO: [HLS 200-1470] Pipelining result : Target II = 1, Final II = 1, Depth = 4, loop 'VITIS_LOOP_295_1'
INFO: [SCHED 204-11] Finished scheduling.
INFO: [HLS 200-111] Finished Scheduling: CPU user time: 0.17 seconds. CPU system time: 0.02 seconds. Elapsed time: 0.19 seconds; current allocated memory: 1.532 GB.
INFO: [BIND 205-100] Starting micro-architecture generation ...
INFO: [BIND 205-101] Performing variable lifetime analysis.
INFO: [BIND 205-101] Exploring resource sharing.
INFO: [BIND 205-101] Binding ...
INFO: [BIND 205-100] Finished micro-architecture generation.
INFO: [HLS 200-111] Finished Binding: CPU user time: 0.21 seconds. CPU system time: 0 seconds. Elapsed time: 0.21 seconds; current allocated memory: 1.532 GB.
INFO: [HLS 200-10] ----------------------------------------------------------------
INFO: [HLS 200-42] -- Implementing module 'Thresholding_Batch_0' 
INFO: [HLS 200-10] ----------------------------------------------------------------
INFO: [SCHED 204-11] Starting scheduling ...
INFO: [SCHED 204-11] Finished scheduling.
INFO: [HLS 200-111] Finished Scheduling: CPU user time: 0.39 seconds. CPU system time: 0 seconds. Elapsed time: 0.4 seconds; current allocated memory: 1.532 GB.
INFO: [BIND 205-100] Starting micro-architecture generation ...
INFO: [BIND 205-101] Performing variable lifetime analysis.
INFO: [BIND 205-101] Exploring resource sharing.
INFO: [BIND 205-101] Binding ...
INFO: [BIND 205-100] Finished micro-architecture generation.
INFO: [HLS 200-111] Finished Binding: CPU user time: 0.11 seconds. CPU system time: 0 seconds. Elapsed time: 0.11 seconds; current allocated memory: 1.532 GB.
INFO: [HLS 200-10] ----------------------------------------------------------------
INFO: [HLS 200-10] -- Generating RTL for module 'Thresholding_Batch' 
INFO: [HLS 200-10] ----------------------------------------------------------------
INFO: [RTGEN 206-100] Finished creating RTL model for 'Thresholding_Batch'.
INFO: [HLS 200-111] Finished Creating RTL model: CPU user time: 0.34 seconds. CPU system time: 0 seconds. Elapsed time: 0.34 seconds; current allocated memory: 1.533 GB.
INFO: [HLS 200-10] ----------------------------------------------------------------
INFO: [HLS 200-10] -- Generating RTL for module 'Thresholding_Batch_0' 
INFO: [HLS 200-10] ----------------------------------------------------------------
WARNING: [RTGEN 206-101] Design contains AXI ports. Reset is fixed to synchronous and active low.
INFO: [RTGEN 206-500] Setting interface mode on port 'Thresholding_Batch_0/in0_V' to 'axis' (register, both mode).
INFO: [RTGEN 206-500] Setting interface mode on port 'Thresholding_Batch_0/out_V' to 'axis' (register, both mode).
INFO: [RTGEN 206-500] Setting interface mode on function 'Thresholding_Batch_0' to 'ap_ctrl_none'.
INFO: [RTGEN 206-100] Finished creating RTL model for 'Thresholding_Batch_0'.
INFO: [HLS 200-111] Finished Creating RTL model: CPU user time: 0.95 seconds. CPU system time: 0.02 seconds. Elapsed time: 0.97 seconds; current allocated memory: 1.542 GB.
INFO: [HLS 200-111] Finished Generating all RTL models: CPU user time: 0.58 seconds. CPU system time: 0.01 seconds. Elapsed time: 0.59 seconds; current allocated memory: 1.544 GB.
INFO: [HLS 200-111] Finished Updating report files: CPU user time: 0.19 seconds. CPU system time: 0 seconds. Elapsed time: 0.19 seconds; current allocated memory: 1.547 GB.
INFO: [VHDL 208-304] Generating VHDL RTL for Thresholding_Batch_0.
INFO: [VLOG 209-307] Generating Verilog RTL for Thresholding_Batch_0.
INFO: [HLS 200-790] **** Loop Constraint Status: All loop constraints were satisfied.
INFO: [HLS 200-789] **** Estimated Fmax: 140.93 MHz
INFO: [HLS 200-111] Finished Command csynth_design CPU user time: 9.77 seconds. CPU system time: 0.92 seconds. Elapsed time: 10.69 seconds; current allocated memory: 79.637 MB.
INFO: [HLS 200-1510] Running: export_design -format ip_catalog 
INFO: [IMPL 213-8] Exporting RTL as a Vivado IP.

****** Vivado v2022.2.2 (64-bit)
  **** SW Build 3788238 on Tue Feb 21 19:59:23 MST 2023
  **** IP Build 3783773 on Tue Feb 21 23:41:56 MST 2023
    ** Copyright 1986-2023 Xilinx, Inc. All Rights Reserved.

source run_ippack.tcl -notrace
CRITICAL WARNING: [Board 49-4] Problem parsing board_part file - /tools/Xilinx/Vivado/2022.2/data/boards/board_files/TE0727_10_1C/1.0/board.xml
Resolution: Check that the file is valid using an XML validation tool such as xmllint.
CRITICAL WARNING: [Board 49-4] Problem parsing board_part file - /tools/Xilinx/Vivado/2022.2/data/xhub/boards/XilinxBoardStore/boards/Xilinx/TE0727_10_1C/1.0/board.xml
Resolution: Check that the file is valid using an XML validation tool such as xmllint.
INFO: [IP_Flow 19-234] Refreshing IP repositories
INFO: [IP_Flow 19-1704] No user IP repositories specified
INFO: [IP_Flow 19-2313] Loaded Vivado IP repository '/tools/Xilinx/Vivado/2022.2/data/ip'.
INFO: [Common 17-206] Exiting Vivado at Fri Jun 12 09:17:51 2026...
INFO: [HLS 200-802] Generated output file project_Thresholding_Batch_0/sol1/impl/export.zip
INFO: [HLS 200-111] Finished Command export_design CPU user time: 7.46 seconds. CPU system time: 0.72 seconds. Elapsed time: 10.46 seconds; current allocated memory: 5.637 MB.
INFO: [HLS 200-112] Total CPU user time: 19.2 seconds. Total CPU system time: 2.11 seconds. Total elapsed time: 33.46 seconds; peak allocated memory: 1.553 GB.
INFO: [Common 17-206] Exiting vitis_hls at Fri Jun 12 09:17:55 2026...
