

================================================================
== Vitis HLS Report for 'StreamingDataWidthConverter_Batch_3'
================================================================
* Date:           Fri Jun 12 09:18:44 2026

* Version:        2022.2.2 (Build 3779808 on Feb 17 2023)
* Project:        project_StreamingDataWidthConverter_Batch_3
* Solution:       sol1 (Vivado IP Flow Target)
* Product family: zynq
* Target device:  xc7z020-clg400-1


================================================================
== Performance Estimates
================================================================
+ Timing: 
    * Summary: 
    +--------+----------+----------+------------+
    |  Clock |  Target  | Estimated| Uncertainty|
    +--------+----------+----------+------------+
    |ap_clk  |  10.00 ns|  7.311 ns|     2.70 ns|
    +--------+----------+----------+------------+

+ Latency: 
    * Summary: 
    +---------+---------+----------+----------+-------+-------+---------+
    |  Latency (cycles) |  Latency (absolute) |    Interval   | Pipeline|
    |   min   |   max   |    min   |    max   |  min  |  max  |   Type  |
    +---------+---------+----------+----------+-------+-------+---------+
    |    73731|    73731|  0.737 ms|  0.737 ms|  73732|  73732|       no|
    +---------+---------+----------+----------+-------+-------+---------+

    + Detail: 
        * Instance: 
        N/A

        * Loop: 
        +--------------------+---------+---------+----------+-----------+-----------+-------+----------+
        |                    |  Latency (cycles) | Iteration|  Initiation Interval  |  Trip |          |
        |      Loop Name     |   min   |   max   |  Latency |  achieved |   target  | Count | Pipelined|
        +--------------------+---------+---------+----------+-----------+-----------+-------+----------+
        |- VITIS_LOOP_450_1  |    73729|    73729|         3|          1|          1|  73728|  yes(flp)|
        +--------------------+---------+---------+----------+-----------+-----------+-------+----------+



================================================================
== Utilization Estimates
================================================================
* Summary: 
+-----------------+---------+-----+--------+-------+-----+
|       Name      | BRAM_18K| DSP |   FF   |  LUT  | URAM|
+-----------------+---------+-----+--------+-------+-----+
|DSP              |        -|    -|       -|      -|    -|
|Expression       |        -|    -|       0|    156|    -|
|FIFO             |        -|    -|       -|      -|    -|
|Instance         |        -|    -|       -|      -|    -|
|Memory           |        -|    -|       -|      -|    -|
|Multiplexer      |        -|    -|       -|    109|    -|
|Register         |        -|    -|     309|      -|    -|
+-----------------+---------+-----+--------+-------+-----+
|Total            |        0|    0|     309|    265|    0|
+-----------------+---------+-----+--------+-------+-----+
|Available        |      280|  220|  106400|  53200|    0|
+-----------------+---------+-----+--------+-------+-----+
|Utilization (%)  |        0|    0|      ~0|     ~0|    0|
+-----------------+---------+-----+--------+-------+-----+

+ Detail: 
    * Instance: 
    N/A

    * DSP: 
    N/A

    * Memory: 
    N/A

    * FIFO: 
    N/A

    * Expression: 
    +----------------------------------+----------+----+---+----+------------+------------+
    |           Variable Name          | Operation| DSP| FF| LUT| Bitwidth P0| Bitwidth P1|
    +----------------------------------+----------+----+---+----+------------+------------+
    |o_4_fu_131_p2                     |         +|   0|  0|  39|          32|           1|
    |t_2_fu_119_p2                     |         +|   0|  0|  24|          17|           1|
    |ap_block_state1_pp0_stage0_iter0  |       and|   0|  0|   2|           1|           1|
    |ap_block_state2_io                |       and|   0|  0|   2|           1|           1|
    |ap_block_state3_io                |       and|   0|  0|   2|           1|           1|
    |ap_condition_272                  |       and|   0|  0|   2|           1|           1|
    |ap_predicate_op26_read_state1     |       and|   0|  0|   2|           1|           1|
    |icmp_ln450_fu_113_p2              |      icmp|   0|  0|  13|          17|          17|
    |icmp_ln453_fu_125_p2              |      icmp|   0|  0|  18|          32|           1|
    |icmp_ln464_fu_137_p2              |      icmp|   0|  0|  18|          32|           6|
    |ap_block_state3_pp0_stage0_iter2  |        or|   0|  0|   2|           1|           1|
    |o_5_fu_143_p3                     |    select|   0|  0|  32|           1|           1|
    +----------------------------------+----------+----+---+----+------------+------------+
    |Total                             |          |   0|  0| 156|         137|          33|
    +----------------------------------+----------+----+---+----+------------+------------+

    * Multiplexer: 
    +------------------------------------+----+-----------+-----+-----------+
    |                Name                | LUT| Input Size| Bits| Total Bits|
    +------------------------------------+----+-----------+-----+-----------+
    |ap_NS_iter1_fsm                     |  14|          3|    2|          6|
    |ap_NS_iter2_fsm                     |  14|          3|    2|          6|
    |ap_phi_mux_ei_V_3_phi_fu_86_p4      |   9|          2|  128|        256|
    |ap_phi_reg_pp0_iter1_ei_V_3_reg_83  |   9|          2|  128|        256|
    |ap_sig_allocacmp_o_3                |   9|          2|   32|         64|
    |ap_sig_allocacmp_t_1                |   9|          2|   17|         34|
    |ei_V_fu_58                          |   9|          2|  124|        248|
    |in0_V_TDATA_blk_n                   |   9|          2|    1|          2|
    |o_fu_62                             |   9|          2|   32|         64|
    |out_V_TDATA_blk_n                   |   9|          2|    1|          2|
    |t_fu_66                             |   9|          2|   17|         34|
    +------------------------------------+----+-----------+-----+-----------+
    |Total                               | 109|         24|  484|        972|
    +------------------------------------+----+-----------+-----+-----------+

    * Register: 
    +------------------------------------+-----+----+-----+-----------+
    |                Name                |  FF | LUT| Bits| Const Bits|
    +------------------------------------+-----+----+-----+-----------+
    |ap_CS_iter0_fsm                     |    1|   0|    1|          0|
    |ap_CS_iter1_fsm                     |    2|   0|    2|          0|
    |ap_CS_iter2_fsm                     |    2|   0|    2|          0|
    |ap_phi_reg_pp0_iter1_ei_V_3_reg_83  |  128|   0|  128|          0|
    |ei_V_fu_58                          |  124|   0|  124|          0|
    |icmp_ln450_reg_214                  |    1|   0|    1|          0|
    |icmp_ln450_reg_214_pp0_iter1_reg    |    1|   0|    1|          0|
    |icmp_ln453_reg_218                  |    1|   0|    1|          0|
    |o_fu_62                             |   32|   0|   32|          0|
    |t_fu_66                             |   17|   0|   17|          0|
    +------------------------------------+-----+----+-----+-----------+
    |Total                               |  309|   0|  309|          0|
    +------------------------------------+-----+----+-----+-----------+



================================================================
== Interface
================================================================
* Summary: 
+--------------+-----+-----+--------------+-------------------------------------+--------------+
|   RTL Ports  | Dir | Bits|   Protocol   |            Source Object            |    C Type    |
+--------------+-----+-----+--------------+-------------------------------------+--------------+
|ap_clk        |   in|    1|  ap_ctrl_none|  StreamingDataWidthConverter_Batch_3|  return value|
|ap_rst_n      |   in|    1|  ap_ctrl_none|  StreamingDataWidthConverter_Batch_3|  return value|
|in0_V_TVALID  |   in|    1|          axis|                                in0_V|       pointer|
|in0_V_TDATA   |   in|  128|          axis|                                in0_V|       pointer|
|in0_V_TREADY  |  out|    1|          axis|                                in0_V|       pointer|
|out_V_TREADY  |   in|    1|          axis|                                out_V|       pointer|
|out_V_TDATA   |  out|    8|          axis|                                out_V|       pointer|
|out_V_TVALID  |  out|    1|          axis|                                out_V|       pointer|
+--------------+-----+-----+--------------+-------------------------------------+--------------+

============================================================
+ Verbose Summary: Synthesis Manager
============================================================
InlineROM: 1
ExposeGlobal: 0
============================================================
+ Verbose Summary: CDFG Model
============================================================
IsTopModel: 1
ResetActiveHigh: 1
IsCombinational: 2
IsDatapathOnly: 2
HasWiredReturn: 1
HasMFsm: 1
HasVarLatency: 1
IsPipeline: 0
IsRtlPipelined: 0
IsInstanceOverlapped: 0
IsDontTouch: 0
HasImplIP: 0
IsGatedGlobalClock: 0

+ Individual pipeline summary: 
  * Pipeline-0: initiation interval (II) = 1, depth = 3


============================================================
+ Verbose Summary: Schedule
============================================================
* Number of FSM states : 3
* Pipeline : 1
  Pipeline-0 : II = 1, D = 3, States = { 1 2 3 }
* Dataflow Pipeline: 0

* FSM state transitions: 
1 --> 2 
2 --> 3 
3 --> 

* FSM state operations: 

State 1 <SV = 0> <Delay = 7.31>
ST_1 : Operation 6 [1/1] (0.00ns)   --->   "%ei_V = alloca i32 1"   --->   Operation 6 'alloca' 'ei_V' <Predicate = true> <Delay = 0.00>
ST_1 : Operation 7 [1/1] (0.00ns)   --->   "%o = alloca i32 1"   --->   Operation 7 'alloca' 'o' <Predicate = true> <Delay = 0.00>
ST_1 : Operation 8 [1/1] (0.00ns)   --->   "%t = alloca i32 1"   --->   Operation 8 'alloca' 't' <Predicate = true> <Delay = 0.00>
ST_1 : Operation 9 [1/1] (0.00ns)   --->   "%spectopmodule_ln15 = spectopmodule void @_ssdm_op_SpecTopModule, void @empty_2" [/home/miguel_tfg/FINN-v0.9-Stable/notebooks/UAH_example/FINN_build/code_gen_ipgen_StreamingDataWidthConverter_Batch_3__g1h2g60/top_StreamingDataWidthConverter_Batch_3.cpp:15]   --->   Operation 9 'spectopmodule' 'spectopmodule_ln15' <Predicate = true> <Delay = 0.00>
ST_1 : Operation 10 [1/1] (0.00ns)   --->   "%specinterface_ln15 = specinterface void @_ssdm_op_SpecInterface, i32 0, void @empty_3, i32 0, i32 0, void @empty_1, i32 0, i32 0, void @empty_1, void @empty_1, void @empty_1, i32 0, i32 0, i32 0, i32 0, void @empty_1, void @empty_1, i32 4294967295, i32 0" [/home/miguel_tfg/FINN-v0.9-Stable/notebooks/UAH_example/FINN_build/code_gen_ipgen_StreamingDataWidthConverter_Batch_3__g1h2g60/top_StreamingDataWidthConverter_Batch_3.cpp:15]   --->   Operation 10 'specinterface' 'specinterface_ln15' <Predicate = true> <Delay = 0.00>
ST_1 : Operation 11 [1/1] (0.00ns)   --->   "%specinterface_ln0 = specinterface void @_ssdm_op_SpecInterface, i128 %in0_V, void @empty, i32 1, i32 1, void @empty_0, i32 0, i32 0, void @empty_1, void @empty_1, void @empty_1, i32 0, i32 0, i32 0, i32 0, void @empty_1, void @empty_1, i32 4294967295, i32 0"   --->   Operation 11 'specinterface' 'specinterface_ln0' <Predicate = true> <Delay = 0.00>
ST_1 : Operation 12 [1/1] (0.00ns)   --->   "%specbitsmap_ln0 = specbitsmap void @_ssdm_op_SpecBitsMap, i128 %in0_V"   --->   Operation 12 'specbitsmap' 'specbitsmap_ln0' <Predicate = true> <Delay = 0.00>
ST_1 : Operation 13 [1/1] (0.00ns)   --->   "%specinterface_ln0 = specinterface void @_ssdm_op_SpecInterface, i8 %out_V, void @empty, i32 1, i32 1, void @empty_0, i32 0, i32 0, void @empty_1, void @empty_1, void @empty_1, i32 0, i32 0, i32 0, i32 0, void @empty_1, void @empty_1, i32 4294967295, i32 0"   --->   Operation 13 'specinterface' 'specinterface_ln0' <Predicate = true> <Delay = 0.00>
ST_1 : Operation 14 [1/1] (0.00ns)   --->   "%specbitsmap_ln0 = specbitsmap void @_ssdm_op_SpecBitsMap, i8 %out_V"   --->   Operation 14 'specbitsmap' 'specbitsmap_ln0' <Predicate = true> <Delay = 0.00>
ST_1 : Operation 15 [1/1] (1.58ns)   --->   "%store_ln450 = store i17 0, i17 %t" [/home/miguel_tfg/FINN-v0.9-Stable/deps/finn-hlslib/streamtools.h:450]   --->   Operation 15 'store' 'store_ln450' <Predicate = true> <Delay = 1.58>
ST_1 : Operation 16 [1/1] (1.58ns)   --->   "%store_ln450 = store i32 0, i32 %o" [/home/miguel_tfg/FINN-v0.9-Stable/deps/finn-hlslib/streamtools.h:450]   --->   Operation 16 'store' 'store_ln450' <Predicate = true> <Delay = 1.58>
ST_1 : Operation 17 [1/1] (1.58ns)   --->   "%store_ln450 = store i124 0, i124 %ei_V" [/home/miguel_tfg/FINN-v0.9-Stable/deps/finn-hlslib/streamtools.h:450]   --->   Operation 17 'store' 'store_ln450' <Predicate = true> <Delay = 1.58>
ST_1 : Operation 18 [1/1] (0.00ns)   --->   "%br_ln450 = br void %for.body.i" [/home/miguel_tfg/FINN-v0.9-Stable/deps/finn-hlslib/streamtools.h:450]   --->   Operation 18 'br' 'br_ln450' <Predicate = true> <Delay = 0.00>
ST_1 : Operation 19 [1/1] (0.00ns)   --->   "%o_3 = load i32 %o" [/home/miguel_tfg/FINN-v0.9-Stable/deps/finn-hlslib/streamtools.h:462]   --->   Operation 19 'load' 'o_3' <Predicate = true> <Delay = 0.00>
ST_1 : Operation 20 [1/1] (0.00ns)   --->   "%t_1 = load i17 %t" [/home/miguel_tfg/FINN-v0.9-Stable/deps/finn-hlslib/streamtools.h:450]   --->   Operation 20 'load' 't_1' <Predicate = true> <Delay = 0.00>
ST_1 : Operation 21 [1/1] (2.43ns)   --->   "%icmp_ln450 = icmp_eq  i17 %t_1, i17 73728" [/home/miguel_tfg/FINN-v0.9-Stable/deps/finn-hlslib/streamtools.h:450]   --->   Operation 21 'icmp' 'icmp_ln450' <Predicate = true> <Delay = 2.43> <CoreInst = "Cmp">   --->   Core 9 'Cmp' <Latency = 0> <II = 1> <Delay = 2.43> <FuncUnit> <Opcode : 'icmp'> <InPorts = 2> <OutPorts = 1>
ST_1 : Operation 22 [1/1] (0.00ns)   --->   "%empty = speclooptripcount i32 @_ssdm_op_SpecLoopTripCount, i64 73728, i64 73728, i64 73728"   --->   Operation 22 'speclooptripcount' 'empty' <Predicate = true> <Delay = 0.00>
ST_1 : Operation 23 [1/1] (2.10ns)   --->   "%t_2 = add i17 %t_1, i17 1" [/home/miguel_tfg/FINN-v0.9-Stable/deps/finn-hlslib/streamtools.h:450]   --->   Operation 23 'add' 't_2' <Predicate = true> <Delay = 2.10> <CoreInst = "Adder">   --->   Core 1 'Adder' <Latency = 0> <II = 1> <Delay = 2.10> <FuncUnit> <Opcode : 'add' 'sub'> <InPorts = 2> <OutPorts = 1>
ST_1 : Operation 24 [1/1] (0.00ns)   --->   "%br_ln450 = br i1 %icmp_ln450, void %for.body.i.split, void %_Z33StreamingDataWidthConverter_BatchILj128ELj4ELj2304EEvRN3hls6streamI7ap_uintIXT_EELi0EEERNS1_IS2_IXT0_EELi0EEEj.exit" [/home/miguel_tfg/FINN-v0.9-Stable/deps/finn-hlslib/streamtools.h:450]   --->   Operation 24 'br' 'br_ln450' <Predicate = true> <Delay = 0.00>
ST_1 : Operation 25 [1/1] (2.47ns)   --->   "%icmp_ln453 = icmp_eq  i32 %o_3, i32 0" [/home/miguel_tfg/FINN-v0.9-Stable/deps/finn-hlslib/streamtools.h:453]   --->   Operation 25 'icmp' 'icmp_ln453' <Predicate = (!icmp_ln450)> <Delay = 2.47> <CoreInst = "Cmp">   --->   Core 9 'Cmp' <Latency = 0> <II = 1> <Delay = 2.47> <FuncUnit> <Opcode : 'icmp'> <InPorts = 2> <OutPorts = 1>
ST_1 : Operation 26 [1/1] (0.00ns)   --->   "%ei_V_1 = read i128 @_ssdm_op_Read.axis.volatile.i128P128A, i128 %in0_V" [/home/miguel_tfg/FINN-v0.9-Stable/deps/finn-hlslib/streamtools.h:454]   --->   Operation 26 'read' 'ei_V_1' <Predicate = (!icmp_ln450 & icmp_ln453)> <Delay = 0.00> <CoreInst = "axis">   --->   Core 115 'axis' <Latency = 0> <II = 1> <Delay = 1.00> <Adapter> <Opcode : >
ST_1 : Operation 27 [1/1] (1.58ns)   --->   "%br_ln455 = br void %if.end.i" [/home/miguel_tfg/FINN-v0.9-Stable/deps/finn-hlslib/streamtools.h:455]   --->   Operation 27 'br' 'br_ln455' <Predicate = (!icmp_ln450 & icmp_ln453)> <Delay = 1.58>
ST_1 : Operation 28 [1/1] (2.55ns)   --->   "%o_4 = add i32 %o_3, i32 1" [/home/miguel_tfg/FINN-v0.9-Stable/deps/finn-hlslib/streamtools.h:462]   --->   Operation 28 'add' 'o_4' <Predicate = (!icmp_ln450)> <Delay = 2.55> <CoreInst = "Adder">   --->   Core 1 'Adder' <Latency = 0> <II = 1> <Delay = 2.55> <FuncUnit> <Opcode : 'add' 'sub'> <InPorts = 2> <OutPorts = 1>
ST_1 : Operation 29 [1/1] (2.47ns)   --->   "%icmp_ln464 = icmp_eq  i32 %o_4, i32 32" [/home/miguel_tfg/FINN-v0.9-Stable/deps/finn-hlslib/streamtools.h:464]   --->   Operation 29 'icmp' 'icmp_ln464' <Predicate = (!icmp_ln450)> <Delay = 2.47> <CoreInst = "Cmp">   --->   Core 9 'Cmp' <Latency = 0> <II = 1> <Delay = 2.47> <FuncUnit> <Opcode : 'icmp'> <InPorts = 2> <OutPorts = 1>
ST_1 : Operation 30 [1/1] (0.69ns)   --->   "%o_5 = select i1 %icmp_ln464, i32 0, i32 %o_4" [/home/miguel_tfg/FINN-v0.9-Stable/deps/finn-hlslib/streamtools.h:464]   --->   Operation 30 'select' 'o_5' <Predicate = (!icmp_ln450)> <Delay = 0.69> <CoreInst = "Sel">   --->   Core 73 'Sel' <Latency = 0> <II = 1> <Delay = 0.69> <FuncUnit> <Opcode : 'select'> <InPorts = 3> <OutPorts = 1>
ST_1 : Operation 31 [1/1] (1.58ns)   --->   "%store_ln450 = store i17 %t_2, i17 %t" [/home/miguel_tfg/FINN-v0.9-Stable/deps/finn-hlslib/streamtools.h:450]   --->   Operation 31 'store' 'store_ln450' <Predicate = (!icmp_ln450)> <Delay = 1.58>
ST_1 : Operation 32 [1/1] (1.58ns)   --->   "%store_ln450 = store i32 %o_5, i32 %o" [/home/miguel_tfg/FINN-v0.9-Stable/deps/finn-hlslib/streamtools.h:450]   --->   Operation 32 'store' 'store_ln450' <Predicate = (!icmp_ln450)> <Delay = 1.58>

State 2 <SV = 1> <Delay = 3.17>
ST_2 : Operation 33 [1/1] (0.00ns)   --->   "%ei_V_load = load i124 %ei_V" [/home/miguel_tfg/FINN-v0.9-Stable/deps/finn-hlslib/streamtools.h:450]   --->   Operation 33 'load' 'ei_V_load' <Predicate = (!icmp_ln450)> <Delay = 0.00>
ST_2 : Operation 34 [1/1] (0.00ns)   --->   "%zext_ln450 = zext i124 %ei_V_load" [/home/miguel_tfg/FINN-v0.9-Stable/deps/finn-hlslib/streamtools.h:450]   --->   Operation 34 'zext' 'zext_ln450' <Predicate = (!icmp_ln450)> <Delay = 0.00>
ST_2 : Operation 35 [1/1] (0.00ns)   --->   "%specpipeline_ln451 = specpipeline void @_ssdm_op_SpecPipeline, i32 1, i32 2, i32 0, i32 0, void @empty_1" [/home/miguel_tfg/FINN-v0.9-Stable/deps/finn-hlslib/streamtools.h:451]   --->   Operation 35 'specpipeline' 'specpipeline_ln451' <Predicate = (!icmp_ln450)> <Delay = 0.00>
ST_2 : Operation 36 [1/1] (0.00ns)   --->   "%specloopname_ln449 = specloopname void @_ssdm_op_SpecLoopName, void @empty_4" [/home/miguel_tfg/FINN-v0.9-Stable/deps/finn-hlslib/streamtools.h:449]   --->   Operation 36 'specloopname' 'specloopname_ln449' <Predicate = (!icmp_ln450)> <Delay = 0.00>
ST_2 : Operation 37 [1/1] (1.58ns)   --->   "%br_ln453 = br i1 %icmp_ln453, void %if.end.i, void %if.then2.i" [/home/miguel_tfg/FINN-v0.9-Stable/deps/finn-hlslib/streamtools.h:453]   --->   Operation 37 'br' 'br_ln453' <Predicate = (!icmp_ln450)> <Delay = 1.58>
ST_2 : Operation 38 [1/1] (0.00ns)   --->   "%ei_V_3 = phi i128 %ei_V_1, void %if.then2.i, i128 %zext_ln450, void %for.body.i.split"   --->   Operation 38 'phi' 'ei_V_3' <Predicate = (!icmp_ln450)> <Delay = 0.00>
ST_2 : Operation 39 [1/1] (0.00ns)   --->   "%eo_V = trunc i128 %ei_V_3"   --->   Operation 39 'trunc' 'eo_V' <Predicate = (!icmp_ln450)> <Delay = 0.00>
ST_2 : Operation 40 [1/1] (0.00ns)   --->   "%zext_ln458 = zext i4 %eo_V" [/home/miguel_tfg/FINN-v0.9-Stable/deps/finn-hlslib/streamtools.h:458]   --->   Operation 40 'zext' 'zext_ln458' <Predicate = (!icmp_ln450)> <Delay = 0.00>
ST_2 : Operation 41 [2/2] (0.00ns)   --->   "%write_ln458 = write void @_ssdm_op_Write.axis.volatile.i8P128A, i8 %out_V, i8 %zext_ln458" [/home/miguel_tfg/FINN-v0.9-Stable/deps/finn-hlslib/streamtools.h:458]   --->   Operation 41 'write' 'write_ln458' <Predicate = (!icmp_ln450)> <Delay = 0.00> <CoreInst = "axis">   --->   Core 115 'axis' <Latency = 0> <II = 1> <Delay = 1.00> <Adapter> <Opcode : >
ST_2 : Operation 42 [1/1] (0.00ns)   --->   "%trunc_ln = partselect i124 @_ssdm_op_PartSelect.i124.i128.i32.i32, i128 %ei_V_3, i32 4, i32 127"   --->   Operation 42 'partselect' 'trunc_ln' <Predicate = (!icmp_ln450)> <Delay = 0.00>
ST_2 : Operation 43 [1/1] (1.58ns)   --->   "%store_ln450 = store i124 %trunc_ln, i124 %ei_V" [/home/miguel_tfg/FINN-v0.9-Stable/deps/finn-hlslib/streamtools.h:450]   --->   Operation 43 'store' 'store_ln450' <Predicate = (!icmp_ln450)> <Delay = 1.58>

State 3 <SV = 2> <Delay = 0.00>
ST_3 : Operation 44 [1/2] (0.00ns)   --->   "%write_ln458 = write void @_ssdm_op_Write.axis.volatile.i8P128A, i8 %out_V, i8 %zext_ln458" [/home/miguel_tfg/FINN-v0.9-Stable/deps/finn-hlslib/streamtools.h:458]   --->   Operation 44 'write' 'write_ln458' <Predicate = (!icmp_ln450)> <Delay = 0.00> <CoreInst = "axis">   --->   Core 115 'axis' <Latency = 0> <II = 1> <Delay = 1.00> <Adapter> <Opcode : >
ST_3 : Operation 45 [1/1] (0.00ns)   --->   "%br_ln450 = br void %for.body.i" [/home/miguel_tfg/FINN-v0.9-Stable/deps/finn-hlslib/streamtools.h:450]   --->   Operation 45 'br' 'br_ln450' <Predicate = (!icmp_ln450)> <Delay = 0.00>
ST_3 : Operation 46 [1/1] (0.00ns)   --->   "%ret_ln21 = ret" [/home/miguel_tfg/FINN-v0.9-Stable/notebooks/UAH_example/FINN_build/code_gen_ipgen_StreamingDataWidthConverter_Batch_3__g1h2g60/top_StreamingDataWidthConverter_Batch_3.cpp:21]   --->   Operation 46 'ret' 'ret_ln21' <Predicate = (icmp_ln450)> <Delay = 0.00>


============================================================
+ Verbose Summary: Binding
============================================================
STG Binding: 
---------------- STG Properties BEGIN ----------------
- Is combinational: 0
- Is one-state seq: 0
- Is datapath-only: 0
- Is pipelined: 0
- Is top level: 1
Port [ Return ] is wired: 1; IO mode=ap_ctrl_none:ce=0
Port [ in0_V]:  wired=1; compound=1; hidden=0; nouse=0; global=0; static=0; extern=0; dir=0; type=0; pingpong=0; private_global=0; IO mode=axis:ce=0
Port [ out_V]:  wired=1; compound=1; hidden=0; nouse=0; global=0; static=0; extern=0; dir=1; type=0; pingpong=0; private_global=0; IO mode=axis:ce=0
---------------- STG Properties END ------------------

---------------- Datapath Model BEGIN ----------------

<LifeTime>
<method=bitvector/>
ei_V               (alloca           ) [ 0110]
o                  (alloca           ) [ 0100]
t                  (alloca           ) [ 0100]
spectopmodule_ln15 (spectopmodule    ) [ 0000]
specinterface_ln15 (specinterface    ) [ 0000]
specinterface_ln0  (specinterface    ) [ 0000]
specbitsmap_ln0    (specbitsmap      ) [ 0000]
specinterface_ln0  (specinterface    ) [ 0000]
specbitsmap_ln0    (specbitsmap      ) [ 0000]
store_ln450        (store            ) [ 0000]
store_ln450        (store            ) [ 0000]
store_ln450        (store            ) [ 0000]
br_ln450           (br               ) [ 0000]
o_3                (load             ) [ 0000]
t_1                (load             ) [ 0000]
icmp_ln450         (icmp             ) [ 0111]
empty              (speclooptripcount) [ 0000]
t_2                (add              ) [ 0000]
br_ln450           (br               ) [ 0000]
icmp_ln453         (icmp             ) [ 0111]
ei_V_1             (read             ) [ 0110]
br_ln455           (br               ) [ 0110]
o_4                (add              ) [ 0000]
icmp_ln464         (icmp             ) [ 0000]
o_5                (select           ) [ 0000]
store_ln450        (store            ) [ 0000]
store_ln450        (store            ) [ 0000]
ei_V_load          (load             ) [ 0000]
zext_ln450         (zext             ) [ 0000]
specpipeline_ln451 (specpipeline     ) [ 0000]
specloopname_ln449 (specloopname     ) [ 0000]
br_ln453           (br               ) [ 0000]
ei_V_3             (phi              ) [ 0110]
eo_V               (trunc            ) [ 0000]
zext_ln458         (zext             ) [ 0101]
trunc_ln           (partselect       ) [ 0000]
store_ln450        (store            ) [ 0000]
write_ln458        (write            ) [ 0000]
br_ln450           (br               ) [ 0000]
ret_ln21           (ret              ) [ 0000]
</LifeTime>

<model>

<comp_list>
<comp id="0" class="1000" name="in0_V">
<pin_list>
<pin id="1" dir="1" index="0" bw="1" slack="0"/>
</pin_list>
<bind>
<StgValue><ssdm name="in0_V"/></StgValue>
</bind>
</comp>

<comp id="2" class="1000" name="out_V">
<pin_list>
<pin id="3" dir="1" index="0" bw="1" slack="0"/>
</pin_list>
<bind>
<StgValue><ssdm name="out_V"/></StgValue>
</bind>
</comp>

<comp id="4" class="1001" name="const_4">
<pin_list>
<pin id="5" dir="1" index="0" bw="1" slack="0"/>
</pin_list>
<bind>
<StgValue><ssdm name=""/></StgValue>
</bind>
</comp>

<comp id="6" class="1001" name="const_6">
<pin_list>
<pin id="7" dir="1" index="0" bw="1" slack="2147483647"/>
</pin_list>
<bind>
<StgValue><ssdm name="_ssdm_op_SpecTopModule"/></StgValue>
</bind>
</comp>

<comp id="8" class="1001" name="const_8">
<pin_list>
<pin id="9" dir="1" index="0" bw="1" slack="2147483647"/>
</pin_list>
<bind>
<StgValue><ssdm name="empty_2"/></StgValue>
</bind>
</comp>

<comp id="10" class="1001" name="const_10">
<pin_list>
<pin id="11" dir="1" index="0" bw="1" slack="2147483647"/>
</pin_list>
<bind>
<StgValue><ssdm name="_ssdm_op_SpecInterface"/></StgValue>
</bind>
</comp>

<comp id="12" class="1001" name="const_12">
<pin_list>
<pin id="13" dir="1" index="0" bw="1" slack="0"/>
</pin_list>
<bind>
<StgValue><ssdm name=""/></StgValue>
</bind>
</comp>

<comp id="14" class="1001" name="const_14">
<pin_list>
<pin id="15" dir="1" index="0" bw="1" slack="2147483647"/>
</pin_list>
<bind>
<StgValue><ssdm name="empty_3"/></StgValue>
</bind>
</comp>

<comp id="16" class="1001" name="const_16">
<pin_list>
<pin id="17" dir="1" index="0" bw="1" slack="2147483647"/>
</pin_list>
<bind>
<StgValue><ssdm name="empty_1"/></StgValue>
</bind>
</comp>

<comp id="18" class="1001" name="const_18">
<pin_list>
<pin id="19" dir="1" index="0" bw="1" slack="2147483647"/>
</pin_list>
<bind>
<StgValue><ssdm name=""/></StgValue>
</bind>
</comp>

<comp id="20" class="1001" name="const_20">
<pin_list>
<pin id="21" dir="1" index="0" bw="1" slack="2147483647"/>
</pin_list>
<bind>
<StgValue><ssdm name="empty"/></StgValue>
</bind>
</comp>

<comp id="22" class="1001" name="const_22">
<pin_list>
<pin id="23" dir="1" index="0" bw="1" slack="2147483647"/>
</pin_list>
<bind>
<StgValue><ssdm name="empty_0"/></StgValue>
</bind>
</comp>

<comp id="24" class="1001" name="const_24">
<pin_list>
<pin id="25" dir="1" index="0" bw="1" slack="2147483647"/>
</pin_list>
<bind>
<StgValue><ssdm name="_ssdm_op_SpecBitsMap"/></StgValue>
</bind>
</comp>

<comp id="26" class="1001" name="const_26">
<pin_list>
<pin id="27" dir="1" index="0" bw="1" slack="0"/>
</pin_list>
<bind>
<StgValue><ssdm name=""/></StgValue>
</bind>
</comp>

<comp id="28" class="1001" name="const_28">
<pin_list>
<pin id="29" dir="1" index="0" bw="1" slack="0"/>
</pin_list>
<bind>
<StgValue><ssdm name=""/></StgValue>
</bind>
</comp>

<comp id="30" class="1001" name="const_30">
<pin_list>
<pin id="31" dir="1" index="0" bw="1" slack="0"/>
</pin_list>
<bind>
<StgValue><ssdm name=""/></StgValue>
</bind>
</comp>

<comp id="32" class="1001" name="const_32">
<pin_list>
<pin id="33" dir="1" index="0" bw="1" slack="2147483647"/>
</pin_list>
<bind>
<StgValue><ssdm name="_ssdm_op_SpecLoopTripCount"/></StgValue>
</bind>
</comp>

<comp id="34" class="1001" name="const_34">
<pin_list>
<pin id="35" dir="1" index="0" bw="1" slack="2147483647"/>
</pin_list>
<bind>
<StgValue><ssdm name=""/></StgValue>
</bind>
</comp>

<comp id="36" class="1001" name="const_36">
<pin_list>
<pin id="37" dir="1" index="0" bw="1" slack="0"/>
</pin_list>
<bind>
<StgValue><ssdm name=""/></StgValue>
</bind>
</comp>

<comp id="38" class="1001" name="const_38">
<pin_list>
<pin id="39" dir="1" index="0" bw="1" slack="0"/>
</pin_list>
<bind>
<StgValue><ssdm name="_ssdm_op_Read.axis.volatile.i128P128A"/></StgValue>
</bind>
</comp>

<comp id="40" class="1001" name="const_40">
<pin_list>
<pin id="41" dir="1" index="0" bw="1" slack="0"/>
</pin_list>
<bind>
<StgValue><ssdm name=""/></StgValue>
</bind>
</comp>

<comp id="42" class="1001" name="const_42">
<pin_list>
<pin id="43" dir="1" index="0" bw="1" slack="2147483647"/>
</pin_list>
<bind>
<StgValue><ssdm name="_ssdm_op_SpecPipeline"/></StgValue>
</bind>
</comp>

<comp id="44" class="1001" name="const_44">
<pin_list>
<pin id="45" dir="1" index="0" bw="1" slack="2147483647"/>
</pin_list>
<bind>
<StgValue><ssdm name=""/></StgValue>
</bind>
</comp>

<comp id="46" class="1001" name="const_46">
<pin_list>
<pin id="47" dir="1" index="0" bw="1" slack="2147483647"/>
</pin_list>
<bind>
<StgValue><ssdm name="_ssdm_op_SpecLoopName"/></StgValue>
</bind>
</comp>

<comp id="48" class="1001" name="const_48">
<pin_list>
<pin id="49" dir="1" index="0" bw="1" slack="2147483647"/>
</pin_list>
<bind>
<StgValue><ssdm name="empty_4"/></StgValue>
</bind>
</comp>

<comp id="50" class="1001" name="const_50">
<pin_list>
<pin id="51" dir="1" index="0" bw="1" slack="0"/>
</pin_list>
<bind>
<StgValue><ssdm name="_ssdm_op_Write.axis.volatile.i8P128A"/></StgValue>
</bind>
</comp>

<comp id="52" class="1001" name="const_52">
<pin_list>
<pin id="53" dir="1" index="0" bw="1" slack="0"/>
</pin_list>
<bind>
<StgValue><ssdm name="_ssdm_op_PartSelect.i124.i128.i32.i32"/></StgValue>
</bind>
</comp>

<comp id="54" class="1001" name="const_54">
<pin_list>
<pin id="55" dir="1" index="0" bw="1" slack="0"/>
</pin_list>
<bind>
<StgValue><ssdm name=""/></StgValue>
</bind>
</comp>

<comp id="56" class="1001" name="const_56">
<pin_list>
<pin id="57" dir="1" index="0" bw="1" slack="0"/>
</pin_list>
<bind>
<StgValue><ssdm name=""/></StgValue>
</bind>
</comp>

<comp id="58" class="1004" name="ei_V_fu_58">
<pin_list>
<pin id="59" dir="0" index="0" bw="1" slack="0"/>
<pin id="60" dir="1" index="1" bw="124" slack="0"/>
</pin_list>
<bind>
<opcode="alloca(26) " fcode="alloca"/>
<opset="ei_V/1 "/>
</bind>
</comp>

<comp id="62" class="1004" name="o_fu_62">
<pin_list>
<pin id="63" dir="0" index="0" bw="1" slack="0"/>
<pin id="64" dir="1" index="1" bw="32" slack="0"/>
</pin_list>
<bind>
<opcode="alloca(26) " fcode="alloca"/>
<opset="o/1 "/>
</bind>
</comp>

<comp id="66" class="1004" name="t_fu_66">
<pin_list>
<pin id="67" dir="0" index="0" bw="1" slack="0"/>
<pin id="68" dir="1" index="1" bw="17" slack="0"/>
</pin_list>
<bind>
<opcode="alloca(26) " fcode="alloca"/>
<opset="t/1 "/>
</bind>
</comp>

<comp id="70" class="1004" name="ei_V_1_read_fu_70">
<pin_list>
<pin id="71" dir="0" index="0" bw="128" slack="0"/>
<pin id="72" dir="0" index="1" bw="128" slack="0"/>
<pin id="73" dir="1" index="2" bw="128" slack="1"/>
</pin_list>
<bind>
<opcode="read(1150) " fcode="read"/>
<opset="ei_V_1/1 "/>
</bind>
</comp>

<comp id="76" class="1004" name="grp_write_fu_76">
<pin_list>
<pin id="77" dir="0" index="0" bw="0" slack="0"/>
<pin id="78" dir="0" index="1" bw="8" slack="0"/>
<pin id="79" dir="0" index="2" bw="4" slack="0"/>
<pin id="80" dir="1" index="3" bw="0" slack="2147483647"/>
</pin_list>
<bind>
<opcode="write(1151) " fcode="write"/>
<opset="write_ln458/2 "/>
</bind>
</comp>

<comp id="83" class="1005" name="ei_V_3_reg_83">
<pin_list>
<pin id="84" dir="0" index="0" bw="128" slack="2147483647"/>
<pin id="85" dir="1" index="1" bw="128" slack="2147483647"/>
</pin_list>
<bind>
<opset="ei_V_3 (phireg) "/>
</bind>
</comp>

<comp id="86" class="1004" name="ei_V_3_phi_fu_86">
<pin_list>
<pin id="87" dir="0" index="0" bw="128" slack="1"/>
<pin id="88" dir="0" index="1" bw="0" slack="2147483647"/>
<pin id="89" dir="0" index="2" bw="124" slack="0"/>
<pin id="90" dir="0" index="3" bw="0" slack="2147483647"/>
<pin id="91" dir="1" index="4" bw="128" slack="0"/>
</pin_list>
<bind>
<opcode="phi(47) " fcode="phi"/>
<opset="ei_V_3/2 "/>
</bind>
</comp>

<comp id="92" class="1004" name="store_ln450_store_fu_92">
<pin_list>
<pin id="93" dir="0" index="0" bw="1" slack="0"/>
<pin id="94" dir="0" index="1" bw="17" slack="0"/>
<pin id="95" dir="1" index="2" bw="0" slack="2147483647"/>
</pin_list>
<bind>
<opcode="store(28) " fcode="store"/>
<opset="store_ln450/1 "/>
</bind>
</comp>

<comp id="97" class="1004" name="store_ln450_store_fu_97">
<pin_list>
<pin id="98" dir="0" index="0" bw="1" slack="0"/>
<pin id="99" dir="0" index="1" bw="32" slack="0"/>
<pin id="100" dir="1" index="2" bw="0" slack="2147483647"/>
</pin_list>
<bind>
<opcode="store(28) " fcode="store"/>
<opset="store_ln450/1 "/>
</bind>
</comp>

<comp id="102" class="1004" name="store_ln450_store_fu_102">
<pin_list>
<pin id="103" dir="0" index="0" bw="1" slack="0"/>
<pin id="104" dir="0" index="1" bw="124" slack="0"/>
<pin id="105" dir="1" index="2" bw="0" slack="2147483647"/>
</pin_list>
<bind>
<opcode="store(28) " fcode="store"/>
<opset="store_ln450/1 "/>
</bind>
</comp>

<comp id="107" class="1004" name="o_3_load_fu_107">
<pin_list>
<pin id="108" dir="0" index="0" bw="32" slack="0"/>
<pin id="109" dir="1" index="1" bw="32" slack="0"/>
</pin_list>
<bind>
<opcode="load(27) " fcode="load"/>
<opset="o_3/1 "/>
</bind>
</comp>

<comp id="110" class="1004" name="t_1_load_fu_110">
<pin_list>
<pin id="111" dir="0" index="0" bw="17" slack="0"/>
<pin id="112" dir="1" index="1" bw="17" slack="0"/>
</pin_list>
<bind>
<opcode="load(27) " fcode="load"/>
<opset="t_1/1 "/>
</bind>
</comp>

<comp id="113" class="1004" name="icmp_ln450_fu_113">
<pin_list>
<pin id="114" dir="0" index="0" bw="17" slack="0"/>
<pin id="115" dir="0" index="1" bw="17" slack="0"/>
<pin id="116" dir="1" index="2" bw="1" slack="1"/>
</pin_list>
<bind>
<opcode="icmp(45) " fcode="icmp"/>
<opset="icmp_ln450/1 "/>
</bind>
</comp>

<comp id="119" class="1004" name="t_2_fu_119">
<pin_list>
<pin id="120" dir="0" index="0" bw="17" slack="0"/>
<pin id="121" dir="0" index="1" bw="1" slack="0"/>
<pin id="122" dir="1" index="2" bw="17" slack="0"/>
</pin_list>
<bind>
<opcode="add(8) " fcode="add"/>
<opset="t_2/1 "/>
</bind>
</comp>

<comp id="125" class="1004" name="icmp_ln453_fu_125">
<pin_list>
<pin id="126" dir="0" index="0" bw="32" slack="0"/>
<pin id="127" dir="0" index="1" bw="32" slack="0"/>
<pin id="128" dir="1" index="2" bw="1" slack="1"/>
</pin_list>
<bind>
<opcode="icmp(45) " fcode="icmp"/>
<opset="icmp_ln453/1 "/>
</bind>
</comp>

<comp id="131" class="1004" name="o_4_fu_131">
<pin_list>
<pin id="132" dir="0" index="0" bw="32" slack="0"/>
<pin id="133" dir="0" index="1" bw="1" slack="0"/>
<pin id="134" dir="1" index="2" bw="32" slack="0"/>
</pin_list>
<bind>
<opcode="add(8) " fcode="add"/>
<opset="o_4/1 "/>
</bind>
</comp>

<comp id="137" class="1004" name="icmp_ln464_fu_137">
<pin_list>
<pin id="138" dir="0" index="0" bw="32" slack="0"/>
<pin id="139" dir="0" index="1" bw="32" slack="0"/>
<pin id="140" dir="1" index="2" bw="1" slack="0"/>
</pin_list>
<bind>
<opcode="icmp(45) " fcode="icmp"/>
<opset="icmp_ln464/1 "/>
</bind>
</comp>

<comp id="143" class="1004" name="o_5_fu_143">
<pin_list>
<pin id="144" dir="0" index="0" bw="1" slack="0"/>
<pin id="145" dir="0" index="1" bw="32" slack="0"/>
<pin id="146" dir="0" index="2" bw="32" slack="0"/>
<pin id="147" dir="1" index="3" bw="32" slack="0"/>
</pin_list>
<bind>
<opcode="select(49) " fcode="select"/>
<opset="o_5/1 "/>
</bind>
</comp>

<comp id="151" class="1004" name="store_ln450_store_fu_151">
<pin_list>
<pin id="152" dir="0" index="0" bw="17" slack="0"/>
<pin id="153" dir="0" index="1" bw="17" slack="0"/>
<pin id="154" dir="1" index="2" bw="0" slack="2147483647"/>
</pin_list>
<bind>
<opcode="store(28) " fcode="store"/>
<opset="store_ln450/1 "/>
</bind>
</comp>

<comp id="156" class="1004" name="store_ln450_store_fu_156">
<pin_list>
<pin id="157" dir="0" index="0" bw="32" slack="0"/>
<pin id="158" dir="0" index="1" bw="32" slack="0"/>
<pin id="159" dir="1" index="2" bw="0" slack="2147483647"/>
</pin_list>
<bind>
<opcode="store(28) " fcode="store"/>
<opset="store_ln450/1 "/>
</bind>
</comp>

<comp id="161" class="1004" name="ei_V_load_load_fu_161">
<pin_list>
<pin id="162" dir="0" index="0" bw="124" slack="1"/>
<pin id="163" dir="1" index="1" bw="124" slack="0"/>
</pin_list>
<bind>
<opcode="load(27) " fcode="load"/>
<opset="ei_V_load/2 "/>
</bind>
</comp>

<comp id="164" class="1004" name="zext_ln450_fu_164">
<pin_list>
<pin id="165" dir="0" index="0" bw="124" slack="0"/>
<pin id="166" dir="1" index="1" bw="128" slack="0"/>
</pin_list>
<bind>
<opcode="zext(34) " fcode="zext"/>
<opset="zext_ln450/2 "/>
</bind>
</comp>

<comp id="169" class="1004" name="eo_V_fu_169">
<pin_list>
<pin id="170" dir="0" index="0" bw="128" slack="0"/>
<pin id="171" dir="1" index="1" bw="4" slack="0"/>
</pin_list>
<bind>
<opcode="trunc(33) " fcode="trunc"/>
<opset="eo_V/2 "/>
</bind>
</comp>

<comp id="173" class="1004" name="zext_ln458_fu_173">
<pin_list>
<pin id="174" dir="0" index="0" bw="4" slack="0"/>
<pin id="175" dir="1" index="1" bw="8" slack="0"/>
</pin_list>
<bind>
<opcode="zext(34) " fcode="zext"/>
<opset="zext_ln458/2 "/>
</bind>
</comp>

<comp id="178" class="1004" name="trunc_ln_fu_178">
<pin_list>
<pin id="179" dir="0" index="0" bw="124" slack="0"/>
<pin id="180" dir="0" index="1" bw="128" slack="0"/>
<pin id="181" dir="0" index="2" bw="4" slack="0"/>
<pin id="182" dir="0" index="3" bw="8" slack="0"/>
<pin id="183" dir="1" index="4" bw="124" slack="0"/>
</pin_list>
<bind>
<opcode="partselect(1002) " fcode="partselect"/>
<opset="trunc_ln/2 "/>
</bind>
</comp>

<comp id="188" class="1004" name="store_ln450_store_fu_188">
<pin_list>
<pin id="189" dir="0" index="0" bw="124" slack="0"/>
<pin id="190" dir="0" index="1" bw="124" slack="1"/>
<pin id="191" dir="1" index="2" bw="0" slack="2147483647"/>
</pin_list>
<bind>
<opcode="store(28) " fcode="store"/>
<opset="store_ln450/2 "/>
</bind>
</comp>

<comp id="193" class="1005" name="ei_V_reg_193">
<pin_list>
<pin id="194" dir="0" index="0" bw="124" slack="0"/>
<pin id="195" dir="1" index="1" bw="124" slack="0"/>
</pin_list>
<bind>
<opset="ei_V "/>
</bind>
</comp>

<comp id="200" class="1005" name="o_reg_200">
<pin_list>
<pin id="201" dir="0" index="0" bw="32" slack="0"/>
<pin id="202" dir="1" index="1" bw="32" slack="0"/>
</pin_list>
<bind>
<opset="o "/>
</bind>
</comp>

<comp id="207" class="1005" name="t_reg_207">
<pin_list>
<pin id="208" dir="0" index="0" bw="17" slack="0"/>
<pin id="209" dir="1" index="1" bw="17" slack="0"/>
</pin_list>
<bind>
<opset="t "/>
</bind>
</comp>

<comp id="214" class="1005" name="icmp_ln450_reg_214">
<pin_list>
<pin id="215" dir="0" index="0" bw="1" slack="1"/>
<pin id="216" dir="1" index="1" bw="1" slack="2147483647"/>
</pin_list>
<bind>
<opset="icmp_ln450 "/>
</bind>
</comp>

<comp id="218" class="1005" name="icmp_ln453_reg_218">
<pin_list>
<pin id="219" dir="0" index="0" bw="1" slack="1"/>
<pin id="220" dir="1" index="1" bw="1" slack="2147483647"/>
</pin_list>
<bind>
<opset="icmp_ln453 "/>
</bind>
</comp>

<comp id="222" class="1005" name="ei_V_1_reg_222">
<pin_list>
<pin id="223" dir="0" index="0" bw="128" slack="1"/>
<pin id="224" dir="1" index="1" bw="128" slack="1"/>
</pin_list>
<bind>
<opset="ei_V_1 "/>
</bind>
</comp>

<comp id="227" class="1005" name="zext_ln458_reg_227">
<pin_list>
<pin id="228" dir="0" index="0" bw="8" slack="1"/>
<pin id="229" dir="1" index="1" bw="8" slack="1"/>
</pin_list>
<bind>
<opset="zext_ln458 "/>
</bind>
</comp>

</comp_list>

<net_list>
<net id="61"><net_src comp="4" pin="0"/><net_sink comp="58" pin=0"/></net>

<net id="65"><net_src comp="4" pin="0"/><net_sink comp="62" pin=0"/></net>

<net id="69"><net_src comp="4" pin="0"/><net_sink comp="66" pin=0"/></net>

<net id="74"><net_src comp="38" pin="0"/><net_sink comp="70" pin=0"/></net>

<net id="75"><net_src comp="0" pin="0"/><net_sink comp="70" pin=1"/></net>

<net id="81"><net_src comp="50" pin="0"/><net_sink comp="76" pin=0"/></net>

<net id="82"><net_src comp="2" pin="0"/><net_sink comp="76" pin=1"/></net>

<net id="96"><net_src comp="26" pin="0"/><net_sink comp="92" pin=0"/></net>

<net id="101"><net_src comp="12" pin="0"/><net_sink comp="97" pin=0"/></net>

<net id="106"><net_src comp="28" pin="0"/><net_sink comp="102" pin=0"/></net>

<net id="117"><net_src comp="110" pin="1"/><net_sink comp="113" pin=0"/></net>

<net id="118"><net_src comp="30" pin="0"/><net_sink comp="113" pin=1"/></net>

<net id="123"><net_src comp="110" pin="1"/><net_sink comp="119" pin=0"/></net>

<net id="124"><net_src comp="36" pin="0"/><net_sink comp="119" pin=1"/></net>

<net id="129"><net_src comp="107" pin="1"/><net_sink comp="125" pin=0"/></net>

<net id="130"><net_src comp="12" pin="0"/><net_sink comp="125" pin=1"/></net>

<net id="135"><net_src comp="107" pin="1"/><net_sink comp="131" pin=0"/></net>

<net id="136"><net_src comp="4" pin="0"/><net_sink comp="131" pin=1"/></net>

<net id="141"><net_src comp="131" pin="2"/><net_sink comp="137" pin=0"/></net>

<net id="142"><net_src comp="40" pin="0"/><net_sink comp="137" pin=1"/></net>

<net id="148"><net_src comp="137" pin="2"/><net_sink comp="143" pin=0"/></net>

<net id="149"><net_src comp="12" pin="0"/><net_sink comp="143" pin=1"/></net>

<net id="150"><net_src comp="131" pin="2"/><net_sink comp="143" pin=2"/></net>

<net id="155"><net_src comp="119" pin="2"/><net_sink comp="151" pin=0"/></net>

<net id="160"><net_src comp="143" pin="3"/><net_sink comp="156" pin=0"/></net>

<net id="167"><net_src comp="161" pin="1"/><net_sink comp="164" pin=0"/></net>

<net id="168"><net_src comp="164" pin="1"/><net_sink comp="86" pin=2"/></net>

<net id="172"><net_src comp="86" pin="4"/><net_sink comp="169" pin=0"/></net>

<net id="176"><net_src comp="169" pin="1"/><net_sink comp="173" pin=0"/></net>

<net id="177"><net_src comp="173" pin="1"/><net_sink comp="76" pin=2"/></net>

<net id="184"><net_src comp="52" pin="0"/><net_sink comp="178" pin=0"/></net>

<net id="185"><net_src comp="86" pin="4"/><net_sink comp="178" pin=1"/></net>

<net id="186"><net_src comp="54" pin="0"/><net_sink comp="178" pin=2"/></net>

<net id="187"><net_src comp="56" pin="0"/><net_sink comp="178" pin=3"/></net>

<net id="192"><net_src comp="178" pin="4"/><net_sink comp="188" pin=0"/></net>

<net id="196"><net_src comp="58" pin="1"/><net_sink comp="193" pin=0"/></net>

<net id="197"><net_src comp="193" pin="1"/><net_sink comp="102" pin=1"/></net>

<net id="198"><net_src comp="193" pin="1"/><net_sink comp="161" pin=0"/></net>

<net id="199"><net_src comp="193" pin="1"/><net_sink comp="188" pin=1"/></net>

<net id="203"><net_src comp="62" pin="1"/><net_sink comp="200" pin=0"/></net>

<net id="204"><net_src comp="200" pin="1"/><net_sink comp="97" pin=1"/></net>

<net id="205"><net_src comp="200" pin="1"/><net_sink comp="107" pin=0"/></net>

<net id="206"><net_src comp="200" pin="1"/><net_sink comp="156" pin=1"/></net>

<net id="210"><net_src comp="66" pin="1"/><net_sink comp="207" pin=0"/></net>

<net id="211"><net_src comp="207" pin="1"/><net_sink comp="92" pin=1"/></net>

<net id="212"><net_src comp="207" pin="1"/><net_sink comp="110" pin=0"/></net>

<net id="213"><net_src comp="207" pin="1"/><net_sink comp="151" pin=1"/></net>

<net id="217"><net_src comp="113" pin="2"/><net_sink comp="214" pin=0"/></net>

<net id="221"><net_src comp="125" pin="2"/><net_sink comp="218" pin=0"/></net>

<net id="225"><net_src comp="70" pin="2"/><net_sink comp="222" pin=0"/></net>

<net id="226"><net_src comp="222" pin="1"/><net_sink comp="86" pin=0"/></net>

<net id="230"><net_src comp="173" pin="1"/><net_sink comp="227" pin=0"/></net>

<net id="231"><net_src comp="227" pin="1"/><net_sink comp="76" pin=2"/></net>

</net_list>

</model> 
---------------- Datapath Model END ------------------

* FSMD analyzer results:
  - Output states:
	Port: out_V | {3 }
 - Input state : 
	Port: StreamingDataWidthConverter_Batch_3 : in0_V | {1 }
  - Chain level:
	State 1
		store_ln450 : 1
		store_ln450 : 1
		store_ln450 : 1
		o_3 : 1
		t_1 : 1
		icmp_ln450 : 2
		t_2 : 2
		br_ln450 : 3
		icmp_ln453 : 2
		o_4 : 2
		icmp_ln464 : 3
		o_5 : 4
		store_ln450 : 3
		store_ln450 : 5
	State 2
		zext_ln450 : 1
		ei_V_3 : 2
		eo_V : 3
		zext_ln458 : 4
		write_ln458 : 5
		trunc_ln : 3
		store_ln450 : 4
	State 3


============================================================
+ Verbose Summary: Datapath Resource usage 
============================================================

* Functional unit list:
|----------|-------------------|---------|---------|
| Operation|  Functional Unit  |    FF   |   LUT   |
|----------|-------------------|---------|---------|
|    add   |     t_2_fu_119    |    0    |    24   |
|          |     o_4_fu_131    |    0    |    39   |
|----------|-------------------|---------|---------|
|          | icmp_ln450_fu_113 |    0    |    13   |
|   icmp   | icmp_ln453_fu_125 |    0    |    18   |
|          | icmp_ln464_fu_137 |    0    |    18   |
|----------|-------------------|---------|---------|
|  select  |     o_5_fu_143    |    0    |    32   |
|----------|-------------------|---------|---------|
|   read   | ei_V_1_read_fu_70 |    0    |    0    |
|----------|-------------------|---------|---------|
|   write  |  grp_write_fu_76  |    0    |    0    |
|----------|-------------------|---------|---------|
|   zext   | zext_ln450_fu_164 |    0    |    0    |
|          | zext_ln458_fu_173 |    0    |    0    |
|----------|-------------------|---------|---------|
|   trunc  |    eo_V_fu_169    |    0    |    0    |
|----------|-------------------|---------|---------|
|partselect|  trunc_ln_fu_178  |    0    |    0    |
|----------|-------------------|---------|---------|
|   Total  |                   |    0    |   144   |
|----------|-------------------|---------|---------|

Memories:
N/A

* Register list:
+------------------+--------+
|                  |   FF   |
+------------------+--------+
|  ei_V_1_reg_222  |   128  |
|   ei_V_3_reg_83  |   128  |
|   ei_V_reg_193   |   124  |
|icmp_ln450_reg_214|    1   |
|icmp_ln453_reg_218|    1   |
|     o_reg_200    |   32   |
|     t_reg_207    |   17   |
|zext_ln458_reg_227|    8   |
+------------------+--------+
|       Total      |   439  |
+------------------+--------+

* Multiplexer (MUX) list: 
|-----------------|------|------|------|--------||---------||---------|
|       Comp      |  Pin | Size |  BW  | S x BW ||  Delay  ||   LUT   |
|-----------------|------|------|------|--------||---------||---------|
| grp_write_fu_76 |  p2  |   2  |   4  |    8   ||    9    |
|-----------------|------|------|------|--------||---------||---------|
|      Total      |      |      |      |    8   ||  1.588  ||    9    |
|-----------------|------|------|------|--------||---------||---------|



* Summary:
+-----------+--------+--------+--------+
|           |  Delay |   FF   |   LUT  |
+-----------+--------+--------+--------+
|  Function |    -   |    0   |   144  |
|   Memory  |    -   |    -   |    -   |
|Multiplexer|    1   |    -   |    9   |
|  Register |    -   |   439  |    -   |
+-----------+--------+--------+--------+
|   Total   |    1   |   439  |   153  |
+-----------+--------+--------+--------+
