
****** Vitis HLS - High-Level Synthesis from C, C++ and OpenCL v2022.2.2 (64-bit)
  **** SW Build 3779808 on Feb 17 2023
  **** IP Build 3783773 on Tue Feb 21 23:41:56 MST 2023
    ** Copyright 1986-2023 Xilinx, Inc. All Rights Reserved.

source /tools/Xilinx/Vitis_HLS/2022.2/scripts/vitis_hls/hls.tcl -notrace
INFO: [HLS 200-10] Running '/tools/Xilinx/Vitis_HLS/2022.2/bin/unwrapped/lnx64.o/vitis_hls'
/tools/Xilinx/Vitis_HLS/2022.2/tps/tcl/tcl8.5/tzdata/Europe/Dublin can't be opened.
INFO: [HLS 200-10] For user '' on host 'finn_dev_miguel_tfg' (Linux_x86_64 version 6.8.0-124-generic) on Fri Jun 12 09:15:15 +0000 2026
INFO: [HLS 200-10] On os Ubuntu 18.04.5 LTS
INFO: [HLS 200-10] In directory '/home/miguel_tfg/FINN-v0.9-Stable/notebooks/UAH_example/FINN_build/code_gen_ipgen_MatrixVectorActivation_4_2ay3ojwy'
Sourcing Tcl script '/home/miguel_tfg/FINN-v0.9-Stable/notebooks/UAH_example/FINN_build/code_gen_ipgen_MatrixVectorActivation_4_2ay3ojwy/hls_syn_MatrixVectorActivation_4.tcl'
INFO: [HLS 200-1510] Running: source /home/miguel_tfg/FINN-v0.9-Stable/notebooks/UAH_example/FINN_build/code_gen_ipgen_MatrixVectorActivation_4_2ay3ojwy/hls_syn_MatrixVectorActivation_4.tcl
HLS project: project_MatrixVectorActivation_4
HW source dir: /home/miguel_tfg/FINN-v0.9-Stable/notebooks/UAH_example/FINN_build/code_gen_ipgen_MatrixVectorActivation_4_2ay3ojwy
finn-hlslib dir: /home/miguel_tfg/FINN-v0.9-Stable/deps/finn-hlslib
custom HLS dir: /home/miguel_tfg/FINN-v0.9-Stable/custom_hls
INFO: [HLS 200-1510] Running: open_project project_MatrixVectorActivation_4 
INFO: [HLS 200-10] Creating and opening project '/home/miguel_tfg/FINN-v0.9-Stable/notebooks/UAH_example/FINN_build/code_gen_ipgen_MatrixVectorActivation_4_2ay3ojwy/project_MatrixVectorActivation_4'.
INFO: [HLS 200-1510] Running: add_files /home/miguel_tfg/FINN-v0.9-Stable/notebooks/UAH_example/FINN_build/code_gen_ipgen_MatrixVectorActivation_4_2ay3ojwy/top_MatrixVectorActivation_4.cpp -cflags -std=c++14 -I/home/miguel_tfg/FINN-v0.9-Stable/deps/finn-hlslib -I/home/miguel_tfg/FINN-v0.9-Stable/custom_hls 
INFO: [HLS 200-10] Adding design file '/home/miguel_tfg/FINN-v0.9-Stable/notebooks/UAH_example/FINN_build/code_gen_ipgen_MatrixVectorActivation_4_2ay3ojwy/top_MatrixVectorActivation_4.cpp' to the project
INFO: [HLS 200-1510] Running: set_top MatrixVectorActivation_4 
INFO: [HLS 200-1510] Running: open_solution sol1 
INFO: [HLS 200-10] Creating and opening solution '/home/miguel_tfg/FINN-v0.9-Stable/notebooks/UAH_example/FINN_build/code_gen_ipgen_MatrixVectorActivation_4_2ay3ojwy/project_MatrixVectorActivation_4/sol1'.
INFO: [HLS 200-1505] Using default flow_target 'vivado'
Resolution: For help on HLS 200-1505 see www.xilinx.com/cgi-bin/docs/rdoc?v=2022.2;t=hls+guidance;d=200-1505.html
INFO: [HLS 200-435] Setting 'open_solution -flow_target vivado' configuration: config_interface -m_axi_latency=0
INFO: [HLS 200-1510] Running: set_part xc7z020clg400-1 
INFO: [HLS 200-1611] Setting target device to 'xc7z020-clg400-1'
INFO: [HLS 200-1510] Running: config_compile -disable_unroll_code_size_check -pipeline_style flp 
WARNING: [XFORM 203-506] Disable code size check when do loop unroll.
WARNING: [HLS 200-643] The 'config_compile -disable_unroll_code_size_check' hidden command is deprecated and will be removed in a future release.
INFO: [HLS 200-1510] Running: config_interface -m_axi_addr64 
INFO: [HLS 200-1510] Running: config_rtl -module_auto_prefix 
INFO: [HLS 200-1510] Running: config_rtl -deadlock_detection none 
INFO: [HLS 200-1510] Running: create_clock -period 10.0 -name default 
INFO: [SYN 201-201] Setting up clock 'default' with a period of 10ns.
INFO: [HLS 200-1510] Running: csynth_design 
Running Dispatch Server on port: 33715
INFO: [HLS 200-111] Finished File checks and directory preparation: CPU user time: 0 seconds. CPU system time: 0.01 seconds. Elapsed time: 10.02 seconds; current allocated memory: 1.469 GB.
INFO: [HLS 200-10] Analyzing design file '/home/miguel_tfg/FINN-v0.9-Stable/notebooks/UAH_example/FINN_build/code_gen_ipgen_MatrixVectorActivation_4_2ay3ojwy/top_MatrixVectorActivation_4.cpp' ... 
INFO: [HLS 200-111] Finished Source Code Analysis and Preprocessing: CPU user time: 3.98 seconds. CPU system time: 0.43 seconds. Elapsed time: 4.4 seconds; current allocated memory: 1.477 GB.
INFO: [HLS 200-777] Using interface defaults for 'Vivado' flow target.
INFO: [HLS 214-131] Inlining function 'Slice<ap_uint<4>, 4u>::Container<ap_uint<4> >::Container(ap_uint<4> const&)' into 'Slice<ap_uint<4>, 4u>::Container<ap_uint<4> > Slice<ap_uint<4>, 4u>::operator()<ap_uint<4> >(ap_uint<4> const&, unsigned int) const' (/home/miguel_tfg/FINN-v0.9-Stable/deps/finn-hlslib/interpret.hpp:243:9)
INFO: [HLS 214-131] Inlining function 'Slice<ap_uint<4>, 4u>::Container<ap_uint<4> >::operator()(unsigned int, unsigned int) const' into 'ap_int<16> mac<1u, ap_int<16>, std::array<ap_int<4>, 1ul>, Slice<ap_uint<4>, 4u>::Container<ap_uint<4> >, ap_resource_dsp>(ap_int<16> const&, std::array<ap_int<4>, 1ul> const&, Slice<ap_uint<4>, 4u>::Container<ap_uint<4> > const&, ap_resource_dsp const&, unsigned int)' (/home/miguel_tfg/FINN-v0.9-Stable/deps/finn-hlslib/mac.hpp:169:19)
INFO: [HLS 214-131] Inlining function 'decltype((fp) * (fp0)) mul<ap_int<4>, ap_uint<4> >(ap_int<4> const&, ap_uint<4> const&, ap_resource_dsp const&)' into 'ap_int<16> mac<1u, ap_int<16>, std::array<ap_int<4>, 1ul>, Slice<ap_uint<4>, 4u>::Container<ap_uint<4> >, ap_resource_dsp>(ap_int<16> const&, std::array<ap_int<4>, 1ul> const&, Slice<ap_uint<4>, 4u>::Container<ap_uint<4> > const&, ap_resource_dsp const&, unsigned int)' (/home/miguel_tfg/FINN-v0.9-Stable/deps/finn-hlslib/mac.hpp:169:9)
INFO: [HLS 214-131] Inlining function 'Slice<ap_int<16>, 16u>::Container<ap_uint<16> >::operator ap_uint<16> const&() const' into 'void Matrix_Vector_Activate_Stream_Batch<128u, 14u, 1u, 1u, Slice<ap_uint<4>, 4u>, Slice<ap_int<16>, 16u>, Identity, ap_int<4>, ap_uint<4>, ap_uint<16>, PassThroughActivation<ap_int<16> >, ap_resource_dsp>(hls::stream<ap_uint<4>, 0>&, hls::stream<ap_uint<16>, 0>&, hls::stream<ap_uint<((1u) * (1u)) * (ap_int<4>::width)>, 0>&, PassThroughActivation<ap_int<16> > const&, int, ap_resource_dsp const&)' (/home/miguel_tfg/FINN-v0.9-Stable/deps/finn-hlslib/mvau.hpp:298:17)
INFO: [HLS 214-131] Inlining function 'Slice<ap_int<16>, 16u>::Container<ap_uint<16> >::operator()(unsigned int, unsigned int, bool) const' into 'void Matrix_Vector_Activate_Stream_Batch<128u, 14u, 1u, 1u, Slice<ap_uint<4>, 4u>, Slice<ap_int<16>, 16u>, Identity, ap_int<4>, ap_uint<4>, ap_uint<16>, PassThroughActivation<ap_int<16> >, ap_resource_dsp>(hls::stream<ap_uint<4>, 0>&, hls::stream<ap_uint<16>, 0>&, hls::stream<ap_uint<((1u) * (1u)) * (ap_int<4>::width)>, 0>&, PassThroughActivation<ap_int<16> > const&, int, ap_resource_dsp const&)' (/home/miguel_tfg/FINN-v0.9-Stable/deps/finn-hlslib/mvau.hpp:295:2)
INFO: [HLS 214-131] Inlining function 'PassThroughActivation<ap_int<16> >::activate(unsigned int, unsigned int, ap_int<16> const&) const' into 'void Matrix_Vector_Activate_Stream_Batch<128u, 14u, 1u, 1u, Slice<ap_uint<4>, 4u>, Slice<ap_int<16>, 16u>, Identity, ap_int<4>, ap_uint<4>, ap_uint<16>, PassThroughActivation<ap_int<16> >, ap_resource_dsp>(hls::stream<ap_uint<4>, 0>&, hls::stream<ap_uint<16>, 0>&, hls::stream<ap_uint<((1u) * (1u)) * (ap_int<4>::width)>, 0>&, PassThroughActivation<ap_int<16> > const&, int, ap_resource_dsp const&)' (/home/miguel_tfg/FINN-v0.9-Stable/deps/finn-hlslib/mvau.hpp:295:31)
INFO: [HLS 214-131] Inlining function 'ap_int<16> mac<1u, ap_int<16>, std::array<ap_int<4>, 1ul>, Slice<ap_uint<4>, 4u>::Container<ap_uint<4> >, ap_resource_dsp>(ap_int<16> const&, std::array<ap_int<4>, 1ul> const&, Slice<ap_uint<4>, 4u>::Container<ap_uint<4> > const&, ap_resource_dsp const&, unsigned int)' into 'void Matrix_Vector_Activate_Stream_Batch<128u, 14u, 1u, 1u, Slice<ap_uint<4>, 4u>, Slice<ap_int<16>, 16u>, Identity, ap_int<4>, ap_uint<4>, ap_uint<16>, PassThroughActivation<ap_int<16> >, ap_resource_dsp>(hls::stream<ap_uint<4>, 0>&, hls::stream<ap_uint<16>, 0>&, hls::stream<ap_uint<((1u) * (1u)) * (ap_int<4>::width)>, 0>&, PassThroughActivation<ap_int<16> > const&, int, ap_resource_dsp const&)' (/home/miguel_tfg/FINN-v0.9-Stable/deps/finn-hlslib/mvau.hpp:285:21)
INFO: [HLS 214-131] Inlining function 'std::array<ap_int<4>, 1ul> const& Identity::operator()<std::array<ap_int<4>, 1ul> >(std::array<ap_int<4>, 1ul> const&) const' into 'void Matrix_Vector_Activate_Stream_Batch<128u, 14u, 1u, 1u, Slice<ap_uint<4>, 4u>, Slice<ap_int<16>, 16u>, Identity, ap_int<4>, ap_uint<4>, ap_uint<16>, PassThroughActivation<ap_int<16> >, ap_resource_dsp>(hls::stream<ap_uint<4>, 0>&, hls::stream<ap_uint<16>, 0>&, hls::stream<ap_uint<((1u) * (1u)) * (ap_int<4>::width)>, 0>&, PassThroughActivation<ap_int<16> > const&, int, ap_resource_dsp const&)' (/home/miguel_tfg/FINN-v0.9-Stable/deps/finn-hlslib/mvau.hpp:283:24)
INFO: [HLS 214-131] Inlining function 'Weights_Tile<1u, ap_int<4>, 1u>::operator[](unsigned int) const' into 'void Matrix_Vector_Activate_Stream_Batch<128u, 14u, 1u, 1u, Slice<ap_uint<4>, 4u>, Slice<ap_int<16>, 16u>, Identity, ap_int<4>, ap_uint<4>, ap_uint<16>, PassThroughActivation<ap_int<16> >, ap_resource_dsp>(hls::stream<ap_uint<4>, 0>&, hls::stream<ap_uint<16>, 0>&, hls::stream<ap_uint<((1u) * (1u)) * (ap_int<4>::width)>, 0>&, PassThroughActivation<ap_int<16> > const&, int, ap_resource_dsp const&)' (/home/miguel_tfg/FINN-v0.9-Stable/deps/finn-hlslib/mvau.hpp:283:35)
INFO: [HLS 214-131] Inlining function 'Slice<ap_uint<4>, 4u>::Container<ap_uint<4> > Slice<ap_uint<4>, 4u>::operator()<ap_uint<4> >(ap_uint<4> const&, unsigned int) const' into 'void Matrix_Vector_Activate_Stream_Batch<128u, 14u, 1u, 1u, Slice<ap_uint<4>, 4u>, Slice<ap_int<16>, 16u>, Identity, ap_int<4>, ap_uint<4>, ap_uint<16>, PassThroughActivation<ap_int<16> >, ap_resource_dsp>(hls::stream<ap_uint<4>, 0>&, hls::stream<ap_uint<16>, 0>&, hls::stream<ap_uint<((1u) * (1u)) * (ap_int<4>::width)>, 0>&, PassThroughActivation<ap_int<16> > const&, int, ap_resource_dsp const&)' (/home/miguel_tfg/FINN-v0.9-Stable/deps/finn-hlslib/mvau.hpp:282:19)
INFO: [HLS 214-131] Inlining function 'Activation<ap_int<16>, ap_int<16> >::init(unsigned int, unsigned int) const' into 'void Matrix_Vector_Activate_Stream_Batch<128u, 14u, 1u, 1u, Slice<ap_uint<4>, 4u>, Slice<ap_int<16>, 16u>, Identity, ap_int<4>, ap_uint<4>, ap_uint<16>, PassThroughActivation<ap_int<16> >, ap_resource_dsp>(hls::stream<ap_uint<4>, 0>&, hls::stream<ap_uint<16>, 0>&, hls::stream<ap_uint<((1u) * (1u)) * (ap_int<4>::width)>, 0>&, PassThroughActivation<ap_int<16> > const&, int, ap_resource_dsp const&)' (/home/miguel_tfg/FINN-v0.9-Stable/deps/finn-hlslib/mvau.hpp:275:27)
WARNING: [HLS 214-191] The stream pragma on function argument, in 'call' is unsupported (/home/miguel_tfg/FINN-v0.9-Stable/notebooks/UAH_example/FINN_build/code_gen_ipgen_MatrixVectorActivation_4_2ay3ojwy/top_MatrixVectorActivation_4.cpp:34:9)
INFO: [HLS 214-377] Adding 'w' into disaggregation list because there's array-partition pragma applied on the struct field (/home/miguel_tfg/FINN-v0.9-Stable/deps/finn-hlslib/mvau.hpp:238:9)
INFO: [HLS 214-210] Disaggregating variable 'w' (/home/miguel_tfg/FINN-v0.9-Stable/deps/finn-hlslib/mvau.hpp:237:30)
Resolution: For help on HLS 214-210 see www.xilinx.com/cgi-bin/docs/rdoc?v=2022.2;t=hls+guidance;d=214-210.html
INFO: [HLS 214-291] Loop 'VITIS_LOOP_266_2' is marked as complete unroll implied by the pipeline pragma (/home/miguel_tfg/FINN-v0.9-Stable/deps/finn-hlslib/mvau.hpp:266:23)
INFO: [HLS 214-291] Loop 'VITIS_LOOP_273_3' is marked as complete unroll implied by the pipeline pragma (/home/miguel_tfg/FINN-v0.9-Stable/deps/finn-hlslib/mvau.hpp:273:25)
INFO: [HLS 214-291] Loop 'VITIS_LOOP_280_4' is marked as complete unroll implied by the pipeline pragma (/home/miguel_tfg/FINN-v0.9-Stable/deps/finn-hlslib/mvau.hpp:280:23)
INFO: [HLS 214-291] Loop 'VITIS_LOOP_159_1' is marked as complete unroll implied by the pipeline pragma (/home/miguel_tfg/FINN-v0.9-Stable/deps/finn-hlslib/weights.hpp:159:23)
INFO: [HLS 214-291] Loop 'VITIS_LOOP_167_1' is marked as complete unroll implied by the pipeline pragma (/home/miguel_tfg/FINN-v0.9-Stable/deps/finn-hlslib/mac.hpp:167:21)
INFO: [HLS 214-291] Loop 'VITIS_LOOP_293_5' is marked as complete unroll implied by the pipeline pragma (/home/miguel_tfg/FINN-v0.9-Stable/deps/finn-hlslib/mvau.hpp:293:25)
INFO: [HLS 214-186] Unrolling loop 'VITIS_LOOP_266_2' (/home/miguel_tfg/FINN-v0.9-Stable/deps/finn-hlslib/mvau.hpp:266:23) in function 'Matrix_Vector_Activate_Stream_Batch<128u, 14u, 1u, 1u, Slice<ap_uint<4>, 4u>, Slice<ap_int<16>, 16u>, Identity, ap_int<4>, ap_uint<4>, ap_uint<16>, PassThroughActivation<ap_int<16> >, ap_resource_dsp>' completely with a factor of 1 (/home/miguel_tfg/FINN-v0.9-Stable/deps/finn-hlslib/mvau.hpp:220:0)
INFO: [HLS 214-186] Unrolling loop 'VITIS_LOOP_273_3' (/home/miguel_tfg/FINN-v0.9-Stable/deps/finn-hlslib/mvau.hpp:273:25) in function 'Matrix_Vector_Activate_Stream_Batch<128u, 14u, 1u, 1u, Slice<ap_uint<4>, 4u>, Slice<ap_int<16>, 16u>, Identity, ap_int<4>, ap_uint<4>, ap_uint<16>, PassThroughActivation<ap_int<16> >, ap_resource_dsp>' completely with a factor of 1 (/home/miguel_tfg/FINN-v0.9-Stable/deps/finn-hlslib/mvau.hpp:220:0)
INFO: [HLS 214-186] Unrolling loop 'VITIS_LOOP_280_4' (/home/miguel_tfg/FINN-v0.9-Stable/deps/finn-hlslib/mvau.hpp:280:23) in function 'Matrix_Vector_Activate_Stream_Batch<128u, 14u, 1u, 1u, Slice<ap_uint<4>, 4u>, Slice<ap_int<16>, 16u>, Identity, ap_int<4>, ap_uint<4>, ap_uint<16>, PassThroughActivation<ap_int<16> >, ap_resource_dsp>' completely with a factor of 1 (/home/miguel_tfg/FINN-v0.9-Stable/deps/finn-hlslib/mvau.hpp:220:0)
INFO: [HLS 214-186] Unrolling loop 'VITIS_LOOP_167_1' (/home/miguel_tfg/FINN-v0.9-Stable/deps/finn-hlslib/mac.hpp:167:21) in function 'Matrix_Vector_Activate_Stream_Batch<128u, 14u, 1u, 1u, Slice<ap_uint<4>, 4u>, Slice<ap_int<16>, 16u>, Identity, ap_int<4>, ap_uint<4>, ap_uint<16>, PassThroughActivation<ap_int<16> >, ap_resource_dsp>' completely with a factor of 1 (/home/miguel_tfg/FINN-v0.9-Stable/deps/finn-hlslib/mvau.hpp:220:0)
INFO: [HLS 214-186] Unrolling loop 'VITIS_LOOP_159_1' (/home/miguel_tfg/FINN-v0.9-Stable/deps/finn-hlslib/weights.hpp:159:23) in function 'Matrix_Vector_Activate_Stream_Batch<128u, 14u, 1u, 1u, Slice<ap_uint<4>, 4u>, Slice<ap_int<16>, 16u>, Identity, ap_int<4>, ap_uint<4>, ap_uint<16>, PassThroughActivation<ap_int<16> >, ap_resource_dsp>' completely with a factor of 1 (/home/miguel_tfg/FINN-v0.9-Stable/deps/finn-hlslib/mvau.hpp:220:0)
INFO: [HLS 214-186] Unrolling loop 'VITIS_LOOP_293_5' (/home/miguel_tfg/FINN-v0.9-Stable/deps/finn-hlslib/mvau.hpp:293:25) in function 'Matrix_Vector_Activate_Stream_Batch<128u, 14u, 1u, 1u, Slice<ap_uint<4>, 4u>, Slice<ap_int<16>, 16u>, Identity, ap_int<4>, ap_uint<4>, ap_uint<16>, PassThroughActivation<ap_int<16> >, ap_resource_dsp>' completely with a factor of 1 (/home/miguel_tfg/FINN-v0.9-Stable/deps/finn-hlslib/mvau.hpp:220:0)
INFO: [HLS 214-178] Inlining function 'std::__array_traits<ap_int<4>, 1ul>::_S_ref(ap_int<4> const (&) [1], unsigned long)' into 'std::array<ap_int<4>, 1ul>::operator[](unsigned long)' (/tools/Xilinx/Vitis_HLS/2022.2/tps/lnx64/gcc-8.3.0/lib/gcc/x86_64-pc-linux-gnu/8.3.0/../../../../include/c++/8.3.0/array:186:0)
INFO: [HLS 214-178] Inlining function 'std::__array_traits<ap_int<4>, 1ul>::_S_ref(ap_int<4> const (&) [1], unsigned long)' into 'std::array<ap_int<4>, 1ul>::operator[](unsigned long) const' (/tools/Xilinx/Vitis_HLS/2022.2/tps/lnx64/gcc-8.3.0/lib/gcc/x86_64-pc-linux-gnu/8.3.0/../../../../include/c++/8.3.0/array:190:0)
INFO: [HLS 214-178] Inlining function 'std::array<ap_int<4>, 1ul>::operator[](unsigned long)' into 'void Matrix_Vector_Activate_Stream_Batch<128u, 14u, 1u, 1u, Slice<ap_uint<4>, 4u>, Slice<ap_int<16>, 16u>, Identity, ap_int<4>, ap_uint<4>, ap_uint<16>, PassThroughActivation<ap_int<16> >, ap_resource_dsp>(hls::stream<ap_uint<4>, 0>&, hls::stream<ap_uint<16>, 0>&, hls::stream<ap_uint<((1u) * (1u)) * (ap_int<4>::width)>, 0>&, PassThroughActivation<ap_int<16> > const&, int, ap_resource_dsp const&)' (/home/miguel_tfg/FINN-v0.9-Stable/deps/finn-hlslib/mvau.hpp:220:0)
INFO: [HLS 214-178] Inlining function 'std::array<ap_int<4>, 1ul>::operator[](unsigned long) const' into 'void Matrix_Vector_Activate_Stream_Batch<128u, 14u, 1u, 1u, Slice<ap_uint<4>, 4u>, Slice<ap_int<16>, 16u>, Identity, ap_int<4>, ap_uint<4>, ap_uint<16>, PassThroughActivation<ap_int<16> >, ap_resource_dsp>(hls::stream<ap_uint<4>, 0>&, hls::stream<ap_uint<16>, 0>&, hls::stream<ap_uint<((1u) * (1u)) * (ap_int<4>::width)>, 0>&, PassThroughActivation<ap_int<16> > const&, int, ap_resource_dsp const&)' (/home/miguel_tfg/FINN-v0.9-Stable/deps/finn-hlslib/mvau.hpp:220:0)
INFO: [HLS 214-178] Inlining function 'ap_uint<4> Caster<ap_uint<4> >::cast<4>(ap_int<4> const&)' into 'void Matrix_Vector_Activate_Stream_Batch<128u, 14u, 1u, 1u, Slice<ap_uint<4>, 4u>, Slice<ap_int<16>, 16u>, Identity, ap_int<4>, ap_uint<4>, ap_uint<16>, PassThroughActivation<ap_int<16> >, ap_resource_dsp>(hls::stream<ap_uint<4>, 0>&, hls::stream<ap_uint<16>, 0>&, hls::stream<ap_uint<((1u) * (1u)) * (ap_int<4>::width)>, 0>&, PassThroughActivation<ap_int<16> > const&, int, ap_resource_dsp const&)' (/home/miguel_tfg/FINN-v0.9-Stable/deps/finn-hlslib/mvau.hpp:220:0)
INFO: [HLS 214-178] Inlining function 'void Matrix_Vector_Activate_Stream_Batch<128u, 14u, 1u, 1u, Slice<ap_uint<4>, 4u>, Slice<ap_int<16>, 16u>, Identity, ap_int<4>, ap_uint<4>, ap_uint<16>, PassThroughActivation<ap_int<16> >, ap_resource_dsp>(hls::stream<ap_uint<4>, 0>&, hls::stream<ap_uint<16>, 0>&, hls::stream<ap_uint<((1u) * (1u)) * (ap_int<4>::width)>, 0>&, PassThroughActivation<ap_int<16> > const&, int, ap_resource_dsp const&)' into 'MatrixVectorActivation_4(hls::stream<ap_uint<4>, 0>&, hls::stream<ap_uint<4>, 0>&, hls::stream<ap_uint<16>, 0>&)' (/home/miguel_tfg/FINN-v0.9-Stable/notebooks/UAH_example/FINN_build/code_gen_ipgen_MatrixVectorActivation_4_2ay3ojwy/top_MatrixVectorActivation_4.cpp:29:0)
INFO: [HLS 214-248] Applying array_partition to 'inputBuf.i': Complete partitioning on dimension 1. (/home/miguel_tfg/FINN-v0.9-Stable/deps/finn-hlslib/mvau.hpp:231:6)
INFO: [HLS 200-111] Finished Compiling Optimization and Transform: CPU user time: 2.38 seconds. CPU system time: 0.34 seconds. Elapsed time: 2.72 seconds; current allocated memory: 1.478 GB.
INFO: [HLS 200-111] Finished Checking Pragmas: CPU user time: 0 seconds. CPU system time: 0 seconds. Elapsed time: 0 seconds; current allocated memory: 1.478 GB.
INFO: [HLS 200-10] Starting code transformations ...
INFO: [HLS 200-111] Finished Standard Transforms: CPU user time: 0.05 seconds. CPU system time: 0 seconds. Elapsed time: 0.05 seconds; current allocated memory: 1.486 GB.
INFO: [HLS 200-10] Checking synthesizability ...
INFO: [HLS 200-111] Finished Checking Synthesizability: CPU user time: 0.07 seconds. CPU system time: 0.01 seconds. Elapsed time: 0.07 seconds; current allocated memory: 1.495 GB.
INFO: [HLS 200-111] Finished Loop, function and other optimizations: CPU user time: 0.33 seconds. CPU system time: 0.01 seconds. Elapsed time: 0.34 seconds; current allocated memory: 1.527 GB.
INFO: [HLS 200-111] Finished Architecture Synthesis: CPU user time: 0.25 seconds. CPU system time: 0 seconds. Elapsed time: 0.25 seconds; current allocated memory: 1.530 GB.
INFO: [HLS 200-10] Starting hardware synthesis ...
INFO: [HLS 200-10] Synthesizing 'MatrixVectorActivation_4' ...
INFO: [HLS 200-10] ----------------------------------------------------------------
INFO: [HLS 200-42] -- Implementing module 'MatrixVectorActivation_4' 
INFO: [HLS 200-10] ----------------------------------------------------------------
INFO: [SCHED 204-11] Starting scheduling ...
INFO: [HLS 200-486] Changing DSP latency (root=ret_V) to 3 in order to utilize available DSP registers.
INFO: [SCHED 204-61] Pipelining loop 'VITIS_LOOP_249_1'.
INFO: [HLS 200-1470] Pipelining result : Target II = 1, Final II = 1, Depth = 6, loop 'VITIS_LOOP_249_1'
WARNING: [HLS 200-871] Estimated clock period (7.591ns) exceeds the target (target clock period: 10ns, clock uncertainty: 2.7ns, effective delay budget: 7.3ns).
Resolution: For help on HLS 200-871 see www.xilinx.com/cgi-bin/docs/rdoc?v=2022.2;t=hls+guidance;d=200-871.html
WARNING: [HLS 200-1016] The critical path in module 'MatrixVectorActivation_4' consists of the following:	'alloca' operation ('nf') [135]  (0 ns)
	'load' operation ('nf', /home/miguel_tfg/FINN-v0.9-Stable/deps/finn-hlslib/mvau.hpp:302) on local variable 'nf' [151]  (0 ns)
	'add' operation ('nf', /home/miguel_tfg/FINN-v0.9-Stable/deps/finn-hlslib/mvau.hpp:302) [707]  (2.55 ns)
	'icmp' operation ('icmp_ln302', /home/miguel_tfg/FINN-v0.9-Stable/deps/finn-hlslib/mvau.hpp:302) [708]  (2.47 ns)
	'select' operation ('nf', /home/miguel_tfg/FINN-v0.9-Stable/deps/finn-hlslib/mvau.hpp:302) [709]  (0.698 ns)
	'store' operation ('nf_write_ln306', /home/miguel_tfg/FINN-v0.9-Stable/deps/finn-hlslib/mvau.hpp:306) of variable 'nf', /home/miguel_tfg/FINN-v0.9-Stable/deps/finn-hlslib/mvau.hpp:302 on local variable 'nf' [710]  (1.59 ns)
	blocking operation 0.28 ns on control path)

Resolution: For help on HLS 200-1016 see www.xilinx.com/cgi-bin/docs/rdoc?v=2022.2;t=hls+guidance;d=200-1016.html
INFO: [SCHED 204-11] Finished scheduling.
INFO: [HLS 200-111] Finished Scheduling: CPU user time: 0.15 seconds. CPU system time: 0.01 seconds. Elapsed time: 0.17 seconds; current allocated memory: 1.539 GB.
INFO: [BIND 205-100] Starting micro-architecture generation ...
INFO: [BIND 205-101] Performing variable lifetime analysis.
INFO: [BIND 205-101] Exploring resource sharing.
INFO: [BIND 205-101] Binding ...
INFO: [BIND 205-100] Finished micro-architecture generation.
INFO: [HLS 200-111] Finished Binding: CPU user time: 0.08 seconds. CPU system time: 0 seconds. Elapsed time: 0.08 seconds; current allocated memory: 1.539 GB.
INFO: [HLS 200-10] ----------------------------------------------------------------
INFO: [HLS 200-10] -- Generating RTL for module 'MatrixVectorActivation_4' 
INFO: [HLS 200-10] ----------------------------------------------------------------
WARNING: [RTGEN 206-101] Design contains AXI ports. Reset is fixed to synchronous and active low.
INFO: [RTGEN 206-500] Setting interface mode on port 'MatrixVectorActivation_4/in0_V' to 'axis' (register, both mode).
INFO: [RTGEN 206-500] Setting interface mode on port 'MatrixVectorActivation_4/weights_V' to 'axis' (register, both mode).
INFO: [RTGEN 206-500] Setting interface mode on port 'MatrixVectorActivation_4/out_V' to 'axis' (register, both mode).
INFO: [RTGEN 206-500] Setting interface mode on function 'MatrixVectorActivation_4' to 'ap_ctrl_none'.
INFO: [RTGEN 206-100] Generating core module 'mac_muladd_4ns_4s_16s_16_4_1': 1 instance(s).
INFO: [RTGEN 206-100] Generating core module 'mux_1287_4_1_1': 1 instance(s).
INFO: [RTGEN 206-100] Finished creating RTL model for 'MatrixVectorActivation_4'.
INFO: [HLS 200-111] Finished Creating RTL model: CPU user time: 0.08 seconds. CPU system time: 0 seconds. Elapsed time: 0.09 seconds; current allocated memory: 1.554 GB.
INFO: [HLS 200-111] Finished Generating all RTL models: CPU user time: 0.31 seconds. CPU system time: 0.02 seconds. Elapsed time: 0.33 seconds; current allocated memory: 1.558 GB.
INFO: [HLS 200-111] Finished Updating report files: CPU user time: 0.19 seconds. CPU system time: 0.01 seconds. Elapsed time: 0.19 seconds; current allocated memory: 1.561 GB.
INFO: [VHDL 208-304] Generating VHDL RTL for MatrixVectorActivation_4.
INFO: [VLOG 209-307] Generating Verilog RTL for MatrixVectorActivation_4.
INFO: [HLS 200-790] **** Loop Constraint Status: All loop constraints were satisfied.
INFO: [HLS 200-789] **** Estimated Fmax: 131.73 MHz
INFO: [HLS 200-111] Finished Command csynth_design CPU user time: 7.88 seconds. CPU system time: 0.83 seconds. Elapsed time: 8.72 seconds; current allocated memory: 93.367 MB.
INFO: [HLS 200-1510] Running: export_design -format ip_catalog 
INFO: [IMPL 213-8] Exporting RTL as a Vivado IP.

****** Vivado v2022.2.2 (64-bit)
  **** SW Build 3788238 on Tue Feb 21 19:59:23 MST 2023
  **** IP Build 3783773 on Tue Feb 21 23:41:56 MST 2023
    ** Copyright 1986-2023 Xilinx, Inc. All Rights Reserved.

source run_ippack.tcl -notrace
CRITICAL WARNING: [Board 49-4] Problem parsing board_part file - /tools/Xilinx/Vivado/2022.2/data/boards/board_files/TE0727_10_1C/1.0/board.xml
Resolution: Check that the file is valid using an XML validation tool such as xmllint.
CRITICAL WARNING: [Board 49-4] Problem parsing board_part file - /tools/Xilinx/Vivado/2022.2/data/xhub/boards/XilinxBoardStore/boards/Xilinx/TE0727_10_1C/1.0/board.xml
Resolution: Check that the file is valid using an XML validation tool such as xmllint.
INFO: [IP_Flow 19-234] Refreshing IP repositories
INFO: [IP_Flow 19-1704] No user IP repositories specified
INFO: [IP_Flow 19-2313] Loaded Vivado IP repository '/tools/Xilinx/Vivado/2022.2/data/ip'.
INFO: [Common 17-206] Exiting Vivado at Fri Jun 12 09:15:44 2026...
INFO: [HLS 200-802] Generated output file project_MatrixVectorActivation_4/sol1/impl/export.zip
INFO: [HLS 200-111] Finished Command export_design CPU user time: 7.76 seconds. CPU system time: 0.74 seconds. Elapsed time: 8.86 seconds; current allocated memory: 6.465 MB.
INFO: [HLS 200-112] Total CPU user time: 17.61 seconds. Total CPU system time: 2.13 seconds. Total elapsed time: 29.98 seconds; peak allocated memory: 1.567 GB.
INFO: [Common 17-206] Exiting vitis_hls at Fri Jun 12 09:15:45 2026...
