

================================================================
== Synthesis Summary Report of 'MatrixVectorActivation_3'
================================================================
+ General Information: 
    * Date:           Tue Jun 16 08:30:32 2026
    * Version:        2022.2.2 (Build 3779808 on Feb 17 2023)
    * Project:        project_MatrixVectorActivation_3
    * Solution:       sol1 (Vivado IP Flow Target)
    * Product family: zynq
    * Target device:  xc7z020-clg400-1
    

+ Performance & Resource Estimates: 
    
    PS: '+' for module; 'o' for loop; '*' for dataflow
    +----------------------------------------+--------+-------+---------+---------+----------+---------+------+----------+------+--------+-----------+------------+-----+
    |                 Modules                |  Issue |       | Latency | Latency | Iteration|         | Trip |          |      |        |           |            |     |
    |                 & Loops                |  Type  | Slack | (cycles)|   (ns)  |  Latency | Interval| Count| Pipelined| BRAM |   DSP  |     FF    |     LUT    | URAM|
    +----------------------------------------+--------+-------+---------+---------+----------+---------+------+----------+------+--------+-----------+------------+-----+
    |+ MatrixVectorActivation_3              |  Timing|  -0.29|       17|  170.000|         -|       18|     -|        no|     -|  5 (2%)|  611 (~0%)|  6179 (11%)|    -|
    | + Matrix_Vector_Activate_Stream_Batch  |  Timing|  -0.29|       14|  140.000|         -|       14|     -|        no|     -|  5 (2%)|  606 (~0%)|  6134 (11%)|    -|
    |  o VITIS_LOOP_249_1                    |       -|   7.30|       12|  120.000|        10|        1|     4|  yes(flp)|     -|       -|          -|           -|    -|
    +----------------------------------------+--------+-------+---------+---------+----------+---------+------+----------+------+--------+-----------+------------+-----+


================================================================
== HW Interfaces
================================================================
* AXIS
+-----------+---------------+-------+--------+--------+
| Interface | Register Mode | TDATA | TREADY | TVALID |
+-----------+---------------+-------+--------+--------+
| in0_V     | both          | 32    | 1      | 1      |
| out_V     | both          | 8     | 1      | 1      |
| weights_V | both          | 32    | 1      | 1      |
+-----------+---------------+-------+--------+--------+

* TOP LEVEL CONTROL
+-----------+--------------+----------+
| Interface | Type         | Ports    |
+-----------+--------------+----------+
| ap_clk    | clock        | ap_clk   |
| ap_rst_n  | reset        | ap_rst_n |
| ap_ctrl   | ap_ctrl_none |          |
+-----------+--------------+----------+


================================================================
== SW I/O Information
================================================================
* Top Function Arguments
+----------+-----------+-------------------------+
| Argument | Direction | Datatype                |
+----------+-----------+-------------------------+
| in0      | in        | stream<ap_uint<32>, 0>& |
| weights  | in        | stream<ap_uint<32>, 0>& |
| out      | out       | stream<ap_uint<8>, 0>&  |
+----------+-----------+-------------------------+

* SW-to-HW Mapping
+----------+--------------+-----------+
| Argument | HW Interface | HW Type   |
+----------+--------------+-----------+
| in0      | in0_V        | interface |
| weights  | weights_V    | interface |
| out      | out_V        | interface |
+----------+--------------+-----------+


================================================================
== Bind Op Report
================================================================
+----------------------------------------+-----+--------+---------------+-----+--------+---------+
| Name                                   | DSP | Pragma | Variable      | Op  | Impl   | Latency |
+----------------------------------------+-----+--------+---------------+-----+--------+---------+
| + MatrixVectorActivation_3             | 5   |        |               |     |        |         |
|  + Matrix_Vector_Activate_Stream_Batch | 5   |        |               |     |        |         |
|    i_2_fu_533_p2                       | -   |        | i_2           | add | fabric | 0       |
|    mac_muladd_4ns_4s_8s_9_4_1_U5       | 1   |        | ret_V         | mul | dsp48  | 3       |
|    mul_4ns_4s_8_1_1_U2                 | -   |        | ret_V_1       | mul | auto   | 0       |
|    mac_muladd_4ns_4s_9s_10_4_1_U8      | 1   |        | ret_V_2       | mul | dsp48  | 3       |
|    mul_4ns_4s_8_1_1_U3                 | -   |        | ret_V_3       | mul | auto   | 0       |
|    mac_muladd_4ns_4s_8s_9_4_1_U6       | 1   |        | ret_V_4       | mul | dsp48  | 3       |
|    mac_muladd_4ns_4s_12s_12_4_1_U9     | 1   |        | ret_V_5       | mul | dsp48  | 3       |
|    mul_4ns_4s_8_1_1_U4                 | -   |        | ret_V_6       | mul | auto   | 0       |
|    mac_muladd_4ns_4s_8s_9_4_1_U7       | 1   |        | ret_V_7       | mul | dsp48  | 3       |
|    mac_muladd_4ns_4s_12s_12_4_1_U9     | 1   |        | add_ln840     | add | dsp48  | 3       |
|    mac_muladd_4ns_4s_8s_9_4_1_U6       | 1   |        | add_ln840_1   | add | dsp48  | 3       |
|    mac_muladd_4ns_4s_8s_9_4_1_U5       | 1   |        | add_ln840_3   | add | dsp48  | 3       |
|    mac_muladd_4ns_4s_8s_9_4_1_U7       | 1   |        | add_ln840_4   | add | dsp48  | 3       |
|    mac_muladd_4ns_4s_9s_10_4_1_U8      | 1   |        | add_ln840_5   | add | dsp48  | 3       |
|    add_ln840_6_fu_911_p2               | -   |        | add_ln840_6   | add | fabric | 0       |
|    sf_1_fu_681_p2                      | -   |        | sf_1          | add | fabric | 0       |
|    add_ln840_8_fu_5608_p2              | -   |        | add_ln840_8   | add | fabric | 0       |
|    add_ln840_9_fu_5618_p2              | -   |        | add_ln840_9   | add | fabric | 0       |
|    add_ln840_10_fu_5648_p2             | -   |        | add_ln840_10  | add | fabric | 0       |
|    add_ln840_12_fu_4029_p2             | -   |        | add_ln840_12  | add | fabric | 0       |
|    add_ln840_13_fu_4039_p2             | -   |        | add_ln840_13  | add | fabric | 0       |
|    add_ln840_14_fu_4049_p2             | -   |        | add_ln840_14  | add | fabric | 0       |
|    add_ln840_15_fu_5691_p2             | -   |        | add_ln840_15  | add | fabric | 0       |
|    add_ln840_16_fu_5701_p2             | -   |        | add_ln840_16  | add | fabric | 0       |
|    add_ln840_18_fu_5717_p2             | -   |        | add_ln840_18  | add | fabric | 0       |
|    add_ln840_19_fu_5727_p2             | -   |        | add_ln840_19  | add | fabric | 0       |
|    add_ln840_20_fu_5737_p2             | -   |        | add_ln840_20  | add | fabric | 0       |
|    add_ln840_21_fu_5747_p2             | -   |        | add_ln840_21  | add | fabric | 0       |
|    add_ln840_22_fu_5769_p2             | -   |        | add_ln840_22  | add | fabric | 0       |
|    add_ln840_23_fu_5779_p2             | -   |        | add_ln840_23  | add | fabric | 0       |
|    add_ln840_24_fu_5801_p2             | -   |        | add_ln840_24  | add | fabric | 0       |
|    add_ln840_25_fu_5811_p2             | -   |        | add_ln840_25  | add | fabric | 0       |
|    add_ln840_26_fu_5821_p2             | -   |        | add_ln840_26  | add | fabric | 0       |
|    add_ln840_27_fu_5831_p2             | -   |        | add_ln840_27  | add | fabric | 0       |
|    add_ln840_28_fu_5841_p2             | -   |        | add_ln840_28  | add | fabric | 0       |
|    add_ln840_29_fu_5851_p2             | -   |        | add_ln840_29  | add | fabric | 0       |
|    add_ln840_30_fu_5861_p2             | -   |        | add_ln840_30  | add | fabric | 0       |
|    add_ln840_32_fu_4055_p2             | -   |        | add_ln840_32  | add | fabric | 0       |
|    add_ln840_33_fu_5882_p2             | -   |        | add_ln840_33  | add | fabric | 0       |
|    add_ln840_34_fu_4061_p2             | -   |        | add_ln840_34  | add | fabric | 0       |
|    add_ln840_35_fu_4071_p2             | -   |        | add_ln840_35  | add | fabric | 0       |
|    add_ln840_36_fu_4081_p2             | -   |        | add_ln840_36  | add | fabric | 0       |
|    add_ln840_37_fu_5895_p2             | -   |        | add_ln840_37  | add | fabric | 0       |
|    add_ln840_38_fu_5929_p2             | -   |        | add_ln840_38  | add | fabric | 0       |
|    add_ln840_39_fu_4087_p2             | -   |        | add_ln840_39  | add | fabric | 0       |
|    add_ln840_40_fu_4097_p2             | -   |        | add_ln840_40  | add | fabric | 0       |
|    add_ln840_41_fu_4107_p2             | -   |        | add_ln840_41  | add | fabric | 0       |
|    add_ln840_42_fu_5942_p2             | -   |        | add_ln840_42  | add | fabric | 0       |
|    add_ln840_43_fu_5952_p2             | -   |        | add_ln840_43  | add | fabric | 0       |
|    add_ln840_44_fu_4113_p2             | -   |        | add_ln840_44  | add | fabric | 0       |
|    add_ln840_45_fu_5977_p2             | -   |        | add_ln840_45  | add | fabric | 0       |
|    add_ln840_46_fu_4119_p2             | -   |        | add_ln840_46  | add | fabric | 0       |
|    add_ln840_47_fu_4129_p2             | -   |        | add_ln840_47  | add | fabric | 0       |
|    add_ln840_48_fu_4139_p2             | -   |        | add_ln840_48  | add | fabric | 0       |
|    add_ln840_49_fu_5990_p2             | -   |        | add_ln840_49  | add | fabric | 0       |
|    add_ln840_50_fu_4145_p2             | -   |        | add_ln840_50  | add | fabric | 0       |
|    add_ln840_51_fu_6015_p2             | -   |        | add_ln840_51  | add | fabric | 0       |
|    add_ln840_52_fu_4151_p2             | -   |        | add_ln840_52  | add | fabric | 0       |
|    add_ln840_53_fu_6040_p2             | -   |        | add_ln840_53  | add | fabric | 0       |
|    add_ln840_54_fu_6050_p2             | -   |        | add_ln840_54  | add | fabric | 0       |
|    add_ln840_55_fu_6060_p2             | -   |        | add_ln840_55  | add | fabric | 0       |
|    add_ln840_56_fu_6070_p2             | -   |        | add_ln840_56  | add | fabric | 0       |
|    add_ln840_58_fu_4157_p2             | -   |        | add_ln840_58  | add | fabric | 0       |
|    add_ln840_59_fu_4167_p2             | -   |        | add_ln840_59  | add | fabric | 0       |
|    add_ln840_60_fu_4177_p2             | -   |        | add_ln840_60  | add | fabric | 0       |
|    add_ln840_61_fu_4207_p2             | -   |        | add_ln840_61  | add | fabric | 0       |
|    add_ln840_62_fu_6082_p2             | -   |        | add_ln840_62  | add | fabric | 0       |
|    add_ln840_63_fu_4213_p2             | -   |        | add_ln840_63  | add | fabric | 0       |
|    add_ln840_64_fu_4223_p2             | -   |        | add_ln840_64  | add | fabric | 0       |
|    add_ln840_65_fu_4233_p2             | -   |        | add_ln840_65  | add | fabric | 0       |
|    add_ln840_66_fu_4263_p2             | -   |        | add_ln840_66  | add | fabric | 0       |
|    add_ln840_67_fu_6098_p2             | -   |        | add_ln840_67  | add | fabric | 0       |
|    add_ln840_68_fu_6108_p2             | -   |        | add_ln840_68  | add | fabric | 0       |
|    add_ln840_69_fu_4269_p2             | -   |        | add_ln840_69  | add | fabric | 0       |
|    add_ln840_70_fu_4279_p2             | -   |        | add_ln840_70  | add | fabric | 0       |
|    add_ln840_71_fu_4289_p2             | -   |        | add_ln840_71  | add | fabric | 0       |
|    add_ln840_72_fu_4295_p2             | -   |        | add_ln840_72  | add | fabric | 0       |
|    add_ln840_73_fu_4317_p2             | -   |        | add_ln840_73  | add | fabric | 0       |
|    add_ln840_74_fu_6124_p2             | -   |        | add_ln840_74  | add | fabric | 0       |
|    add_ln840_75_fu_4335_p2             | -   |        | add_ln840_75  | add | fabric | 0       |
|    add_ln840_76_fu_4345_p2             | -   |        | add_ln840_76  | add | fabric | 0       |
|    add_ln840_77_fu_4351_p2             | -   |        | add_ln840_77  | add | fabric | 0       |
|    add_ln840_78_fu_4361_p2             | -   |        | add_ln840_78  | add | fabric | 0       |
|    add_ln840_79_fu_4371_p2             | -   |        | add_ln840_79  | add | fabric | 0       |
|    add_ln840_80_fu_6140_p2             | -   |        | add_ln840_80  | add | fabric | 0       |
|    add_ln840_81_fu_6150_p2             | -   |        | add_ln840_81  | add | fabric | 0       |
|    add_ln840_82_fu_6160_p2             | -   |        | add_ln840_82  | add | fabric | 0       |
|    add_ln840_83_fu_4389_p2             | -   |        | add_ln840_83  | add | fabric | 0       |
|    add_ln840_84_fu_4399_p2             | -   |        | add_ln840_84  | add | fabric | 0       |
|    add_ln840_85_fu_4405_p2             | -   |        | add_ln840_85  | add | fabric | 0       |
|    add_ln840_86_fu_4415_p2             | -   |        | add_ln840_86  | add | fabric | 0       |
|    add_ln840_87_fu_4425_p2             | -   |        | add_ln840_87  | add | fabric | 0       |
|    add_ln840_88_fu_6176_p2             | -   |        | add_ln840_88  | add | fabric | 0       |
|    add_ln840_89_fu_4455_p2             | -   |        | add_ln840_89  | add | fabric | 0       |
|    add_ln840_90_fu_4461_p2             | -   |        | add_ln840_90  | add | fabric | 0       |
|    add_ln840_91_fu_4471_p2             | -   |        | add_ln840_91  | add | fabric | 0       |
|    add_ln840_92_fu_4481_p2             | -   |        | add_ln840_92  | add | fabric | 0       |
|    add_ln840_93_fu_6192_p2             | -   |        | add_ln840_93  | add | fabric | 0       |
|    add_ln840_94_fu_6202_p2             | -   |        | add_ln840_94  | add | fabric | 0       |
|    add_ln840_95_fu_4487_p2             | -   |        | add_ln840_95  | add | fabric | 0       |
|    add_ln840_96_fu_4509_p2             | -   |        | add_ln840_96  | add | fabric | 0       |
|    add_ln840_97_fu_4527_p2             | -   |        | add_ln840_97  | add | fabric | 0       |
|    add_ln840_98_fu_4537_p2             | -   |        | add_ln840_98  | add | fabric | 0       |
|    add_ln840_99_fu_6218_p2             | -   |        | add_ln840_99  | add | fabric | 0       |
|    add_ln840_100_fu_4543_p2            | -   |        | add_ln840_100 | add | fabric | 0       |
|    add_ln840_101_fu_4565_p2            | -   |        | add_ln840_101 | add | fabric | 0       |
|    add_ln840_102_fu_4583_p2            | -   |        | add_ln840_102 | add | fabric | 0       |
|    add_ln840_103_fu_4593_p2            | -   |        | add_ln840_103 | add | fabric | 0       |
|    add_ln840_104_fu_6234_p2            | -   |        | add_ln840_104 | add | fabric | 0       |
|    add_ln840_105_fu_6244_p2            | -   |        | add_ln840_105 | add | fabric | 0       |
|    add_ln840_106_fu_6254_p2            | -   |        | add_ln840_106 | add | fabric | 0       |
|    add_ln840_107_fu_6264_p2            | -   |        | add_ln840_107 | add | fabric | 0       |
|    add_ln840_109_fu_4599_p2            | -   |        | add_ln840_109 | add | fabric | 0       |
|    add_ln840_110_fu_4609_p2            | -   |        | add_ln840_110 | add | fabric | 0       |
|    add_ln840_111_fu_4619_p2            | -   |        | add_ln840_111 | add | fabric | 0       |
|    add_ln840_112_fu_4649_p2            | -   |        | add_ln840_112 | add | fabric | 0       |
|    add_ln840_113_fu_6276_p2            | -   |        | add_ln840_113 | add | fabric | 0       |
|    add_ln840_114_fu_4655_p2            | -   |        | add_ln840_114 | add | fabric | 0       |
|    add_ln840_115_fu_4665_p2            | -   |        | add_ln840_115 | add | fabric | 0       |
|    add_ln840_116_fu_4675_p2            | -   |        | add_ln840_116 | add | fabric | 0       |
|    add_ln840_117_fu_4705_p2            | -   |        | add_ln840_117 | add | fabric | 0       |
|    add_ln840_118_fu_6292_p2            | -   |        | add_ln840_118 | add | fabric | 0       |
|    add_ln840_119_fu_6302_p2            | -   |        | add_ln840_119 | add | fabric | 0       |
|    add_ln840_120_fu_4711_p2            | -   |        | add_ln840_120 | add | fabric | 0       |
|    add_ln840_121_fu_4721_p2            | -   |        | add_ln840_121 | add | fabric | 0       |
|    add_ln840_122_fu_4731_p2            | -   |        | add_ln840_122 | add | fabric | 0       |
|    add_ln840_123_fu_4737_p2            | -   |        | add_ln840_123 | add | fabric | 0       |
|    add_ln840_124_fu_4759_p2            | -   |        | add_ln840_124 | add | fabric | 0       |
|    add_ln840_125_fu_6318_p2            | -   |        | add_ln840_125 | add | fabric | 0       |
|    add_ln840_126_fu_4777_p2            | -   |        | add_ln840_126 | add | fabric | 0       |
|    add_ln840_127_fu_4787_p2            | -   |        | add_ln840_127 | add | fabric | 0       |
|    add_ln840_128_fu_4793_p2            | -   |        | add_ln840_128 | add | fabric | 0       |
|    add_ln840_129_fu_4803_p2            | -   |        | add_ln840_129 | add | fabric | 0       |
|    add_ln840_130_fu_4813_p2            | -   |        | add_ln840_130 | add | fabric | 0       |
|    add_ln840_131_fu_6334_p2            | -   |        | add_ln840_131 | add | fabric | 0       |
|    add_ln840_132_fu_6344_p2            | -   |        | add_ln840_132 | add | fabric | 0       |
|    add_ln840_133_fu_6354_p2            | -   |        | add_ln840_133 | add | fabric | 0       |
|    add_ln840_134_fu_4831_p2            | -   |        | add_ln840_134 | add | fabric | 0       |
|    add_ln840_135_fu_4841_p2            | -   |        | add_ln840_135 | add | fabric | 0       |
|    add_ln840_136_fu_4847_p2            | -   |        | add_ln840_136 | add | fabric | 0       |
|    add_ln840_137_fu_4857_p2            | -   |        | add_ln840_137 | add | fabric | 0       |
|    add_ln840_138_fu_4867_p2            | -   |        | add_ln840_138 | add | fabric | 0       |
|    add_ln840_139_fu_6370_p2            | -   |        | add_ln840_139 | add | fabric | 0       |
|    add_ln840_140_fu_4897_p2            | -   |        | add_ln840_140 | add | fabric | 0       |
|    add_ln840_141_fu_4903_p2            | -   |        | add_ln840_141 | add | fabric | 0       |
|    add_ln840_142_fu_4913_p2            | -   |        | add_ln840_142 | add | fabric | 0       |
|    add_ln840_143_fu_4923_p2            | -   |        | add_ln840_143 | add | fabric | 0       |
|    add_ln840_144_fu_6386_p2            | -   |        | add_ln840_144 | add | fabric | 0       |
|    add_ln840_145_fu_6396_p2            | -   |        | add_ln840_145 | add | fabric | 0       |
|    add_ln840_146_fu_4929_p2            | -   |        | add_ln840_146 | add | fabric | 0       |
|    add_ln840_147_fu_4951_p2            | -   |        | add_ln840_147 | add | fabric | 0       |
|    add_ln840_148_fu_4969_p2            | -   |        | add_ln840_148 | add | fabric | 0       |
|    add_ln840_149_fu_4979_p2            | -   |        | add_ln840_149 | add | fabric | 0       |
|    add_ln840_150_fu_6412_p2            | -   |        | add_ln840_150 | add | fabric | 0       |
|    add_ln840_151_fu_4985_p2            | -   |        | add_ln840_151 | add | fabric | 0       |
|    add_ln840_152_fu_5007_p2            | -   |        | add_ln840_152 | add | fabric | 0       |
|    add_ln840_153_fu_5025_p2            | -   |        | add_ln840_153 | add | fabric | 0       |
|    add_ln840_154_fu_5035_p2            | -   |        | add_ln840_154 | add | fabric | 0       |
|    add_ln840_155_fu_6428_p2            | -   |        | add_ln840_155 | add | fabric | 0       |
|    add_ln840_156_fu_6438_p2            | -   |        | add_ln840_156 | add | fabric | 0       |
|    add_ln840_157_fu_6448_p2            | -   |        | add_ln840_157 | add | fabric | 0       |
|    add_ln840_158_fu_6458_p2            | -   |        | add_ln840_158 | add | fabric | 0       |
|    add_ln840_159_fu_5041_p2            | -   |        | add_ln840_159 | add | fabric | 0       |
|    add_ln840_160_fu_5051_p2            | -   |        | add_ln840_160 | add | fabric | 0       |
|    add_ln840_161_fu_5061_p2            | -   |        | add_ln840_161 | add | fabric | 0       |
|    add_ln840_162_fu_5091_p2            | -   |        | add_ln840_162 | add | fabric | 0       |
|    add_ln840_163_fu_6470_p2            | -   |        | add_ln840_163 | add | fabric | 0       |
|    add_ln840_164_fu_5097_p2            | -   |        | add_ln840_164 | add | fabric | 0       |
|    add_ln840_165_fu_5107_p2            | -   |        | add_ln840_165 | add | fabric | 0       |
|    add_ln840_166_fu_5117_p2            | -   |        | add_ln840_166 | add | fabric | 0       |
|    add_ln840_167_fu_5123_p2            | -   |        | add_ln840_167 | add | fabric | 0       |
|    add_ln840_168_fu_5145_p2            | -   |        | add_ln840_168 | add | fabric | 0       |
|    add_ln840_169_fu_6486_p2            | -   |        | add_ln840_169 | add | fabric | 0       |
|    add_ln840_170_fu_6496_p2            | -   |        | add_ln840_170 | add | fabric | 0       |
|    add_ln840_171_fu_5151_p2            | -   |        | add_ln840_171 | add | fabric | 0       |
|    add_ln840_172_fu_5161_p2            | -   |        | add_ln840_172 | add | fabric | 0       |
|    add_ln840_173_fu_5171_p2            | -   |        | add_ln840_173 | add | fabric | 0       |
|    add_ln840_174_fu_5177_p2            | -   |        | add_ln840_174 | add | fabric | 0       |
|    add_ln840_175_fu_5199_p2            | -   |        | add_ln840_175 | add | fabric | 0       |
|    add_ln840_176_fu_6512_p2            | -   |        | add_ln840_176 | add | fabric | 0       |
|    add_ln840_177_fu_5217_p2            | -   |        | add_ln840_177 | add | fabric | 0       |
|    add_ln840_178_fu_5227_p2            | -   |        | add_ln840_178 | add | fabric | 0       |
|    add_ln840_179_fu_5233_p2            | -   |        | add_ln840_179 | add | fabric | 0       |
|    add_ln840_180_fu_5243_p2            | -   |        | add_ln840_180 | add | fabric | 0       |
|    add_ln840_181_fu_5253_p2            | -   |        | add_ln840_181 | add | fabric | 0       |
|    add_ln840_182_fu_6528_p2            | -   |        | add_ln840_182 | add | fabric | 0       |
|    add_ln840_183_fu_6538_p2            | -   |        | add_ln840_183 | add | fabric | 0       |
|    add_ln840_184_fu_6548_p2            | -   |        | add_ln840_184 | add | fabric | 0       |
|    add_ln840_185_fu_5271_p2            | -   |        | add_ln840_185 | add | fabric | 0       |
|    add_ln840_186_fu_5281_p2            | -   |        | add_ln840_186 | add | fabric | 0       |
|    add_ln840_187_fu_5287_p2            | -   |        | add_ln840_187 | add | fabric | 0       |
|    add_ln840_188_fu_5297_p2            | -   |        | add_ln840_188 | add | fabric | 0       |
|    add_ln840_189_fu_5307_p2            | -   |        | add_ln840_189 | add | fabric | 0       |
|    add_ln840_190_fu_6564_p2            | -   |        | add_ln840_190 | add | fabric | 0       |
|    add_ln840_191_fu_5337_p2            | -   |        | add_ln840_191 | add | fabric | 0       |
|    add_ln840_192_fu_5343_p2            | -   |        | add_ln840_192 | add | fabric | 0       |
|    add_ln840_193_fu_5353_p2            | -   |        | add_ln840_193 | add | fabric | 0       |
|    add_ln840_194_fu_5363_p2            | -   |        | add_ln840_194 | add | fabric | 0       |
|    add_ln840_195_fu_6580_p2            | -   |        | add_ln840_195 | add | fabric | 0       |
|    add_ln840_196_fu_6590_p2            | -   |        | add_ln840_196 | add | fabric | 0       |
|    add_ln840_197_fu_5369_p2            | -   |        | add_ln840_197 | add | fabric | 0       |
|    add_ln840_198_fu_5391_p2            | -   |        | add_ln840_198 | add | fabric | 0       |
|    add_ln840_199_fu_5409_p2            | -   |        | add_ln840_199 | add | fabric | 0       |
|    add_ln840_200_fu_5419_p2            | -   |        | add_ln840_200 | add | fabric | 0       |
|    add_ln840_201_fu_6606_p2            | -   |        | add_ln840_201 | add | fabric | 0       |
|    add_ln840_202_fu_5425_p2            | -   |        | add_ln840_202 | add | fabric | 0       |
|    add_ln840_203_fu_5447_p2            | -   |        | add_ln840_203 | add | fabric | 0       |
|    add_ln840_204_fu_5465_p2            | -   |        | add_ln840_204 | add | fabric | 0       |
|    add_ln840_205_fu_5475_p2            | -   |        | add_ln840_205 | add | fabric | 0       |
|    add_ln840_206_fu_6622_p2            | -   |        | add_ln840_206 | add | fabric | 0       |
|    add_ln840_207_fu_6632_p2            | -   |        | add_ln840_207 | add | fabric | 0       |
|    add_ln840_208_fu_6642_p2            | -   |        | add_ln840_208 | add | fabric | 0       |
|    add_ln840_209_fu_6652_p2            | -   |        | add_ln840_209 | add | fabric | 0       |
|    add_ln840_210_fu_6690_p2            | -   |        | add_ln840_210 | add | fabric | 0       |
|    nf_fu_702_p2                        | -   |        | nf            | add | fabric | 0       |
+----------------------------------------+-----+--------+---------------+-----+--------+---------+


================================================================
== Bind Storage Report
================================================================
  No bind storage info in design

================================================================
== Pragma Report
================================================================
* Pragmas with Warnings
+--------+--------------------------+--------------------------------------------------------------------------+------------------------------------------------------------------+
| Type   | Options                  | Location                                                                 | Messages                                                         |
+--------+--------------------------+--------------------------------------------------------------------------+------------------------------------------------------------------+
| stream | depth=8 variable=weights | top_MatrixVectorActivation_3.cpp:35 in matrixvectoractivation_3, weights | The stream pragma on function argument, in 'call' is unsupported |
+--------+--------------------------+--------------------------------------------------------------------------+------------------------------------------------------------------+

* Valid Pragma Syntax
+-----------------+---------------------------------------------------+-----------------------------------------------------------------------------------------------------------------------+
| Type            | Options                                           | Location                                                                                                              |
+-----------------+---------------------------------------------------+-----------------------------------------------------------------------------------------------------------------------+
| inline          |                                                   | ../../../../deps/finn-hlslib/activations.hpp:145 in init                                                              |
| inline          |                                                   | ../../../../deps/finn-hlslib/activations.hpp:163 in activate                                                          |
| inline          |                                                   | ../../../../deps/finn-hlslib/activations.hpp:180 in thresholdactivation<ta, compare>                                  |
| inline          |                                                   | ../../../../deps/finn-hlslib/activations.hpp:185 in activate                                                          |
| inline          |                                                   | ../../../../deps/finn-hlslib/activations.hpp:208 in init                                                              |
| inline          |                                                   | ../../../../deps/finn-hlslib/activations.hpp:214 in activate                                                          |
| unroll          |                                                   | ../../../../deps/finn-hlslib/activations.hpp:217 in activate                                                          |
| inline          |                                                   | ../../../../deps/finn-hlslib/activations.hpp:247 in init                                                              |
| inline          |                                                   | ../../../../deps/finn-hlslib/activations.hpp:252 in activate                                                          |
| pipeline        | style=flp II=1                                    | ../../../../deps/finn-hlslib/activations.hpp:296 in thresholding_batch                                                |
| unroll          |                                                   | ../../../../deps/finn-hlslib/activations.hpp:302 in thresholding_batch                                                |
| array_partition | variable=internal_thr.m_thresholds complete dim=0 | ../../../../deps/finn-hlslib/activations.hpp:352 in thresholding_stream_batch, internal_thr.m_thresholds              |
| pipeline        | style=flp II=1                                    | ../../../../deps/finn-hlslib/activations.hpp:358 in thresholding_stream_batch                                         |
| unroll          |                                                   | ../../../../deps/finn-hlslib/activations.hpp:371 in thresholding_stream_batch                                         |
| unroll          |                                                   | ../../../../deps/finn-hlslib/activations.hpp:376 in thresholding_stream_batch                                         |
| inline          |                                                   | ../../../../deps/finn-hlslib/convlayer.h:113 in convlayer_batch                                                       |
| inline          |                                                   | ../../../../deps/finn-hlslib/convlayer.h:198 in convlayer_batch_tmr                                                   |
| inline          |                                                   | ../../../../deps/finn-hlslib/convlayer.h:284 in convlayer_batch_mmv                                                   |
| pipeline        | style=flp II=1                                    | ../../../../deps/finn-hlslib/dma.h:141 in mem2stream                                                                  |
| pipeline        | style=flp II=1                                    | ../../../../deps/finn-hlslib/dma.h:154 in stream2mem                                                                  |
| pipeline        | style=flp II=1                                    | ../../../../deps/finn-hlslib/dma.h:224 in genparamstream                                                              |
| inline          |                                                   | ../../../../deps/finn-hlslib/interpret.hpp:62 in xnormul                                                              |
| inline          |                                                   | ../../../../deps/finn-hlslib/interpret.hpp:67 in operator*                                                            |
| inline          |                                                   | ../../../../deps/finn-hlslib/interpret.hpp:72 in operator*                                                            |
| inline          |                                                   | ../../../../deps/finn-hlslib/interpret.hpp:80 in binary                                                               |
| inline          |                                                   | ../../../../deps/finn-hlslib/interpret.hpp:89 in operator*                                                            |
| inline          |                                                   | ../../../../deps/finn-hlslib/interpret.hpp:97 in operator*                                                            |
| inline          |                                                   | ../../../../deps/finn-hlslib/interpret.hpp:102 in operator*                                                           |
| inline          |                                                   | ../../../../deps/finn-hlslib/interpret.hpp:116 in operator()                                                          |
| inline          |                                                   | ../../../../deps/finn-hlslib/interpret.hpp:122 in operator()                                                          |
| inline          |                                                   | ../../../../deps/finn-hlslib/interpret.hpp:138 in container<tv>                                                       |
| inline          |                                                   | ../../../../deps/finn-hlslib/interpret.hpp:143 in operator[]                                                          |
| inline          |                                                   | ../../../../deps/finn-hlslib/interpret.hpp:147 in operator[]                                                          |
| inline          |                                                   | ../../../../deps/finn-hlslib/interpret.hpp:151 in operator()                                                          |
| inline          |                                                   | ../../../../deps/finn-hlslib/interpret.hpp:155 in operator const type-parameter-1-0 &                                 |
| inline          |                                                   | ../../../../deps/finn-hlslib/interpret.hpp:163 in operator()                                                          |
| inline          |                                                   | ../../../../deps/finn-hlslib/interpret.hpp:168 in operator()                                                          |
| inline          |                                                   | ../../../../deps/finn-hlslib/interpret.hpp:173 in operator()                                                          |
| inline          |                                                   | ../../../../deps/finn-hlslib/interpret.hpp:204 in container<tv>                                                       |
| inline          |                                                   | ../../../../deps/finn-hlslib/interpret.hpp:207 in container<tv>                                                       |
| inline          |                                                   | ../../../../deps/finn-hlslib/interpret.hpp:211 in operator()                                                          |
| inline          |                                                   | ../../../../deps/finn-hlslib/interpret.hpp:215 in operator()                                                          |
| inline          |                                                   | ../../../../deps/finn-hlslib/interpret.hpp:220 in operator[]                                                          |
| inline          |                                                   | ../../../../deps/finn-hlslib/interpret.hpp:224 in operator const type-parameter-1-0 &                                 |
| inline          |                                                   | ../../../../deps/finn-hlslib/interpret.hpp:232 in operator()                                                          |
| inline          |                                                   | ../../../../deps/finn-hlslib/interpret.hpp:237 in operator()                                                          |
| inline          |                                                   | ../../../../deps/finn-hlslib/interpret.hpp:242 in operator()                                                          |
| inline          |                                                   | ../../../../deps/finn-hlslib/interpret.hpp:261 in container<tv>                                                       |
| inline          |                                                   | ../../../../deps/finn-hlslib/interpret.hpp:264 in container<tv>                                                       |
| inline          |                                                   | ../../../../deps/finn-hlslib/interpret.hpp:267 in container<tv>                                                       |
| inline          |                                                   | ../../../../deps/finn-hlslib/interpret.hpp:271 in operator const type-parameter-1-0 &                                 |
| inline          |                                                   | ../../../../deps/finn-hlslib/interpret.hpp:275 in operator()                                                          |
| inline          |                                                   | ../../../../deps/finn-hlslib/interpret.hpp:279 in operator()                                                          |
| inline          |                                                   | ../../../../deps/finn-hlslib/interpret.hpp:284 in operator[]                                                          |
| inline          |                                                   | ../../../../deps/finn-hlslib/interpret.hpp:292 in operator()                                                          |
| inline          |                                                   | ../../../../deps/finn-hlslib/interpret.hpp:297 in operator()                                                          |
| inline          |                                                   | ../../../../deps/finn-hlslib/interpret.hpp:302 in operator()                                                          |
| inline          |                                                   | ../../../../deps/finn-hlslib/mac.hpp:89 in mul                                                                        |
| inline          |                                                   | ../../../../deps/finn-hlslib/mac.hpp:114 in mul                                                                       |
| bind_op         | variable=res op=mul impl=fabric                   | ../../../../deps/finn-hlslib/mac.hpp:116 in mul, res                                                                  |
| inline          |                                                   | ../../../../deps/finn-hlslib/mac.hpp:140 in mul                                                                       |
| bind_op         | variable=res op=mul impl=dsp                      | ../../../../deps/finn-hlslib/mac.hpp:142 in mul, res                                                                  |
| inline          |                                                   | ../../../../deps/finn-hlslib/mac.hpp:165 in mac                                                                       |
| unroll          |                                                   | ../../../../deps/finn-hlslib/mac.hpp:168 in mac                                                                       |
| inline          |                                                   | ../../../../deps/finn-hlslib/mac.hpp:192 in mac                                                                       |
| unroll          |                                                   | ../../../../deps/finn-hlslib/mac.hpp:195 in mac                                                                       |
| inline          |                                                   | ../../../../deps/finn-hlslib/mac.hpp:202 in mac                                                                       |
| unroll          |                                                   | ../../../../deps/finn-hlslib/maxpool.h:74 in streamingmaxpool                                                         |
| pipeline        | style=flp II=1                                    | ../../../../deps/finn-hlslib/maxpool.h:83 in streamingmaxpool                                                         |
| pipeline        | style=flp II=1                                    | ../../../../deps/finn-hlslib/maxpool.h:91 in streamingmaxpool                                                         |
| array_partition | variable=buf complete dim=2                       | ../../../../deps/finn-hlslib/maxpool.h:146 in streamingmaxpool_precision, buf                                         |
| unroll          |                                                   | ../../../../deps/finn-hlslib/maxpool.h:149 in streamingmaxpool_precision                                              |
| pipeline        | style=flp II=1                                    | ../../../../deps/finn-hlslib/maxpool.h:159 in streamingmaxpool_precision                                              |
| unroll          |                                                   | ../../../../deps/finn-hlslib/maxpool.h:162 in streamingmaxpool_precision                                              |
| unroll          |                                                   | ../../../../deps/finn-hlslib/maxpool.h:176 in streamingmaxpool_precision                                              |
| inline          |                                                   | ../../../../deps/finn-hlslib/maxpool.h:210 in streamingmaxpool_precision_batch                                        |
| array_partition | variable=buf complete dim=2                       | ../../../../deps/finn-hlslib/maxpool.h:255 in streamingmaxpool_precision_1d, buf                                      |
| pipeline        | style=flp II=1                                    | ../../../../deps/finn-hlslib/maxpool.h:258 in streamingmaxpool_precision_1d                                           |
| unroll          |                                                   | ../../../../deps/finn-hlslib/maxpool.h:260 in streamingmaxpool_precision_1d                                           |
| pipeline        | style=flp II=1                                    | ../../../../deps/finn-hlslib/maxpool.h:272 in streamingmaxpool_precision_1d                                           |
| unroll          |                                                   | ../../../../deps/finn-hlslib/maxpool.h:275 in streamingmaxpool_precision_1d                                           |
| pipeline        | style=flp II=1                                    | ../../../../deps/finn-hlslib/maxpool.h:288 in streamingmaxpool_precision_1d                                           |
| unroll          |                                                   | ../../../../deps/finn-hlslib/maxpool.h:290 in streamingmaxpool_precision_1d                                           |
| pipeline        | style=flp II=1                                    | ../../../../deps/finn-hlslib/maxpool.h:302 in streamingmaxpool_precision_1d                                           |
| inline          |                                                   | ../../../../deps/finn-hlslib/maxpool.h:331 in streamingmaxpool_precision_batch_1d                                     |
| pipeline        | style=flp II=1                                    | ../../../../deps/finn-hlslib/maxpool.h:370 in relu_batch                                                              |
| unroll          |                                                   | ../../../../deps/finn-hlslib/maxpool.h:373 in relu_batch                                                              |
| bind_storage    | variable=accumulators type=RAM_2P impl=LUTRAM     | ../../../../deps/finn-hlslib/maxpool.h:415 in accpool_batch, accumulators                                             |
| pipeline        | style=flp II=1                                    | ../../../../deps/finn-hlslib/maxpool.h:421 in accpool_batch                                                           |
| unroll          |                                                   | ../../../../deps/finn-hlslib/maxpool.h:425 in accpool_batch                                                           |
| array_partition | variable=topval complete dim=1                    | ../../../../deps/finn-hlslib/maxpool.h:477 in labelselect_batch, topval                                               |
| array_partition | variable=toplabels complete dim=1                 | ../../../../deps/finn-hlslib/maxpool.h:479 in labelselect_batch, toplabels                                            |
| unroll          |                                                   | ../../../../deps/finn-hlslib/maxpool.h:484 in labelselect_batch                                                       |
| pipeline        | style=flp II=1                                    | ../../../../deps/finn-hlslib/maxpool.h:489 in labelselect_batch                                                       |
| unroll          |                                                   | ../../../../deps/finn-hlslib/maxpool.h:492 in labelselect_batch                                                       |
| unroll          |                                                   | ../../../../deps/finn-hlslib/maxpool.h:501 in labelselect_batch                                                       |
| unroll          |                                                   | ../../../../deps/finn-hlslib/maxpool.h:508 in labelselect_batch                                                       |
| array_partition | variable=accu complete dim=0                      | ../../../../deps/finn-hlslib/maxpool.h:570 in pool_batch, accu                                                        |
| pipeline        | style=flp II=1                                    | ../../../../deps/finn-hlslib/maxpool.h:576 in pool_batch                                                              |
| unroll          |                                                   | ../../../../deps/finn-hlslib/maxpool.h:583 in pool_batch                                                              |
| unroll          |                                                   | ../../../../deps/finn-hlslib/maxpool.h:590 in pool_batch                                                              |
| unroll          |                                                   | ../../../../deps/finn-hlslib/maxpool.h:599 in pool_batch                                                              |
| inline          |                                                   | ../../../../deps/finn-hlslib/mmv.hpp:53 in operator[]                                                                 |
| array_partition | variable=inputBuf complete dim=0                  | ../../../../deps/finn-hlslib/mvau.hpp:110 in matrix_vector_activate_batch, inputBuf                                   |
| array_partition | variable=accu complete dim=0                      | ../../../../deps/finn-hlslib/mvau.hpp:114 in matrix_vector_activate_batch, accu                                       |
| pipeline        | style=flp II=1                                    | ../../../../deps/finn-hlslib/mvau.hpp:124 in matrix_vector_activate_batch                                             |
| unroll          |                                                   | ../../../../deps/finn-hlslib/mvau.hpp:140 in matrix_vector_activate_batch                                             |
| unroll          |                                                   | ../../../../deps/finn-hlslib/mvau.hpp:142 in matrix_vector_activate_batch                                             |
| unroll          |                                                   | ../../../../deps/finn-hlslib/mvau.hpp:151 in matrix_vector_activate_batch                                             |
| unroll          |                                                   | ../../../../deps/finn-hlslib/mvau.hpp:165 in matrix_vector_activate_batch                                             |
| unroll          |                                                   | ../../../../deps/finn-hlslib/mvau.hpp:167 in matrix_vector_activate_batch                                             |
| array_partition | variable=inputBuf complete dim=1                  | ../../../../deps/finn-hlslib/mvau.hpp:232 in matrix_vector_activate_stream_batch, inputBuf                            |
| array_partition | variable=accu complete dim=0                      | ../../../../deps/finn-hlslib/mvau.hpp:235 in matrix_vector_activate_stream_batch, accu                                |
| array_partition | variable=w.m_weights complete dim=0               | ../../../../deps/finn-hlslib/mvau.hpp:238 in matrix_vector_activate_stream_batch, w.m_weights                         |
| pipeline        | style=flp II=1                                    | ../../../../deps/finn-hlslib/mvau.hpp:250 in matrix_vector_activate_stream_batch                                      |
| unroll          |                                                   | ../../../../deps/finn-hlslib/mvau.hpp:267 in matrix_vector_activate_stream_batch                                      |
| unroll          |                                                   | ../../../../deps/finn-hlslib/mvau.hpp:274 in matrix_vector_activate_stream_batch                                      |
| unroll          |                                                   | ../../../../deps/finn-hlslib/mvau.hpp:281 in matrix_vector_activate_stream_batch                                      |
| unroll          |                                                   | ../../../../deps/finn-hlslib/mvau.hpp:294 in matrix_vector_activate_stream_batch                                      |
| bind_storage    | variable=inputBuf type=RAM_2P                     | ../../../../deps/finn-hlslib/slidingwindow.h:74 in memory_resource, inputBuf                                          |
| bind_storage    | variable=inputBuf type=RAM_S2P impl=BRAM          | ../../../../deps/finn-hlslib/slidingwindow.h:95 in memory_resource, inputBuf                                          |
| bind_storage    | variable=inputBuf type=RAM_S2P impl=URAM          | ../../../../deps/finn-hlslib/slidingwindow.h:116 in memory_resource, inputBuf                                         |
| bind_storage    | variable=inputBuf type=RAM_S2P impl=LUTRAM        | ../../../../deps/finn-hlslib/slidingwindow.h:137 in memory_resource, inputBuf                                         |
| array_partition | variable=inputBuf complete dim=1                  | ../../../../deps/finn-hlslib/slidingwindow.h:177 in convolutioninputgenerator, inputBuf                               |
| pipeline        | style=flp II=1                                    | ../../../../deps/finn-hlslib/slidingwindow.h:192 in convolutioninputgenerator                                         |
| dependence      | variable=inputBuf intra false                     | ../../../../deps/finn-hlslib/slidingwindow.h:243 in convolutioninputgenerator, inputBuf                               |
| dependence      | variable=inputBuf inter false                     | ../../../../deps/finn-hlslib/slidingwindow.h:244 in convolutioninputgenerator, inputBuf                               |
| dependence      | variable=current_block_write intra false          | ../../../../deps/finn-hlslib/slidingwindow.h:254 in convolutioninputgenerator, current_block_write                    |
| dependence      | variable=inputBuf inter false                     | ../../../../deps/finn-hlslib/slidingwindow.h:308 in convolutioninputgenerator_mmv, inputBuf                           |
| dependence      | variable=inputBuf intra false                     | ../../../../deps/finn-hlslib/slidingwindow.h:309 in convolutioninputgenerator_mmv, inputBuf                           |
| array_partition | variable=inputBuf complete dim=1                  | ../../../../deps/finn-hlslib/slidingwindow.h:310 in convolutioninputgenerator_mmv, inputBuf                           |
| array_partition | variable=inputBuf complete dim=2                  | ../../../../deps/finn-hlslib/slidingwindow.h:311 in convolutioninputgenerator_mmv, inputBuf                           |
| pipeline        | style=flp II=1                                    | ../../../../deps/finn-hlslib/slidingwindow.h:326 in convolutioninputgenerator_mmv                                     |
| unroll          |                                                   | ../../../../deps/finn-hlslib/slidingwindow.h:333 in convolutioninputgenerator_mmv                                     |
| unroll          |                                                   | ../../../../deps/finn-hlslib/slidingwindow.h:359 in convolutioninputgenerator_mmv                                     |
| unroll          |                                                   | ../../../../deps/finn-hlslib/slidingwindow.h:392 in convolutioninputgenerator_mmv                                     |
| dependence      | variable=inputBuf intra false                     | ../../../../deps/finn-hlslib/slidingwindow.h:394 in convolutioninputgenerator_mmv, inputBuf                           |
| dependence      | variable=inputBuf inter false                     | ../../../../deps/finn-hlslib/slidingwindow.h:395 in convolutioninputgenerator_mmv, inputBuf                           |
| dependence      | variable=current_block_write intra false          | ../../../../deps/finn-hlslib/slidingwindow.h:406 in convolutioninputgenerator_mmv, current_block_write                |
| array_partition | variable=inputBuf complete dim=1                  | ../../../../deps/finn-hlslib/slidingwindow.h:466 in convolutioninputgenerator_kernel_stride, inputBuf                 |
| dependence      | variable=inputBuf inter false                     | ../../../../deps/finn-hlslib/slidingwindow.h:467 in convolutioninputgenerator_kernel_stride, inputBuf                 |
| dependence      | variable=inputBuf intra false                     | ../../../../deps/finn-hlslib/slidingwindow.h:468 in convolutioninputgenerator_kernel_stride, inputBuf                 |
| dependence      | variable=current_block_write intra false          | ../../../../deps/finn-hlslib/slidingwindow.h:476 in convolutioninputgenerator_kernel_stride, current_block_write      |
| pipeline        | style=flp II=1                                    | ../../../../deps/finn-hlslib/slidingwindow.h:479 in convolutioninputgenerator_kernel_stride                           |
| dependence      | variable=inputBuf inter false                     | ../../../../deps/finn-hlslib/slidingwindow.h:544 in convolutioninputgenerator_kernel_stride, inputBuf                 |
| dependence      | variable=inputBuf intra false                     | ../../../../deps/finn-hlslib/slidingwindow.h:545 in convolutioninputgenerator_kernel_stride, inputBuf                 |
| dependence      | variable=current_block_write intra false          | ../../../../deps/finn-hlslib/slidingwindow.h:554 in convolutioninputgenerator_kernel_stride, current_block_write      |
| dependence      | variable=inputBuf inter false                     | ../../../../deps/finn-hlslib/slidingwindow.h:610 in convolutioninputgenerator_kernel_stride_mmv, inputBuf             |
| dependence      | variable=inputBuf intra false                     | ../../../../deps/finn-hlslib/slidingwindow.h:611 in convolutioninputgenerator_kernel_stride_mmv, inputBuf             |
| array_partition | variable=inputBuf complete dim=1                  | ../../../../deps/finn-hlslib/slidingwindow.h:612 in convolutioninputgenerator_kernel_stride_mmv, inputBuf             |
| array_partition | variable=inputBuf complete dim=2                  | ../../../../deps/finn-hlslib/slidingwindow.h:613 in convolutioninputgenerator_kernel_stride_mmv, inputBuf             |
| dependence      | variable=current_block_write intra false          | ../../../../deps/finn-hlslib/slidingwindow.h:628 in convolutioninputgenerator_kernel_stride_mmv, current_block_write  |
| pipeline        | style=flp II=1                                    | ../../../../deps/finn-hlslib/slidingwindow.h:631 in convolutioninputgenerator_kernel_stride_mmv                       |
| unroll          |                                                   | ../../../../deps/finn-hlslib/slidingwindow.h:638 in convolutioninputgenerator_kernel_stride_mmv                       |
| unroll          |                                                   | ../../../../deps/finn-hlslib/slidingwindow.h:672 in convolutioninputgenerator_kernel_stride_mmv                       |
| unroll          |                                                   | ../../../../deps/finn-hlslib/slidingwindow.h:705 in convolutioninputgenerator_kernel_stride_mmv                       |
| dependence      | variable=current_block_write intra false          | ../../../../deps/finn-hlslib/slidingwindow.h:716 in convolutioninputgenerator_kernel_stride_mmv, current_block_write  |
| array_partition | variable=inputBuf complete dim=1                  | ../../../../deps/finn-hlslib/slidingwindow.h:767 in convolutioninputgenerator_dws, inputBuf                           |
| pipeline        | style=flp II=1                                    | ../../../../deps/finn-hlslib/slidingwindow.h:782 in convolutioninputgenerator_dws                                     |
| dependence      | variable=inputBuf intra false                     | ../../../../deps/finn-hlslib/slidingwindow.h:833 in convolutioninputgenerator_dws, inputBuf                           |
| dependence      | variable=inputBuf inter false                     | ../../../../deps/finn-hlslib/slidingwindow.h:834 in convolutioninputgenerator_dws, inputBuf                           |
| dependence      | variable=current_block_write intra false          | ../../../../deps/finn-hlslib/slidingwindow.h:844 in convolutioninputgenerator_dws, current_block_write                |
| array_partition | variable=inputBuf complete dim=1                  | ../../../../deps/finn-hlslib/slidingwindow.h:903 in convolutioninputgenerator_kernel_stride_dws, inputBuf             |
| dependence      | variable=inputBuf inter false                     | ../../../../deps/finn-hlslib/slidingwindow.h:904 in convolutioninputgenerator_kernel_stride_dws, inputBuf             |
| dependence      | variable=inputBuf intra false                     | ../../../../deps/finn-hlslib/slidingwindow.h:905 in convolutioninputgenerator_kernel_stride_dws, inputBuf             |
| pipeline        | style=flp II=1                                    | ../../../../deps/finn-hlslib/slidingwindow.h:915 in convolutioninputgenerator_kernel_stride_dws                       |
| dependence      | variable=current_block_write intra false          | ../../../../deps/finn-hlslib/slidingwindow.h:917 in convolutioninputgenerator_kernel_stride_dws, current_block_write  |
| dependence      | variable=inputBuf inter false                     | ../../../../deps/finn-hlslib/slidingwindow.h:983 in convolutioninputgenerator_kernel_stride_dws, inputBuf             |
| dependence      | variable=inputBuf intra false                     | ../../../../deps/finn-hlslib/slidingwindow.h:984 in convolutioninputgenerator_kernel_stride_dws, inputBuf             |
| dependence      | variable=current_block_write intra false          | ../../../../deps/finn-hlslib/slidingwindow.h:993 in convolutioninputgenerator_kernel_stride_dws, current_block_write  |
| dependence      | variable=inputBuf inter false                     | ../../../../deps/finn-hlslib/slidingwindow.h:1048 in convolutioninputgenerator_dws_mmv, inputBuf                      |
| dependence      | variable=inputBuf intra false                     | ../../../../deps/finn-hlslib/slidingwindow.h:1049 in convolutioninputgenerator_dws_mmv, inputBuf                      |
| array_partition | variable=inputBuf complete dim=1                  | ../../../../deps/finn-hlslib/slidingwindow.h:1050 in convolutioninputgenerator_dws_mmv, inputBuf                      |
| array_partition | variable=inputBuf complete dim=2                  | ../../../../deps/finn-hlslib/slidingwindow.h:1051 in convolutioninputgenerator_dws_mmv, inputBuf                      |
| pipeline        | style=flp II=1                                    | ../../../../deps/finn-hlslib/slidingwindow.h:1066 in convolutioninputgenerator_dws_mmv                                |
| unroll          |                                                   | ../../../../deps/finn-hlslib/slidingwindow.h:1073 in convolutioninputgenerator_dws_mmv                                |
| unroll          |                                                   | ../../../../deps/finn-hlslib/slidingwindow.h:1099 in convolutioninputgenerator_dws_mmv                                |
| unroll          |                                                   | ../../../../deps/finn-hlslib/slidingwindow.h:1132 in convolutioninputgenerator_dws_mmv                                |
| dependence      | variable=inputBuf intra false                     | ../../../../deps/finn-hlslib/slidingwindow.h:1134 in convolutioninputgenerator_dws_mmv, inputBuf                      |
| dependence      | variable=inputBuf inter false                     | ../../../../deps/finn-hlslib/slidingwindow.h:1135 in convolutioninputgenerator_dws_mmv, inputBuf                      |
| dependence      | variable=current_block_write intra false          | ../../../../deps/finn-hlslib/slidingwindow.h:1146 in convolutioninputgenerator_dws_mmv, current_block_write           |
| pipeline        | style=flp II=1                                    | ../../../../deps/finn-hlslib/slidingwindow.h:1199 in convolutioninputgenerator_2d_kernel1                             |
| pipeline        | style=flp II=1                                    | ../../../../deps/finn-hlslib/slidingwindow.h:1243 in convolutioninputgenerator_1d_kernel1                             |
| array_partition | variable=inputBuf complete dim=1                  | ../../../../deps/finn-hlslib/slidingwindow.h:1298 in convolutioninputgenerator_nonsquare, inputBuf                    |
| pipeline        | style=flp II=1                                    | ../../../../deps/finn-hlslib/slidingwindow.h:1313 in convolutioninputgenerator_nonsquare                              |
| dependence      | variable=inputBuf intra false                     | ../../../../deps/finn-hlslib/slidingwindow.h:1364 in convolutioninputgenerator_nonsquare, inputBuf                    |
| dependence      | variable=inputBuf inter false                     | ../../../../deps/finn-hlslib/slidingwindow.h:1365 in convolutioninputgenerator_nonsquare, inputBuf                    |
| dependence      | variable=current_block_write intra false          | ../../../../deps/finn-hlslib/slidingwindow.h:1375 in convolutioninputgenerator_nonsquare, current_block_write         |
| array_partition | variable=inputBuf complete dim=1                  | ../../../../deps/finn-hlslib/slidingwindow.h:1432 in convolutioninputgenerator_nonsquare_dws, inputBuf                |
| pipeline        | style=flp II=1                                    | ../../../../deps/finn-hlslib/slidingwindow.h:1447 in convolutioninputgenerator_nonsquare_dws                          |
| dependence      | variable=inputBuf intra false                     | ../../../../deps/finn-hlslib/slidingwindow.h:1498 in convolutioninputgenerator_nonsquare_dws, inputBuf                |
| dependence      | variable=inputBuf inter false                     | ../../../../deps/finn-hlslib/slidingwindow.h:1499 in convolutioninputgenerator_nonsquare_dws, inputBuf                |
| dependence      | variable=current_block_write intra false          | ../../../../deps/finn-hlslib/slidingwindow.h:1509 in convolutioninputgenerator_nonsquare_dws, current_block_write     |
| array_partition | variable=inputBuf complete dim=1                  | ../../../../deps/finn-hlslib/slidingwindow.h:1573 in convolutioninputgenerator_nonsquare_dilated, inputBuf            |
| pipeline        | style=flp II=1                                    | ../../../../deps/finn-hlslib/slidingwindow.h:1588 in convolutioninputgenerator_nonsquare_dilated                      |
| dependence      | variable=inputBuf intra false                     | ../../../../deps/finn-hlslib/slidingwindow.h:1640 in convolutioninputgenerator_nonsquare_dilated, inputBuf            |
| dependence      | variable=inputBuf inter false                     | ../../../../deps/finn-hlslib/slidingwindow.h:1641 in convolutioninputgenerator_nonsquare_dilated, inputBuf            |
| dependence      | variable=current_block_write intra false          | ../../../../deps/finn-hlslib/slidingwindow.h:1651 in convolutioninputgenerator_nonsquare_dilated, current_block_write |
| array_partition | variable=inputBuf complete                        | ../../../../deps/finn-hlslib/slidingwindow.h:1708 in convolutioninputgenerator_1d_parallel, inputBuf                  |
| pipeline        | style=flp II=1                                    | ../../../../deps/finn-hlslib/slidingwindow.h:1716 in convolutioninputgenerator_1d_parallel                            |
| unroll          |                                                   | ../../../../deps/finn-hlslib/slidingwindow.h:1737 in convolutioninputgenerator_1d_parallel                            |
| dependence      | variable=inputBuf intra false                     | ../../../../deps/finn-hlslib/slidingwindow.h:1758 in convolutioninputgenerator_1d_parallel, inputBuf                  |
| dependence      | variable=inputBuf inter false                     | ../../../../deps/finn-hlslib/slidingwindow.h:1759 in convolutioninputgenerator_1d_parallel, inputBuf                  |
| dependence      | variable=current_block_write intra false          | ../../../../deps/finn-hlslib/slidingwindow.h:1766 in convolutioninputgenerator_1d_parallel, current_block_write       |
| pipeline        | style=flp II=1                                    | ../../../../deps/finn-hlslib/slidingwindow.h:1822 in convolutioninputgenerator_1d_dws_naive                           |
| pipeline        | style=flp II=1                                    | ../../../../deps/finn-hlslib/slidingwindow.h:1906 in convolutioninputgenerator_1d                                     |
| pipeline        | style=flp II=1                                    | ../../../../deps/finn-hlslib/slidingwindow.h:1982 in convolutioninputgenerator_1d_dws                                 |
| pipeline        | style=flp II=1                                    | ../../../../deps/finn-hlslib/slidingwindow.h:2061 in convolutioninputgenerator_1d_dws_stride                          |
| pipeline        | style=flp II=1                                    | ../../../../deps/finn-hlslib/streamtools.h:77 in streamlimiter                                                        |
| pipeline        | style=flp II=1                                    | ../../../../deps/finn-hlslib/streamtools.h:160 in sameresize                                                          |
| pipeline        | style=flp II=1                                    | ../../../../deps/finn-hlslib/streamtools.h:234 in streamingcast                                                       |
| pipeline        | style=flp II=1                                    | ../../../../deps/finn-hlslib/streamtools.h:280 in fmpadding_nonsquare                                                 |
| inline          |                                                   | ../../../../deps/finn-hlslib/streamtools.h:374 in fmpadding                                                           |
| pipeline        | style=flp II=1                                    | ../../../../deps/finn-hlslib/streamtools.h:451 in streamingdatawidthconverter_batch                                   |
| pipeline        | style=flp II=1                                    | ../../../../deps/finn-hlslib/streamtools.h:471 in streamingdatawidthconverter_batch                                   |
| pipeline        | style=flp II=1                                    | ../../../../deps/finn-hlslib/streamtools.h:482 in streamingdatawidthconverter_batch                                   |
| pipeline        | style=flp II=1                                    | ../../../../deps/finn-hlslib/streamtools.h:591 in duplicatestreams                                                    |
| pipeline        | style=flp II=1                                    | ../../../../deps/finn-hlslib/streamtools.h:649 in addstreams                                                          |
| unroll          |                                                   | ../../../../deps/finn-hlslib/streamtools.h:654 in addstreams                                                          |
| inline          |                                                   | ../../../../deps/finn-hlslib/streamtools.h:723 in addstreamslayer_batch                                               |
| pipeline        | style=flp II=1                                    | ../../../../deps/finn-hlslib/streamtools.h:770 in multichandatawidthconverter_batch                                   |
| unroll          |                                                   | ../../../../deps/finn-hlslib/streamtools.h:777 in multichandatawidthconverter_batch                                   |
| pipeline        | style=flp II=1                                    | ../../../../deps/finn-hlslib/streamtools.h:793 in multichandatawidthconverter_batch                                   |
| unroll          |                                                   | ../../../../deps/finn-hlslib/streamtools.h:799 in multichandatawidthconverter_batch                                   |
| pipeline        | style=flp II=1                                    | ../../../../deps/finn-hlslib/streamtools.h:811 in multichandatawidthconverter_batch                                   |
| unroll          |                                                   | ../../../../deps/finn-hlslib/streamtools.h:815 in multichandatawidthconverter_batch                                   |
| pipeline        | style=flp II=1                                    | ../../../../deps/finn-hlslib/streamtools.h:851 in flattenmultichandata                                                |
| unroll          |                                                   | ../../../../deps/finn-hlslib/streamtools.h:855 in flattenmultichandata                                                |
| pipeline        | style=flp II=1                                    | ../../../../deps/finn-hlslib/streamtools.h:882 in packmultichandata                                                   |
| unroll          |                                                   | ../../../../deps/finn-hlslib/streamtools.h:886 in packmultichandata                                                   |
| pipeline        | style=flp II=1                                    | ../../../../deps/finn-hlslib/streamtools.h:975 in qdma2stream_batch                                                   |
| pipeline        | style=flp II=1                                    | ../../../../deps/finn-hlslib/streamtools.h:998 in stream2qdma_batch                                                   |
| array_partition | variable=red_ch_index complete dim=0              | ../../../../deps/finn-hlslib/tmrcheck.hpp:82 in tmrcheck, red_ch_index                                                |
| pipeline        | style=flp II=1                                    | ../../../../deps/finn-hlslib/tmrcheck.hpp:91 in tmrcheck                                                              |
| array_partition | variable=numerrors complete dim=0                 | ../../../../deps/finn-hlslib/tmrcheck.hpp:99 in tmrcheck, numerrors                                                   |
| unroll          |                                                   | ../../../../deps/finn-hlslib/tmrcheck.hpp:103 in tmrcheck                                                             |
| array_partition | variable=compute complete dim=0                   | ../../../../deps/finn-hlslib/tmrcheck.hpp:129 in tmrcheck, compute                                                    |
| unroll          |                                                   | ../../../../deps/finn-hlslib/tmrcheck.hpp:132 in tmrcheck                                                             |
| pipeline        | style=flp II=1                                    | ../../../../deps/finn-hlslib/upsample.hpp:86 in upsamplenearestneighbour                                              |
| pipeline        | II=1 style=flp                                    | ../../../../deps/finn-hlslib/upsample.hpp:175 in upsamplenearestneighbour_1d                                          |
| array_partition | variable=accu complete dim=0                      | ../../../../deps/finn-hlslib/vvau.hpp:103 in vector_vector_activate_batch, accu                                       |
| pipeline        | style=flp II=1                                    | ../../../../deps/finn-hlslib/vvau.hpp:112 in vector_vector_activate_batch                                             |
| unroll          |                                                   | ../../../../deps/finn-hlslib/vvau.hpp:119 in vector_vector_activate_batch                                             |
| unroll          |                                                   | ../../../../deps/finn-hlslib/vvau.hpp:128 in vector_vector_activate_batch                                             |
| unroll          |                                                   | ../../../../deps/finn-hlslib/vvau.hpp:142 in vector_vector_activate_batch                                             |
| unroll          |                                                   | ../../../../deps/finn-hlslib/vvau.hpp:144 in vector_vector_activate_batch                                             |
| array_partition | variable=accu complete dim=0                      | ../../../../deps/finn-hlslib/vvau.hpp:213 in vector_vector_activate_stream_batch, accu                                |
| pipeline        | style=flp II=1                                    | ../../../../deps/finn-hlslib/vvau.hpp:223 in vector_vector_activate_stream_batch                                      |
| unroll          |                                                   | ../../../../deps/finn-hlslib/vvau.hpp:230 in vector_vector_activate_stream_batch                                      |
| array_partition | variable=w.m_weights complete dim=0               | ../../../../deps/finn-hlslib/vvau.hpp:239 in vector_vector_activate_stream_batch, w.m_weights                         |
| unroll          |                                                   | ../../../../deps/finn-hlslib/vvau.hpp:241 in vector_vector_activate_stream_batch                                      |
| unroll          |                                                   | ../../../../deps/finn-hlslib/vvau.hpp:246 in vector_vector_activate_stream_batch                                      |
| unroll          |                                                   | ../../../../deps/finn-hlslib/vvau.hpp:260 in vector_vector_activate_stream_batch                                      |
| unroll          |                                                   | ../../../../deps/finn-hlslib/vvau.hpp:262 in vector_vector_activate_stream_batch                                      |
| inline          |                                                   | ../../../../deps/finn-hlslib/weights.hpp:83 in tileindex                                                              |
| inline          |                                                   | ../../../../deps/finn-hlslib/weights.hpp:88 in operator[]                                                             |
| inline          |                                                   | ../../../../deps/finn-hlslib/weights.hpp:95 in weights                                                                |
| inline          |                                                   | ../../../../deps/finn-hlslib/weights.hpp:127 in tileindex                                                             |
| inline          |                                                   | ../../../../deps/finn-hlslib/weights.hpp:132 in operator[]                                                            |
| unroll          |                                                   | ../../../../deps/finn-hlslib/weights.hpp:135 in operator[]                                                            |
| inline          |                                                   | ../../../../deps/finn-hlslib/weights.hpp:145 in weights                                                               |
| inline          |                                                   | ../../../../deps/finn-hlslib/weights.hpp:157 in operator[]                                                            |
| unroll          |                                                   | ../../../../deps/finn-hlslib/weights.hpp:160 in operator[]                                                            |
| interface       | axis port=in0 name=in0_V                          | top_MatrixVectorActivation_3.cpp:31 in matrixvectoractivation_3, in0                                                  |
| interface       | axis port=out name=out_V                          | top_MatrixVectorActivation_3.cpp:32 in matrixvectoractivation_3, out                                                  |
| interface       | ap_ctrl_none port=return                          | top_MatrixVectorActivation_3.cpp:33 in matrixvectoractivation_3, return                                               |
| interface       | axis port=weights name=weights_V                  | top_MatrixVectorActivation_3.cpp:34 in matrixvectoractivation_3, weights                                              |
| array_partition | variable=threshs.m_thresholds complete dim=1      | top_MatrixVectorActivation_3.cpp:36 in matrixvectoractivation_3, threshs.m_thresholds                                 |
| array_partition | variable=threshs.m_thresholds complete dim=3      | top_MatrixVectorActivation_3.cpp:37 in matrixvectoractivation_3, threshs.m_thresholds                                 |
+-----------------+---------------------------------------------------+-----------------------------------------------------------------------------------------------------------------------+


