
****** Vitis HLS - High-Level Synthesis from C, C++ and OpenCL v2022.2.2 (64-bit)
  **** SW Build 3779808 on Feb 17 2023
  **** IP Build 3783773 on Tue Feb 21 23:41:56 MST 2023
    ** Copyright 1986-2023 Xilinx, Inc. All Rights Reserved.

source /tools/Xilinx/Vitis_HLS/2022.2/scripts/vitis_hls/hls.tcl -notrace
INFO: [HLS 200-10] Running '/tools/Xilinx/Vitis_HLS/2022.2/bin/unwrapped/lnx64.o/vitis_hls'
/tools/Xilinx/Vitis_HLS/2022.2/tps/tcl/tcl8.5/tzdata/Europe/Dublin can't be opened.
INFO: [HLS 200-10] For user '' on host 'finn_dev_miguel_tfg' (Linux_x86_64 version 6.8.0-124-generic) on Fri Jun 12 09:16:26 +0000 2026
INFO: [HLS 200-10] On os Ubuntu 18.04.5 LTS
INFO: [HLS 200-10] In directory '/home/miguel_tfg/FINN-v0.9-Stable/notebooks/UAH_example/FINN_build/code_gen_ipgen_ConvolutionInputGenerator_1_25m4etj5'
Sourcing Tcl script '/home/miguel_tfg/FINN-v0.9-Stable/notebooks/UAH_example/FINN_build/code_gen_ipgen_ConvolutionInputGenerator_1_25m4etj5/hls_syn_ConvolutionInputGenerator_1.tcl'
INFO: [HLS 200-1510] Running: source /home/miguel_tfg/FINN-v0.9-Stable/notebooks/UAH_example/FINN_build/code_gen_ipgen_ConvolutionInputGenerator_1_25m4etj5/hls_syn_ConvolutionInputGenerator_1.tcl
HLS project: project_ConvolutionInputGenerator_1
HW source dir: /home/miguel_tfg/FINN-v0.9-Stable/notebooks/UAH_example/FINN_build/code_gen_ipgen_ConvolutionInputGenerator_1_25m4etj5
finn-hlslib dir: /home/miguel_tfg/FINN-v0.9-Stable/deps/finn-hlslib
custom HLS dir: /home/miguel_tfg/FINN-v0.9-Stable/custom_hls
INFO: [HLS 200-1510] Running: open_project project_ConvolutionInputGenerator_1 
INFO: [HLS 200-10] Creating and opening project '/home/miguel_tfg/FINN-v0.9-Stable/notebooks/UAH_example/FINN_build/code_gen_ipgen_ConvolutionInputGenerator_1_25m4etj5/project_ConvolutionInputGenerator_1'.
INFO: [HLS 200-1510] Running: add_files /home/miguel_tfg/FINN-v0.9-Stable/notebooks/UAH_example/FINN_build/code_gen_ipgen_ConvolutionInputGenerator_1_25m4etj5/top_ConvolutionInputGenerator_1.cpp -cflags -std=c++14 -I/home/miguel_tfg/FINN-v0.9-Stable/deps/finn-hlslib -I/home/miguel_tfg/FINN-v0.9-Stable/custom_hls 
INFO: [HLS 200-10] Adding design file '/home/miguel_tfg/FINN-v0.9-Stable/notebooks/UAH_example/FINN_build/code_gen_ipgen_ConvolutionInputGenerator_1_25m4etj5/top_ConvolutionInputGenerator_1.cpp' to the project
INFO: [HLS 200-1510] Running: set_top ConvolutionInputGenerator_1 
INFO: [HLS 200-1510] Running: open_solution sol1 
INFO: [HLS 200-10] Creating and opening solution '/home/miguel_tfg/FINN-v0.9-Stable/notebooks/UAH_example/FINN_build/code_gen_ipgen_ConvolutionInputGenerator_1_25m4etj5/project_ConvolutionInputGenerator_1/sol1'.
INFO: [HLS 200-1505] Using default flow_target 'vivado'
Resolution: For help on HLS 200-1505 see www.xilinx.com/cgi-bin/docs/rdoc?v=2022.2;t=hls+guidance;d=200-1505.html
INFO: [HLS 200-435] Setting 'open_solution -flow_target vivado' configuration: config_interface -m_axi_latency=0
INFO: [HLS 200-1510] Running: set_part xc7z020clg400-1 
INFO: [HLS 200-1611] Setting target device to 'xc7z020-clg400-1'
INFO: [HLS 200-1510] Running: config_compile -disable_unroll_code_size_check -pipeline_style flp 
WARNING: [XFORM 203-506] Disable code size check when do loop unroll.
WARNING: [HLS 200-643] The 'config_compile -disable_unroll_code_size_check' hidden command is deprecated and will be removed in a future release.
INFO: [HLS 200-1510] Running: config_interface -m_axi_addr64 
INFO: [HLS 200-1510] Running: config_rtl -module_auto_prefix 
INFO: [HLS 200-1510] Running: config_rtl -deadlock_detection none 
INFO: [HLS 200-1510] Running: create_clock -period 10.0 -name default 
INFO: [SYN 201-201] Setting up clock 'default' with a period of 10ns.
INFO: [HLS 200-1510] Running: csynth_design 
Running Dispatch Server on port: 39525
INFO: [HLS 200-111] Finished File checks and directory preparation: CPU user time: 0 seconds. CPU system time: 0.01 seconds. Elapsed time: 10.02 seconds; current allocated memory: 1.469 GB.
INFO: [HLS 200-10] Analyzing design file '/home/miguel_tfg/FINN-v0.9-Stable/notebooks/UAH_example/FINN_build/code_gen_ipgen_ConvolutionInputGenerator_1_25m4etj5/top_ConvolutionInputGenerator_1.cpp' ... 
INFO: [HLS 200-111] Finished Source Code Analysis and Preprocessing: CPU user time: 3.68 seconds. CPU system time: 0.49 seconds. Elapsed time: 4.17 seconds; current allocated memory: 1.477 GB.
INFO: [HLS 200-777] Using interface defaults for 'Vivado' flow target.
WARNING: [HLS 214-199] Ignoring dependence pragma on local scalar variable 'current_block_write'. (/home/miguel_tfg/FINN-v0.9-Stable/deps/finn-hlslib/slidingwindow.h:254:9)
INFO: [HLS 214-178] Inlining function 'void ConvolutionInputGenerator<3u, 16u, 4u, 34u, 32u, 16u, 1u, ap_resource_lutram>(hls::stream<ap_uint<(16u) * (4u)>, 0>&, hls::stream<ap_uint<(16u) * (4u)>, 0>&, unsigned int, ap_resource_lutram const&)' into 'ConvolutionInputGenerator_1(hls::stream<ap_uint<64>, 0>&, hls::stream<ap_uint<64>, 0>&)' (/home/miguel_tfg/FINN-v0.9-Stable/notebooks/UAH_example/FINN_build/code_gen_ipgen_ConvolutionInputGenerator_1_25m4etj5/top_ConvolutionInputGenerator_1.cpp:24:0)
INFO: [HLS 214-248] Applying array_partition to 'inputBuf.i': Complete partitioning on dimension 1. (/home/miguel_tfg/FINN-v0.9-Stable/deps/finn-hlslib/slidingwindow.h:176:33)
INFO: [HLS 200-111] Finished Compiling Optimization and Transform: CPU user time: 1.7 seconds. CPU system time: 0.35 seconds. Elapsed time: 2.05 seconds; current allocated memory: 1.477 GB.
INFO: [HLS 200-111] Finished Checking Pragmas: CPU user time: 0 seconds. CPU system time: 0 seconds. Elapsed time: 0 seconds; current allocated memory: 1.477 GB.
INFO: [HLS 200-10] Starting code transformations ...
INFO: [HLS 200-111] Finished Standard Transforms: CPU user time: 0.01 seconds. CPU system time: 0.01 seconds. Elapsed time: 0.01 seconds; current allocated memory: 1.479 GB.
INFO: [HLS 200-10] Checking synthesizability ...
INFO: [HLS 200-111] Finished Checking Synthesizability: CPU user time: 0.01 seconds. CPU system time: 0 seconds. Elapsed time: 0.02 seconds; current allocated memory: 1.481 GB.
INFO: [HLS 200-111] Finished Loop, function and other optimizations: CPU user time: 0.04 seconds. CPU system time: 0 seconds. Elapsed time: 0.04 seconds; current allocated memory: 1.504 GB.
INFO: [HLS 200-472] Inferring partial write operation for 'inputBuf.V' (/home/miguel_tfg/FINN-v0.9-Stable/deps/finn-hlslib/slidingwindow.h:196:53)
INFO: [HLS 200-472] Inferring partial write operation for 'inputBuf.V' (/home/miguel_tfg/FINN-v0.9-Stable/deps/finn-hlslib/slidingwindow.h:242:55)
WARNING: [ANALYSIS 214-52] Found false intra dependency for variable 'inputBuf.V.3' (/home/miguel_tfg/FINN-v0.9-Stable/deps/finn-hlslib/slidingwindow.h:176).
WARNING: [ANALYSIS 214-52] Found false intra dependency for variable 'inputBuf.V.2' (/home/miguel_tfg/FINN-v0.9-Stable/deps/finn-hlslib/slidingwindow.h:176).
WARNING: [ANALYSIS 214-52] Found false intra dependency for variable 'inputBuf.V.1' (/home/miguel_tfg/FINN-v0.9-Stable/deps/finn-hlslib/slidingwindow.h:176).
WARNING: [ANALYSIS 214-52] Found false intra dependency for variable 'inputBuf.V' (/home/miguel_tfg/FINN-v0.9-Stable/deps/finn-hlslib/slidingwindow.h:176).
WARNING: [ANALYSIS 214-52] Found false inter dependency for variable 'inputBuf.V.3' (/home/miguel_tfg/FINN-v0.9-Stable/deps/finn-hlslib/slidingwindow.h:176).
WARNING: [ANALYSIS 214-52] Found false inter dependency for variable 'inputBuf.V.2' (/home/miguel_tfg/FINN-v0.9-Stable/deps/finn-hlslib/slidingwindow.h:176).
WARNING: [ANALYSIS 214-52] Found false inter dependency for variable 'inputBuf.V.1' (/home/miguel_tfg/FINN-v0.9-Stable/deps/finn-hlslib/slidingwindow.h:176).
WARNING: [ANALYSIS 214-52] Found false inter dependency for variable 'inputBuf.V' (/home/miguel_tfg/FINN-v0.9-Stable/deps/finn-hlslib/slidingwindow.h:176).
WARNING: [ANALYSIS 214-52] Found false intra dependency for variable 'inputBuf.V.3' (/home/miguel_tfg/FINN-v0.9-Stable/deps/finn-hlslib/slidingwindow.h:176).
WARNING: [ANALYSIS 214-52] Found false intra dependency for variable 'inputBuf.V.2' (/home/miguel_tfg/FINN-v0.9-Stable/deps/finn-hlslib/slidingwindow.h:176).
WARNING: [ANALYSIS 214-52] Found false intra dependency for variable 'inputBuf.V.1' (/home/miguel_tfg/FINN-v0.9-Stable/deps/finn-hlslib/slidingwindow.h:176).
WARNING: [ANALYSIS 214-52] Found false intra dependency for variable 'inputBuf.V' (/home/miguel_tfg/FINN-v0.9-Stable/deps/finn-hlslib/slidingwindow.h:176).
WARNING: [ANALYSIS 214-52] Found false inter dependency for variable 'inputBuf.V.3' (/home/miguel_tfg/FINN-v0.9-Stable/deps/finn-hlslib/slidingwindow.h:176).
WARNING: [ANALYSIS 214-52] Found false inter dependency for variable 'inputBuf.V.2' (/home/miguel_tfg/FINN-v0.9-Stable/deps/finn-hlslib/slidingwindow.h:176).
WARNING: [ANALYSIS 214-52] Found false inter dependency for variable 'inputBuf.V.1' (/home/miguel_tfg/FINN-v0.9-Stable/deps/finn-hlslib/slidingwindow.h:176).
WARNING: [ANALYSIS 214-52] Found false inter dependency for variable 'inputBuf.V' (/home/miguel_tfg/FINN-v0.9-Stable/deps/finn-hlslib/slidingwindow.h:176).
INFO: [HLS 200-111] Finished Architecture Synthesis: CPU user time: 0.03 seconds. CPU system time: 0.01 seconds. Elapsed time: 0.04 seconds; current allocated memory: 1.504 GB.
INFO: [HLS 200-10] Starting hardware synthesis ...
INFO: [HLS 200-10] Synthesizing 'ConvolutionInputGenerator_1' ...
INFO: [HLS 200-10] ----------------------------------------------------------------
INFO: [HLS 200-42] -- Implementing module 'ConvolutionInputGenerator_1' 
INFO: [HLS 200-10] ----------------------------------------------------------------
INFO: [SCHED 204-11] Starting scheduling ...
INFO: [SCHED 204-61] Pipelining loop 'VITIS_LOOP_191_2'.
INFO: [HLS 200-1470] Pipelining result : Target II = 1, Final II = 1, Depth = 4, loop 'VITIS_LOOP_191_2'
WARNING: [HLS 200-871] Estimated clock period (7.591ns) exceeds the target (target clock period: 10ns, clock uncertainty: 2.7ns, effective delay budget: 7.3ns).
Resolution: For help on HLS 200-871 see www.xilinx.com/cgi-bin/docs/rdoc?v=2022.2;t=hls+guidance;d=200-871.html
WARNING: [HLS 200-1016] The critical path in module 'ConvolutionInputGenerator_1' consists of the following:	'alloca' operation ('ofm_y') [4]  (0 ns)
	'load' operation ('ofm_y_load', /home/miguel_tfg/FINN-v0.9-Stable/deps/finn-hlslib/slidingwindow.h:229) on local variable 'ofm_y' [104]  (0 ns)
	'add' operation ('ofm_y', /home/miguel_tfg/FINN-v0.9-Stable/deps/finn-hlslib/slidingwindow.h:229) [105]  (2.55 ns)
	'icmp' operation ('icmp_ln230', /home/miguel_tfg/FINN-v0.9-Stable/deps/finn-hlslib/slidingwindow.h:230) [106]  (2.47 ns)
	'select' operation ('inp', /home/miguel_tfg/FINN-v0.9-Stable/deps/finn-hlslib/slidingwindow.h:230) [108]  (0.698 ns)
	'store' operation ('inp_write_ln234', /home/miguel_tfg/FINN-v0.9-Stable/deps/finn-hlslib/slidingwindow.h:234) of variable 'inp', /home/miguel_tfg/FINN-v0.9-Stable/deps/finn-hlslib/slidingwindow.h:230 on local variable 'inp' [110]  (1.71 ns)
	blocking operation 0.161 ns on control path)

Resolution: For help on HLS 200-1016 see www.xilinx.com/cgi-bin/docs/rdoc?v=2022.2;t=hls+guidance;d=200-1016.html
INFO: [SCHED 204-11] Finished scheduling.
INFO: [HLS 200-111] Finished Scheduling: CPU user time: 0.07 seconds. CPU system time: 0.02 seconds. Elapsed time: 0.09 seconds; current allocated memory: 1.504 GB.
INFO: [BIND 205-100] Starting micro-architecture generation ...
INFO: [BIND 205-101] Performing variable lifetime analysis.
INFO: [BIND 205-101] Exploring resource sharing.
WARNING: [BIND 205-102] The specified resource core for memory 'inputBuf_V' will be ignored if a simpler one can be used.
WARNING: [BIND 205-102] The specified resource core for memory 'inputBuf_V_1' will be ignored if a simpler one can be used.
WARNING: [BIND 205-102] The specified resource core for memory 'inputBuf_V_2' will be ignored if a simpler one can be used.
WARNING: [BIND 205-102] The specified resource core for memory 'inputBuf_V_3' will be ignored if a simpler one can be used.
INFO: [BIND 205-101] Binding ...
INFO: [BIND 205-100] Finished micro-architecture generation.
INFO: [HLS 200-111] Finished Binding: CPU user time: 0.04 seconds. CPU system time: 0 seconds. Elapsed time: 0.05 seconds; current allocated memory: 1.504 GB.
INFO: [HLS 200-10] ----------------------------------------------------------------
INFO: [HLS 200-10] -- Generating RTL for module 'ConvolutionInputGenerator_1' 
INFO: [HLS 200-10] ----------------------------------------------------------------
WARNING: [RTGEN 206-101] Design contains AXI ports. Reset is fixed to synchronous and active low.
INFO: [RTGEN 206-500] Setting interface mode on port 'ConvolutionInputGenerator_1/in0_V' to 'axis' (register, both mode).
INFO: [RTGEN 206-500] Setting interface mode on port 'ConvolutionInputGenerator_1/out_V' to 'axis' (register, both mode).
INFO: [RTGEN 206-500] Setting interface mode on function 'ConvolutionInputGenerator_1' to 'ap_ctrl_none'.
INFO: [RTGEN 206-100] Generating core module 'mux_42_64_1_1': 1 instance(s).
INFO: [RTGEN 206-100] Finished creating RTL model for 'ConvolutionInputGenerator_1'.
INFO: [RTMG 210-278] Implementing memory 'ConvolutionInputGenerator_1_inputBuf_V_RAM_S2P_LUTRAM_1R1W' using distributed RAMs.
INFO: [HLS 200-111] Finished Creating RTL model: CPU user time: 0.08 seconds. CPU system time: 0 seconds. Elapsed time: 0.08 seconds; current allocated memory: 1.504 GB.
INFO: [HLS 200-111] Finished Generating all RTL models: CPU user time: 0.42 seconds. CPU system time: 0.01 seconds. Elapsed time: 0.43 seconds; current allocated memory: 1.505 GB.
INFO: [HLS 200-111] Finished Updating report files: CPU user time: 0.15 seconds. CPU system time: 0.01 seconds. Elapsed time: 0.16 seconds; current allocated memory: 1.507 GB.
INFO: [VHDL 208-304] Generating VHDL RTL for ConvolutionInputGenerator_1.
INFO: [VLOG 209-307] Generating Verilog RTL for ConvolutionInputGenerator_1.
INFO: [HLS 200-790] **** Loop Constraint Status: All loop constraints were satisfied.
INFO: [HLS 200-789] **** Estimated Fmax: 131.73 MHz
INFO: [HLS 200-111] Finished Command csynth_design CPU user time: 6.24 seconds. CPU system time: 0.9 seconds. Elapsed time: 7.15 seconds; current allocated memory: 38.781 MB.
INFO: [HLS 200-1510] Running: export_design -format ip_catalog 
INFO: [IMPL 213-8] Exporting RTL as a Vivado IP.

****** Vivado v2022.2.2 (64-bit)
  **** SW Build 3788238 on Tue Feb 21 19:59:23 MST 2023
  **** IP Build 3783773 on Tue Feb 21 23:41:56 MST 2023
    ** Copyright 1986-2023 Xilinx, Inc. All Rights Reserved.

source run_ippack.tcl -notrace
CRITICAL WARNING: [Board 49-4] Problem parsing board_part file - /tools/Xilinx/Vivado/2022.2/data/boards/board_files/TE0727_10_1C/1.0/board.xml
Resolution: Check that the file is valid using an XML validation tool such as xmllint.
CRITICAL WARNING: [Board 49-4] Problem parsing board_part file - /tools/Xilinx/Vivado/2022.2/data/xhub/boards/XilinxBoardStore/boards/Xilinx/TE0727_10_1C/1.0/board.xml
Resolution: Check that the file is valid using an XML validation tool such as xmllint.
INFO: [IP_Flow 19-234] Refreshing IP repositories
INFO: [IP_Flow 19-1704] No user IP repositories specified
INFO: [IP_Flow 19-2313] Loaded Vivado IP repository '/tools/Xilinx/Vivado/2022.2/data/ip'.
INFO: [Common 17-206] Exiting Vivado at Fri Jun 12 09:16:53 2026...
INFO: [HLS 200-802] Generated output file project_ConvolutionInputGenerator_1/sol1/impl/export.zip
INFO: [HLS 200-111] Finished Command export_design CPU user time: 7.53 seconds. CPU system time: 0.77 seconds. Elapsed time: 10.6 seconds; current allocated memory: 6.453 MB.
INFO: [HLS 200-112] Total CPU user time: 15.71 seconds. Total CPU system time: 2.19 seconds. Total elapsed time: 30.11 seconds; peak allocated memory: 1.514 GB.
INFO: [Common 17-206] Exiting vitis_hls at Fri Jun 12 09:16:56 2026...
