
****** Vitis HLS - High-Level Synthesis from C, C++ and OpenCL v2022.2.2 (64-bit)
  **** SW Build 3779808 on Feb 17 2023
  **** IP Build 3783773 on Tue Feb 21 23:41:56 MST 2023
    ** Copyright 1986-2023 Xilinx, Inc. All Rights Reserved.

source /tools/Xilinx/Vitis_HLS/2022.2/scripts/vitis_hls/hls.tcl -notrace
INFO: [HLS 200-10] Running '/tools/Xilinx/Vitis_HLS/2022.2/bin/unwrapped/lnx64.o/vitis_hls'
/tools/Xilinx/Vitis_HLS/2022.2/tps/tcl/tcl8.5/tzdata/Europe/Dublin can't be opened.
INFO: [HLS 200-10] For user '' on host 'finn_dev_miguel_tfg' (Linux_x86_64 version 6.8.0-124-generic) on Fri Jun 12 09:15:15 +0000 2026
INFO: [HLS 200-10] On os Ubuntu 18.04.5 LTS
INFO: [HLS 200-10] In directory '/home/miguel_tfg/FINN-v0.9-Stable/notebooks/UAH_example/FINN_build/code_gen_ipgen_MatrixVectorActivation_3_uqaj8809'
Sourcing Tcl script '/home/miguel_tfg/FINN-v0.9-Stable/notebooks/UAH_example/FINN_build/code_gen_ipgen_MatrixVectorActivation_3_uqaj8809/hls_syn_MatrixVectorActivation_3.tcl'
INFO: [HLS 200-1510] Running: source /home/miguel_tfg/FINN-v0.9-Stable/notebooks/UAH_example/FINN_build/code_gen_ipgen_MatrixVectorActivation_3_uqaj8809/hls_syn_MatrixVectorActivation_3.tcl
HLS project: project_MatrixVectorActivation_3
HW source dir: /home/miguel_tfg/FINN-v0.9-Stable/notebooks/UAH_example/FINN_build/code_gen_ipgen_MatrixVectorActivation_3_uqaj8809
finn-hlslib dir: /home/miguel_tfg/FINN-v0.9-Stable/deps/finn-hlslib
custom HLS dir: /home/miguel_tfg/FINN-v0.9-Stable/custom_hls
INFO: [HLS 200-1510] Running: open_project project_MatrixVectorActivation_3 
INFO: [HLS 200-10] Creating and opening project '/home/miguel_tfg/FINN-v0.9-Stable/notebooks/UAH_example/FINN_build/code_gen_ipgen_MatrixVectorActivation_3_uqaj8809/project_MatrixVectorActivation_3'.
INFO: [HLS 200-1510] Running: add_files /home/miguel_tfg/FINN-v0.9-Stable/notebooks/UAH_example/FINN_build/code_gen_ipgen_MatrixVectorActivation_3_uqaj8809/top_MatrixVectorActivation_3.cpp -cflags -std=c++14 -I/home/miguel_tfg/FINN-v0.9-Stable/deps/finn-hlslib -I/home/miguel_tfg/FINN-v0.9-Stable/custom_hls 
INFO: [HLS 200-10] Adding design file '/home/miguel_tfg/FINN-v0.9-Stable/notebooks/UAH_example/FINN_build/code_gen_ipgen_MatrixVectorActivation_3_uqaj8809/top_MatrixVectorActivation_3.cpp' to the project
INFO: [HLS 200-1510] Running: set_top MatrixVectorActivation_3 
INFO: [HLS 200-1510] Running: open_solution sol1 
INFO: [HLS 200-10] Creating and opening solution '/home/miguel_tfg/FINN-v0.9-Stable/notebooks/UAH_example/FINN_build/code_gen_ipgen_MatrixVectorActivation_3_uqaj8809/project_MatrixVectorActivation_3/sol1'.
INFO: [HLS 200-1505] Using default flow_target 'vivado'
Resolution: For help on HLS 200-1505 see www.xilinx.com/cgi-bin/docs/rdoc?v=2022.2;t=hls+guidance;d=200-1505.html
INFO: [HLS 200-435] Setting 'open_solution -flow_target vivado' configuration: config_interface -m_axi_latency=0
INFO: [HLS 200-1510] Running: set_part xc7z020clg400-1 
INFO: [HLS 200-1611] Setting target device to 'xc7z020-clg400-1'
INFO: [HLS 200-1510] Running: config_compile -disable_unroll_code_size_check -pipeline_style flp 
WARNING: [XFORM 203-506] Disable code size check when do loop unroll.
WARNING: [HLS 200-643] The 'config_compile -disable_unroll_code_size_check' hidden command is deprecated and will be removed in a future release.
INFO: [HLS 200-1510] Running: config_interface -m_axi_addr64 
INFO: [HLS 200-1510] Running: config_rtl -module_auto_prefix 
INFO: [HLS 200-1510] Running: config_rtl -deadlock_detection none 
INFO: [HLS 200-1510] Running: create_clock -period 10.0 -name default 
INFO: [SYN 201-201] Setting up clock 'default' with a period of 10ns.
INFO: [HLS 200-1510] Running: csynth_design 
Running Dispatch Server on port: 37973
INFO: [HLS 200-111] Finished File checks and directory preparation: CPU user time: 0.01 seconds. CPU system time: 0.01 seconds. Elapsed time: 10.03 seconds; current allocated memory: 1.469 GB.
INFO: [HLS 200-10] Analyzing design file '/home/miguel_tfg/FINN-v0.9-Stable/notebooks/UAH_example/FINN_build/code_gen_ipgen_MatrixVectorActivation_3_uqaj8809/top_MatrixVectorActivation_3.cpp' ... 
INFO: [HLS 200-111] Finished Source Code Analysis and Preprocessing: CPU user time: 4.6 seconds. CPU system time: 0.43 seconds. Elapsed time: 5.03 seconds; current allocated memory: 1.477 GB.
INFO: [HLS 200-777] Using interface defaults for 'Vivado' flow target.
INFO: [HLS 214-131] Inlining function 'Slice<ap_uint<4>, 4u>::Container<ap_uint<32> >::Container(ap_uint<32> const&)' into 'Slice<ap_uint<4>, 4u>::Container<ap_uint<32> > Slice<ap_uint<4>, 4u>::operator()<ap_uint<32> >(ap_uint<32> const&, unsigned int) const' (/home/miguel_tfg/FINN-v0.9-Stable/deps/finn-hlslib/interpret.hpp:243:9)
INFO: [HLS 214-131] Inlining function 'Slice<ap_uint<4>, 4u>::Container<ap_uint<32> >::operator()(unsigned int, unsigned int) const' into 'ap_int<17> mac<8u, ap_int<17>, std::array<ap_int<4>, 8ul>, Slice<ap_uint<4>, 4u>::Container<ap_uint<32> >, ap_resource_dsp>(ap_int<17> const&, std::array<ap_int<4>, 8ul> const&, Slice<ap_uint<4>, 4u>::Container<ap_uint<32> > const&, ap_resource_dsp const&, unsigned int)' (/home/miguel_tfg/FINN-v0.9-Stable/deps/finn-hlslib/mac.hpp:169:19)
INFO: [HLS 214-131] Inlining function 'decltype((fp) * (fp0)) mul<ap_int<4>, ap_uint<4> >(ap_int<4> const&, ap_uint<4> const&, ap_resource_dsp const&)' into 'ap_int<17> mac<8u, ap_int<17>, std::array<ap_int<4>, 8ul>, Slice<ap_uint<4>, 4u>::Container<ap_uint<32> >, ap_resource_dsp>(ap_int<17> const&, std::array<ap_int<4>, 8ul> const&, Slice<ap_uint<4>, 4u>::Container<ap_uint<32> > const&, ap_resource_dsp const&, unsigned int)' (/home/miguel_tfg/FINN-v0.9-Stable/deps/finn-hlslib/mac.hpp:169:9)
INFO: [HLS 214-131] Inlining function 'Slice<ap_uint<4>, 4u>::Container<ap_uint<32> >::operator ap_uint<32> const&() const' into 'void Matrix_Vector_Activate_Stream_Batch<4096u, 128u, 8u, 8u, Slice<ap_uint<4>, 4u>, Slice<ap_uint<4>, 4u>, Identity, ap_int<4>, ap_uint<32>, ap_uint<32>, ThresholdsActivation<16u, 8u, 15u, ap_int<17>, ap_uint<4>, 0, comp::less_equal<ap_int<17>, ap_int<17> > >, ap_resource_dsp>(hls::stream<ap_uint<32>, 0>&, hls::stream<ap_uint<32>, 0>&, hls::stream<ap_uint<((8u) * (8u)) * (ap_int<4>::width)>, 0>&, ThresholdsActivation<16u, 8u, 15u, ap_int<17>, ap_uint<4>, 0, comp::less_equal<ap_int<17>, ap_int<17> > > const&, int, ap_resource_dsp const&)' (/home/miguel_tfg/FINN-v0.9-Stable/deps/finn-hlslib/mvau.hpp:298:17)
INFO: [HLS 214-131] Inlining function 'Slice<ap_uint<4>, 4u>::Container<ap_uint<32> >::operator()(unsigned int, unsigned int, bool) const' into 'void Matrix_Vector_Activate_Stream_Batch<4096u, 128u, 8u, 8u, Slice<ap_uint<4>, 4u>, Slice<ap_uint<4>, 4u>, Identity, ap_int<4>, ap_uint<32>, ap_uint<32>, ThresholdsActivation<16u, 8u, 15u, ap_int<17>, ap_uint<4>, 0, comp::less_equal<ap_int<17>, ap_int<17> > >, ap_resource_dsp>(hls::stream<ap_uint<32>, 0>&, hls::stream<ap_uint<32>, 0>&, hls::stream<ap_uint<((8u) * (8u)) * (ap_int<4>::width)>, 0>&, ThresholdsActivation<16u, 8u, 15u, ap_int<17>, ap_uint<4>, 0, comp::less_equal<ap_int<17>, ap_int<17> > > const&, int, ap_resource_dsp const&)' (/home/miguel_tfg/FINN-v0.9-Stable/deps/finn-hlslib/mvau.hpp:295:2)
INFO: [HLS 214-131] Inlining function 'ThresholdsActivation<16u, 8u, 15u, ap_int<17>, ap_uint<4>, 0, comp::less_equal<ap_int<17>, ap_int<17> > >::activate(unsigned int, unsigned int, ap_int<17> const&) const' into 'void Matrix_Vector_Activate_Stream_Batch<4096u, 128u, 8u, 8u, Slice<ap_uint<4>, 4u>, Slice<ap_uint<4>, 4u>, Identity, ap_int<4>, ap_uint<32>, ap_uint<32>, ThresholdsActivation<16u, 8u, 15u, ap_int<17>, ap_uint<4>, 0, comp::less_equal<ap_int<17>, ap_int<17> > >, ap_resource_dsp>(hls::stream<ap_uint<32>, 0>&, hls::stream<ap_uint<32>, 0>&, hls::stream<ap_uint<((8u) * (8u)) * (ap_int<4>::width)>, 0>&, ThresholdsActivation<16u, 8u, 15u, ap_int<17>, ap_uint<4>, 0, comp::less_equal<ap_int<17>, ap_int<17> > > const&, int, ap_resource_dsp const&)' (/home/miguel_tfg/FINN-v0.9-Stable/deps/finn-hlslib/mvau.hpp:295:31)
INFO: [HLS 214-131] Inlining function 'ap_int<17> mac<8u, ap_int<17>, std::array<ap_int<4>, 8ul>, Slice<ap_uint<4>, 4u>::Container<ap_uint<32> >, ap_resource_dsp>(ap_int<17> const&, std::array<ap_int<4>, 8ul> const&, Slice<ap_uint<4>, 4u>::Container<ap_uint<32> > const&, ap_resource_dsp const&, unsigned int)' into 'void Matrix_Vector_Activate_Stream_Batch<4096u, 128u, 8u, 8u, Slice<ap_uint<4>, 4u>, Slice<ap_uint<4>, 4u>, Identity, ap_int<4>, ap_uint<32>, ap_uint<32>, ThresholdsActivation<16u, 8u, 15u, ap_int<17>, ap_uint<4>, 0, comp::less_equal<ap_int<17>, ap_int<17> > >, ap_resource_dsp>(hls::stream<ap_uint<32>, 0>&, hls::stream<ap_uint<32>, 0>&, hls::stream<ap_uint<((8u) * (8u)) * (ap_int<4>::width)>, 0>&, ThresholdsActivation<16u, 8u, 15u, ap_int<17>, ap_uint<4>, 0, comp::less_equal<ap_int<17>, ap_int<17> > > const&, int, ap_resource_dsp const&)' (/home/miguel_tfg/FINN-v0.9-Stable/deps/finn-hlslib/mvau.hpp:285:21)
INFO: [HLS 214-131] Inlining function 'std::array<ap_int<4>, 8ul> const& Identity::operator()<std::array<ap_int<4>, 8ul> >(std::array<ap_int<4>, 8ul> const&) const' into 'void Matrix_Vector_Activate_Stream_Batch<4096u, 128u, 8u, 8u, Slice<ap_uint<4>, 4u>, Slice<ap_uint<4>, 4u>, Identity, ap_int<4>, ap_uint<32>, ap_uint<32>, ThresholdsActivation<16u, 8u, 15u, ap_int<17>, ap_uint<4>, 0, comp::less_equal<ap_int<17>, ap_int<17> > >, ap_resource_dsp>(hls::stream<ap_uint<32>, 0>&, hls::stream<ap_uint<32>, 0>&, hls::stream<ap_uint<((8u) * (8u)) * (ap_int<4>::width)>, 0>&, ThresholdsActivation<16u, 8u, 15u, ap_int<17>, ap_uint<4>, 0, comp::less_equal<ap_int<17>, ap_int<17> > > const&, int, ap_resource_dsp const&)' (/home/miguel_tfg/FINN-v0.9-Stable/deps/finn-hlslib/mvau.hpp:283:24)
INFO: [HLS 214-131] Inlining function 'Weights_Tile<8u, ap_int<4>, 8u>::operator[](unsigned int) const' into 'void Matrix_Vector_Activate_Stream_Batch<4096u, 128u, 8u, 8u, Slice<ap_uint<4>, 4u>, Slice<ap_uint<4>, 4u>, Identity, ap_int<4>, ap_uint<32>, ap_uint<32>, ThresholdsActivation<16u, 8u, 15u, ap_int<17>, ap_uint<4>, 0, comp::less_equal<ap_int<17>, ap_int<17> > >, ap_resource_dsp>(hls::stream<ap_uint<32>, 0>&, hls::stream<ap_uint<32>, 0>&, hls::stream<ap_uint<((8u) * (8u)) * (ap_int<4>::width)>, 0>&, ThresholdsActivation<16u, 8u, 15u, ap_int<17>, ap_uint<4>, 0, comp::less_equal<ap_int<17>, ap_int<17> > > const&, int, ap_resource_dsp const&)' (/home/miguel_tfg/FINN-v0.9-Stable/deps/finn-hlslib/mvau.hpp:283:35)
INFO: [HLS 214-131] Inlining function 'ThresholdsActivation<16u, 8u, 15u, ap_int<17>, ap_uint<4>, 0, comp::less_equal<ap_int<17>, ap_int<17> > >::init(unsigned int, unsigned int) const' into 'void Matrix_Vector_Activate_Stream_Batch<4096u, 128u, 8u, 8u, Slice<ap_uint<4>, 4u>, Slice<ap_uint<4>, 4u>, Identity, ap_int<4>, ap_uint<32>, ap_uint<32>, ThresholdsActivation<16u, 8u, 15u, ap_int<17>, ap_uint<4>, 0, comp::less_equal<ap_int<17>, ap_int<17> > >, ap_resource_dsp>(hls::stream<ap_uint<32>, 0>&, hls::stream<ap_uint<32>, 0>&, hls::stream<ap_uint<((8u) * (8u)) * (ap_int<4>::width)>, 0>&, ThresholdsActivation<16u, 8u, 15u, ap_int<17>, ap_uint<4>, 0, comp::less_equal<ap_int<17>, ap_int<17> > > const&, int, ap_resource_dsp const&)' (/home/miguel_tfg/FINN-v0.9-Stable/deps/finn-hlslib/mvau.hpp:275:27)
INFO: [HLS 214-131] Inlining function 'Slice<ap_uint<4>, 4u>::Container<ap_uint<32> > Slice<ap_uint<4>, 4u>::operator()<ap_uint<32> >(ap_uint<32> const&, unsigned int) const' into 'void Matrix_Vector_Activate_Stream_Batch<4096u, 128u, 8u, 8u, Slice<ap_uint<4>, 4u>, Slice<ap_uint<4>, 4u>, Identity, ap_int<4>, ap_uint<32>, ap_uint<32>, ThresholdsActivation<16u, 8u, 15u, ap_int<17>, ap_uint<4>, 0, comp::less_equal<ap_int<17>, ap_int<17> > >, ap_resource_dsp>(hls::stream<ap_uint<32>, 0>&, hls::stream<ap_uint<32>, 0>&, hls::stream<ap_uint<((8u) * (8u)) * (ap_int<4>::width)>, 0>&, ThresholdsActivation<16u, 8u, 15u, ap_int<17>, ap_uint<4>, 0, comp::less_equal<ap_int<17>, ap_int<17> > > const&, int, ap_resource_dsp const&)' (/home/miguel_tfg/FINN-v0.9-Stable/deps/finn-hlslib/mvau.hpp:282:19)
WARNING: [HLS 214-191] The stream pragma on function argument, in 'call' is unsupported (/home/miguel_tfg/FINN-v0.9-Stable/notebooks/UAH_example/FINN_build/code_gen_ipgen_MatrixVectorActivation_3_uqaj8809/top_MatrixVectorActivation_3.cpp:35:9)
INFO: [HLS 214-377] Adding 'w' into disaggregation list because there's array-partition pragma applied on the struct field (/home/miguel_tfg/FINN-v0.9-Stable/deps/finn-hlslib/mvau.hpp:238:9)
INFO: [HLS 214-377] Adding 'threshs' into disaggregation list because there's array-partition pragma applied on the struct field (/home/miguel_tfg/FINN-v0.9-Stable/notebooks/UAH_example/FINN_build/code_gen_ipgen_MatrixVectorActivation_3_uqaj8809/top_MatrixVectorActivation_3.cpp:37:9)
INFO: [HLS 214-377] Adding 'threshs' into disaggregation list because there's array-partition pragma applied on the struct field (/home/miguel_tfg/FINN-v0.9-Stable/notebooks/UAH_example/FINN_build/code_gen_ipgen_MatrixVectorActivation_3_uqaj8809/top_MatrixVectorActivation_3.cpp:36:9)
INFO: [HLS 214-210] Disaggregating variable 'w' (/home/miguel_tfg/FINN-v0.9-Stable/deps/finn-hlslib/mvau.hpp:237:30)
Resolution: For help on HLS 214-210 see www.xilinx.com/cgi-bin/docs/rdoc?v=2022.2;t=hls+guidance;d=214-210.html
INFO: [HLS 214-210] Disaggregating variable 'threshs' (/home/miguel_tfg/FINN-v0.9-Stable/notebooks/UAH_example/FINN_build/code_gen_ipgen_MatrixVectorActivation_3_uqaj8809/thresh.h:1:0)
Resolution: For help on HLS 214-210 see www.xilinx.com/cgi-bin/docs/rdoc?v=2022.2;t=hls+guidance;d=214-210.html
INFO: [HLS 214-291] Loop 'VITIS_LOOP_266_2' is marked as complete unroll implied by the pipeline pragma (/home/miguel_tfg/FINN-v0.9-Stable/deps/finn-hlslib/mvau.hpp:266:23)
INFO: [HLS 214-291] Loop 'VITIS_LOOP_273_3' is marked as complete unroll implied by the pipeline pragma (/home/miguel_tfg/FINN-v0.9-Stable/deps/finn-hlslib/mvau.hpp:273:25)
INFO: [HLS 214-291] Loop 'VITIS_LOOP_280_4' is marked as complete unroll implied by the pipeline pragma (/home/miguel_tfg/FINN-v0.9-Stable/deps/finn-hlslib/mvau.hpp:280:23)
INFO: [HLS 214-291] Loop 'VITIS_LOOP_159_1' is marked as complete unroll implied by the pipeline pragma (/home/miguel_tfg/FINN-v0.9-Stable/deps/finn-hlslib/weights.hpp:159:23)
INFO: [HLS 214-291] Loop 'VITIS_LOOP_167_1' is marked as complete unroll implied by the pipeline pragma (/home/miguel_tfg/FINN-v0.9-Stable/deps/finn-hlslib/mac.hpp:167:21)
INFO: [HLS 214-291] Loop 'VITIS_LOOP_293_5' is marked as complete unroll implied by the pipeline pragma (/home/miguel_tfg/FINN-v0.9-Stable/deps/finn-hlslib/mvau.hpp:293:25)
INFO: [HLS 214-291] Loop 'VITIS_LOOP_216_1' is marked as complete unroll implied by the pipeline pragma (/home/miguel_tfg/FINN-v0.9-Stable/deps/finn-hlslib/activations.hpp:216:20)
INFO: [HLS 214-186] Unrolling loop 'VITIS_LOOP_266_2' (/home/miguel_tfg/FINN-v0.9-Stable/deps/finn-hlslib/mvau.hpp:266:23) in function 'Matrix_Vector_Activate_Stream_Batch<4096u, 128u, 8u, 8u, Slice<ap_uint<4>, 4u>, Slice<ap_uint<4>, 4u>, Identity, ap_int<4>, ap_uint<32>, ap_uint<32>, ThresholdsActivation<16u, 8u, 15u, ap_int<17>, ap_uint<4>, 0, comp::less_equal<ap_int<17>, ap_int<17> > >, ap_resource_dsp>' completely with a factor of 8 (/home/miguel_tfg/FINN-v0.9-Stable/deps/finn-hlslib/mvau.hpp:220:0)
INFO: [HLS 214-186] Unrolling loop 'VITIS_LOOP_273_3' (/home/miguel_tfg/FINN-v0.9-Stable/deps/finn-hlslib/mvau.hpp:273:25) in function 'Matrix_Vector_Activate_Stream_Batch<4096u, 128u, 8u, 8u, Slice<ap_uint<4>, 4u>, Slice<ap_uint<4>, 4u>, Identity, ap_int<4>, ap_uint<32>, ap_uint<32>, ThresholdsActivation<16u, 8u, 15u, ap_int<17>, ap_uint<4>, 0, comp::less_equal<ap_int<17>, ap_int<17> > >, ap_resource_dsp>' completely with a factor of 8 (/home/miguel_tfg/FINN-v0.9-Stable/deps/finn-hlslib/mvau.hpp:220:0)
INFO: [HLS 214-186] Unrolling loop 'VITIS_LOOP_280_4' (/home/miguel_tfg/FINN-v0.9-Stable/deps/finn-hlslib/mvau.hpp:280:23) in function 'Matrix_Vector_Activate_Stream_Batch<4096u, 128u, 8u, 8u, Slice<ap_uint<4>, 4u>, Slice<ap_uint<4>, 4u>, Identity, ap_int<4>, ap_uint<32>, ap_uint<32>, ThresholdsActivation<16u, 8u, 15u, ap_int<17>, ap_uint<4>, 0, comp::less_equal<ap_int<17>, ap_int<17> > >, ap_resource_dsp>' completely with a factor of 8 (/home/miguel_tfg/FINN-v0.9-Stable/deps/finn-hlslib/mvau.hpp:220:0)
INFO: [HLS 214-186] Unrolling loop 'VITIS_LOOP_167_1' (/home/miguel_tfg/FINN-v0.9-Stable/deps/finn-hlslib/mac.hpp:167:21) in function 'Matrix_Vector_Activate_Stream_Batch<4096u, 128u, 8u, 8u, Slice<ap_uint<4>, 4u>, Slice<ap_uint<4>, 4u>, Identity, ap_int<4>, ap_uint<32>, ap_uint<32>, ThresholdsActivation<16u, 8u, 15u, ap_int<17>, ap_uint<4>, 0, comp::less_equal<ap_int<17>, ap_int<17> > >, ap_resource_dsp>' completely with a factor of 8 (/home/miguel_tfg/FINN-v0.9-Stable/deps/finn-hlslib/mvau.hpp:220:0)
INFO: [HLS 214-186] Unrolling loop 'VITIS_LOOP_159_1' (/home/miguel_tfg/FINN-v0.9-Stable/deps/finn-hlslib/weights.hpp:159:23) in function 'Matrix_Vector_Activate_Stream_Batch<4096u, 128u, 8u, 8u, Slice<ap_uint<4>, 4u>, Slice<ap_uint<4>, 4u>, Identity, ap_int<4>, ap_uint<32>, ap_uint<32>, ThresholdsActivation<16u, 8u, 15u, ap_int<17>, ap_uint<4>, 0, comp::less_equal<ap_int<17>, ap_int<17> > >, ap_resource_dsp>' completely with a factor of 8 (/home/miguel_tfg/FINN-v0.9-Stable/deps/finn-hlslib/mvau.hpp:220:0)
INFO: [HLS 214-186] Unrolling loop 'VITIS_LOOP_293_5' (/home/miguel_tfg/FINN-v0.9-Stable/deps/finn-hlslib/mvau.hpp:293:25) in function 'Matrix_Vector_Activate_Stream_Batch<4096u, 128u, 8u, 8u, Slice<ap_uint<4>, 4u>, Slice<ap_uint<4>, 4u>, Identity, ap_int<4>, ap_uint<32>, ap_uint<32>, ThresholdsActivation<16u, 8u, 15u, ap_int<17>, ap_uint<4>, 0, comp::less_equal<ap_int<17>, ap_int<17> > >, ap_resource_dsp>' completely with a factor of 8 (/home/miguel_tfg/FINN-v0.9-Stable/deps/finn-hlslib/mvau.hpp:220:0)
INFO: [HLS 214-186] Unrolling loop 'VITIS_LOOP_216_1' (/home/miguel_tfg/FINN-v0.9-Stable/deps/finn-hlslib/activations.hpp:216:20) in function 'Matrix_Vector_Activate_Stream_Batch<4096u, 128u, 8u, 8u, Slice<ap_uint<4>, 4u>, Slice<ap_uint<4>, 4u>, Identity, ap_int<4>, ap_uint<32>, ap_uint<32>, ThresholdsActivation<16u, 8u, 15u, ap_int<17>, ap_uint<4>, 0, comp::less_equal<ap_int<17>, ap_int<17> > >, ap_resource_dsp>' completely with a factor of 15 (/home/miguel_tfg/FINN-v0.9-Stable/deps/finn-hlslib/mvau.hpp:220:0)
INFO: [HLS 214-178] Inlining function 'std::__array_traits<ap_int<4>, 8ul>::_S_ref(ap_int<4> const (&) [8], unsigned long)' into 'std::array<ap_int<4>, 8ul>::operator[](unsigned long)' (/tools/Xilinx/Vitis_HLS/2022.2/tps/lnx64/gcc-8.3.0/lib/gcc/x86_64-pc-linux-gnu/8.3.0/../../../../include/c++/8.3.0/array:186:0)
INFO: [HLS 214-178] Inlining function 'std::__array_traits<ap_int<4>, 8ul>::_S_ref(ap_int<4> const (&) [8], unsigned long)' into 'std::array<ap_int<4>, 8ul>::operator[](unsigned long) const' (/tools/Xilinx/Vitis_HLS/2022.2/tps/lnx64/gcc-8.3.0/lib/gcc/x86_64-pc-linux-gnu/8.3.0/../../../../include/c++/8.3.0/array:190:0)
INFO: [HLS 214-178] Inlining function 'std::array<ap_int<4>, 8ul>::operator[](unsigned long)' into 'void Matrix_Vector_Activate_Stream_Batch<4096u, 128u, 8u, 8u, Slice<ap_uint<4>, 4u>, Slice<ap_uint<4>, 4u>, Identity, ap_int<4>, ap_uint<32>, ap_uint<32>, ThresholdsActivation<16u, 8u, 15u, ap_int<17>, ap_uint<4>, 0, comp::less_equal<ap_int<17>, ap_int<17> > >, ap_resource_dsp>(hls::stream<ap_uint<32>, 0>&, hls::stream<ap_uint<32>, 0>&, hls::stream<ap_uint<((8u) * (8u)) * (ap_int<4>::width)>, 0>&, ThresholdsActivation<16u, 8u, 15u, ap_int<17>, ap_uint<4>, 0, comp::less_equal<ap_int<17>, ap_int<17> > > const&, int, ap_resource_dsp const&)' (/home/miguel_tfg/FINN-v0.9-Stable/deps/finn-hlslib/mvau.hpp:220:0)
INFO: [HLS 214-178] Inlining function 'std::array<ap_int<4>, 8ul>::operator[](unsigned long) const' into 'void Matrix_Vector_Activate_Stream_Batch<4096u, 128u, 8u, 8u, Slice<ap_uint<4>, 4u>, Slice<ap_uint<4>, 4u>, Identity, ap_int<4>, ap_uint<32>, ap_uint<32>, ThresholdsActivation<16u, 8u, 15u, ap_int<17>, ap_uint<4>, 0, comp::less_equal<ap_int<17>, ap_int<17> > >, ap_resource_dsp>(hls::stream<ap_uint<32>, 0>&, hls::stream<ap_uint<32>, 0>&, hls::stream<ap_uint<((8u) * (8u)) * (ap_int<4>::width)>, 0>&, ThresholdsActivation<16u, 8u, 15u, ap_int<17>, ap_uint<4>, 0, comp::less_equal<ap_int<17>, ap_int<17> > > const&, int, ap_resource_dsp const&)' (/home/miguel_tfg/FINN-v0.9-Stable/deps/finn-hlslib/mvau.hpp:220:0)
INFO: [HLS 214-248] Applying array_partition to '_ZL7threshs': Complete partitioning on dimension 1. Complete partitioning on dimension 3. (/home/miguel_tfg/FINN-v0.9-Stable/notebooks/UAH_example/FINN_build/code_gen_ipgen_MatrixVectorActivation_3_uqaj8809/thresh.h:1:0)
INFO: [HLS 214-248] Applying array_partition to 'inputBuf': Complete partitioning on dimension 1. (/home/miguel_tfg/FINN-v0.9-Stable/deps/finn-hlslib/mvau.hpp:231:6)
INFO: [HLS 214-248] Applying array_partition to 'accu': Complete partitioning on dimension 1. Complete partitioning on dimension 2. (/home/miguel_tfg/FINN-v0.9-Stable/deps/finn-hlslib/mvau.hpp:234:33)
INFO: [HLS 214-364] Automatically inlining function 'ap_uint<4> Caster<ap_uint<4> >::cast<4>(ap_int<4> const&)' to improve effectiveness of pipeline pragma in function 'void Matrix_Vector_Activate_Stream_Batch<4096u, 128u, 8u, 8u, Slice<ap_uint<4>, 4u>, Slice<ap_uint<4>, 4u>, Identity, ap_int<4>, ap_uint<32>, ap_uint<32>, ThresholdsActivation<16u, 8u, 15u, ap_int<17>, ap_uint<4>, 0, comp::less_equal<ap_int<17>, ap_int<17> > >, ap_resource_dsp>(hls::stream<ap_uint<32>, 0>&, hls::stream<ap_uint<32>, 0>&, hls::stream<ap_uint<((8u) * (8u)) * (ap_int<4>::width)>, 0>&, ThresholdsActivation<16u, 8u, 15u, ap_int<17>, ap_uint<4>, 0, comp::less_equal<ap_int<17>, ap_int<17> > > const&, int, ap_resource_dsp const&)' (/home/miguel_tfg/FINN-v0.9-Stable/deps/finn-hlslib/interpret.hpp:217:14)
INFO: [HLS 214-364] Automatically inlining function 'comp::less_equal<ap_int<17>, ap_int<17> >::operator()(ap_int<17> const&, ap_int<17> const&) const' to improve effectiveness of pipeline pragma in function 'void Matrix_Vector_Activate_Stream_Batch<4096u, 128u, 8u, 8u, Slice<ap_uint<4>, 4u>, Slice<ap_uint<4>, 4u>, Identity, ap_int<4>, ap_uint<32>, ap_uint<32>, ThresholdsActivation<16u, 8u, 15u, ap_int<17>, ap_uint<4>, 0, comp::less_equal<ap_int<17>, ap_int<17> > >, ap_resource_dsp>(hls::stream<ap_uint<32>, 0>&, hls::stream<ap_uint<32>, 0>&, hls::stream<ap_uint<((8u) * (8u)) * (ap_int<4>::width)>, 0>&, ThresholdsActivation<16u, 8u, 15u, ap_int<17>, ap_uint<4>, 0, comp::less_equal<ap_int<17>, ap_int<17> > > const&, int, ap_resource_dsp const&)' (/home/miguel_tfg/FINN-v0.9-Stable/deps/finn-hlslib/activations.hpp:218:10)
INFO: [HLS 200-111] Finished Compiling Optimization and Transform: CPU user time: 18.93 seconds. CPU system time: 0.41 seconds. Elapsed time: 19.34 seconds; current allocated memory: 1.479 GB.
INFO: [HLS 200-111] Finished Checking Pragmas: CPU user time: 0 seconds. CPU system time: 0 seconds. Elapsed time: 0 seconds; current allocated memory: 1.479 GB.
INFO: [HLS 200-10] Starting code transformations ...
INFO: [HLS 200-111] Finished Standard Transforms: CPU user time: 0.5 seconds. CPU system time: 0.01 seconds. Elapsed time: 0.51 seconds; current allocated memory: 1.507 GB.
INFO: [HLS 200-10] Checking synthesizability ...
INFO: [HLS 200-111] Finished Checking Synthesizability: CPU user time: 0.49 seconds. CPU system time: 0.01 seconds. Elapsed time: 0.5 seconds; current allocated memory: 1.534 GB.
INFO: [XFORM 203-11] Balancing expressions in function 'Matrix_Vector_Activate_Stream_Batch<4096u, 128u, 8u, 8u, Slice<ap_uint<4>, 4u>, Slice<ap_uint<4>, 4u>, Identity, ap_int<4>, ap_uint<32>, ap_uint<32>, ThresholdsActivation<16u, 8u, 15u, ap_int<17>, ap_uint<4>, 0, comp::less_equal<ap_int<17>, ap_int<17> > >, ap_resource_dsp>' (/home/miguel_tfg/FINN-v0.9-Stable/deps/finn-hlslib/mvau.hpp:220:20)...232 expression(s) balanced.
INFO: [HLS 200-111] Finished Loop, function and other optimizations: CPU user time: 4.27 seconds. CPU system time: 0.01 seconds. Elapsed time: 4.29 seconds; current allocated memory: 1.597 GB.
INFO: [HLS 200-111] Finished Architecture Synthesis: CPU user time: 6.78 seconds. CPU system time: 0.02 seconds. Elapsed time: 6.79 seconds; current allocated memory: 1.640 GB.
INFO: [HLS 200-10] Starting hardware synthesis ...
INFO: [HLS 200-10] Synthesizing 'MatrixVectorActivation_3' ...
INFO: [HLS 200-10] ----------------------------------------------------------------
INFO: [HLS 200-42] -- Implementing module 'Matrix_Vector_Activate_Stream_Batch' 
INFO: [HLS 200-10] ----------------------------------------------------------------
INFO: [SCHED 204-11] Starting scheduling ...
INFO: [HLS 200-486] Changing DSP latency (root=ret_V_58) to 3 in order to utilize available DSP registers.
INFO: [HLS 200-486] Changing DSP latency (root=ret_V_63) to 3 in order to utilize available DSP registers.
INFO: [HLS 200-486] Changing DSP latency (root=ret_V_56) to 3 in order to utilize available DSP registers.
INFO: [HLS 200-486] Changing DSP latency (root=ret_V_60) to 3 in order to utilize available DSP registers.
INFO: [HLS 200-486] Changing DSP latency (root=ret_V_61) to 3 in order to utilize available DSP registers.
INFO: [HLS 200-486] Changing DSP latency (root=ret_V_50) to 3 in order to utilize available DSP registers.
INFO: [HLS 200-486] Changing DSP latency (root=ret_V_55) to 3 in order to utilize available DSP registers.
INFO: [HLS 200-486] Changing DSP latency (root=ret_V_48) to 3 in order to utilize available DSP registers.
INFO: [HLS 200-486] Changing DSP latency (root=ret_V_52) to 3 in order to utilize available DSP registers.
INFO: [HLS 200-486] Changing DSP latency (root=ret_V_53) to 3 in order to utilize available DSP registers.
INFO: [HLS 200-486] Changing DSP latency (root=ret_V_42) to 3 in order to utilize available DSP registers.
INFO: [HLS 200-486] Changing DSP latency (root=ret_V_47) to 3 in order to utilize available DSP registers.
INFO: [HLS 200-486] Changing DSP latency (root=ret_V_40) to 3 in order to utilize available DSP registers.
INFO: [HLS 200-486] Changing DSP latency (root=ret_V_44) to 3 in order to utilize available DSP registers.
INFO: [HLS 200-486] Changing DSP latency (root=ret_V_45) to 3 in order to utilize available DSP registers.
INFO: [HLS 200-486] Changing DSP latency (root=ret_V_34) to 3 in order to utilize available DSP registers.
INFO: [HLS 200-486] Changing DSP latency (root=ret_V_39) to 3 in order to utilize available DSP registers.
INFO: [HLS 200-486] Changing DSP latency (root=ret_V_32) to 3 in order to utilize available DSP registers.
INFO: [HLS 200-486] Changing DSP latency (root=ret_V_36) to 3 in order to utilize available DSP registers.
INFO: [HLS 200-486] Changing DSP latency (root=ret_V_37) to 3 in order to utilize available DSP registers.
INFO: [HLS 200-486] Changing DSP latency (root=ret_V_26) to 3 in order to utilize available DSP registers.
INFO: [HLS 200-486] Changing DSP latency (root=ret_V_31) to 3 in order to utilize available DSP registers.
INFO: [HLS 200-486] Changing DSP latency (root=ret_V_24) to 3 in order to utilize available DSP registers.
INFO: [HLS 200-486] Changing DSP latency (root=ret_V_28) to 3 in order to utilize available DSP registers.
INFO: [HLS 200-486] Changing DSP latency (root=ret_V_29) to 3 in order to utilize available DSP registers.
INFO: [HLS 200-486] Changing DSP latency (root=ret_V_18) to 3 in order to utilize available DSP registers.
INFO: [HLS 200-486] Changing DSP latency (root=ret_V_23) to 3 in order to utilize available DSP registers.
INFO: [HLS 200-486] Changing DSP latency (root=ret_V_16) to 3 in order to utilize available DSP registers.
INFO: [HLS 200-486] Changing DSP latency (root=ret_V_20) to 3 in order to utilize available DSP registers.
INFO: [HLS 200-486] Changing DSP latency (root=ret_V_21) to 3 in order to utilize available DSP registers.
INFO: [HLS 200-486] Changing DSP latency (root=ret_V_10) to 3 in order to utilize available DSP registers.
INFO: [HLS 200-486] Changing DSP latency (root=ret_V_15) to 3 in order to utilize available DSP registers.
INFO: [HLS 200-486] Changing DSP latency (root=ret_V_8) to 3 in order to utilize available DSP registers.
INFO: [HLS 200-486] Changing DSP latency (root=ret_V_12) to 3 in order to utilize available DSP registers.
INFO: [HLS 200-486] Changing DSP latency (root=ret_V_13) to 3 in order to utilize available DSP registers.
INFO: [HLS 200-486] Changing DSP latency (root=ret_V_2) to 3 in order to utilize available DSP registers.
INFO: [HLS 200-486] Changing DSP latency (root=ret_V_7) to 3 in order to utilize available DSP registers.
INFO: [HLS 200-486] Changing DSP latency (root=ret_V) to 3 in order to utilize available DSP registers.
INFO: [HLS 200-486] Changing DSP latency (root=ret_V_4) to 3 in order to utilize available DSP registers.
INFO: [HLS 200-486] Changing DSP latency (root=ret_V_5) to 3 in order to utilize available DSP registers.
INFO: [SCHED 204-61] Pipelining loop 'VITIS_LOOP_249_1'.
INFO: [HLS 200-1470] Pipelining result : Target II = 1, Final II = 1, Depth = 9, loop 'VITIS_LOOP_249_1'
WARNING: [HLS 200-871] Estimated clock period (7.591ns) exceeds the target (target clock period: 10ns, clock uncertainty: 2.7ns, effective delay budget: 7.3ns).
Resolution: For help on HLS 200-871 see www.xilinx.com/cgi-bin/docs/rdoc?v=2022.2;t=hls+guidance;d=200-871.html
WARNING: [HLS 200-1016] The critical path in module 'Matrix_Vector_Activate_Stream_Batch' consists of the following:	'alloca' operation ('nf') [646]  (0 ns)
	'load' operation ('nf', /home/miguel_tfg/FINN-v0.9-Stable/deps/finn-hlslib/mvau.hpp:302) on local variable 'nf' [657]  (0 ns)
	'add' operation ('nf', /home/miguel_tfg/FINN-v0.9-Stable/deps/finn-hlslib/mvau.hpp:302) [4291]  (2.55 ns)
	'icmp' operation ('icmp_ln302', /home/miguel_tfg/FINN-v0.9-Stable/deps/finn-hlslib/mvau.hpp:302) [4292]  (2.47 ns)
	'select' operation ('nf', /home/miguel_tfg/FINN-v0.9-Stable/deps/finn-hlslib/mvau.hpp:302) [4293]  (0.698 ns)
	'store' operation ('nf_1_write_ln306', /home/miguel_tfg/FINN-v0.9-Stable/deps/finn-hlslib/mvau.hpp:306) of variable 'nf', /home/miguel_tfg/FINN-v0.9-Stable/deps/finn-hlslib/mvau.hpp:302 on local variable 'nf' [4294]  (1.59 ns)
	blocking operation 0.28 ns on control path)

Resolution: For help on HLS 200-1016 see www.xilinx.com/cgi-bin/docs/rdoc?v=2022.2;t=hls+guidance;d=200-1016.html
INFO: [SCHED 204-11] Finished scheduling.
INFO: [HLS 200-111] Finished Scheduling: CPU user time: 4.37 seconds. CPU system time: 0.05 seconds. Elapsed time: 4.42 seconds; current allocated memory: 1.677 GB.
INFO: [BIND 205-100] Starting micro-architecture generation ...
INFO: [BIND 205-101] Performing variable lifetime analysis.
INFO: [BIND 205-101] Exploring resource sharing.
INFO: [BIND 205-101] Binding ...
INFO: [BIND 205-100] Finished micro-architecture generation.
INFO: [HLS 200-111] Finished Binding: CPU user time: 1.32 seconds. CPU system time: 0.02 seconds. Elapsed time: 1.34 seconds; current allocated memory: 1.693 GB.
INFO: [HLS 200-10] ----------------------------------------------------------------
INFO: [HLS 200-42] -- Implementing module 'MatrixVectorActivation_3' 
INFO: [HLS 200-10] ----------------------------------------------------------------
INFO: [SCHED 204-11] Starting scheduling ...
INFO: [SCHED 204-11] Finished scheduling.
INFO: [HLS 200-111] Finished Scheduling: CPU user time: 1.38 seconds. CPU system time: 0 seconds. Elapsed time: 1.38 seconds; current allocated memory: 1.693 GB.
INFO: [BIND 205-100] Starting micro-architecture generation ...
INFO: [BIND 205-101] Performing variable lifetime analysis.
INFO: [BIND 205-101] Exploring resource sharing.
INFO: [BIND 205-101] Binding ...
INFO: [BIND 205-100] Finished micro-architecture generation.
INFO: [HLS 200-111] Finished Binding: CPU user time: 0.22 seconds. CPU system time: 0 seconds. Elapsed time: 0.22 seconds; current allocated memory: 1.693 GB.
INFO: [HLS 200-10] ----------------------------------------------------------------
INFO: [HLS 200-10] -- Generating RTL for module 'Matrix_Vector_Activate_Stream_Batch' 
INFO: [HLS 200-10] ----------------------------------------------------------------
INFO: [RTGEN 206-100] Generating core module 'mac_muladd_4ns_4s_17s_17_4_1': 1 instance(s).
INFO: [RTGEN 206-100] Generating core module 'mac_muladd_4ns_4s_8s_9_4_1': 3 instance(s).
INFO: [RTGEN 206-100] Generating core module 'mac_muladd_4ns_4s_9s_10_4_1': 1 instance(s).
INFO: [RTGEN 206-100] Generating core module 'mac_muladd_4s_4ns_17s_17_4_1': 7 instance(s).
INFO: [RTGEN 206-100] Generating core module 'mac_muladd_4s_4ns_8s_9_4_1': 21 instance(s).
INFO: [RTGEN 206-100] Generating core module 'mac_muladd_4s_4ns_9s_10_4_1': 7 instance(s).
INFO: [RTGEN 206-100] Generating core module 'mul_4ns_4s_8_1_1': 3 instance(s).
INFO: [RTGEN 206-100] Generating core module 'mul_4s_4ns_8_1_1': 21 instance(s).
INFO: [RTGEN 206-100] Generating core module 'mux_5129_32_1_1': 1 instance(s).
INFO: [RTGEN 206-100] Finished creating RTL model for 'Matrix_Vector_Activate_Stream_Batch'.
INFO: [RTMG 210-279] Implementing memory 'MatrixVectorActivation_3_Matrix_Vector_Activate_Stream_Batch_p_ZL7threshs_0_0_ROM_AUTO_1R' using auto ROMs.
INFO: [RTMG 210-279] Implementing memory 'MatrixVectorActivation_3_Matrix_Vector_Activate_Stream_Batch_p_ZL7threshs_0_1_ROM_AUTO_1R' using auto ROMs.
INFO: [RTMG 210-279] Implementing memory 'MatrixVectorActivation_3_Matrix_Vector_Activate_Stream_Batch_p_ZL7threshs_0_2_ROM_AUTO_1R' using auto ROMs.
INFO: [RTMG 210-279] Implementing memory 'MatrixVectorActivation_3_Matrix_Vector_Activate_Stream_Batch_p_ZL7threshs_0_3_ROM_AUTO_1R' using auto ROMs.
INFO: [RTMG 210-279] Implementing memory 'MatrixVectorActivation_3_Matrix_Vector_Activate_Stream_Batch_p_ZL7threshs_0_4_ROM_AUTO_1R' using auto ROMs.
INFO: [RTMG 210-279] Implementing memory 'MatrixVectorActivation_3_Matrix_Vector_Activate_Stream_Batch_p_ZL7threshs_0_5_ROM_AUTO_1R' using auto ROMs.
INFO: [RTMG 210-279] Implementing memory 'MatrixVectorActivation_3_Matrix_Vector_Activate_Stream_Batch_p_ZL7threshs_0_6_ROM_AUTO_1R' using auto ROMs.
INFO: [RTMG 210-279] Implementing memory 'MatrixVectorActivation_3_Matrix_Vector_Activate_Stream_Batch_p_ZL7threshs_0_7_ROM_AUTO_1R' using auto ROMs.
INFO: [RTMG 210-279] Implementing memory 'MatrixVectorActivation_3_Matrix_Vector_Activate_Stream_Batch_p_ZL7threshs_0_8_ROM_AUTO_1R' using auto ROMs.
INFO: [RTMG 210-279] Implementing memory 'MatrixVectorActivation_3_Matrix_Vector_Activate_Stream_Batch_p_ZL7threshs_0_9_ROM_AUTO_1R' using auto ROMs.
INFO: [RTMG 210-279] Implementing memory 'MatrixVectorActivation_3_Matrix_Vector_Activate_Stream_Batch_p_ZL7threshs_0_10_ROM_AUTO_1R' using auto ROMs.
INFO: [RTMG 210-279] Implementing memory 'MatrixVectorActivation_3_Matrix_Vector_Activate_Stream_Batch_p_ZL7threshs_0_11_ROM_AUTO_1R' using auto ROMs.
INFO: [RTMG 210-279] Implementing memory 'MatrixVectorActivation_3_Matrix_Vector_Activate_Stream_Batch_p_ZL7threshs_0_12_ROM_AUTO_1R' using auto ROMs.
INFO: [RTMG 210-279] Implementing memory 'MatrixVectorActivation_3_Matrix_Vector_Activate_Stream_Batch_p_ZL7threshs_0_13_ROM_AUTO_1R' using auto ROMs.
INFO: [RTMG 210-279] Implementing memory 'MatrixVectorActivation_3_Matrix_Vector_Activate_Stream_Batch_p_ZL7threshs_0_14_ROM_AUTO_1R' using auto ROMs.
INFO: [RTMG 210-279] Implementing memory 'MatrixVectorActivation_3_Matrix_Vector_Activate_Stream_Batch_p_ZL7threshs_1_0_ROM_AUTO_1R' using auto ROMs.
INFO: [RTMG 210-279] Implementing memory 'MatrixVectorActivation_3_Matrix_Vector_Activate_Stream_Batch_p_ZL7threshs_1_1_ROM_AUTO_1R' using auto ROMs.
INFO: [RTMG 210-279] Implementing memory 'MatrixVectorActivation_3_Matrix_Vector_Activate_Stream_Batch_p_ZL7threshs_1_2_ROM_AUTO_1R' using auto ROMs.
INFO: [RTMG 210-279] Implementing memory 'MatrixVectorActivation_3_Matrix_Vector_Activate_Stream_Batch_p_ZL7threshs_1_3_ROM_AUTO_1R' using auto ROMs.
INFO: [RTMG 210-279] Implementing memory 'MatrixVectorActivation_3_Matrix_Vector_Activate_Stream_Batch_p_ZL7threshs_1_4_ROM_AUTO_1R' using auto ROMs.
INFO: [RTMG 210-279] Implementing memory 'MatrixVectorActivation_3_Matrix_Vector_Activate_Stream_Batch_p_ZL7threshs_1_5_ROM_AUTO_1R' using auto ROMs.
INFO: [RTMG 210-279] Implementing memory 'MatrixVectorActivation_3_Matrix_Vector_Activate_Stream_Batch_p_ZL7threshs_1_6_ROM_AUTO_1R' using auto ROMs.
INFO: [RTMG 210-279] Implementing memory 'MatrixVectorActivation_3_Matrix_Vector_Activate_Stream_Batch_p_ZL7threshs_1_7_ROM_AUTO_1R' using auto ROMs.
INFO: [RTMG 210-279] Implementing memory 'MatrixVectorActivation_3_Matrix_Vector_Activate_Stream_Batch_p_ZL7threshs_1_8_ROM_AUTO_1R' using auto ROMs.
INFO: [RTMG 210-279] Implementing memory 'MatrixVectorActivation_3_Matrix_Vector_Activate_Stream_Batch_p_ZL7threshs_1_9_ROM_AUTO_1R' using auto ROMs.
INFO: [RTMG 210-279] Implementing memory 'MatrixVectorActivation_3_Matrix_Vector_Activate_Stream_Batch_p_ZL7threshs_1_10_ROM_AUTO_1R' using auto ROMs.
INFO: [RTMG 210-279] Implementing memory 'MatrixVectorActivation_3_Matrix_Vector_Activate_Stream_Batch_p_ZL7threshs_1_11_ROM_AUTO_1R' using auto ROMs.
INFO: [RTMG 210-279] Implementing memory 'MatrixVectorActivation_3_Matrix_Vector_Activate_Stream_Batch_p_ZL7threshs_1_12_ROM_AUTO_1R' using auto ROMs.
INFO: [RTMG 210-279] Implementing memory 'MatrixVectorActivation_3_Matrix_Vector_Activate_Stream_Batch_p_ZL7threshs_1_13_ROM_AUTO_1R' using auto ROMs.
INFO: [RTMG 210-279] Implementing memory 'MatrixVectorActivation_3_Matrix_Vector_Activate_Stream_Batch_p_ZL7threshs_1_14_ROM_AUTO_1R' using auto ROMs.
INFO: [RTMG 210-279] Implementing memory 'MatrixVectorActivation_3_Matrix_Vector_Activate_Stream_Batch_p_ZL7threshs_2_0_ROM_AUTO_1R' using auto ROMs.
INFO: [RTMG 210-279] Implementing memory 'MatrixVectorActivation_3_Matrix_Vector_Activate_Stream_Batch_p_ZL7threshs_2_1_ROM_AUTO_1R' using auto ROMs.
INFO: [RTMG 210-279] Implementing memory 'MatrixVectorActivation_3_Matrix_Vector_Activate_Stream_Batch_p_ZL7threshs_2_2_ROM_AUTO_1R' using auto ROMs.
INFO: [RTMG 210-279] Implementing memory 'MatrixVectorActivation_3_Matrix_Vector_Activate_Stream_Batch_p_ZL7threshs_2_3_ROM_AUTO_1R' using auto ROMs.
INFO: [RTMG 210-279] Implementing memory 'MatrixVectorActivation_3_Matrix_Vector_Activate_Stream_Batch_p_ZL7threshs_2_4_ROM_AUTO_1R' using auto ROMs.
INFO: [RTMG 210-279] Implementing memory 'MatrixVectorActivation_3_Matrix_Vector_Activate_Stream_Batch_p_ZL7threshs_2_5_ROM_AUTO_1R' using auto ROMs.
INFO: [RTMG 210-279] Implementing memory 'MatrixVectorActivation_3_Matrix_Vector_Activate_Stream_Batch_p_ZL7threshs_2_6_ROM_AUTO_1R' using auto ROMs.
INFO: [RTMG 210-279] Implementing memory 'MatrixVectorActivation_3_Matrix_Vector_Activate_Stream_Batch_p_ZL7threshs_2_7_ROM_AUTO_1R' using auto ROMs.
INFO: [RTMG 210-279] Implementing memory 'MatrixVectorActivation_3_Matrix_Vector_Activate_Stream_Batch_p_ZL7threshs_2_8_ROM_AUTO_1R' using auto ROMs.
INFO: [RTMG 210-279] Implementing memory 'MatrixVectorActivation_3_Matrix_Vector_Activate_Stream_Batch_p_ZL7threshs_2_9_ROM_AUTO_1R' using auto ROMs.
INFO: [RTMG 210-279] Implementing memory 'MatrixVectorActivation_3_Matrix_Vector_Activate_Stream_Batch_p_ZL7threshs_2_10_ROM_AUTO_1R' using auto ROMs.
INFO: [RTMG 210-279] Implementing memory 'MatrixVectorActivation_3_Matrix_Vector_Activate_Stream_Batch_p_ZL7threshs_2_11_ROM_AUTO_1R' using auto ROMs.
INFO: [RTMG 210-279] Implementing memory 'MatrixVectorActivation_3_Matrix_Vector_Activate_Stream_Batch_p_ZL7threshs_2_12_ROM_AUTO_1R' using auto ROMs.
INFO: [RTMG 210-279] Implementing memory 'MatrixVectorActivation_3_Matrix_Vector_Activate_Stream_Batch_p_ZL7threshs_2_13_ROM_AUTO_1R' using auto ROMs.
INFO: [RTMG 210-279] Implementing memory 'MatrixVectorActivation_3_Matrix_Vector_Activate_Stream_Batch_p_ZL7threshs_2_14_ROM_AUTO_1R' using auto ROMs.
INFO: [RTMG 210-279] Implementing memory 'MatrixVectorActivation_3_Matrix_Vector_Activate_Stream_Batch_p_ZL7threshs_3_0_ROM_AUTO_1R' using auto ROMs.
INFO: [RTMG 210-279] Implementing memory 'MatrixVectorActivation_3_Matrix_Vector_Activate_Stream_Batch_p_ZL7threshs_3_1_ROM_AUTO_1R' using auto ROMs.
INFO: [RTMG 210-279] Implementing memory 'MatrixVectorActivation_3_Matrix_Vector_Activate_Stream_Batch_p_ZL7threshs_3_2_ROM_AUTO_1R' using auto ROMs.
INFO: [RTMG 210-279] Implementing memory 'MatrixVectorActivation_3_Matrix_Vector_Activate_Stream_Batch_p_ZL7threshs_3_3_ROM_AUTO_1R' using auto ROMs.
INFO: [RTMG 210-279] Implementing memory 'MatrixVectorActivation_3_Matrix_Vector_Activate_Stream_Batch_p_ZL7threshs_3_4_ROM_AUTO_1R' using auto ROMs.
INFO: [RTMG 210-279] Implementing memory 'MatrixVectorActivation_3_Matrix_Vector_Activate_Stream_Batch_p_ZL7threshs_3_5_ROM_AUTO_1R' using auto ROMs.
INFO: [RTMG 210-279] Implementing memory 'MatrixVectorActivation_3_Matrix_Vector_Activate_Stream_Batch_p_ZL7threshs_3_6_ROM_AUTO_1R' using auto ROMs.
INFO: [RTMG 210-279] Implementing memory 'MatrixVectorActivation_3_Matrix_Vector_Activate_Stream_Batch_p_ZL7threshs_3_7_ROM_AUTO_1R' using auto ROMs.
INFO: [RTMG 210-279] Implementing memory 'MatrixVectorActivation_3_Matrix_Vector_Activate_Stream_Batch_p_ZL7threshs_3_8_ROM_AUTO_1R' using auto ROMs.
INFO: [RTMG 210-279] Implementing memory 'MatrixVectorActivation_3_Matrix_Vector_Activate_Stream_Batch_p_ZL7threshs_3_9_ROM_AUTO_1R' using auto ROMs.
INFO: [RTMG 210-279] Implementing memory 'MatrixVectorActivation_3_Matrix_Vector_Activate_Stream_Batch_p_ZL7threshs_3_10_ROM_AUTO_1R' using auto ROMs.
INFO: [RTMG 210-279] Implementing memory 'MatrixVectorActivation_3_Matrix_Vector_Activate_Stream_Batch_p_ZL7threshs_3_11_ROM_AUTO_1R' using auto ROMs.
INFO: [RTMG 210-279] Implementing memory 'MatrixVectorActivation_3_Matrix_Vector_Activate_Stream_Batch_p_ZL7threshs_3_12_ROM_AUTO_1R' using auto ROMs.
INFO: [RTMG 210-279] Implementing memory 'MatrixVectorActivation_3_Matrix_Vector_Activate_Stream_Batch_p_ZL7threshs_3_13_ROM_AUTO_1R' using auto ROMs.
INFO: [RTMG 210-279] Implementing memory 'MatrixVectorActivation_3_Matrix_Vector_Activate_Stream_Batch_p_ZL7threshs_3_14_ROM_AUTO_1R' using auto ROMs.
INFO: [RTMG 210-279] Implementing memory 'MatrixVectorActivation_3_Matrix_Vector_Activate_Stream_Batch_p_ZL7threshs_4_0_ROM_AUTO_1R' using auto ROMs.
INFO: [RTMG 210-279] Implementing memory 'MatrixVectorActivation_3_Matrix_Vector_Activate_Stream_Batch_p_ZL7threshs_4_1_ROM_AUTO_1R' using auto ROMs.
INFO: [RTMG 210-279] Implementing memory 'MatrixVectorActivation_3_Matrix_Vector_Activate_Stream_Batch_p_ZL7threshs_4_2_ROM_AUTO_1R' using auto ROMs.
INFO: [RTMG 210-279] Implementing memory 'MatrixVectorActivation_3_Matrix_Vector_Activate_Stream_Batch_p_ZL7threshs_4_3_ROM_AUTO_1R' using auto ROMs.
INFO: [RTMG 210-279] Implementing memory 'MatrixVectorActivation_3_Matrix_Vector_Activate_Stream_Batch_p_ZL7threshs_4_4_ROM_AUTO_1R' using auto ROMs.
INFO: [RTMG 210-279] Implementing memory 'MatrixVectorActivation_3_Matrix_Vector_Activate_Stream_Batch_p_ZL7threshs_4_5_ROM_AUTO_1R' using auto ROMs.
INFO: [RTMG 210-279] Implementing memory 'MatrixVectorActivation_3_Matrix_Vector_Activate_Stream_Batch_p_ZL7threshs_4_6_ROM_AUTO_1R' using auto ROMs.
INFO: [RTMG 210-279] Implementing memory 'MatrixVectorActivation_3_Matrix_Vector_Activate_Stream_Batch_p_ZL7threshs_4_7_ROM_AUTO_1R' using auto ROMs.
INFO: [RTMG 210-279] Implementing memory 'MatrixVectorActivation_3_Matrix_Vector_Activate_Stream_Batch_p_ZL7threshs_4_8_ROM_AUTO_1R' using auto ROMs.
INFO: [RTMG 210-279] Implementing memory 'MatrixVectorActivation_3_Matrix_Vector_Activate_Stream_Batch_p_ZL7threshs_4_9_ROM_AUTO_1R' using auto ROMs.
INFO: [RTMG 210-279] Implementing memory 'MatrixVectorActivation_3_Matrix_Vector_Activate_Stream_Batch_p_ZL7threshs_4_10_ROM_AUTO_1R' using auto ROMs.
INFO: [RTMG 210-279] Implementing memory 'MatrixVectorActivation_3_Matrix_Vector_Activate_Stream_Batch_p_ZL7threshs_4_11_ROM_AUTO_1R' using auto ROMs.
INFO: [RTMG 210-279] Implementing memory 'MatrixVectorActivation_3_Matrix_Vector_Activate_Stream_Batch_p_ZL7threshs_4_12_ROM_AUTO_1R' using auto ROMs.
INFO: [RTMG 210-279] Implementing memory 'MatrixVectorActivation_3_Matrix_Vector_Activate_Stream_Batch_p_ZL7threshs_4_13_ROM_AUTO_1R' using auto ROMs.
INFO: [RTMG 210-279] Implementing memory 'MatrixVectorActivation_3_Matrix_Vector_Activate_Stream_Batch_p_ZL7threshs_4_14_ROM_AUTO_1R' using auto ROMs.
INFO: [RTMG 210-279] Implementing memory 'MatrixVectorActivation_3_Matrix_Vector_Activate_Stream_Batch_p_ZL7threshs_5_0_ROM_AUTO_1R' using auto ROMs.
INFO: [RTMG 210-279] Implementing memory 'MatrixVectorActivation_3_Matrix_Vector_Activate_Stream_Batch_p_ZL7threshs_5_1_ROM_AUTO_1R' using auto ROMs.
INFO: [RTMG 210-279] Implementing memory 'MatrixVectorActivation_3_Matrix_Vector_Activate_Stream_Batch_p_ZL7threshs_5_2_ROM_AUTO_1R' using auto ROMs.
INFO: [RTMG 210-279] Implementing memory 'MatrixVectorActivation_3_Matrix_Vector_Activate_Stream_Batch_p_ZL7threshs_5_3_ROM_AUTO_1R' using auto ROMs.
INFO: [RTMG 210-279] Implementing memory 'MatrixVectorActivation_3_Matrix_Vector_Activate_Stream_Batch_p_ZL7threshs_5_4_ROM_AUTO_1R' using auto ROMs.
INFO: [RTMG 210-279] Implementing memory 'MatrixVectorActivation_3_Matrix_Vector_Activate_Stream_Batch_p_ZL7threshs_5_5_ROM_AUTO_1R' using auto ROMs.
INFO: [RTMG 210-279] Implementing memory 'MatrixVectorActivation_3_Matrix_Vector_Activate_Stream_Batch_p_ZL7threshs_5_6_ROM_AUTO_1R' using auto ROMs.
INFO: [RTMG 210-279] Implementing memory 'MatrixVectorActivation_3_Matrix_Vector_Activate_Stream_Batch_p_ZL7threshs_5_7_ROM_AUTO_1R' using auto ROMs.
INFO: [RTMG 210-279] Implementing memory 'MatrixVectorActivation_3_Matrix_Vector_Activate_Stream_Batch_p_ZL7threshs_5_8_ROM_AUTO_1R' using auto ROMs.
INFO: [RTMG 210-279] Implementing memory 'MatrixVectorActivation_3_Matrix_Vector_Activate_Stream_Batch_p_ZL7threshs_5_9_ROM_AUTO_1R' using auto ROMs.
INFO: [RTMG 210-279] Implementing memory 'MatrixVectorActivation_3_Matrix_Vector_Activate_Stream_Batch_p_ZL7threshs_5_10_ROM_AUTO_1R' using auto ROMs.
INFO: [RTMG 210-279] Implementing memory 'MatrixVectorActivation_3_Matrix_Vector_Activate_Stream_Batch_p_ZL7threshs_5_11_ROM_AUTO_1R' using auto ROMs.
INFO: [RTMG 210-279] Implementing memory 'MatrixVectorActivation_3_Matrix_Vector_Activate_Stream_Batch_p_ZL7threshs_5_12_ROM_AUTO_1R' using auto ROMs.
INFO: [RTMG 210-279] Implementing memory 'MatrixVectorActivation_3_Matrix_Vector_Activate_Stream_Batch_p_ZL7threshs_5_13_ROM_AUTO_1R' using auto ROMs.
INFO: [RTMG 210-279] Implementing memory 'MatrixVectorActivation_3_Matrix_Vector_Activate_Stream_Batch_p_ZL7threshs_5_14_ROM_AUTO_1R' using auto ROMs.
INFO: [RTMG 210-279] Implementing memory 'MatrixVectorActivation_3_Matrix_Vector_Activate_Stream_Batch_p_ZL7threshs_6_0_ROM_AUTO_1R' using auto ROMs.
INFO: [RTMG 210-279] Implementing memory 'MatrixVectorActivation_3_Matrix_Vector_Activate_Stream_Batch_p_ZL7threshs_6_1_ROM_AUTO_1R' using auto ROMs.
INFO: [RTMG 210-279] Implementing memory 'MatrixVectorActivation_3_Matrix_Vector_Activate_Stream_Batch_p_ZL7threshs_6_2_ROM_AUTO_1R' using auto ROMs.
INFO: [RTMG 210-279] Implementing memory 'MatrixVectorActivation_3_Matrix_Vector_Activate_Stream_Batch_p_ZL7threshs_6_3_ROM_AUTO_1R' using auto ROMs.
INFO: [RTMG 210-279] Implementing memory 'MatrixVectorActivation_3_Matrix_Vector_Activate_Stream_Batch_p_ZL7threshs_6_4_ROM_AUTO_1R' using auto ROMs.
INFO: [RTMG 210-279] Implementing memory 'MatrixVectorActivation_3_Matrix_Vector_Activate_Stream_Batch_p_ZL7threshs_6_5_ROM_AUTO_1R' using auto ROMs.
INFO: [RTMG 210-279] Implementing memory 'MatrixVectorActivation_3_Matrix_Vector_Activate_Stream_Batch_p_ZL7threshs_6_6_ROM_AUTO_1R' using auto ROMs.
INFO: [RTMG 210-279] Implementing memory 'MatrixVectorActivation_3_Matrix_Vector_Activate_Stream_Batch_p_ZL7threshs_6_7_ROM_AUTO_1R' using auto ROMs.
INFO: [RTMG 210-279] Implementing memory 'MatrixVectorActivation_3_Matrix_Vector_Activate_Stream_Batch_p_ZL7threshs_6_8_ROM_AUTO_1R' using auto ROMs.
INFO: [RTMG 210-279] Implementing memory 'MatrixVectorActivation_3_Matrix_Vector_Activate_Stream_Batch_p_ZL7threshs_6_9_ROM_AUTO_1R' using auto ROMs.
INFO: [RTMG 210-279] Implementing memory 'MatrixVectorActivation_3_Matrix_Vector_Activate_Stream_Batch_p_ZL7threshs_6_10_ROM_AUTO_1R' using auto ROMs.
INFO: [RTMG 210-279] Implementing memory 'MatrixVectorActivation_3_Matrix_Vector_Activate_Stream_Batch_p_ZL7threshs_6_11_ROM_AUTO_1R' using auto ROMs.
INFO: [RTMG 210-279] Implementing memory 'MatrixVectorActivation_3_Matrix_Vector_Activate_Stream_Batch_p_ZL7threshs_6_12_ROM_AUTO_1R' using auto ROMs.
INFO: [RTMG 210-279] Implementing memory 'MatrixVectorActivation_3_Matrix_Vector_Activate_Stream_Batch_p_ZL7threshs_6_13_ROM_AUTO_1R' using auto ROMs.
INFO: [RTMG 210-279] Implementing memory 'MatrixVectorActivation_3_Matrix_Vector_Activate_Stream_Batch_p_ZL7threshs_6_14_ROM_AUTO_1R' using auto ROMs.
INFO: [RTMG 210-279] Implementing memory 'MatrixVectorActivation_3_Matrix_Vector_Activate_Stream_Batch_p_ZL7threshs_7_0_ROM_AUTO_1R' using auto ROMs.
INFO: [RTMG 210-279] Implementing memory 'MatrixVectorActivation_3_Matrix_Vector_Activate_Stream_Batch_p_ZL7threshs_7_1_ROM_AUTO_1R' using auto ROMs.
INFO: [RTMG 210-279] Implementing memory 'MatrixVectorActivation_3_Matrix_Vector_Activate_Stream_Batch_p_ZL7threshs_7_2_ROM_AUTO_1R' using auto ROMs.
INFO: [RTMG 210-279] Implementing memory 'MatrixVectorActivation_3_Matrix_Vector_Activate_Stream_Batch_p_ZL7threshs_7_3_ROM_AUTO_1R' using auto ROMs.
INFO: [RTMG 210-279] Implementing memory 'MatrixVectorActivation_3_Matrix_Vector_Activate_Stream_Batch_p_ZL7threshs_7_4_ROM_AUTO_1R' using auto ROMs.
INFO: [RTMG 210-279] Implementing memory 'MatrixVectorActivation_3_Matrix_Vector_Activate_Stream_Batch_p_ZL7threshs_7_5_ROM_AUTO_1R' using auto ROMs.
INFO: [RTMG 210-279] Implementing memory 'MatrixVectorActivation_3_Matrix_Vector_Activate_Stream_Batch_p_ZL7threshs_7_6_ROM_AUTO_1R' using auto ROMs.
INFO: [RTMG 210-279] Implementing memory 'MatrixVectorActivation_3_Matrix_Vector_Activate_Stream_Batch_p_ZL7threshs_7_7_ROM_AUTO_1R' using auto ROMs.
INFO: [RTMG 210-279] Implementing memory 'MatrixVectorActivation_3_Matrix_Vector_Activate_Stream_Batch_p_ZL7threshs_7_8_ROM_AUTO_1R' using auto ROMs.
INFO: [RTMG 210-279] Implementing memory 'MatrixVectorActivation_3_Matrix_Vector_Activate_Stream_Batch_p_ZL7threshs_7_9_ROM_AUTO_1R' using auto ROMs.
INFO: [RTMG 210-279] Implementing memory 'MatrixVectorActivation_3_Matrix_Vector_Activate_Stream_Batch_p_ZL7threshs_7_10_ROM_AUTO_1R' using auto ROMs.
INFO: [RTMG 210-279] Implementing memory 'MatrixVectorActivation_3_Matrix_Vector_Activate_Stream_Batch_p_ZL7threshs_7_11_ROM_AUTO_1R' using auto ROMs.
INFO: [RTMG 210-279] Implementing memory 'MatrixVectorActivation_3_Matrix_Vector_Activate_Stream_Batch_p_ZL7threshs_7_12_ROM_AUTO_1R' using auto ROMs.
INFO: [RTMG 210-279] Implementing memory 'MatrixVectorActivation_3_Matrix_Vector_Activate_Stream_Batch_p_ZL7threshs_7_13_ROM_AUTO_1R' using auto ROMs.
INFO: [RTMG 210-279] Implementing memory 'MatrixVectorActivation_3_Matrix_Vector_Activate_Stream_Batch_p_ZL7threshs_7_14_ROM_AUTO_1R' using auto ROMs.
INFO: [HLS 200-111] Finished Creating RTL model: CPU user time: 1.6 seconds. CPU system time: 0.03 seconds. Elapsed time: 1.63 seconds; current allocated memory: 1.719 GB.
INFO: [HLS 200-10] ----------------------------------------------------------------
INFO: [HLS 200-10] -- Generating RTL for module 'MatrixVectorActivation_3' 
INFO: [HLS 200-10] ----------------------------------------------------------------
WARNING: [RTGEN 206-101] Design contains AXI ports. Reset is fixed to synchronous and active low.
INFO: [RTGEN 206-500] Setting interface mode on port 'MatrixVectorActivation_3/in0_V' to 'axis' (register, both mode).
INFO: [RTGEN 206-500] Setting interface mode on port 'MatrixVectorActivation_3/weights_V' to 'axis' (register, both mode).
INFO: [RTGEN 206-500] Setting interface mode on port 'MatrixVectorActivation_3/out_V' to 'axis' (register, both mode).
INFO: [RTGEN 206-500] Setting interface mode on function 'MatrixVectorActivation_3' to 'ap_ctrl_none'.
INFO: [RTGEN 206-100] Finished creating RTL model for 'MatrixVectorActivation_3'.
INFO: [HLS 200-111] Finished Creating RTL model: CPU user time: 2.75 seconds. CPU system time: 0.11 seconds. Elapsed time: 2.85 seconds; current allocated memory: 1.776 GB.
INFO: [HLS 200-111] Finished Generating all RTL models: CPU user time: 1.28 seconds. CPU system time: 0.04 seconds. Elapsed time: 1.33 seconds; current allocated memory: 1.779 GB.
INFO: [HLS 200-111] Finished Updating report files: CPU user time: 0.41 seconds. CPU system time: 0.01 seconds. Elapsed time: 0.42 seconds; current allocated memory: 1.787 GB.
INFO: [VHDL 208-304] Generating VHDL RTL for MatrixVectorActivation_3.
INFO: [VLOG 209-307] Generating Verilog RTL for MatrixVectorActivation_3.
INFO: [HLS 200-790] **** Loop Constraint Status: All loop constraints were satisfied.
INFO: [HLS 200-789] **** Estimated Fmax: 131.73 MHz
INFO: [HLS 200-111] Finished Command csynth_design CPU user time: 48.91 seconds. CPU system time: 1.15 seconds. Elapsed time: 50.06 seconds; current allocated memory: 325.387 MB.
INFO: [HLS 200-1510] Running: export_design -format ip_catalog 
INFO: [IMPL 213-8] Exporting RTL as a Vivado IP.

****** Vivado v2022.2.2 (64-bit)
  **** SW Build 3788238 on Tue Feb 21 19:59:23 MST 2023
  **** IP Build 3783773 on Tue Feb 21 23:41:56 MST 2023
    ** Copyright 1986-2023 Xilinx, Inc. All Rights Reserved.

source run_ippack.tcl -notrace
CRITICAL WARNING: [Board 49-4] Problem parsing board_part file - /tools/Xilinx/Vivado/2022.2/data/boards/board_files/TE0727_10_1C/1.0/board.xml
Resolution: Check that the file is valid using an XML validation tool such as xmllint.
CRITICAL WARNING: [Board 49-4] Problem parsing board_part file - /tools/Xilinx/Vivado/2022.2/data/xhub/boards/XilinxBoardStore/boards/Xilinx/TE0727_10_1C/1.0/board.xml
Resolution: Check that the file is valid using an XML validation tool such as xmllint.
INFO: [IP_Flow 19-234] Refreshing IP repositories
INFO: [IP_Flow 19-1704] No user IP repositories specified
INFO: [IP_Flow 19-2313] Loaded Vivado IP repository '/tools/Xilinx/Vivado/2022.2/data/ip'.
INFO: [Common 17-206] Exiting Vivado at Fri Jun 12 09:16:26 2026...
INFO: [HLS 200-802] Generated output file project_MatrixVectorActivation_3/sol1/impl/export.zip
INFO: [HLS 200-111] Finished Command export_design CPU user time: 8.09 seconds. CPU system time: 0.76 seconds. Elapsed time: 10.46 seconds; current allocated memory: 5.910 MB.
INFO: [HLS 200-112] Total CPU user time: 59 seconds. Total CPU system time: 2.41 seconds. Total elapsed time: 72.89 seconds; peak allocated memory: 1.793 GB.
INFO: [Common 17-206] Exiting vitis_hls at Fri Jun 12 09:16:28 2026...
