
*** Running vivado
    with args -log finn_design_fifo_1.vds -m64 -product Vivado -mode batch -messageDb vivado.pb -notrace -source finn_design_fifo_1.tcl


****** Vivado v2022.2.2 (64-bit)
  **** SW Build 3788238 on Tue Feb 21 19:59:23 MST 2023
  **** IP Build 3783773 on Tue Feb 21 23:41:56 MST 2023
    ** Copyright 1986-2023 Xilinx, Inc. All Rights Reserved.

source finn_design_fifo_1.tcl -notrace
CRITICAL WARNING: [Board 49-4] Problem parsing board_part file - /tools/Xilinx/Vivado/2022.2/data/boards/board_files/TE0727_10_1C/1.0/board.xml
Resolution: Check that the file is valid using an XML validation tool such as xmllint.
CRITICAL WARNING: [Board 49-4] Problem parsing board_part file - /tools/Xilinx/Vivado/2022.2/data/xhub/boards/XilinxBoardStore/boards/Xilinx/TE0727_10_1C/1.0/board.xml
Resolution: Check that the file is valid using an XML validation tool such as xmllint.
INFO: [IP_Flow 19-234] Refreshing IP repositories
INFO: [IP_Flow 19-1700] Loaded user IP repository '/home/miguel_tfg/FINN-v0.9-Stable/finn-rtllib/memstream'.
INFO: [IP_Flow 19-1700] Loaded user IP repository '/tmp/FINN_build_mlp27k_w4a8_ft_clean/code_gen_ipgen_StreamingFIFO_0_0_mptvji3l/project_StreamingFIFO_0_0/sol1/impl/verilog'.
INFO: [IP_Flow 19-1700] Loaded user IP repository '/tmp/FINN_build_mlp27k_w4a8_ft_clean/code_gen_ipgen_StreamingFIFO_0_1_y03kxkv1/project_StreamingFIFO_0_1/sol1/impl/verilog'.
INFO: [IP_Flow 19-1700] Loaded user IP repository '/tmp/FINN_build_mlp27k_w4a8_ft_clean/code_gen_ipgen_Thresholding_Batch_0_jcyptf8i/project_Thresholding_Batch_0/sol1/impl/ip'.
INFO: [IP_Flow 19-1700] Loaded user IP repository '/tmp/FINN_build_mlp27k_w4a8_ft_clean/code_gen_ipgen_StreamingFIFO_1_0_h2t5sgzy/project_StreamingFIFO_1_0/sol1/impl/verilog'.
INFO: [IP_Flow 19-1700] Loaded user IP repository '/tmp/FINN_build_mlp27k_w4a8_ft_clean/code_gen_ipgen_StreamingFIFO_1_1_2y6q_dbz/project_StreamingFIFO_1_1/sol1/impl/verilog'.
INFO: [IP_Flow 19-1700] Loaded user IP repository '/tmp/FINN_build_mlp27k_w4a8_ft_clean/code_gen_ipgen_MatrixVectorActivation_0_bcm0pwkr/project_MatrixVectorActivation_0/sol1/impl/ip'.
INFO: [IP_Flow 19-1700] Loaded user IP repository '/tmp/FINN_build_mlp27k_w4a8_ft_clean/code_gen_ipgen_StreamingFIFO_2_tnhtsv9p/project_StreamingFIFO_2/sol1/impl/verilog'.
INFO: [IP_Flow 19-1700] Loaded user IP repository '/tmp/FINN_build_mlp27k_w4a8_ft_clean/code_gen_ipgen_MatrixVectorActivation_1_ymjdvd67/project_MatrixVectorActivation_1/sol1/impl/ip'.
INFO: [IP_Flow 19-1700] Loaded user IP repository '/tmp/FINN_build_mlp27k_w4a8_ft_clean/code_gen_ipgen_MatrixVectorActivation_2_xj0kii62/project_MatrixVectorActivation_2/sol1/impl/ip'.
INFO: [IP_Flow 19-2313] Loaded Vivado IP repository '/tools/Xilinx/Vivado/2022.2/data/ip'.
INFO: [IP_Flow 19-6924] IPCACHE: Running cache check for IP inst: finn_design_fifo_1
Command: synth_design -top finn_design_fifo_1 -part xc7z020clg400-1 -incremental_mode off -mode out_of_context
Starting synth_design
Attempting to get a license for feature 'Synthesis' and/or device 'xc7z020'
INFO: [Common 17-349] Got license for feature 'Synthesis' and/or device 'xc7z020'
INFO: [Device 21-403] Loading part xc7z020clg400-1
INFO: [Synth 8-7079] Multithreading enabled for synth_design using a maximum of 4 processes.
INFO: [Synth 8-7078] Launching helper process for spawning children vivado processes
INFO: [Synth 8-7075] Helper process launched with PID 43985
INFO: [Synth 8-11241] undeclared symbol 'REGCCE', assumed default net type 'wire' [/tools/Xilinx/Vivado/2022.2/data/verilog/src/unimacro/BRAM_SINGLE_MACRO.v:2170]
---------------------------------------------------------------------------------
Starting RTL Elaboration : Time (s): cpu = 00:00:02 ; elapsed = 00:00:02 . Memory (MB): peak = 3123.258 ; gain = 433.766 ; free physical = 29942 ; free virtual = 54935
Synthesis current peak Physical Memory [PSS] (MB): peak = 2145.660; parent = 1992.838; children = 152.822
Synthesis current peak Virtual Memory [VSS] (MB): peak = 4241.773; parent = 3129.199; children = 1112.574
---------------------------------------------------------------------------------
INFO: [Synth 8-6157] synthesizing module 'finn_design_fifo_1' [/tmp/FINN_build_mlp27k_w4a8_ft_clean/vivado_stitch_proj_8ba8a6h2/finn_vivado_stitch_proj.gen/sources_1/bd/finn_design/ip/finn_design_fifo_1/synth/finn_design_fifo_1.v:53]
INFO: [Synth 8-6157] synthesizing module 'axis_data_fifo_v2_0_9_top' [/tmp/FINN_build_mlp27k_w4a8_ft_clean/vivado_stitch_proj_8ba8a6h2/finn_vivado_stitch_proj.gen/sources_1/bd/finn_design/ipshared/dbd8/hdl/axis_data_fifo_v2_0_vl_rfs.v:54]
INFO: [Synth 8-6157] synthesizing module 'axis_infrastructure_v1_1_0_util_aclken_converter_wrapper' [/tmp/FINN_build_mlp27k_w4a8_ft_clean/vivado_stitch_proj_8ba8a6h2/finn_vivado_stitch_proj.gen/sources_1/bd/finn_design/ipshared/8713/hdl/axis_infrastructure_v1_1_vl_rfs.v:599]
INFO: [Synth 8-6157] synthesizing module 'axis_infrastructure_v1_1_0_util_axis2vector' [/tmp/FINN_build_mlp27k_w4a8_ft_clean/vivado_stitch_proj_8ba8a6h2/finn_vivado_stitch_proj.gen/sources_1/bd/finn_design/ipshared/8713/hdl/axis_infrastructure_v1_1_vl_rfs.v:809]
INFO: [Synth 8-6155] done synthesizing module 'axis_infrastructure_v1_1_0_util_axis2vector' (0#1) [/tmp/FINN_build_mlp27k_w4a8_ft_clean/vivado_stitch_proj_8ba8a6h2/finn_vivado_stitch_proj.gen/sources_1/bd/finn_design/ipshared/8713/hdl/axis_infrastructure_v1_1_vl_rfs.v:809]
INFO: [Synth 8-6157] synthesizing module 'axis_infrastructure_v1_1_0_util_vector2axis' [/tmp/FINN_build_mlp27k_w4a8_ft_clean/vivado_stitch_proj_8ba8a6h2/finn_vivado_stitch_proj.gen/sources_1/bd/finn_design/ipshared/8713/hdl/axis_infrastructure_v1_1_vl_rfs.v:991]
INFO: [Synth 8-6155] done synthesizing module 'axis_infrastructure_v1_1_0_util_vector2axis' (0#1) [/tmp/FINN_build_mlp27k_w4a8_ft_clean/vivado_stitch_proj_8ba8a6h2/finn_vivado_stitch_proj.gen/sources_1/bd/finn_design/ipshared/8713/hdl/axis_infrastructure_v1_1_vl_rfs.v:991]
INFO: [Synth 8-6155] done synthesizing module 'axis_infrastructure_v1_1_0_util_aclken_converter_wrapper' (0#1) [/tmp/FINN_build_mlp27k_w4a8_ft_clean/vivado_stitch_proj_8ba8a6h2/finn_vivado_stitch_proj.gen/sources_1/bd/finn_design/ipshared/8713/hdl/axis_infrastructure_v1_1_vl_rfs.v:599]
INFO: [Synth 8-6157] synthesizing module 'xpm_fifo_axis' [/tools/Xilinx/Vivado/2022.2/data/ip/xpm/xpm_fifo/hdl/xpm_fifo.sv:2349]
INFO: [Synth 8-6157] synthesizing module 'xpm_cdc_sync_rst' [/tools/Xilinx/Vivado/2022.2/data/ip/xpm/xpm_cdc/hdl/xpm_cdc.sv:1058]
INFO: [Synth 8-6155] done synthesizing module 'xpm_cdc_sync_rst' (0#1) [/tools/Xilinx/Vivado/2022.2/data/ip/xpm/xpm_cdc/hdl/xpm_cdc.sv:1058]
INFO: [Synth 8-6157] synthesizing module 'xpm_fifo_base' [/tools/Xilinx/Vivado/2022.2/data/ip/xpm/xpm_fifo/hdl/xpm_fifo.sv:55]
INFO: [Synth 8-6157] synthesizing module 'xpm_memory_base' [/tools/Xilinx/Vivado/2022.2/data/ip/xpm/xpm_memory/hdl/xpm_memory.sv:56]
INFO: [Synth 8-6059] Synth Info: [XPM_MEMORY 20-1] MEMORY_PRIMITIVE (0) instructs Vivado Synthesis to choose the memory primitive type. Depending on their values, other XPM_MEMORY parameters may preclude the choice of certain memory primitive types. Review XPM_MEMORY documentation and parameter values to understand any limitations, or set MEMORY_PRIMITIVE to a different value.   [/tools/Xilinx/Vivado/2022.2/data/ip/xpm/xpm_memory/hdl/xpm_memory.sv:493]
INFO: [Synth 8-6155] done synthesizing module 'xpm_memory_base' (0#1) [/tools/Xilinx/Vivado/2022.2/data/ip/xpm/xpm_memory/hdl/xpm_memory.sv:56]
INFO: [Synth 8-226] default block is never used [/tools/Xilinx/Vivado/2022.2/data/ip/xpm/xpm_fifo/hdl/xpm_fifo.sv:1207]
INFO: [Synth 8-226] default block is never used [/tools/Xilinx/Vivado/2022.2/data/ip/xpm/xpm_fifo/hdl/xpm_fifo.sv:1274]
INFO: [Synth 8-226] default block is never used [/tools/Xilinx/Vivado/2022.2/data/ip/xpm/xpm_fifo/hdl/xpm_fifo.sv:1296]
INFO: [Synth 8-6157] synthesizing module 'xpm_fifo_reg_bit' [/tools/Xilinx/Vivado/2022.2/data/ip/xpm/xpm_fifo/hdl/xpm_fifo.sv:1907]
INFO: [Synth 8-6155] done synthesizing module 'xpm_fifo_reg_bit' (0#1) [/tools/Xilinx/Vivado/2022.2/data/ip/xpm/xpm_fifo/hdl/xpm_fifo.sv:1907]
INFO: [Synth 8-6157] synthesizing module 'xpm_counter_updn' [/tools/Xilinx/Vivado/2022.2/data/ip/xpm/xpm_fifo/hdl/xpm_fifo.sv:1859]
INFO: [Synth 8-6155] done synthesizing module 'xpm_counter_updn' (0#1) [/tools/Xilinx/Vivado/2022.2/data/ip/xpm/xpm_fifo/hdl/xpm_fifo.sv:1859]
INFO: [Synth 8-6157] synthesizing module 'xpm_fifo_rst' [/tools/Xilinx/Vivado/2022.2/data/ip/xpm/xpm_fifo/hdl/xpm_fifo.sv:1619]
INFO: [Synth 8-6155] done synthesizing module 'xpm_fifo_rst' (0#1) [/tools/Xilinx/Vivado/2022.2/data/ip/xpm/xpm_fifo/hdl/xpm_fifo.sv:1619]
INFO: [Synth 8-6157] synthesizing module 'xpm_counter_updn__parameterized0' [/tools/Xilinx/Vivado/2022.2/data/ip/xpm/xpm_fifo/hdl/xpm_fifo.sv:1859]
INFO: [Synth 8-6155] done synthesizing module 'xpm_counter_updn__parameterized0' (0#1) [/tools/Xilinx/Vivado/2022.2/data/ip/xpm/xpm_fifo/hdl/xpm_fifo.sv:1859]
INFO: [Synth 8-6157] synthesizing module 'xpm_counter_updn__parameterized1' [/tools/Xilinx/Vivado/2022.2/data/ip/xpm/xpm_fifo/hdl/xpm_fifo.sv:1859]
INFO: [Synth 8-6155] done synthesizing module 'xpm_counter_updn__parameterized1' (0#1) [/tools/Xilinx/Vivado/2022.2/data/ip/xpm/xpm_fifo/hdl/xpm_fifo.sv:1859]
INFO: [Synth 8-6157] synthesizing module 'xpm_counter_updn__parameterized2' [/tools/Xilinx/Vivado/2022.2/data/ip/xpm/xpm_fifo/hdl/xpm_fifo.sv:1859]
INFO: [Synth 8-6155] done synthesizing module 'xpm_counter_updn__parameterized2' (0#1) [/tools/Xilinx/Vivado/2022.2/data/ip/xpm/xpm_fifo/hdl/xpm_fifo.sv:1859]
INFO: [Synth 8-6155] done synthesizing module 'xpm_fifo_base' (0#1) [/tools/Xilinx/Vivado/2022.2/data/ip/xpm/xpm_fifo/hdl/xpm_fifo.sv:55]
INFO: [Synth 8-6155] done synthesizing module 'xpm_fifo_axis' (0#1) [/tools/Xilinx/Vivado/2022.2/data/ip/xpm/xpm_fifo/hdl/xpm_fifo.sv:2349]
INFO: [Synth 8-6155] done synthesizing module 'axis_data_fifo_v2_0_9_top' (0#1) [/tmp/FINN_build_mlp27k_w4a8_ft_clean/vivado_stitch_proj_8ba8a6h2/finn_vivado_stitch_proj.gen/sources_1/bd/finn_design/ipshared/dbd8/hdl/axis_data_fifo_v2_0_vl_rfs.v:54]
INFO: [Synth 8-6155] done synthesizing module 'finn_design_fifo_1' (0#1) [/tmp/FINN_build_mlp27k_w4a8_ft_clean/vivado_stitch_proj_8ba8a6h2/finn_vivado_stitch_proj.gen/sources_1/bd/finn_design/ip/finn_design_fifo_1/synth/finn_design_fifo_1.v:53]
WARNING: [Synth 8-6014] Unused sequential element gen_rd_b.gen_doutb_pipe.enb_pipe_reg[0] was removed.  [/tools/Xilinx/Vivado/2022.2/data/ip/xpm/xpm_memory/hdl/xpm_memory.sv:3017]
WARNING: [Synth 8-6014] Unused sequential element gdvld.data_valid_std_reg was removed.  [/tools/Xilinx/Vivado/2022.2/data/ip/xpm/xpm_fifo/hdl/xpm_fifo.sv:537]
WARNING: [Synth 8-6014] Unused sequential element gen_fwft.empty_fwft_fb_reg was removed.  [/tools/Xilinx/Vivado/2022.2/data/ip/xpm/xpm_fifo/hdl/xpm_fifo.sv:1391]
WARNING: [Synth 8-7129] Port ACLK in module axis_infrastructure_v1_1_0_util_aclken_converter_wrapper is either unconnected or has no load
WARNING: [Synth 8-7129] Port ARESETN in module axis_infrastructure_v1_1_0_util_aclken_converter_wrapper is either unconnected or has no load
WARNING: [Synth 8-7129] Port S_ACLKEN in module axis_infrastructure_v1_1_0_util_aclken_converter_wrapper is either unconnected or has no load
WARNING: [Synth 8-7129] Port M_ACLKEN in module axis_infrastructure_v1_1_0_util_aclken_converter_wrapper is either unconnected or has no load
WARNING: [Synth 8-7129] Port rd_clk in module xpm_fifo_rst is either unconnected or has no load
WARNING: [Synth 8-7129] Port sleep in module xpm_memory_base is either unconnected or has no load
WARNING: [Synth 8-7129] Port rsta in module xpm_memory_base is either unconnected or has no load
WARNING: [Synth 8-7129] Port regcea in module xpm_memory_base is either unconnected or has no load
WARNING: [Synth 8-7129] Port injectsbiterra in module xpm_memory_base is either unconnected or has no load
WARNING: [Synth 8-7129] Port injectdbiterra in module xpm_memory_base is either unconnected or has no load
WARNING: [Synth 8-7129] Port clkb in module xpm_memory_base is either unconnected or has no load
WARNING: [Synth 8-7129] Port dinb[13] in module xpm_memory_base is either unconnected or has no load
WARNING: [Synth 8-7129] Port dinb[12] in module xpm_memory_base is either unconnected or has no load
WARNING: [Synth 8-7129] Port dinb[11] in module xpm_memory_base is either unconnected or has no load
WARNING: [Synth 8-7129] Port dinb[10] in module xpm_memory_base is either unconnected or has no load
WARNING: [Synth 8-7129] Port dinb[9] in module xpm_memory_base is either unconnected or has no load
WARNING: [Synth 8-7129] Port dinb[8] in module xpm_memory_base is either unconnected or has no load
WARNING: [Synth 8-7129] Port dinb[7] in module xpm_memory_base is either unconnected or has no load
WARNING: [Synth 8-7129] Port dinb[6] in module xpm_memory_base is either unconnected or has no load
WARNING: [Synth 8-7129] Port dinb[5] in module xpm_memory_base is either unconnected or has no load
WARNING: [Synth 8-7129] Port dinb[4] in module xpm_memory_base is either unconnected or has no load
WARNING: [Synth 8-7129] Port dinb[3] in module xpm_memory_base is either unconnected or has no load
WARNING: [Synth 8-7129] Port dinb[2] in module xpm_memory_base is either unconnected or has no load
WARNING: [Synth 8-7129] Port dinb[1] in module xpm_memory_base is either unconnected or has no load
WARNING: [Synth 8-7129] Port dinb[0] in module xpm_memory_base is either unconnected or has no load
WARNING: [Synth 8-7129] Port injectsbiterrb in module xpm_memory_base is either unconnected or has no load
WARNING: [Synth 8-7129] Port injectdbiterrb in module xpm_memory_base is either unconnected or has no load
WARNING: [Synth 8-7129] Port m_aclk in module xpm_fifo_axis is either unconnected or has no load
WARNING: [Synth 8-7129] Port m_axis_aclk in module axis_data_fifo_v2_0_9_top is either unconnected or has no load
---------------------------------------------------------------------------------
Finished RTL Elaboration : Time (s): cpu = 00:00:03 ; elapsed = 00:00:03 . Memory (MB): peak = 3199.164 ; gain = 509.672 ; free physical = 29818 ; free virtual = 54812
Synthesis current peak Physical Memory [PSS] (MB): peak = 2145.660; parent = 1992.838; children = 152.822
Synthesis current peak Virtual Memory [VSS] (MB): peak = 4311.742; parent = 3199.168; children = 1112.574
---------------------------------------------------------------------------------
---------------------------------------------------------------------------------
Start Handling Custom Attributes
---------------------------------------------------------------------------------
---------------------------------------------------------------------------------
Finished Handling Custom Attributes : Time (s): cpu = 00:00:03 ; elapsed = 00:00:03 . Memory (MB): peak = 3216.977 ; gain = 527.484 ; free physical = 29814 ; free virtual = 54808
Synthesis current peak Physical Memory [PSS] (MB): peak = 2145.660; parent = 1992.838; children = 152.822
Synthesis current peak Virtual Memory [VSS] (MB): peak = 4329.555; parent = 3216.980; children = 1112.574
---------------------------------------------------------------------------------
---------------------------------------------------------------------------------
Finished RTL Optimization Phase 1 : Time (s): cpu = 00:00:03 ; elapsed = 00:00:03 . Memory (MB): peak = 3216.977 ; gain = 527.484 ; free physical = 29814 ; free virtual = 54808
Synthesis current peak Physical Memory [PSS] (MB): peak = 2145.660; parent = 1992.838; children = 152.822
Synthesis current peak Virtual Memory [VSS] (MB): peak = 4329.555; parent = 3216.980; children = 1112.574
---------------------------------------------------------------------------------
Netlist sorting complete. Time (s): cpu = 00:00:00.01 ; elapsed = 00:00:00 . Memory (MB): peak = 3216.977 ; gain = 0.000 ; free physical = 29815 ; free virtual = 54808
INFO: [Project 1-570] Preparing netlist for logic optimization

Processing XDC Constraints
Initializing timing engine
Parsing XDC File [/tmp/FINN_build_mlp27k_w4a8_ft_clean/vivado_stitch_proj_8ba8a6h2/finn_vivado_stitch_proj.gen/sources_1/bd/finn_design/ip/finn_design_fifo_1/finn_design_fifo_1_ooc.xdc] for cell 'inst'
Finished Parsing XDC File [/tmp/FINN_build_mlp27k_w4a8_ft_clean/vivado_stitch_proj_8ba8a6h2/finn_vivado_stitch_proj.gen/sources_1/bd/finn_design/ip/finn_design_fifo_1/finn_design_fifo_1_ooc.xdc] for cell 'inst'
Parsing XDC File [/tmp/FINN_build_mlp27k_w4a8_ft_clean/vivado_stitch_proj_8ba8a6h2/finn_vivado_stitch_proj.runs/finn_design_fifo_1_synth_1/dont_touch.xdc]
Finished Parsing XDC File [/tmp/FINN_build_mlp27k_w4a8_ft_clean/vivado_stitch_proj_8ba8a6h2/finn_vivado_stitch_proj.runs/finn_design_fifo_1_synth_1/dont_touch.xdc]
INFO: [Project 1-236] Implementation specific constraints were found while reading constraint file [/tools/Xilinx/Vivado/2022.2/data/ip/xpm/xpm_fifo/tcl/xpm_fifo_rst_axis.tcl]. These constraints will be ignored for synthesis but will be used in implementation. Impacted constraints are listed in the file [.Xil/finn_design_fifo_1_propImpl.xdc].
Resolution: To avoid this warning, move constraints listed in [.Xil/finn_design_fifo_1_propImpl.xdc] to another XDC file and exclude this new file from synthesis with the used_in_synthesis property (File Properties dialog in GUI) and re-run elaboration/synthesis.
INFO: [Project 1-1714] 2 XPM XDC files have been applied to the design.
Completed Processing XDC Constraints

Netlist sorting complete. Time (s): cpu = 00:00:00 ; elapsed = 00:00:00 . Memory (MB): peak = 3819.758 ; gain = 0.000 ; free physical = 29773 ; free virtual = 54767
INFO: [Project 1-111] Unisim Transformation Summary:
No Unisim elements were transformed.

Constraint Validation Runtime : Time (s): cpu = 00:00:00 ; elapsed = 00:00:00.01 . Memory (MB): peak = 3819.758 ; gain = 0.000 ; free physical = 29766 ; free virtual = 54760
INFO: [Designutils 20-5008] Incremental synthesis strategy off
INFO: [Synth 8-11241] undeclared symbol 'REGCCE', assumed default net type 'wire' [/tools/Xilinx/Vivado/2022.2/data/verilog/src/unimacro/BRAM_SINGLE_MACRO.v:2170]
---------------------------------------------------------------------------------
Finished Constraint Validation : Time (s): cpu = 00:00:07 ; elapsed = 00:00:07 . Memory (MB): peak = 3819.758 ; gain = 1130.266 ; free physical = 29018 ; free virtual = 54006
Synthesis current peak Physical Memory [PSS] (MB): peak = 2145.660; parent = 1992.838; children = 153.129
Synthesis current peak Virtual Memory [VSS] (MB): peak = 4420.305; parent = 3307.730; children = 1112.574
---------------------------------------------------------------------------------
---------------------------------------------------------------------------------
Start Loading Part and Timing Information
---------------------------------------------------------------------------------
Loading part: xc7z020clg400-1
---------------------------------------------------------------------------------
Finished Loading Part and Timing Information : Time (s): cpu = 00:00:07 ; elapsed = 00:00:07 . Memory (MB): peak = 3819.758 ; gain = 1130.266 ; free physical = 29018 ; free virtual = 54006
Synthesis current peak Physical Memory [PSS] (MB): peak = 2145.660; parent = 1992.838; children = 153.129
Synthesis current peak Virtual Memory [VSS] (MB): peak = 4484.309; parent = 3371.734; children = 1112.574
---------------------------------------------------------------------------------
---------------------------------------------------------------------------------
Start Applying 'set_property' XDC Constraints
---------------------------------------------------------------------------------
Applied set_property KEEP_HIERARCHY = SOFT for inst. (constraint file  /tmp/FINN_build_mlp27k_w4a8_ft_clean/vivado_stitch_proj_8ba8a6h2/finn_vivado_stitch_proj.runs/finn_design_fifo_1_synth_1/dont_touch.xdc, line 9).
Applied set_property KEEP_HIERARCHY = SOFT for inst/\gen_fifo.xpm_fifo_axis_inst /\gaxis_rst_sync.xpm_cdc_sync_rst_inst . (constraint file  auto generated constraint).
Applied set_property KEEP_HIERARCHY = SOFT for inst/\gen_fifo.xpm_fifo_axis_inst . (constraint file  auto generated constraint).
---------------------------------------------------------------------------------
Finished applying 'set_property' XDC Constraints : Time (s): cpu = 00:00:07 ; elapsed = 00:00:07 . Memory (MB): peak = 3819.758 ; gain = 1130.266 ; free physical = 29016 ; free virtual = 54005
Synthesis current peak Physical Memory [PSS] (MB): peak = 2145.660; parent = 1992.838; children = 153.129
Synthesis current peak Virtual Memory [VSS] (MB): peak = 4484.309; parent = 3371.734; children = 1112.574
---------------------------------------------------------------------------------
INFO: [Synth 8-802] inferred FSM for state register 'gen_fwft.curr_fwft_state_reg' in module 'xpm_fifo_base'
---------------------------------------------------------------------------------------------------
                   State |                     New Encoding |                Previous Encoding 
---------------------------------------------------------------------------------------------------
                 invalid |                               00 |                               00
            stage1_valid |                               01 |                               10
       both_stages_valid |                               10 |                               11
            stage2_valid |                               11 |                               01
---------------------------------------------------------------------------------------------------
INFO: [Synth 8-3354] encoded FSM with state register 'gen_fwft.curr_fwft_state_reg' using encoding 'sequential' in module 'xpm_fifo_base'
---------------------------------------------------------------------------------
Finished RTL Optimization Phase 2 : Time (s): cpu = 00:00:07 ; elapsed = 00:00:07 . Memory (MB): peak = 3819.758 ; gain = 1130.266 ; free physical = 29001 ; free virtual = 53990
Synthesis current peak Physical Memory [PSS] (MB): peak = 2145.660; parent = 1992.838; children = 153.129
Synthesis current peak Virtual Memory [VSS] (MB): peak = 4484.309; parent = 3371.734; children = 1112.574
---------------------------------------------------------------------------------
---------------------------------------------------------------------------------
Start RTL Component Statistics 
---------------------------------------------------------------------------------
Detailed RTL Component Info : 
+---Adders : 
	   4 Input   10 Bit       Adders := 2     
	   4 Input    9 Bit       Adders := 3     
	   4 Input    2 Bit       Adders := 1     
+---Registers : 
	               14 Bit    Registers := 2     
	               10 Bit    Registers := 2     
	                9 Bit    Registers := 3     
	                4 Bit    Registers := 1     
	                3 Bit    Registers := 1     
	                2 Bit    Registers := 2     
	                1 Bit    Registers := 10    
+---RAMs : 
	               7K Bit	(512 X 14 bit)          RAMs := 1     
+---Muxes : 
	   2 Input    2 Bit        Muxes := 31    
	   4 Input    2 Bit        Muxes := 7     
	   4 Input    1 Bit        Muxes := 2     
	   2 Input    1 Bit        Muxes := 4     
---------------------------------------------------------------------------------
Finished RTL Component Statistics 
---------------------------------------------------------------------------------
---------------------------------------------------------------------------------
Start Part Resource Summary
---------------------------------------------------------------------------------
Part Resources:
DSPs: 220 (col length:60)
BRAMs: 280 (col length: RAMB18 60 RAMB36 30)
---------------------------------------------------------------------------------
Finished Part Resource Summary
---------------------------------------------------------------------------------
---------------------------------------------------------------------------------
Start Cross Boundary and Area Optimization
---------------------------------------------------------------------------------
WARNING: [Synth 8-7080] Parallel synthesis criteria is not met
WARNING: [Synth 8-7129] Port rsta in module xpm_memory_base is either unconnected or has no load
WARNING: [Synth 8-7129] Port regcea in module xpm_memory_base is either unconnected or has no load
WARNING: [Synth 8-7129] Port injectsbiterra in module xpm_memory_base is either unconnected or has no load
WARNING: [Synth 8-7129] Port injectdbiterra in module xpm_memory_base is either unconnected or has no load
WARNING: [Synth 8-7129] Port clkb in module xpm_memory_base is either unconnected or has no load
WARNING: [Synth 8-7129] Port dinb[13] in module xpm_memory_base is either unconnected or has no load
WARNING: [Synth 8-7129] Port dinb[12] in module xpm_memory_base is either unconnected or has no load
WARNING: [Synth 8-7129] Port dinb[11] in module xpm_memory_base is either unconnected or has no load
WARNING: [Synth 8-7129] Port dinb[10] in module xpm_memory_base is either unconnected or has no load
WARNING: [Synth 8-7129] Port dinb[9] in module xpm_memory_base is either unconnected or has no load
WARNING: [Synth 8-7129] Port dinb[8] in module xpm_memory_base is either unconnected or has no load
WARNING: [Synth 8-7129] Port dinb[7] in module xpm_memory_base is either unconnected or has no load
WARNING: [Synth 8-7129] Port dinb[6] in module xpm_memory_base is either unconnected or has no load
WARNING: [Synth 8-7129] Port dinb[5] in module xpm_memory_base is either unconnected or has no load
WARNING: [Synth 8-7129] Port dinb[4] in module xpm_memory_base is either unconnected or has no load
WARNING: [Synth 8-7129] Port dinb[3] in module xpm_memory_base is either unconnected or has no load
WARNING: [Synth 8-7129] Port dinb[2] in module xpm_memory_base is either unconnected or has no load
WARNING: [Synth 8-7129] Port dinb[1] in module xpm_memory_base is either unconnected or has no load
WARNING: [Synth 8-7129] Port dinb[0] in module xpm_memory_base is either unconnected or has no load
WARNING: [Synth 8-7129] Port injectsbiterrb in module xpm_memory_base is either unconnected or has no load
WARNING: [Synth 8-7129] Port injectdbiterrb in module xpm_memory_base is either unconnected or has no load
WARNING: [Synth 8-7129] Port m_aclk in module xpm_fifo_axis is either unconnected or has no load
WARNING: [Synth 8-7129] Port s_axis_aclken in module axis_data_fifo_v2_0_9_top is either unconnected or has no load
WARNING: [Synth 8-7129] Port s_axis_tstrb[0] in module axis_data_fifo_v2_0_9_top is either unconnected or has no load
WARNING: [Synth 8-7129] Port s_axis_tkeep[0] in module axis_data_fifo_v2_0_9_top is either unconnected or has no load
WARNING: [Synth 8-7129] Port s_axis_tlast in module axis_data_fifo_v2_0_9_top is either unconnected or has no load
WARNING: [Synth 8-7129] Port s_axis_tid[0] in module axis_data_fifo_v2_0_9_top is either unconnected or has no load
WARNING: [Synth 8-7129] Port s_axis_tdest[0] in module axis_data_fifo_v2_0_9_top is either unconnected or has no load
WARNING: [Synth 8-7129] Port s_axis_tuser[0] in module axis_data_fifo_v2_0_9_top is either unconnected or has no load
WARNING: [Synth 8-7129] Port m_axis_aclk in module axis_data_fifo_v2_0_9_top is either unconnected or has no load
WARNING: [Synth 8-7129] Port m_axis_aclken in module axis_data_fifo_v2_0_9_top is either unconnected or has no load
INFO: [Synth 8-5784] Optimized 6 bits of RAM "gen_wr_a.gen_word_narrow.mem_reg" due to constant propagation. Old ram width 14 bits, new ram width 8 bits.
---------------------------------------------------------------------------------
Finished Cross Boundary and Area Optimization : Time (s): cpu = 00:00:08 ; elapsed = 00:00:08 . Memory (MB): peak = 3819.758 ; gain = 1130.266 ; free physical = 30774 ; free virtual = 55767
Synthesis current peak Physical Memory [PSS] (MB): peak = 2145.660; parent = 1992.838; children = 159.633
Synthesis current peak Virtual Memory [VSS] (MB): peak = 4484.309; parent = 3371.734; children = 1112.574
---------------------------------------------------------------------------------
---------------------------------------------------------------------------------
Start ROM, RAM, DSP, Shift Register and Retiming Reporting
---------------------------------------------------------------------------------

Block RAM: Preliminary Mapping Report (see note below)
+----------------------------------------------------------------------------------------+----------------------------------+------------------------+---+---+------------------------+---+---+------------------+--------+--------+
|Module Name                                                                             | RTL Object                       | PORT A (Depth x Width) | W | R | PORT B (Depth x Width) | W | R | Ports driving FF | RAMB18 | RAMB36 | 
+----------------------------------------------------------------------------------------+----------------------------------+------------------------+---+---+------------------------+---+---+------------------+--------+--------+
|inst/\gen_fifo.xpm_fifo_axis_inst /xpm_fifo_base_inst/\gen_sdpram.xpm_memory_base_inst  | gen_wr_a.gen_word_narrow.mem_reg | 512 x 14(READ_FIRST)   | W |   | 512 x 14(WRITE_FIRST)  |   | R | Port A and B     | 1      | 0      | 
+----------------------------------------------------------------------------------------+----------------------------------+------------------------+---+---+------------------------+---+---+------------------+--------+--------+

Note: The table above is a preliminary report that shows the Block RAMs at the current stage of the synthesis flow. Some Block RAMs may be reimplemented as non Block RAM primitives later in the synthesis flow. Multiple instantiated Block RAMs are reported only once. 
---------------------------------------------------------------------------------
Finished ROM, RAM, DSP, Shift Register and Retiming Reporting
---------------------------------------------------------------------------------
---------------------------------------------------------------------------------
Start Applying XDC Timing Constraints
---------------------------------------------------------------------------------
---------------------------------------------------------------------------------
Finished Applying XDC Timing Constraints : Time (s): cpu = 00:00:10 ; elapsed = 00:00:11 . Memory (MB): peak = 3819.758 ; gain = 1130.266 ; free physical = 29728 ; free virtual = 54722
Synthesis current peak Physical Memory [PSS] (MB): peak = 2230.768; parent = 2077.626; children = 159.633
Synthesis current peak Virtual Memory [VSS] (MB): peak = 4484.309; parent = 3371.734; children = 1112.574
---------------------------------------------------------------------------------
---------------------------------------------------------------------------------
Start Timing Optimization
---------------------------------------------------------------------------------
---------------------------------------------------------------------------------
Finished Timing Optimization : Time (s): cpu = 00:00:11 ; elapsed = 00:00:11 . Memory (MB): peak = 3819.758 ; gain = 1130.266 ; free physical = 29533 ; free virtual = 54526
Synthesis current peak Physical Memory [PSS] (MB): peak = 2231.275; parent = 2078.134; children = 159.633
Synthesis current peak Virtual Memory [VSS] (MB): peak = 4484.309; parent = 3371.734; children = 1112.574
---------------------------------------------------------------------------------
---------------------------------------------------------------------------------
Start ROM, RAM, DSP, Shift Register and Retiming Reporting
---------------------------------------------------------------------------------

Block RAM: Final Mapping Report
+----------------------------------------------------------------------------------------+----------------------------------+------------------------+---+---+------------------------+---+---+------------------+--------+--------+
|Module Name                                                                             | RTL Object                       | PORT A (Depth x Width) | W | R | PORT B (Depth x Width) | W | R | Ports driving FF | RAMB18 | RAMB36 | 
+----------------------------------------------------------------------------------------+----------------------------------+------------------------+---+---+------------------------+---+---+------------------+--------+--------+
|inst/\gen_fifo.xpm_fifo_axis_inst /xpm_fifo_base_inst/\gen_sdpram.xpm_memory_base_inst  | gen_wr_a.gen_word_narrow.mem_reg | 512 x 14(READ_FIRST)   | W |   | 512 x 14(WRITE_FIRST)  |   | R | Port A and B     | 1      | 0      | 
+----------------------------------------------------------------------------------------+----------------------------------+------------------------+---+---+------------------------+---+---+------------------+--------+--------+

---------------------------------------------------------------------------------
Finished ROM, RAM, DSP, Shift Register and Retiming Reporting
---------------------------------------------------------------------------------
---------------------------------------------------------------------------------
Start Technology Mapping
---------------------------------------------------------------------------------
---------------------------------------------------------------------------------
Finished Technology Mapping : Time (s): cpu = 00:00:11 ; elapsed = 00:00:11 . Memory (MB): peak = 3819.758 ; gain = 1130.266 ; free physical = 29438 ; free virtual = 54432
Synthesis current peak Physical Memory [PSS] (MB): peak = 2231.713; parent = 2078.571; children = 159.633
Synthesis current peak Virtual Memory [VSS] (MB): peak = 4484.309; parent = 3371.734; children = 1112.574
---------------------------------------------------------------------------------
---------------------------------------------------------------------------------
Start IO Insertion
---------------------------------------------------------------------------------
---------------------------------------------------------------------------------
Start Flattening Before IO Insertion
---------------------------------------------------------------------------------
---------------------------------------------------------------------------------
Finished Flattening Before IO Insertion
---------------------------------------------------------------------------------
---------------------------------------------------------------------------------
Start Final Netlist Cleanup
---------------------------------------------------------------------------------
---------------------------------------------------------------------------------
Finished Final Netlist Cleanup
---------------------------------------------------------------------------------
---------------------------------------------------------------------------------
Finished IO Insertion : Time (s): cpu = 00:00:13 ; elapsed = 00:00:13 . Memory (MB): peak = 3819.758 ; gain = 1130.266 ; free physical = 28901 ; free virtual = 53894
Synthesis current peak Physical Memory [PSS] (MB): peak = 2231.713; parent = 2078.571; children = 159.633
Synthesis current peak Virtual Memory [VSS] (MB): peak = 4484.309; parent = 3371.734; children = 1112.574
---------------------------------------------------------------------------------
---------------------------------------------------------------------------------
Start Renaming Generated Instances
---------------------------------------------------------------------------------
---------------------------------------------------------------------------------
Finished Renaming Generated Instances : Time (s): cpu = 00:00:13 ; elapsed = 00:00:13 . Memory (MB): peak = 3819.758 ; gain = 1130.266 ; free physical = 28899 ; free virtual = 53893
Synthesis current peak Physical Memory [PSS] (MB): peak = 2231.713; parent = 2078.571; children = 159.633
Synthesis current peak Virtual Memory [VSS] (MB): peak = 4484.309; parent = 3371.734; children = 1112.574
---------------------------------------------------------------------------------
---------------------------------------------------------------------------------
Start Rebuilding User Hierarchy
---------------------------------------------------------------------------------
---------------------------------------------------------------------------------
Finished Rebuilding User Hierarchy : Time (s): cpu = 00:00:13 ; elapsed = 00:00:13 . Memory (MB): peak = 3819.758 ; gain = 1130.266 ; free physical = 28899 ; free virtual = 53892
Synthesis current peak Physical Memory [PSS] (MB): peak = 2231.713; parent = 2078.571; children = 159.633
Synthesis current peak Virtual Memory [VSS] (MB): peak = 4484.309; parent = 3371.734; children = 1112.574
---------------------------------------------------------------------------------
---------------------------------------------------------------------------------
Start Renaming Generated Ports
---------------------------------------------------------------------------------
---------------------------------------------------------------------------------
Finished Renaming Generated Ports : Time (s): cpu = 00:00:13 ; elapsed = 00:00:13 . Memory (MB): peak = 3819.758 ; gain = 1130.266 ; free physical = 28894 ; free virtual = 53888
Synthesis current peak Physical Memory [PSS] (MB): peak = 2231.713; parent = 2078.571; children = 159.633
Synthesis current peak Virtual Memory [VSS] (MB): peak = 4484.309; parent = 3371.734; children = 1112.574
---------------------------------------------------------------------------------
---------------------------------------------------------------------------------
Start Handling Custom Attributes
---------------------------------------------------------------------------------
---------------------------------------------------------------------------------
Finished Handling Custom Attributes : Time (s): cpu = 00:00:13 ; elapsed = 00:00:13 . Memory (MB): peak = 3819.758 ; gain = 1130.266 ; free physical = 28889 ; free virtual = 53882
Synthesis current peak Physical Memory [PSS] (MB): peak = 2231.713; parent = 2078.571; children = 159.633
Synthesis current peak Virtual Memory [VSS] (MB): peak = 4484.309; parent = 3371.734; children = 1112.574
---------------------------------------------------------------------------------
---------------------------------------------------------------------------------
Start Renaming Generated Nets
---------------------------------------------------------------------------------
---------------------------------------------------------------------------------
Finished Renaming Generated Nets : Time (s): cpu = 00:00:13 ; elapsed = 00:00:13 . Memory (MB): peak = 3819.758 ; gain = 1130.266 ; free physical = 28882 ; free virtual = 53875
Synthesis current peak Physical Memory [PSS] (MB): peak = 2231.713; parent = 2078.571; children = 159.633
Synthesis current peak Virtual Memory [VSS] (MB): peak = 4484.309; parent = 3371.734; children = 1112.574
---------------------------------------------------------------------------------
---------------------------------------------------------------------------------
Start Writing Synthesis Report
---------------------------------------------------------------------------------

Report BlackBoxes: 
+-+--------------+----------+
| |BlackBox name |Instances |
+-+--------------+----------+
+-+--------------+----------+

Report Cell Usage: 
+------+---------+------+
|      |Cell     |Count |
+------+---------+------+
|1     |CARRY4   |     3|
|2     |LUT1     |     3|
|3     |LUT2     |     9|
|4     |LUT3     |    10|
|5     |LUT4     |    16|
|6     |LUT5     |    10|
|7     |LUT6     |    18|
|8     |RAMB18E1 |     1|
|9     |FDRE     |    45|
|10    |FDSE     |     8|
+------+---------+------+
---------------------------------------------------------------------------------
Finished Writing Synthesis Report : Time (s): cpu = 00:00:13 ; elapsed = 00:00:13 . Memory (MB): peak = 3819.758 ; gain = 1130.266 ; free physical = 28881 ; free virtual = 53874
Synthesis current peak Physical Memory [PSS] (MB): peak = 2231.713; parent = 2078.571; children = 159.633
Synthesis current peak Virtual Memory [VSS] (MB): peak = 4484.309; parent = 3371.734; children = 1112.574
---------------------------------------------------------------------------------
Synthesis finished with 0 errors, 0 critical warnings and 32 warnings.
Synthesis Optimization Runtime : Time (s): cpu = 00:00:11 ; elapsed = 00:00:12 . Memory (MB): peak = 3819.758 ; gain = 527.484 ; free physical = 28865 ; free virtual = 53859
Synthesis Optimization Complete : Time (s): cpu = 00:00:13 ; elapsed = 00:00:14 . Memory (MB): peak = 3819.758 ; gain = 1130.266 ; free physical = 28862 ; free virtual = 53856
INFO: [Project 1-571] Translating synthesized netlist
Netlist sorting complete. Time (s): cpu = 00:00:00 ; elapsed = 00:00:00 . Memory (MB): peak = 3819.758 ; gain = 0.000 ; free physical = 28883 ; free virtual = 53877
INFO: [Netlist 29-17] Analyzing 4 Unisim elements for replacement
INFO: [Netlist 29-28] Unisim Transformation completed in 0 CPU seconds
INFO: [Project 1-570] Preparing netlist for logic optimization
INFO: [Opt 31-138] Pushed 0 inverter(s) to 0 load pin(s).
Netlist sorting complete. Time (s): cpu = 00:00:00 ; elapsed = 00:00:00 . Memory (MB): peak = 3819.758 ; gain = 0.000 ; free physical = 28742 ; free virtual = 53736
INFO: [Project 1-111] Unisim Transformation Summary:
No Unisim elements were transformed.

Synth Design complete, checksum: ae66d07c
INFO: [Common 17-83] Releasing license: Synthesis
69 Infos, 64 Warnings, 2 Critical Warnings and 0 Errors encountered.
synth_design completed successfully
synth_design: Time (s): cpu = 00:00:17 ; elapsed = 00:00:17 . Memory (MB): peak = 3819.758 ; gain = 1461.863 ; free physical = 28842 ; free virtual = 53835
INFO: [Common 17-1381] The checkpoint '/tmp/FINN_build_mlp27k_w4a8_ft_clean/vivado_stitch_proj_8ba8a6h2/finn_vivado_stitch_proj.runs/finn_design_fifo_1_synth_1/finn_design_fifo_1.dcp' has been generated.
INFO: [Coretcl 2-1648] Added synthesis output to IP cache for IP finn_design_fifo_1, cache-ID = f2f2342db0e76fd1
INFO: [Coretcl 2-1174] Renamed 11 cell refs.
INFO: [Common 17-1381] The checkpoint '/tmp/FINN_build_mlp27k_w4a8_ft_clean/vivado_stitch_proj_8ba8a6h2/finn_vivado_stitch_proj.runs/finn_design_fifo_1_synth_1/finn_design_fifo_1.dcp' has been generated.
INFO: [runtcl-4] Executing : report_utilization -file finn_design_fifo_1_utilization_synth.rpt -pb finn_design_fifo_1_utilization_synth.pb
INFO: [Common 17-206] Exiting Vivado at Wed Jul  8 10:44:37 2026...
