Fri Jun 12 09:18:59 2026: Running xcd server. This server was built by gradle.
Fri Jun 12 09:18:59 2026: Server was asked to start on port: '38915'
Fri Jun 12 09:18:59 2026: Server is using token UUID: '013515bb-0df2-4827-888c-73bc1a23f77a'
Fri Jun 12 09:18:59 2026: SESSION_MGR: creating session with session uuid: '6d04a3e9-ade5-4ab9-8d63-1f78fcd2ec76' and name 'default'
Fri Jun 12 09:18:59 2026: Attempting to start server on port '38915'
Fri Jun 12 09:18:59 2026: XCD main fifo: created main fifo '/tmp/xcdmain013515bb-0df2-4827-888c-73bc1a23f77a', fd read = 12
Fri Jun 12 09:18:59 2026: Running Dispatch Server
Fri Jun 12 09:18:59 2026: Version 2.2.0
Fri Jun 12 09:19:08 2026: Dispatch Server: Accepted socket connection from client
Fri Jun 12 09:19:08 2026: Starting Socket connection
Fri Jun 12 09:19:08 2026: EXCHANGE_TOKEN received, server token: 013515bb-0df2-4827-888c-73bc1a23f77a, passed token: 013515bb-0df2-4827-888c-73bc1a23f77a
Fri Jun 12 09:19:08 2026: SESSION_MGR: creating session with session uuid: '06473dc3-ba58-4a1b-ad4a-1c780b19aac4' and name 'vitis_hls'
Fri Jun 12 09:19:08 2026: KERNEL_SVC: creating session with uuid: '06473dc3-ba58-4a1b-ad4a-1c780b19aac4' and name 'vitis_hls'
Fri Jun 12 09:19:08 2026: GUIDANCE_SMGR: creating guidance session with uuid: '06473dc3-ba58-4a1b-ad4a-1c780b19aac4' and name 'vitis_hls'
Fri Jun 12 09:19:26 2026: STOP_SERVER received, server token: 013515bb-0df2-4827-888c-73bc1a23f77a, passed token: 013515bb-0df2-4827-888c-73bc1a23f77a
Fri Jun 12 09:19:26 2026: Socket received request to stop server.
Fri Jun 12 09:19:26 2026: Dispatch Server: do_await_stop
Fri Jun 12 09:19:26 2026: Dispatch Server: stopping mainFifo_
Fri Jun 12 09:19:26 2026: XCD main fifo: Stopping
Fri Jun 12 09:19:26 2026: XCD main fifo: do_read error code: Operation canceled
Fri Jun 12 09:19:26 2026: XCD main fifo: bytes_transferred: 0
Fri Jun 12 09:19:26 2026: SERVER: destructor for server bound to port 38915
Fri Jun 12 09:19:26 2026: XCD main fifo: Good unlink of /tmp/xcdmain013515bb-0df2-4827-888c-73bc1a23f77a
Fri Jun 12 09:19:26 2026: Server exiting with status 0.
Fri Jun 12 09:19:26 2026: Closing log file.
