

================================================================
== Vitis HLS Report for 'Thresholding_Batch_0'
================================================================
* Date:           Fri Jun 12 09:17:43 2026

* Version:        2022.2.2 (Build 3779808 on Feb 17 2023)
* Project:        project_Thresholding_Batch_0
* Solution:       sol1 (Vivado IP Flow Target)
* Product family: zynq
* Target device:  xc7z020-clg400-1


================================================================
== Performance Estimates
================================================================
+ Timing: 
    * Summary: 
    +--------+----------+----------+------------+
    |  Clock |  Target  | Estimated| Uncertainty|
    +--------+----------+----------+------------+
    |ap_clk  |  10.00 ns|  7.096 ns|     2.70 ns|
    +--------+----------+----------+------------+

+ Latency: 
    * Summary: 
    +---------+---------+-----------+-----------+------+------+---------+
    |  Latency (cycles) |   Latency (absolute)  |   Interval  | Pipeline|
    |   min   |   max   |    min    |    max    |  min |  max |   Type  |
    +---------+---------+-----------+-----------+------+------+---------+
    |     4103|     4103|  41.030 us|  41.030 us|  4104|  4104|       no|
    +---------+---------+-----------+-----------+------+------+---------+

    + Detail: 
        * Instance: 
        +------------------------------+--------------------+---------+---------+-----------+-----------+------+------+---------+
        |                              |                    |  Latency (cycles) |   Latency (absolute)  |   Interval  | Pipeline|
        |           Instance           |       Module       |   min   |   max   |    min    |    max    |  min |  max |   Type  |
        +------------------------------+--------------------+---------+---------+-----------+-----------+------+------+---------+
        |grp_Thresholding_Batch_fu_28  |Thresholding_Batch  |     4100|     4100|  41.000 us|  41.000 us|  4100|  4100|       no|
        +------------------------------+--------------------+---------+---------+-----------+-----------+------+------+---------+

        * Loop: 
        N/A



================================================================
== Utilization Estimates
================================================================
* Summary: 
+-----------------+---------+-----+--------+-------+-----+
|       Name      | BRAM_18K| DSP |   FF   |  LUT  | URAM|
+-----------------+---------+-----+--------+-------+-----+
|DSP              |        -|    -|       -|      -|    -|
|Expression       |        -|    -|       0|      2|    -|
|FIFO             |        -|    -|       -|      -|    -|
|Instance         |        -|    -|     123|   2825|    -|
|Memory           |        -|    -|       -|      -|    -|
|Multiplexer      |        -|    -|       -|     34|    -|
|Register         |        -|    -|       5|      -|    -|
+-----------------+---------+-----+--------+-------+-----+
|Total            |        0|    0|     128|   2861|    0|
+-----------------+---------+-----+--------+-------+-----+
|Available        |      280|  220|  106400|  53200|    0|
+-----------------+---------+-----+--------+-------+-----+
|Utilization (%)  |        0|    0|      ~0|      5|    0|
+-----------------+---------+-----+--------+-------+-----+

+ Detail: 
    * Instance: 
    +------------------------------+--------------------+---------+----+-----+------+-----+
    |           Instance           |       Module       | BRAM_18K| DSP|  FF |  LUT | URAM|
    +------------------------------+--------------------+---------+----+-----+------+-----+
    |grp_Thresholding_Batch_fu_28  |Thresholding_Batch  |        0|   0|  123|  2825|    0|
    +------------------------------+--------------------+---------+----+-----+------+-----+
    |Total                         |                    |        0|   0|  123|  2825|    0|
    +------------------------------+--------------------+---------+----+-----+------+-----+

    * DSP: 
    N/A

    * Memory: 
    N/A

    * FIFO: 
    N/A

    * Expression: 
    +-------------------------------------------+----------+----+---+----+------------+------------+
    |               Variable Name               | Operation| DSP| FF| LUT| Bitwidth P0| Bitwidth P1|
    +-------------------------------------------+----------+----+---+----+------------+------------+
    |grp_Thresholding_Batch_fu_28_out_V_TREADY  |       and|   0|  0|   2|           1|           1|
    +-------------------------------------------+----------+----+---+----+------------+------------+
    |Total                                      |          |   0|  0|   2|           1|           1|
    +-------------------------------------------+----------+----+---+----+------------+------------+

    * Multiplexer: 
    +---------------------------+----+-----------+-----+-----------+
    |            Name           | LUT| Input Size| Bits| Total Bits|
    +---------------------------+----+-----------+-----+-----------+
    |ap_NS_fsm                  |  25|          5|    1|          5|
    |in0_V_TREADY_int_regslice  |   9|          2|    1|          2|
    +---------------------------+----+-----------+-----+-----------+
    |Total                      |  34|          7|    2|          7|
    +---------------------------+----+-----------+-----+-----------+

    * Register: 
    +-------------------------------------------+---+----+-----+-----------+
    |                    Name                   | FF| LUT| Bits| Const Bits|
    +-------------------------------------------+---+----+-----+-----------+
    |ap_CS_fsm                                  |  4|   0|    4|          0|
    |grp_Thresholding_Batch_fu_28_ap_start_reg  |  1|   0|    1|          0|
    +-------------------------------------------+---+----+-----+-----------+
    |Total                                      |  5|   0|    5|          0|
    +-------------------------------------------+---+----+-----+-----------+



================================================================
== Interface
================================================================
* Summary: 
+--------------+-----+-----+--------------+----------------------+--------------+
|   RTL Ports  | Dir | Bits|   Protocol   |     Source Object    |    C Type    |
+--------------+-----+-----+--------------+----------------------+--------------+
|ap_clk        |   in|    1|  ap_ctrl_none|  Thresholding_Batch_0|  return value|
|ap_rst_n      |   in|    1|  ap_ctrl_none|  Thresholding_Batch_0|  return value|
|in0_V_TDATA   |   in|    8|          axis|                 in0_V|       pointer|
|in0_V_TVALID  |   in|    1|          axis|                 in0_V|       pointer|
|in0_V_TREADY  |  out|    1|          axis|                 in0_V|       pointer|
|out_V_TDATA   |  out|    8|          axis|                 out_V|       pointer|
|out_V_TVALID  |  out|    1|          axis|                 out_V|       pointer|
|out_V_TREADY  |   in|    1|          axis|                 out_V|       pointer|
+--------------+-----+-----+--------------+----------------------+--------------+

