

================================================================
== Vitis HLS Report for 'ConvolutionInputGenerator_0'
================================================================
* Date:           Fri Jun 12 09:17:16 2026

* Version:        2022.2.2 (Build 3779808 on Feb 17 2023)
* Project:        project_ConvolutionInputGenerator_0
* Solution:       sol1 (Vivado IP Flow Target)
* Product family: zynq
* Target device:  xc7z020-clg400-1


================================================================
== Performance Estimates
================================================================
+ Timing: 
    * Summary: 
    +--------+----------+----------+------------+
    |  Clock |  Target  | Estimated| Uncertainty|
    +--------+----------+----------+------------+
    |ap_clk  |  10.00 ns|  7.591 ns|     2.70 ns|
    +--------+----------+----------+------------+

+ Latency: 
    * Summary: 
    +---------+---------+----------+----------+-------+-------+---------+
    |  Latency (cycles) |  Latency (absolute) |    Interval   | Pipeline|
    |   min   |   max   |    min   |    max   |  min  |  max  |   Type  |
    +---------+---------+----------+----------+-------+-------+---------+
    |    37066|    37066|  0.371 ms|  0.371 ms|  37067|  37067|       no|
    +---------+---------+----------+----------+-------+-------+---------+

    + Detail: 
        * Instance: 
        N/A

        * Loop: 
        +--------------------+---------+---------+----------+-----------+-----------+-------+----------+
        |                    |  Latency (cycles) | Iteration|  Initiation Interval  |  Trip |          |
        |      Loop Name     |   min   |   max   |  Latency |  achieved |   target  | Count | Pipelined|
        +--------------------+---------+---------+----------+-----------+-----------+-------+----------+
        |- VITIS_LOOP_191_2  |    37064|    37064|         4|          1|          1|  37062|  yes(flp)|
        +--------------------+---------+---------+----------+-----------+-----------+-------+----------+

============================================================
+ Verbose Summary: Synthesis Manager
============================================================
InlineROM: 1
ExposeGlobal: 0
============================================================
+ Verbose Summary: CDFG Model
============================================================
IsTopModel: 1
ResetActiveHigh: 1
IsCombinational: 0
IsDatapathOnly: 0
HasWiredReturn: 1
HasMFsm: 1
HasVarLatency: 1
IsPipeline: 0
IsRtlPipelined: 0
IsInstanceOverlapped: 0
IsDontTouch: 0
HasImplIP: 0
IsGatedGlobalClock: 0

+ Individual pipeline summary: 
  * Pipeline-0: initiation interval (II) = 1, depth = 4


============================================================
+ Verbose Summary: Schedule
============================================================
* Number of FSM states : 4
* Pipeline : 1
  Pipeline-0 : II = 1, D = 4, States = { 1 2 3 4 }
* Dataflow Pipeline: 0

* FSM state transitions: 
1 --> 2 
2 --> 3 
3 --> 4 
4 --> 

* FSM state operations: 

State 1 <SV = 0> <Delay = 7.59>
ST_1 : Operation 7 [1/1] (0.00ns)   --->   "%i = alloca i32 1"   --->   Operation 7 'alloca' 'i' <Predicate = true> <Delay = 0.00>
ST_1 : Operation 8 [1/1] (0.00ns)   --->   "%ofm_y = alloca i32 1"   --->   Operation 8 'alloca' 'ofm_y' <Predicate = true> <Delay = 0.00>
ST_1 : Operation 9 [1/1] (0.00ns)   --->   "%ofm_x = alloca i32 1"   --->   Operation 9 'alloca' 'ofm_x' <Predicate = true> <Delay = 0.00>
ST_1 : Operation 10 [1/1] (0.00ns)   --->   "%inp = alloca i32 1"   --->   Operation 10 'alloca' 'inp' <Predicate = true> <Delay = 0.00>
ST_1 : Operation 11 [1/1] (0.00ns)   --->   "%k_y = alloca i32 1"   --->   Operation 11 'alloca' 'k_y' <Predicate = true> <Delay = 0.00>
ST_1 : Operation 12 [1/1] (0.00ns)   --->   "%current_block_write = alloca i32 1"   --->   Operation 12 'alloca' 'current_block_write' <Predicate = true> <Delay = 0.00>
ST_1 : Operation 13 [1/1] (0.00ns)   --->   "%read_block = alloca i32 1"   --->   Operation 13 'alloca' 'read_block' <Predicate = true> <Delay = 0.00>
ST_1 : Operation 14 [1/1] (0.00ns)   --->   "%k_x = alloca i32 1"   --->   Operation 14 'alloca' 'k_x' <Predicate = true> <Delay = 0.00>
ST_1 : Operation 15 [1/1] (0.00ns)   --->   "%current_line = alloca i32 1"   --->   Operation 15 'alloca' 'current_line' <Predicate = true> <Delay = 0.00>
ST_1 : Operation 16 [1/1] (0.00ns)   --->   "%counter_internal_block = alloca i32 1"   --->   Operation 16 'alloca' 'counter_internal_block' <Predicate = true> <Delay = 0.00>
ST_1 : Operation 17 [1/1] (0.00ns)   --->   "%spectopmodule_ln22 = spectopmodule void @_ssdm_op_SpecTopModule, void @empty_2" [/home/miguel_tfg/FINN-v0.9-Stable/notebooks/UAH_example/FINN_build/code_gen_ipgen_ConvolutionInputGenerator_0_ybk3e4qf/top_ConvolutionInputGenerator_0.cpp:22]   --->   Operation 17 'spectopmodule' 'spectopmodule_ln22' <Predicate = true> <Delay = 0.00>
ST_1 : Operation 18 [1/1] (0.00ns)   --->   "%specinterface_ln22 = specinterface void @_ssdm_op_SpecInterface, i32 0, void @empty_3, i32 0, i32 0, void @empty_1, i32 0, i32 0, void @empty_1, void @empty_1, void @empty_1, i32 0, i32 0, i32 0, i32 0, void @empty_1, void @empty_1, i32 4294967295, i32 0" [/home/miguel_tfg/FINN-v0.9-Stable/notebooks/UAH_example/FINN_build/code_gen_ipgen_ConvolutionInputGenerator_0_ybk3e4qf/top_ConvolutionInputGenerator_0.cpp:22]   --->   Operation 18 'specinterface' 'specinterface_ln22' <Predicate = true> <Delay = 0.00>
ST_1 : Operation 19 [1/1] (0.00ns)   --->   "%specinterface_ln0 = specinterface void @_ssdm_op_SpecInterface, i8 %in0_V, void @empty, i32 1, i32 1, void @empty_0, i32 0, i32 0, void @empty_1, void @empty_1, void @empty_1, i32 0, i32 0, i32 0, i32 0, void @empty_1, void @empty_1, i32 4294967295, i32 0"   --->   Operation 19 'specinterface' 'specinterface_ln0' <Predicate = true> <Delay = 0.00>
ST_1 : Operation 20 [1/1] (0.00ns)   --->   "%specbitsmap_ln0 = specbitsmap void @_ssdm_op_SpecBitsMap, i8 %in0_V"   --->   Operation 20 'specbitsmap' 'specbitsmap_ln0' <Predicate = true> <Delay = 0.00>
ST_1 : Operation 21 [1/1] (0.00ns)   --->   "%specinterface_ln0 = specinterface void @_ssdm_op_SpecInterface, i8 %out_V, void @empty, i32 1, i32 1, void @empty_0, i32 0, i32 0, void @empty_1, void @empty_1, void @empty_1, i32 0, i32 0, i32 0, i32 0, void @empty_1, void @empty_1, i32 4294967295, i32 0"   --->   Operation 21 'specinterface' 'specinterface_ln0' <Predicate = true> <Delay = 0.00>
ST_1 : Operation 22 [1/1] (0.00ns)   --->   "%specbitsmap_ln0 = specbitsmap void @_ssdm_op_SpecBitsMap, i8 %out_V"   --->   Operation 22 'specbitsmap' 'specbitsmap_ln0' <Predicate = true> <Delay = 0.00>
ST_1 : Operation 23 [1/1] (0.00ns)   --->   "%inputBuf_V = alloca i64 1" [/home/miguel_tfg/FINN-v0.9-Stable/deps/finn-hlslib/slidingwindow.h:176]   --->   Operation 23 'alloca' 'inputBuf_V' <Predicate = true> <Delay = 0.00> <CoreInst = "RAM_S2P_LUTRAM">   --->   Core 92 'RAM_S2P_LUTRAM' <Latency = 1> <II = 1> <Delay = 2.32> <Storage> <Opcode : 'load' 'store'> <Ports = 2> <Width = 8> <Depth = 66> <RAM>
ST_1 : Operation 24 [1/1] (0.00ns)   --->   "%inputBuf_V_1 = alloca i64 1" [/home/miguel_tfg/FINN-v0.9-Stable/deps/finn-hlslib/slidingwindow.h:176]   --->   Operation 24 'alloca' 'inputBuf_V_1' <Predicate = true> <Delay = 0.00> <CoreInst = "RAM_S2P_LUTRAM">   --->   Core 92 'RAM_S2P_LUTRAM' <Latency = 1> <II = 1> <Delay = 2.32> <Storage> <Opcode : 'load' 'store'> <Ports = 2> <Width = 8> <Depth = 66> <RAM>
ST_1 : Operation 25 [1/1] (0.00ns)   --->   "%inputBuf_V_2 = alloca i64 1" [/home/miguel_tfg/FINN-v0.9-Stable/deps/finn-hlslib/slidingwindow.h:176]   --->   Operation 25 'alloca' 'inputBuf_V_2' <Predicate = true> <Delay = 0.00> <CoreInst = "RAM_S2P_LUTRAM">   --->   Core 92 'RAM_S2P_LUTRAM' <Latency = 1> <II = 1> <Delay = 2.32> <Storage> <Opcode : 'load' 'store'> <Ports = 2> <Width = 8> <Depth = 66> <RAM>
ST_1 : Operation 26 [1/1] (0.00ns)   --->   "%inputBuf_V_3 = alloca i64 1" [/home/miguel_tfg/FINN-v0.9-Stable/deps/finn-hlslib/slidingwindow.h:176]   --->   Operation 26 'alloca' 'inputBuf_V_3' <Predicate = true> <Delay = 0.00> <CoreInst = "RAM_S2P_LUTRAM">   --->   Core 92 'RAM_S2P_LUTRAM' <Latency = 1> <II = 1> <Delay = 2.32> <Storage> <Opcode : 'load' 'store'> <Ports = 2> <Width = 8> <Depth = 66> <RAM>
ST_1 : Operation 27 [1/1] (0.00ns)   --->   "%specmemcore_ln178 = specmemcore void @_ssdm_op_SpecMemCore, i8 %inputBuf_V_3, i64 666, i64 27, i64 18446744073709551615" [/home/miguel_tfg/FINN-v0.9-Stable/deps/finn-hlslib/slidingwindow.h:178]   --->   Operation 27 'specmemcore' 'specmemcore_ln178' <Predicate = true> <Delay = 0.00>
ST_1 : Operation 28 [1/1] (0.00ns)   --->   "%specmemcore_ln178 = specmemcore void @_ssdm_op_SpecMemCore, i8 %inputBuf_V_2, i64 666, i64 27, i64 18446744073709551615" [/home/miguel_tfg/FINN-v0.9-Stable/deps/finn-hlslib/slidingwindow.h:178]   --->   Operation 28 'specmemcore' 'specmemcore_ln178' <Predicate = true> <Delay = 0.00>
ST_1 : Operation 29 [1/1] (0.00ns)   --->   "%specmemcore_ln178 = specmemcore void @_ssdm_op_SpecMemCore, i8 %inputBuf_V_1, i64 666, i64 27, i64 18446744073709551615" [/home/miguel_tfg/FINN-v0.9-Stable/deps/finn-hlslib/slidingwindow.h:178]   --->   Operation 29 'specmemcore' 'specmemcore_ln178' <Predicate = true> <Delay = 0.00>
ST_1 : Operation 30 [1/1] (0.00ns)   --->   "%specmemcore_ln178 = specmemcore void @_ssdm_op_SpecMemCore, i8 %inputBuf_V, i64 666, i64 27, i64 18446744073709551615" [/home/miguel_tfg/FINN-v0.9-Stable/deps/finn-hlslib/slidingwindow.h:178]   --->   Operation 30 'specmemcore' 'specmemcore_ln178' <Predicate = true> <Delay = 0.00>
ST_1 : Operation 31 [1/1] (1.58ns)   --->   "%store_ln191 = store i32 0, i32 %counter_internal_block" [/home/miguel_tfg/FINN-v0.9-Stable/deps/finn-hlslib/slidingwindow.h:191]   --->   Operation 31 'store' 'store_ln191' <Predicate = true> <Delay = 1.58>
ST_1 : Operation 32 [1/1] (1.70ns)   --->   "%store_ln191 = store i32 0, i32 %current_line" [/home/miguel_tfg/FINN-v0.9-Stable/deps/finn-hlslib/slidingwindow.h:191]   --->   Operation 32 'store' 'store_ln191' <Predicate = true> <Delay = 1.70>
ST_1 : Operation 33 [1/1] (1.58ns)   --->   "%store_ln191 = store i32 0, i32 %k_x" [/home/miguel_tfg/FINN-v0.9-Stable/deps/finn-hlslib/slidingwindow.h:191]   --->   Operation 33 'store' 'store_ln191' <Predicate = true> <Delay = 1.58>
ST_1 : Operation 34 [1/1] (1.70ns)   --->   "%store_ln191 = store i32 0, i32 %read_block" [/home/miguel_tfg/FINN-v0.9-Stable/deps/finn-hlslib/slidingwindow.h:191]   --->   Operation 34 'store' 'store_ln191' <Predicate = true> <Delay = 1.70>
ST_1 : Operation 35 [1/1] (1.70ns)   --->   "%store_ln191 = store i32 0, i32 %current_block_write" [/home/miguel_tfg/FINN-v0.9-Stable/deps/finn-hlslib/slidingwindow.h:191]   --->   Operation 35 'store' 'store_ln191' <Predicate = true> <Delay = 1.70>
ST_1 : Operation 36 [1/1] (1.58ns)   --->   "%store_ln191 = store i32 0, i32 %k_y" [/home/miguel_tfg/FINN-v0.9-Stable/deps/finn-hlslib/slidingwindow.h:191]   --->   Operation 36 'store' 'store_ln191' <Predicate = true> <Delay = 1.58>
ST_1 : Operation 37 [1/1] (1.70ns)   --->   "%store_ln191 = store i32 0, i32 %inp" [/home/miguel_tfg/FINN-v0.9-Stable/deps/finn-hlslib/slidingwindow.h:191]   --->   Operation 37 'store' 'store_ln191' <Predicate = true> <Delay = 1.70>
ST_1 : Operation 38 [1/1] (1.58ns)   --->   "%store_ln191 = store i32 0, i32 %ofm_x" [/home/miguel_tfg/FINN-v0.9-Stable/deps/finn-hlslib/slidingwindow.h:191]   --->   Operation 38 'store' 'store_ln191' <Predicate = true> <Delay = 1.58>
ST_1 : Operation 39 [1/1] (1.58ns)   --->   "%store_ln191 = store i32 0, i32 %ofm_y" [/home/miguel_tfg/FINN-v0.9-Stable/deps/finn-hlslib/slidingwindow.h:191]   --->   Operation 39 'store' 'store_ln191' <Predicate = true> <Delay = 1.58>
ST_1 : Operation 40 [1/1] (1.58ns)   --->   "%store_ln191 = store i16 0, i16 %i" [/home/miguel_tfg/FINN-v0.9-Stable/deps/finn-hlslib/slidingwindow.h:191]   --->   Operation 40 'store' 'store_ln191' <Predicate = true> <Delay = 1.58>
ST_1 : Operation 41 [1/1] (0.00ns)   --->   "%br_ln191 = br void %for.body13.i" [/home/miguel_tfg/FINN-v0.9-Stable/deps/finn-hlslib/slidingwindow.h:191]   --->   Operation 41 'br' 'br_ln191' <Predicate = true> <Delay = 0.00>
ST_1 : Operation 42 [1/1] (0.00ns)   --->   "%i_1 = load i16 %i" [/home/miguel_tfg/FINN-v0.9-Stable/deps/finn-hlslib/slidingwindow.h:191]   --->   Operation 42 'load' 'i_1' <Predicate = true> <Delay = 0.00>
ST_1 : Operation 43 [1/1] (0.00ns)   --->   "%inp_1 = load i32 %inp" [/home/miguel_tfg/FINN-v0.9-Stable/deps/finn-hlslib/slidingwindow.h:198]   --->   Operation 43 'load' 'inp_1' <Predicate = true> <Delay = 0.00>
ST_1 : Operation 44 [1/1] (0.00ns)   --->   "%current_block_write_1 = load i32 %current_block_write" [/home/miguel_tfg/FINN-v0.9-Stable/deps/finn-hlslib/slidingwindow.h:242]   --->   Operation 44 'load' 'current_block_write_1' <Predicate = true> <Delay = 0.00>
ST_1 : Operation 45 [1/1] (0.00ns)   --->   "%read_block_3 = load i32 %read_block" [/home/miguel_tfg/FINN-v0.9-Stable/deps/finn-hlslib/slidingwindow.h:249]   --->   Operation 45 'load' 'read_block_3' <Predicate = true> <Delay = 0.00>
ST_1 : Operation 46 [1/1] (0.00ns)   --->   "%counter_internal_block_1 = load i32 %counter_internal_block" [/home/miguel_tfg/FINN-v0.9-Stable/deps/finn-hlslib/slidingwindow.h:257]   --->   Operation 46 'load' 'counter_internal_block_1' <Predicate = true> <Delay = 0.00>
ST_1 : Operation 47 [1/1] (2.42ns)   --->   "%icmp_ln191 = icmp_eq  i16 %i_1, i16 37062" [/home/miguel_tfg/FINN-v0.9-Stable/deps/finn-hlslib/slidingwindow.h:191]   --->   Operation 47 'icmp' 'icmp_ln191' <Predicate = true> <Delay = 2.42> <CoreInst = "Cmp">   --->   Core 9 'Cmp' <Latency = 0> <II = 1> <Delay = 2.42> <FuncUnit> <Opcode : 'icmp'> <InPorts = 2> <OutPorts = 1>
ST_1 : Operation 48 [1/1] (0.00ns)   --->   "%empty = speclooptripcount i32 @_ssdm_op_SpecLoopTripCount, i64 37062, i64 37062, i64 37062"   --->   Operation 48 'speclooptripcount' 'empty' <Predicate = true> <Delay = 0.00>
ST_1 : Operation 49 [1/1] (2.07ns)   --->   "%i_2 = add i16 %i_1, i16 1" [/home/miguel_tfg/FINN-v0.9-Stable/deps/finn-hlslib/slidingwindow.h:191]   --->   Operation 49 'add' 'i_2' <Predicate = true> <Delay = 2.07> <CoreInst = "Adder">   --->   Core 1 'Adder' <Latency = 0> <II = 1> <Delay = 2.07> <FuncUnit> <Opcode : 'add' 'sub'> <InPorts = 2> <OutPorts = 1>
ST_1 : Operation 50 [1/1] (0.00ns)   --->   "%br_ln191 = br i1 %icmp_ln191, void %for.body13.i.split, void %_Z25ConvolutionInputGeneratorILj3ELj1ELj8ELj66ELj64ELj1ELj1E18ap_resource_lutramEvRN3hls6streamI7ap_uintIXmlT4_T1_EELi0EEES6_jRKT6_.exit" [/home/miguel_tfg/FINN-v0.9-Stable/deps/finn-hlslib/slidingwindow.h:191]   --->   Operation 50 'br' 'br_ln191' <Predicate = true> <Delay = 0.00>
ST_1 : Operation 51 [1/1] (0.00ns)   --->   "%ofm_x_load = load i32 %ofm_x" [/home/miguel_tfg/FINN-v0.9-Stable/deps/finn-hlslib/slidingwindow.h:191]   --->   Operation 51 'load' 'ofm_x_load' <Predicate = (!icmp_ln191)> <Delay = 0.00>
ST_1 : Operation 52 [1/1] (0.00ns)   --->   "%k_x_load = load i32 %k_x" [/home/miguel_tfg/FINN-v0.9-Stable/deps/finn-hlslib/slidingwindow.h:191]   --->   Operation 52 'load' 'k_x_load' <Predicate = (!icmp_ln191)> <Delay = 0.00>
ST_1 : Operation 53 [1/1] (0.00ns)   --->   "%trunc_ln191 = trunc i32 %k_x_load" [/home/miguel_tfg/FINN-v0.9-Stable/deps/finn-hlslib/slidingwindow.h:191]   --->   Operation 53 'trunc' 'trunc_ln191' <Predicate = (!icmp_ln191)> <Delay = 0.00>
ST_1 : Operation 54 [1/1] (0.00ns)   --->   "%trunc_ln191_1 = trunc i32 %ofm_x_load" [/home/miguel_tfg/FINN-v0.9-Stable/deps/finn-hlslib/slidingwindow.h:191]   --->   Operation 54 'trunc' 'trunc_ln191_1' <Predicate = (!icmp_ln191)> <Delay = 0.00>
ST_1 : Operation 55 [1/1] (0.00ns)   --->   "%specpipeline_ln192 = specpipeline void @_ssdm_op_SpecPipeline, i32 1, i32 2, i32 0, i32 0, void @empty_1" [/home/miguel_tfg/FINN-v0.9-Stable/deps/finn-hlslib/slidingwindow.h:192]   --->   Operation 55 'specpipeline' 'specpipeline_ln192' <Predicate = (!icmp_ln191)> <Delay = 0.00>
ST_1 : Operation 56 [1/1] (0.00ns)   --->   "%specloopname_ln185 = specloopname void @_ssdm_op_SpecLoopName, void @empty_4" [/home/miguel_tfg/FINN-v0.9-Stable/deps/finn-hlslib/slidingwindow.h:185]   --->   Operation 56 'specloopname' 'specloopname_ln185' <Predicate = (!icmp_ln191)> <Delay = 0.00>
ST_1 : Operation 57 [1/1] (2.47ns)   --->   "%icmp_ln193 = icmp_ult  i32 %inp_1, i32 198" [/home/miguel_tfg/FINN-v0.9-Stable/deps/finn-hlslib/slidingwindow.h:193]   --->   Operation 57 'icmp' 'icmp_ln193' <Predicate = (!icmp_ln191)> <Delay = 2.47> <CoreInst = "Cmp">   --->   Core 9 'Cmp' <Latency = 0> <II = 1> <Delay = 2.47> <FuncUnit> <Opcode : 'icmp'> <InPorts = 2> <OutPorts = 1>
ST_1 : Operation 58 [1/1] (0.00ns)   --->   "%br_ln193 = br i1 %icmp_ln193, void %if.else.i, void %if.then.i" [/home/miguel_tfg/FINN-v0.9-Stable/deps/finn-hlslib/slidingwindow.h:193]   --->   Operation 58 'br' 'br_ln193' <Predicate = (!icmp_ln191)> <Delay = 0.00>
ST_1 : Operation 59 [1/1] (2.47ns)   --->   "%icmp_ln209 = icmp_ult  i32 %counter_internal_block_1, i32 575" [/home/miguel_tfg/FINN-v0.9-Stable/deps/finn-hlslib/slidingwindow.h:209]   --->   Operation 59 'icmp' 'icmp_ln209' <Predicate = (!icmp_ln191 & !icmp_ln193)> <Delay = 2.47> <CoreInst = "Cmp">   --->   Core 9 'Cmp' <Latency = 0> <II = 1> <Delay = 2.47> <FuncUnit> <Opcode : 'icmp'> <InPorts = 2> <OutPorts = 1>
ST_1 : Operation 60 [1/1] (0.00ns)   --->   "%br_ln209 = br i1 %icmp_ln209, void %if.end62.i, void %if.then26.i" [/home/miguel_tfg/FINN-v0.9-Stable/deps/finn-hlslib/slidingwindow.h:209]   --->   Operation 60 'br' 'br_ln209' <Predicate = (!icmp_ln191 & !icmp_ln193)> <Delay = 0.00>
ST_1 : Operation 61 [1/1] (0.00ns)   --->   "%k_y_load = load i32 %k_y" [/home/miguel_tfg/FINN-v0.9-Stable/deps/finn-hlslib/slidingwindow.h:210]   --->   Operation 61 'load' 'k_y_load' <Predicate = (!icmp_ln191 & !icmp_ln193 & icmp_ln209)> <Delay = 0.00>
ST_1 : Operation 62 [1/1] (0.00ns)   --->   "%k_x_load_1 = load i32 %k_x" [/home/miguel_tfg/FINN-v0.9-Stable/deps/finn-hlslib/slidingwindow.h:220]   --->   Operation 62 'load' 'k_x_load_1' <Predicate = (!icmp_ln191 & !icmp_ln193 & icmp_ln209)> <Delay = 0.00>
ST_1 : Operation 63 [1/1] (0.00ns)   --->   "%trunc_ln210 = trunc i32 %k_y_load" [/home/miguel_tfg/FINN-v0.9-Stable/deps/finn-hlslib/slidingwindow.h:210]   --->   Operation 63 'trunc' 'trunc_ln210' <Predicate = (!icmp_ln191 & !icmp_ln193 & icmp_ln209)> <Delay = 0.00>
ST_1 : Operation 64 [1/1] (2.55ns)   --->   "%k_y_1 = add i32 %k_y_load, i32 1" [/home/miguel_tfg/FINN-v0.9-Stable/deps/finn-hlslib/slidingwindow.h:210]   --->   Operation 64 'add' 'k_y_1' <Predicate = (!icmp_ln191 & !icmp_ln193 & icmp_ln209)> <Delay = 2.55> <CoreInst = "Adder">   --->   Core 1 'Adder' <Latency = 0> <II = 1> <Delay = 2.55> <FuncUnit> <Opcode : 'add' 'sub'> <InPorts = 2> <OutPorts = 1>
ST_1 : Operation 65 [1/1] (0.00ns)   --->   "%trunc_ln210_1 = trunc i32 %current_block_write_1" [/home/miguel_tfg/FINN-v0.9-Stable/deps/finn-hlslib/slidingwindow.h:210]   --->   Operation 65 'trunc' 'trunc_ln210_1' <Predicate = (!icmp_ln191 & !icmp_ln193 & icmp_ln209)> <Delay = 0.00>
ST_1 : Operation 66 [1/1] (1.87ns)   --->   "%current_line_in_block = add i7 %trunc_ln191_1, i7 %trunc_ln191" [/home/miguel_tfg/FINN-v0.9-Stable/deps/finn-hlslib/slidingwindow.h:214]   --->   Operation 66 'add' 'current_line_in_block' <Predicate = (!icmp_ln191 & !icmp_ln193 & icmp_ln209)> <Delay = 1.87> <CoreInst = "Adder">   --->   Core 1 'Adder' <Latency = 0> <II = 1> <Delay = 1.87> <FuncUnit> <Opcode : 'add' 'sub'> <InPorts = 2> <OutPorts = 1>
ST_1 : Operation 67 [1/1] (0.00ns) (grouped into TernaryAdder)   --->   "%add_ln215_1 = add i2 %trunc_ln210_1, i2 1" [/home/miguel_tfg/FINN-v0.9-Stable/deps/finn-hlslib/slidingwindow.h:215]   --->   Operation 67 'add' 'add_ln215_1' <Predicate = (!icmp_ln191 & !icmp_ln193 & icmp_ln209)> <Delay = 0.00> <CoreInst = "TAddSub">   --->   Core 10 'TAddSub' <Latency = 0> <II = 1> <Delay = 1.03> <IPBlock> <Opcode : 'add' 'sub'> <InPorts = 3> <OutPorts = 1> <Sync> <CReg>
ST_1 : Operation 68 [1/1] (2.07ns) (root node of TernaryAdder)   --->   "%add_ln215 = add i2 %add_ln215_1, i2 %trunc_ln210" [/home/miguel_tfg/FINN-v0.9-Stable/deps/finn-hlslib/slidingwindow.h:215]   --->   Operation 68 'add' 'add_ln215' <Predicate = (!icmp_ln191 & !icmp_ln193 & icmp_ln209)> <Delay = 2.07> <CoreInst = "TAddSub">   --->   Core 10 'TAddSub' <Latency = 0> <II = 1> <Delay = 1.03> <IPBlock> <Opcode : 'add' 'sub'> <InPorts = 3> <OutPorts = 1> <Sync> <CReg>
ST_1 : Operation 69 [1/1] (2.55ns)   --->   "%k_x_1 = add i32 %k_x_load_1, i32 1" [/home/miguel_tfg/FINN-v0.9-Stable/deps/finn-hlslib/slidingwindow.h:220]   --->   Operation 69 'add' 'k_x_1' <Predicate = (!icmp_ln191 & !icmp_ln193 & icmp_ln209)> <Delay = 2.55> <CoreInst = "Adder">   --->   Core 1 'Adder' <Latency = 0> <II = 1> <Delay = 2.55> <FuncUnit> <Opcode : 'add' 'sub'> <InPorts = 2> <OutPorts = 1>
ST_1 : Operation 70 [1/1] (2.47ns)   --->   "%icmp_ln221 = icmp_eq  i32 %k_x_1, i32 3" [/home/miguel_tfg/FINN-v0.9-Stable/deps/finn-hlslib/slidingwindow.h:221]   --->   Operation 70 'icmp' 'icmp_ln221' <Predicate = (!icmp_ln191 & !icmp_ln193 & icmp_ln209)> <Delay = 2.47> <CoreInst = "Cmp">   --->   Core 9 'Cmp' <Latency = 0> <II = 1> <Delay = 2.47> <FuncUnit> <Opcode : 'icmp'> <InPorts = 2> <OutPorts = 1>
ST_1 : Operation 71 [1/1] (0.00ns)   --->   "%br_ln221 = br i1 %icmp_ln221, void %if.then26.i.if.end62.i_crit_edge, void %if.then47.i" [/home/miguel_tfg/FINN-v0.9-Stable/deps/finn-hlslib/slidingwindow.h:221]   --->   Operation 71 'br' 'br_ln221' <Predicate = (!icmp_ln191 & !icmp_ln193 & icmp_ln209)> <Delay = 0.00>
ST_1 : Operation 72 [1/1] (1.58ns)   --->   "%store_ln221 = store i32 %k_x_1, i32 %k_x" [/home/miguel_tfg/FINN-v0.9-Stable/deps/finn-hlslib/slidingwindow.h:221]   --->   Operation 72 'store' 'store_ln221' <Predicate = (!icmp_ln191 & !icmp_ln193 & icmp_ln209 & !icmp_ln221)> <Delay = 1.58>
ST_1 : Operation 73 [1/1] (0.00ns)   --->   "%br_ln221 = br void %if.end62.i" [/home/miguel_tfg/FINN-v0.9-Stable/deps/finn-hlslib/slidingwindow.h:221]   --->   Operation 73 'br' 'br_ln221' <Predicate = (!icmp_ln191 & !icmp_ln193 & icmp_ln209 & !icmp_ln221)> <Delay = 0.00>
ST_1 : Operation 74 [1/1] (2.47ns)   --->   "%icmp_ln224 = icmp_eq  i32 %k_y_1, i32 3" [/home/miguel_tfg/FINN-v0.9-Stable/deps/finn-hlslib/slidingwindow.h:224]   --->   Operation 74 'icmp' 'icmp_ln224' <Predicate = (!icmp_ln191 & !icmp_ln193 & icmp_ln209 & icmp_ln221)> <Delay = 2.47> <CoreInst = "Cmp">   --->   Core 9 'Cmp' <Latency = 0> <II = 1> <Delay = 2.47> <FuncUnit> <Opcode : 'icmp'> <InPorts = 2> <OutPorts = 1>
ST_1 : Operation 75 [1/1] (0.00ns)   --->   "%br_ln224 = br i1 %icmp_ln224, void %if.then47.i.if.end62.i_crit_edge, void %if.then50.i" [/home/miguel_tfg/FINN-v0.9-Stable/deps/finn-hlslib/slidingwindow.h:224]   --->   Operation 75 'br' 'br_ln224' <Predicate = (!icmp_ln191 & !icmp_ln193 & icmp_ln209 & icmp_ln221)> <Delay = 0.00>
ST_1 : Operation 76 [1/1] (1.58ns)   --->   "%store_ln224 = store i32 0, i32 %k_x" [/home/miguel_tfg/FINN-v0.9-Stable/deps/finn-hlslib/slidingwindow.h:224]   --->   Operation 76 'store' 'store_ln224' <Predicate = (!icmp_ln191 & !icmp_ln193 & icmp_ln209 & icmp_ln221 & !icmp_ln224)> <Delay = 1.58>
ST_1 : Operation 77 [1/1] (1.58ns)   --->   "%store_ln224 = store i32 %k_y_1, i32 %k_y" [/home/miguel_tfg/FINN-v0.9-Stable/deps/finn-hlslib/slidingwindow.h:224]   --->   Operation 77 'store' 'store_ln224' <Predicate = (!icmp_ln191 & !icmp_ln193 & icmp_ln209 & icmp_ln221 & !icmp_ln224)> <Delay = 1.58>
ST_1 : Operation 78 [1/1] (0.00ns)   --->   "%br_ln224 = br void %if.end62.i" [/home/miguel_tfg/FINN-v0.9-Stable/deps/finn-hlslib/slidingwindow.h:224]   --->   Operation 78 'br' 'br_ln224' <Predicate = (!icmp_ln191 & !icmp_ln193 & icmp_ln209 & icmp_ln221 & !icmp_ln224)> <Delay = 0.00>
ST_1 : Operation 79 [1/1] (0.00ns)   --->   "%ofm_x_load_1 = load i32 %ofm_x" [/home/miguel_tfg/FINN-v0.9-Stable/deps/finn-hlslib/slidingwindow.h:226]   --->   Operation 79 'load' 'ofm_x_load_1' <Predicate = (!icmp_ln191 & !icmp_ln193 & icmp_ln209 & icmp_ln221 & icmp_ln224)> <Delay = 0.00>
ST_1 : Operation 80 [1/1] (2.55ns)   --->   "%ofm_x_1 = add i32 %ofm_x_load_1, i32 1" [/home/miguel_tfg/FINN-v0.9-Stable/deps/finn-hlslib/slidingwindow.h:226]   --->   Operation 80 'add' 'ofm_x_1' <Predicate = (!icmp_ln191 & !icmp_ln193 & icmp_ln209 & icmp_ln221 & icmp_ln224)> <Delay = 2.55> <CoreInst = "Adder">   --->   Core 1 'Adder' <Latency = 0> <II = 1> <Delay = 2.55> <FuncUnit> <Opcode : 'add' 'sub'> <InPorts = 2> <OutPorts = 1>
ST_1 : Operation 81 [1/1] (2.47ns)   --->   "%icmp_ln227 = icmp_eq  i32 %ofm_x_1, i32 64" [/home/miguel_tfg/FINN-v0.9-Stable/deps/finn-hlslib/slidingwindow.h:227]   --->   Operation 81 'icmp' 'icmp_ln227' <Predicate = (!icmp_ln191 & !icmp_ln193 & icmp_ln209 & icmp_ln221 & icmp_ln224)> <Delay = 2.47> <CoreInst = "Cmp">   --->   Core 9 'Cmp' <Latency = 0> <II = 1> <Delay = 2.47> <FuncUnit> <Opcode : 'icmp'> <InPorts = 2> <OutPorts = 1>
ST_1 : Operation 82 [1/1] (1.58ns)   --->   "%store_ln227 = store i32 0, i32 %k_y" [/home/miguel_tfg/FINN-v0.9-Stable/deps/finn-hlslib/slidingwindow.h:227]   --->   Operation 82 'store' 'store_ln227' <Predicate = (!icmp_ln191 & !icmp_ln193 & icmp_ln209 & icmp_ln221 & icmp_ln224)> <Delay = 1.58>
ST_1 : Operation 83 [1/1] (0.00ns)   --->   "%br_ln227 = br i1 %icmp_ln227, void %if.then50.i.if.end62.i_crit_edge, void %if.then53.i" [/home/miguel_tfg/FINN-v0.9-Stable/deps/finn-hlslib/slidingwindow.h:227]   --->   Operation 83 'br' 'br_ln227' <Predicate = (!icmp_ln191 & !icmp_ln193 & icmp_ln209 & icmp_ln221 & icmp_ln224)> <Delay = 0.00>
ST_1 : Operation 84 [1/1] (1.58ns)   --->   "%store_ln227 = store i32 0, i32 %k_x" [/home/miguel_tfg/FINN-v0.9-Stable/deps/finn-hlslib/slidingwindow.h:227]   --->   Operation 84 'store' 'store_ln227' <Predicate = (!icmp_ln191 & !icmp_ln193 & icmp_ln209 & icmp_ln221 & icmp_ln224 & !icmp_ln227)> <Delay = 1.58>
ST_1 : Operation 85 [1/1] (1.58ns)   --->   "%store_ln227 = store i32 %ofm_x_1, i32 %ofm_x" [/home/miguel_tfg/FINN-v0.9-Stable/deps/finn-hlslib/slidingwindow.h:227]   --->   Operation 85 'store' 'store_ln227' <Predicate = (!icmp_ln191 & !icmp_ln193 & icmp_ln209 & icmp_ln221 & icmp_ln224 & !icmp_ln227)> <Delay = 1.58>
ST_1 : Operation 86 [1/1] (0.00ns)   --->   "%br_ln227 = br void %if.end62.i" [/home/miguel_tfg/FINN-v0.9-Stable/deps/finn-hlslib/slidingwindow.h:227]   --->   Operation 86 'br' 'br_ln227' <Predicate = (!icmp_ln191 & !icmp_ln193 & icmp_ln209 & icmp_ln221 & icmp_ln224 & !icmp_ln227)> <Delay = 0.00>
ST_1 : Operation 87 [1/1] (0.00ns)   --->   "%ofm_y_load = load i32 %ofm_y" [/home/miguel_tfg/FINN-v0.9-Stable/deps/finn-hlslib/slidingwindow.h:229]   --->   Operation 87 'load' 'ofm_y_load' <Predicate = (!icmp_ln191 & !icmp_ln193 & icmp_ln209 & icmp_ln221 & icmp_ln224 & icmp_ln227)> <Delay = 0.00>
ST_1 : Operation 88 [1/1] (2.55ns)   --->   "%ofm_y_1 = add i32 %ofm_y_load, i32 1" [/home/miguel_tfg/FINN-v0.9-Stable/deps/finn-hlslib/slidingwindow.h:229]   --->   Operation 88 'add' 'ofm_y_1' <Predicate = (!icmp_ln191 & !icmp_ln193 & icmp_ln209 & icmp_ln221 & icmp_ln224 & icmp_ln227)> <Delay = 2.55> <CoreInst = "Adder">   --->   Core 1 'Adder' <Latency = 0> <II = 1> <Delay = 2.55> <FuncUnit> <Opcode : 'add' 'sub'> <InPorts = 2> <OutPorts = 1>
ST_1 : Operation 89 [1/1] (2.47ns)   --->   "%icmp_ln230 = icmp_eq  i32 %ofm_y_1, i32 64" [/home/miguel_tfg/FINN-v0.9-Stable/deps/finn-hlslib/slidingwindow.h:230]   --->   Operation 89 'icmp' 'icmp_ln230' <Predicate = (!icmp_ln191 & !icmp_ln193 & icmp_ln209 & icmp_ln221 & icmp_ln224 & icmp_ln227)> <Delay = 2.47> <CoreInst = "Cmp">   --->   Core 9 'Cmp' <Latency = 0> <II = 1> <Delay = 2.47> <FuncUnit> <Opcode : 'icmp'> <InPorts = 2> <OutPorts = 1>
ST_1 : Operation 90 [1/1] (0.69ns)   --->   "%ofm_y_2 = select i1 %icmp_ln230, i32 0, i32 %ofm_y_1" [/home/miguel_tfg/FINN-v0.9-Stable/deps/finn-hlslib/slidingwindow.h:230]   --->   Operation 90 'select' 'ofm_y_2' <Predicate = (!icmp_ln191 & !icmp_ln193 & icmp_ln209 & icmp_ln221 & icmp_ln224 & icmp_ln227)> <Delay = 0.69> <CoreInst = "Sel">   --->   Core 73 'Sel' <Latency = 0> <II = 1> <Delay = 0.69> <FuncUnit> <Opcode : 'select'> <InPorts = 3> <OutPorts = 1>
ST_1 : Operation 91 [1/1] (0.69ns)   --->   "%inp_3 = select i1 %icmp_ln230, i32 0, i32 %inp_1" [/home/miguel_tfg/FINN-v0.9-Stable/deps/finn-hlslib/slidingwindow.h:230]   --->   Operation 91 'select' 'inp_3' <Predicate = (!icmp_ln191 & !icmp_ln193 & icmp_ln209 & icmp_ln221 & icmp_ln224 & icmp_ln227)> <Delay = 0.69> <CoreInst = "Sel">   --->   Core 73 'Sel' <Latency = 0> <II = 1> <Delay = 0.69> <FuncUnit> <Opcode : 'select'> <InPorts = 3> <OutPorts = 1>
ST_1 : Operation 92 [1/1] (1.58ns)   --->   "%store_ln234 = store i32 0, i32 %k_x" [/home/miguel_tfg/FINN-v0.9-Stable/deps/finn-hlslib/slidingwindow.h:234]   --->   Operation 92 'store' 'store_ln234' <Predicate = (!icmp_ln191 & !icmp_ln193 & icmp_ln209 & icmp_ln221 & icmp_ln224 & icmp_ln227)> <Delay = 1.58>
ST_1 : Operation 93 [1/1] (1.70ns)   --->   "%store_ln234 = store i32 %inp_3, i32 %inp" [/home/miguel_tfg/FINN-v0.9-Stable/deps/finn-hlslib/slidingwindow.h:234]   --->   Operation 93 'store' 'store_ln234' <Predicate = (!icmp_ln191 & !icmp_ln193 & icmp_ln209 & icmp_ln221 & icmp_ln224 & icmp_ln227)> <Delay = 1.70>
ST_1 : Operation 94 [1/1] (1.58ns)   --->   "%store_ln234 = store i32 0, i32 %ofm_x" [/home/miguel_tfg/FINN-v0.9-Stable/deps/finn-hlslib/slidingwindow.h:234]   --->   Operation 94 'store' 'store_ln234' <Predicate = (!icmp_ln191 & !icmp_ln193 & icmp_ln209 & icmp_ln221 & icmp_ln224 & icmp_ln227)> <Delay = 1.58>
ST_1 : Operation 95 [1/1] (1.58ns)   --->   "%store_ln234 = store i32 %ofm_y_2, i32 %ofm_y" [/home/miguel_tfg/FINN-v0.9-Stable/deps/finn-hlslib/slidingwindow.h:234]   --->   Operation 95 'store' 'store_ln234' <Predicate = (!icmp_ln191 & !icmp_ln193 & icmp_ln209 & icmp_ln221 & icmp_ln224 & icmp_ln227)> <Delay = 1.58>
ST_1 : Operation 96 [1/1] (0.00ns)   --->   "%br_ln234 = br void %if.end62.i" [/home/miguel_tfg/FINN-v0.9-Stable/deps/finn-hlslib/slidingwindow.h:234]   --->   Operation 96 'br' 'br_ln234' <Predicate = (!icmp_ln191 & !icmp_ln193 & icmp_ln209 & icmp_ln221 & icmp_ln224 & icmp_ln227)> <Delay = 0.00>
ST_1 : Operation 97 [1/1] (2.47ns)   --->   "%icmp_ln239 = icmp_ult  i32 %counter_internal_block_1, i32 65" [/home/miguel_tfg/FINN-v0.9-Stable/deps/finn-hlslib/slidingwindow.h:239]   --->   Operation 97 'icmp' 'icmp_ln239' <Predicate = (!icmp_ln191 & !icmp_ln193)> <Delay = 2.47> <CoreInst = "Cmp">   --->   Core 9 'Cmp' <Latency = 0> <II = 1> <Delay = 2.47> <FuncUnit> <Opcode : 'icmp'> <InPorts = 2> <OutPorts = 1>
ST_1 : Operation 98 [1/1] (2.47ns)   --->   "%icmp_ln239_1 = icmp_ult  i32 %read_block_3, i32 66" [/home/miguel_tfg/FINN-v0.9-Stable/deps/finn-hlslib/slidingwindow.h:239]   --->   Operation 98 'icmp' 'icmp_ln239_1' <Predicate = (!icmp_ln191 & !icmp_ln193)> <Delay = 2.47> <CoreInst = "Cmp">   --->   Core 9 'Cmp' <Latency = 0> <II = 1> <Delay = 2.47> <FuncUnit> <Opcode : 'icmp'> <InPorts = 2> <OutPorts = 1>
ST_1 : Operation 99 [1/1] (0.97ns)   --->   "%and_ln239 = and i1 %icmp_ln239, i1 %icmp_ln239_1" [/home/miguel_tfg/FINN-v0.9-Stable/deps/finn-hlslib/slidingwindow.h:239]   --->   Operation 99 'and' 'and_ln239' <Predicate = (!icmp_ln191 & !icmp_ln193)> <Delay = 0.97> <CoreInst = "LogicGate">   --->   Core 74 'LogicGate' <Latency = 0> <II = 1> <Delay = 0.97> <FuncUnit> <Opcode : 'and' 'or' 'xor'> <InPorts = 2> <OutPorts = 1>
ST_1 : Operation 100 [1/1] (0.00ns)   --->   "%br_ln239 = br i1 %and_ln239, void %if.end81.i, void %if.then65.i" [/home/miguel_tfg/FINN-v0.9-Stable/deps/finn-hlslib/slidingwindow.h:239]   --->   Operation 100 'br' 'br_ln239' <Predicate = (!icmp_ln191 & !icmp_ln193)> <Delay = 0.00>
ST_1 : Operation 101 [1/1] (0.00ns)   --->   "%current_line_load_2 = load i32 %current_line" [/home/miguel_tfg/FINN-v0.9-Stable/deps/finn-hlslib/slidingwindow.h:242]   --->   Operation 101 'load' 'current_line_load_2' <Predicate = (!icmp_ln191 & !icmp_ln193 & and_ln239)> <Delay = 0.00>
ST_1 : Operation 102 [1/1] (0.00ns)   --->   "%inElem_1 = read i8 @_ssdm_op_Read.axis.volatile.i8P128A, i8 %in0_V" [/home/miguel_tfg/FINN-v0.9-Stable/deps/finn-hlslib/slidingwindow.h:241]   --->   Operation 102 'read' 'inElem_1' <Predicate = (!icmp_ln191 & !icmp_ln193 & and_ln239)> <Delay = 0.00> <CoreInst = "axis">   --->   Core 115 'axis' <Latency = 0> <II = 1> <Delay = 1.00> <Adapter> <Opcode : >
ST_1 : Operation 103 [1/1] (0.00ns)   --->   "%zext_ln242 = zext i32 %current_line_load_2" [/home/miguel_tfg/FINN-v0.9-Stable/deps/finn-hlslib/slidingwindow.h:242]   --->   Operation 103 'zext' 'zext_ln242' <Predicate = (!icmp_ln191 & !icmp_ln193 & and_ln239)> <Delay = 0.00>
ST_1 : Operation 104 [1/1] (0.00ns)   --->   "%inputBuf_V_addr_2 = getelementptr i8 %inputBuf_V, i64 0, i64 %zext_ln242" [/home/miguel_tfg/FINN-v0.9-Stable/deps/finn-hlslib/slidingwindow.h:242]   --->   Operation 104 'getelementptr' 'inputBuf_V_addr_2' <Predicate = (!icmp_ln191 & !icmp_ln193 & and_ln239)> <Delay = 0.00>
ST_1 : Operation 105 [1/1] (0.00ns)   --->   "%inputBuf_V_1_addr_2 = getelementptr i8 %inputBuf_V_1, i64 0, i64 %zext_ln242" [/home/miguel_tfg/FINN-v0.9-Stable/deps/finn-hlslib/slidingwindow.h:242]   --->   Operation 105 'getelementptr' 'inputBuf_V_1_addr_2' <Predicate = (!icmp_ln191 & !icmp_ln193 & and_ln239)> <Delay = 0.00>
ST_1 : Operation 106 [1/1] (0.00ns)   --->   "%inputBuf_V_2_addr_2 = getelementptr i8 %inputBuf_V_2, i64 0, i64 %zext_ln242" [/home/miguel_tfg/FINN-v0.9-Stable/deps/finn-hlslib/slidingwindow.h:242]   --->   Operation 106 'getelementptr' 'inputBuf_V_2_addr_2' <Predicate = (!icmp_ln191 & !icmp_ln193 & and_ln239)> <Delay = 0.00>
ST_1 : Operation 107 [1/1] (0.00ns)   --->   "%inputBuf_V_3_addr_2 = getelementptr i8 %inputBuf_V_3, i64 0, i64 %zext_ln242" [/home/miguel_tfg/FINN-v0.9-Stable/deps/finn-hlslib/slidingwindow.h:242]   --->   Operation 107 'getelementptr' 'inputBuf_V_3_addr_2' <Predicate = (!icmp_ln191 & !icmp_ln193 & and_ln239)> <Delay = 0.00>
ST_1 : Operation 108 [1/1] (0.00ns)   --->   "%trunc_ln242 = trunc i32 %current_block_write_1" [/home/miguel_tfg/FINN-v0.9-Stable/deps/finn-hlslib/slidingwindow.h:242]   --->   Operation 108 'trunc' 'trunc_ln242' <Predicate = (!icmp_ln191 & !icmp_ln193 & and_ln239)> <Delay = 0.00>
ST_1 : Operation 109 [1/1] (0.95ns)   --->   "%switch_ln242 = switch i2 %trunc_ln242, void %arrayidx711.i.case.3, i2 0, void %arrayidx711.i.case.0, i2 1, void %arrayidx711.i.case.1, i2 2, void %arrayidx711.i.case.2" [/home/miguel_tfg/FINN-v0.9-Stable/deps/finn-hlslib/slidingwindow.h:242]   --->   Operation 109 'switch' 'switch_ln242' <Predicate = (!icmp_ln191 & !icmp_ln193 & and_ln239)> <Delay = 0.95>
ST_1 : Operation 110 [1/1] (2.32ns)   --->   "%store_ln242 = store i8 %inElem_1, i7 %inputBuf_V_2_addr_2" [/home/miguel_tfg/FINN-v0.9-Stable/deps/finn-hlslib/slidingwindow.h:242]   --->   Operation 110 'store' 'store_ln242' <Predicate = (!icmp_ln191 & !icmp_ln193 & and_ln239 & trunc_ln242 == 2)> <Delay = 2.32> <CoreInst = "RAM_S2P_LUTRAM">   --->   Core 92 'RAM_S2P_LUTRAM' <Latency = 1> <II = 1> <Delay = 2.32> <Storage> <Opcode : 'load' 'store'> <Ports = 2> <Width = 8> <Depth = 66> <RAM>
ST_1 : Operation 111 [1/1] (0.00ns)   --->   "%br_ln242 = br void %arrayidx711.i.exit" [/home/miguel_tfg/FINN-v0.9-Stable/deps/finn-hlslib/slidingwindow.h:242]   --->   Operation 111 'br' 'br_ln242' <Predicate = (!icmp_ln191 & !icmp_ln193 & and_ln239 & trunc_ln242 == 2)> <Delay = 0.00>
ST_1 : Operation 112 [1/1] (2.32ns)   --->   "%store_ln242 = store i8 %inElem_1, i7 %inputBuf_V_1_addr_2" [/home/miguel_tfg/FINN-v0.9-Stable/deps/finn-hlslib/slidingwindow.h:242]   --->   Operation 112 'store' 'store_ln242' <Predicate = (!icmp_ln191 & !icmp_ln193 & and_ln239 & trunc_ln242 == 1)> <Delay = 2.32> <CoreInst = "RAM_S2P_LUTRAM">   --->   Core 92 'RAM_S2P_LUTRAM' <Latency = 1> <II = 1> <Delay = 2.32> <Storage> <Opcode : 'load' 'store'> <Ports = 2> <Width = 8> <Depth = 66> <RAM>
ST_1 : Operation 113 [1/1] (0.00ns)   --->   "%br_ln242 = br void %arrayidx711.i.exit" [/home/miguel_tfg/FINN-v0.9-Stable/deps/finn-hlslib/slidingwindow.h:242]   --->   Operation 113 'br' 'br_ln242' <Predicate = (!icmp_ln191 & !icmp_ln193 & and_ln239 & trunc_ln242 == 1)> <Delay = 0.00>
ST_1 : Operation 114 [1/1] (2.32ns)   --->   "%store_ln242 = store i8 %inElem_1, i7 %inputBuf_V_addr_2" [/home/miguel_tfg/FINN-v0.9-Stable/deps/finn-hlslib/slidingwindow.h:242]   --->   Operation 114 'store' 'store_ln242' <Predicate = (!icmp_ln191 & !icmp_ln193 & and_ln239 & trunc_ln242 == 0)> <Delay = 2.32> <CoreInst = "RAM_S2P_LUTRAM">   --->   Core 92 'RAM_S2P_LUTRAM' <Latency = 1> <II = 1> <Delay = 2.32> <Storage> <Opcode : 'load' 'store'> <Ports = 2> <Width = 8> <Depth = 66> <RAM>
ST_1 : Operation 115 [1/1] (0.00ns)   --->   "%br_ln242 = br void %arrayidx711.i.exit" [/home/miguel_tfg/FINN-v0.9-Stable/deps/finn-hlslib/slidingwindow.h:242]   --->   Operation 115 'br' 'br_ln242' <Predicate = (!icmp_ln191 & !icmp_ln193 & and_ln239 & trunc_ln242 == 0)> <Delay = 0.00>
ST_1 : Operation 116 [1/1] (2.32ns)   --->   "%store_ln242 = store i8 %inElem_1, i7 %inputBuf_V_3_addr_2" [/home/miguel_tfg/FINN-v0.9-Stable/deps/finn-hlslib/slidingwindow.h:242]   --->   Operation 116 'store' 'store_ln242' <Predicate = (!icmp_ln191 & !icmp_ln193 & and_ln239 & trunc_ln242 == 3)> <Delay = 2.32> <CoreInst = "RAM_S2P_LUTRAM">   --->   Core 92 'RAM_S2P_LUTRAM' <Latency = 1> <II = 1> <Delay = 2.32> <Storage> <Opcode : 'load' 'store'> <Ports = 2> <Width = 8> <Depth = 66> <RAM>
ST_1 : Operation 117 [1/1] (0.00ns)   --->   "%br_ln242 = br void %arrayidx711.i.exit" [/home/miguel_tfg/FINN-v0.9-Stable/deps/finn-hlslib/slidingwindow.h:242]   --->   Operation 117 'br' 'br_ln242' <Predicate = (!icmp_ln191 & !icmp_ln193 & and_ln239 & trunc_ln242 == 3)> <Delay = 0.00>
ST_1 : Operation 118 [1/1] (0.00ns)   --->   "%current_line_load_3 = load i32 %current_line" [/home/miguel_tfg/FINN-v0.9-Stable/deps/finn-hlslib/slidingwindow.h:245]   --->   Operation 118 'load' 'current_line_load_3' <Predicate = (!icmp_ln191 & !icmp_ln193 & and_ln239)> <Delay = 0.00>
ST_1 : Operation 119 [1/1] (2.55ns)   --->   "%current_line_2 = add i32 %current_line_load_3, i32 1" [/home/miguel_tfg/FINN-v0.9-Stable/deps/finn-hlslib/slidingwindow.h:245]   --->   Operation 119 'add' 'current_line_2' <Predicate = (!icmp_ln191 & !icmp_ln193 & and_ln239)> <Delay = 2.55> <CoreInst = "Adder">   --->   Core 1 'Adder' <Latency = 0> <II = 1> <Delay = 2.55> <FuncUnit> <Opcode : 'add' 'sub'> <InPorts = 2> <OutPorts = 1>
ST_1 : Operation 120 [1/1] (2.47ns)   --->   "%icmp_ln246 = icmp_eq  i32 %current_line_2, i32 66" [/home/miguel_tfg/FINN-v0.9-Stable/deps/finn-hlslib/slidingwindow.h:246]   --->   Operation 120 'icmp' 'icmp_ln246' <Predicate = (!icmp_ln191 & !icmp_ln193 & and_ln239)> <Delay = 2.47> <CoreInst = "Cmp">   --->   Core 9 'Cmp' <Latency = 0> <II = 1> <Delay = 2.47> <FuncUnit> <Opcode : 'icmp'> <InPorts = 2> <OutPorts = 1>
ST_1 : Operation 121 [1/1] (0.00ns)   --->   "%br_ln246 = br i1 %icmp_ln246, void %arrayidx711.i.exit.if.end81.i_crit_edge, void %if.then74.i" [/home/miguel_tfg/FINN-v0.9-Stable/deps/finn-hlslib/slidingwindow.h:246]   --->   Operation 121 'br' 'br_ln246' <Predicate = (!icmp_ln191 & !icmp_ln193 & and_ln239)> <Delay = 0.00>
ST_1 : Operation 122 [1/1] (1.70ns)   --->   "%store_ln246 = store i32 %current_line_2, i32 %current_line" [/home/miguel_tfg/FINN-v0.9-Stable/deps/finn-hlslib/slidingwindow.h:246]   --->   Operation 122 'store' 'store_ln246' <Predicate = (!icmp_ln191 & !icmp_ln193 & and_ln239 & !icmp_ln246)> <Delay = 1.70>
ST_1 : Operation 123 [1/1] (0.00ns)   --->   "%br_ln246 = br void %if.end81.i" [/home/miguel_tfg/FINN-v0.9-Stable/deps/finn-hlslib/slidingwindow.h:246]   --->   Operation 123 'br' 'br_ln246' <Predicate = (!icmp_ln191 & !icmp_ln193 & and_ln239 & !icmp_ln246)> <Delay = 0.00>
ST_1 : Operation 124 [1/1] (2.55ns)   --->   "%read_block_5 = add i32 %read_block_3, i32 1" [/home/miguel_tfg/FINN-v0.9-Stable/deps/finn-hlslib/slidingwindow.h:249]   --->   Operation 124 'add' 'read_block_5' <Predicate = (!icmp_ln191 & !icmp_ln193 & and_ln239 & icmp_ln246)> <Delay = 2.55> <CoreInst = "Adder">   --->   Core 1 'Adder' <Latency = 0> <II = 1> <Delay = 2.55> <FuncUnit> <Opcode : 'add' 'sub'> <InPorts = 2> <OutPorts = 1>
ST_1 : Operation 125 [1/1] (2.55ns)   --->   "%current_block_write_4 = add i32 %current_block_write_1, i32 1" [/home/miguel_tfg/FINN-v0.9-Stable/deps/finn-hlslib/slidingwindow.h:250]   --->   Operation 125 'add' 'current_block_write_4' <Predicate = (!icmp_ln191 & !icmp_ln193 & and_ln239 & icmp_ln246)> <Delay = 2.55> <CoreInst = "Adder">   --->   Core 1 'Adder' <Latency = 0> <II = 1> <Delay = 2.55> <FuncUnit> <Opcode : 'add' 'sub'> <InPorts = 2> <OutPorts = 1>
ST_1 : Operation 126 [1/1] (2.47ns)   --->   "%icmp_ln251 = icmp_eq  i32 %current_block_write_4, i32 4" [/home/miguel_tfg/FINN-v0.9-Stable/deps/finn-hlslib/slidingwindow.h:251]   --->   Operation 126 'icmp' 'icmp_ln251' <Predicate = (!icmp_ln191 & !icmp_ln193 & and_ln239 & icmp_ln246)> <Delay = 2.47> <CoreInst = "Cmp">   --->   Core 9 'Cmp' <Latency = 0> <II = 1> <Delay = 2.47> <FuncUnit> <Opcode : 'icmp'> <InPorts = 2> <OutPorts = 1>
ST_1 : Operation 127 [1/1] (0.69ns)   --->   "%current_block_write_5 = select i1 %icmp_ln251, i32 0, i32 %current_block_write_4" [/home/miguel_tfg/FINN-v0.9-Stable/deps/finn-hlslib/slidingwindow.h:251]   --->   Operation 127 'select' 'current_block_write_5' <Predicate = (!icmp_ln191 & !icmp_ln193 & and_ln239 & icmp_ln246)> <Delay = 0.69> <CoreInst = "Sel">   --->   Core 73 'Sel' <Latency = 0> <II = 1> <Delay = 0.69> <FuncUnit> <Opcode : 'select'> <InPorts = 3> <OutPorts = 1>
ST_1 : Operation 128 [1/1] (1.70ns)   --->   "%store_ln255 = store i32 0, i32 %current_line" [/home/miguel_tfg/FINN-v0.9-Stable/deps/finn-hlslib/slidingwindow.h:255]   --->   Operation 128 'store' 'store_ln255' <Predicate = (!icmp_ln191 & !icmp_ln193 & and_ln239 & icmp_ln246)> <Delay = 1.70>
ST_1 : Operation 129 [1/1] (1.70ns)   --->   "%store_ln255 = store i32 %read_block_5, i32 %read_block" [/home/miguel_tfg/FINN-v0.9-Stable/deps/finn-hlslib/slidingwindow.h:255]   --->   Operation 129 'store' 'store_ln255' <Predicate = (!icmp_ln191 & !icmp_ln193 & and_ln239 & icmp_ln246)> <Delay = 1.70>
ST_1 : Operation 130 [1/1] (1.70ns)   --->   "%store_ln255 = store i32 %current_block_write_5, i32 %current_block_write" [/home/miguel_tfg/FINN-v0.9-Stable/deps/finn-hlslib/slidingwindow.h:255]   --->   Operation 130 'store' 'store_ln255' <Predicate = (!icmp_ln191 & !icmp_ln193 & and_ln239 & icmp_ln246)> <Delay = 1.70>
ST_1 : Operation 131 [1/1] (0.00ns)   --->   "%br_ln255 = br void %if.end81.i" [/home/miguel_tfg/FINN-v0.9-Stable/deps/finn-hlslib/slidingwindow.h:255]   --->   Operation 131 'br' 'br_ln255' <Predicate = (!icmp_ln191 & !icmp_ln193 & and_ln239 & icmp_ln246)> <Delay = 0.00>
ST_1 : Operation 132 [1/1] (2.55ns)   --->   "%counter_internal_block_2 = add i32 %counter_internal_block_1, i32 1" [/home/miguel_tfg/FINN-v0.9-Stable/deps/finn-hlslib/slidingwindow.h:257]   --->   Operation 132 'add' 'counter_internal_block_2' <Predicate = (!icmp_ln191 & !icmp_ln193)> <Delay = 2.55> <CoreInst = "Adder">   --->   Core 1 'Adder' <Latency = 0> <II = 1> <Delay = 2.55> <FuncUnit> <Opcode : 'add' 'sub'> <InPorts = 2> <OutPorts = 1>
ST_1 : Operation 133 [1/1] (2.47ns)   --->   "%icmp_ln258 = icmp_eq  i32 %counter_internal_block_2, i32 575" [/home/miguel_tfg/FINN-v0.9-Stable/deps/finn-hlslib/slidingwindow.h:258]   --->   Operation 133 'icmp' 'icmp_ln258' <Predicate = (!icmp_ln191 & !icmp_ln193)> <Delay = 2.47> <CoreInst = "Cmp">   --->   Core 9 'Cmp' <Latency = 0> <II = 1> <Delay = 2.47> <FuncUnit> <Opcode : 'icmp'> <InPorts = 2> <OutPorts = 1>
ST_1 : Operation 134 [1/1] (0.69ns)   --->   "%counter_internal_block_3 = select i1 %icmp_ln258, i32 0, i32 %counter_internal_block_2" [/home/miguel_tfg/FINN-v0.9-Stable/deps/finn-hlslib/slidingwindow.h:258]   --->   Operation 134 'select' 'counter_internal_block_3' <Predicate = (!icmp_ln191 & !icmp_ln193)> <Delay = 0.69> <CoreInst = "Sel">   --->   Core 73 'Sel' <Latency = 0> <II = 1> <Delay = 0.69> <FuncUnit> <Opcode : 'select'> <InPorts = 3> <OutPorts = 1>
ST_1 : Operation 135 [1/1] (1.58ns)   --->   "%store_ln258 = store i32 %counter_internal_block_3, i32 %counter_internal_block" [/home/miguel_tfg/FINN-v0.9-Stable/deps/finn-hlslib/slidingwindow.h:258]   --->   Operation 135 'store' 'store_ln258' <Predicate = (!icmp_ln191 & !icmp_ln193)> <Delay = 1.58>
ST_1 : Operation 136 [1/1] (0.00ns)   --->   "%br_ln0 = br void %for.inc.i"   --->   Operation 136 'br' 'br_ln0' <Predicate = (!icmp_ln191 & !icmp_ln193)> <Delay = 0.00>
ST_1 : Operation 137 [1/1] (0.00ns)   --->   "%current_line_load = load i32 %current_line" [/home/miguel_tfg/FINN-v0.9-Stable/deps/finn-hlslib/slidingwindow.h:196]   --->   Operation 137 'load' 'current_line_load' <Predicate = (!icmp_ln191 & icmp_ln193)> <Delay = 0.00>
ST_1 : Operation 138 [1/1] (0.00ns)   --->   "%inElem = read i8 @_ssdm_op_Read.axis.volatile.i8P128A, i8 %in0_V" [/home/miguel_tfg/FINN-v0.9-Stable/deps/finn-hlslib/slidingwindow.h:195]   --->   Operation 138 'read' 'inElem' <Predicate = (!icmp_ln191 & icmp_ln193)> <Delay = 0.00> <CoreInst = "axis">   --->   Core 115 'axis' <Latency = 0> <II = 1> <Delay = 1.00> <Adapter> <Opcode : >
ST_1 : Operation 139 [1/1] (0.00ns)   --->   "%zext_ln196 = zext i32 %current_line_load" [/home/miguel_tfg/FINN-v0.9-Stable/deps/finn-hlslib/slidingwindow.h:196]   --->   Operation 139 'zext' 'zext_ln196' <Predicate = (!icmp_ln191 & icmp_ln193)> <Delay = 0.00>
ST_1 : Operation 140 [1/1] (0.00ns)   --->   "%inputBuf_V_addr = getelementptr i8 %inputBuf_V, i64 0, i64 %zext_ln196" [/home/miguel_tfg/FINN-v0.9-Stable/deps/finn-hlslib/slidingwindow.h:196]   --->   Operation 140 'getelementptr' 'inputBuf_V_addr' <Predicate = (!icmp_ln191 & icmp_ln193)> <Delay = 0.00>
ST_1 : Operation 141 [1/1] (0.00ns)   --->   "%inputBuf_V_1_addr = getelementptr i8 %inputBuf_V_1, i64 0, i64 %zext_ln196" [/home/miguel_tfg/FINN-v0.9-Stable/deps/finn-hlslib/slidingwindow.h:196]   --->   Operation 141 'getelementptr' 'inputBuf_V_1_addr' <Predicate = (!icmp_ln191 & icmp_ln193)> <Delay = 0.00>
ST_1 : Operation 142 [1/1] (0.00ns)   --->   "%inputBuf_V_2_addr = getelementptr i8 %inputBuf_V_2, i64 0, i64 %zext_ln196" [/home/miguel_tfg/FINN-v0.9-Stable/deps/finn-hlslib/slidingwindow.h:196]   --->   Operation 142 'getelementptr' 'inputBuf_V_2_addr' <Predicate = (!icmp_ln191 & icmp_ln193)> <Delay = 0.00>
ST_1 : Operation 143 [1/1] (0.00ns)   --->   "%inputBuf_V_3_addr = getelementptr i8 %inputBuf_V_3, i64 0, i64 %zext_ln196" [/home/miguel_tfg/FINN-v0.9-Stable/deps/finn-hlslib/slidingwindow.h:196]   --->   Operation 143 'getelementptr' 'inputBuf_V_3_addr' <Predicate = (!icmp_ln191 & icmp_ln193)> <Delay = 0.00>
ST_1 : Operation 144 [1/1] (0.00ns)   --->   "%trunc_ln196 = trunc i32 %current_block_write_1" [/home/miguel_tfg/FINN-v0.9-Stable/deps/finn-hlslib/slidingwindow.h:196]   --->   Operation 144 'trunc' 'trunc_ln196' <Predicate = (!icmp_ln191 & icmp_ln193)> <Delay = 0.00>
ST_1 : Operation 145 [1/1] (0.95ns)   --->   "%switch_ln196 = switch i2 %trunc_ln196, void %arrayidx163.i.case.3, i2 0, void %arrayidx163.i.case.0, i2 1, void %arrayidx163.i.case.1, i2 2, void %arrayidx163.i.case.2" [/home/miguel_tfg/FINN-v0.9-Stable/deps/finn-hlslib/slidingwindow.h:196]   --->   Operation 145 'switch' 'switch_ln196' <Predicate = (!icmp_ln191 & icmp_ln193)> <Delay = 0.95>
ST_1 : Operation 146 [1/1] (2.32ns)   --->   "%store_ln196 = store i8 %inElem, i7 %inputBuf_V_2_addr" [/home/miguel_tfg/FINN-v0.9-Stable/deps/finn-hlslib/slidingwindow.h:196]   --->   Operation 146 'store' 'store_ln196' <Predicate = (!icmp_ln191 & icmp_ln193 & trunc_ln196 == 2)> <Delay = 2.32> <CoreInst = "RAM_S2P_LUTRAM">   --->   Core 92 'RAM_S2P_LUTRAM' <Latency = 1> <II = 1> <Delay = 2.32> <Storage> <Opcode : 'load' 'store'> <Ports = 2> <Width = 8> <Depth = 66> <RAM>
ST_1 : Operation 147 [1/1] (0.00ns)   --->   "%br_ln196 = br void %arrayidx163.i.exit" [/home/miguel_tfg/FINN-v0.9-Stable/deps/finn-hlslib/slidingwindow.h:196]   --->   Operation 147 'br' 'br_ln196' <Predicate = (!icmp_ln191 & icmp_ln193 & trunc_ln196 == 2)> <Delay = 0.00>
ST_1 : Operation 148 [1/1] (2.32ns)   --->   "%store_ln196 = store i8 %inElem, i7 %inputBuf_V_1_addr" [/home/miguel_tfg/FINN-v0.9-Stable/deps/finn-hlslib/slidingwindow.h:196]   --->   Operation 148 'store' 'store_ln196' <Predicate = (!icmp_ln191 & icmp_ln193 & trunc_ln196 == 1)> <Delay = 2.32> <CoreInst = "RAM_S2P_LUTRAM">   --->   Core 92 'RAM_S2P_LUTRAM' <Latency = 1> <II = 1> <Delay = 2.32> <Storage> <Opcode : 'load' 'store'> <Ports = 2> <Width = 8> <Depth = 66> <RAM>
ST_1 : Operation 149 [1/1] (0.00ns)   --->   "%br_ln196 = br void %arrayidx163.i.exit" [/home/miguel_tfg/FINN-v0.9-Stable/deps/finn-hlslib/slidingwindow.h:196]   --->   Operation 149 'br' 'br_ln196' <Predicate = (!icmp_ln191 & icmp_ln193 & trunc_ln196 == 1)> <Delay = 0.00>
ST_1 : Operation 150 [1/1] (2.32ns)   --->   "%store_ln196 = store i8 %inElem, i7 %inputBuf_V_addr" [/home/miguel_tfg/FINN-v0.9-Stable/deps/finn-hlslib/slidingwindow.h:196]   --->   Operation 150 'store' 'store_ln196' <Predicate = (!icmp_ln191 & icmp_ln193 & trunc_ln196 == 0)> <Delay = 2.32> <CoreInst = "RAM_S2P_LUTRAM">   --->   Core 92 'RAM_S2P_LUTRAM' <Latency = 1> <II = 1> <Delay = 2.32> <Storage> <Opcode : 'load' 'store'> <Ports = 2> <Width = 8> <Depth = 66> <RAM>
ST_1 : Operation 151 [1/1] (0.00ns)   --->   "%br_ln196 = br void %arrayidx163.i.exit" [/home/miguel_tfg/FINN-v0.9-Stable/deps/finn-hlslib/slidingwindow.h:196]   --->   Operation 151 'br' 'br_ln196' <Predicate = (!icmp_ln191 & icmp_ln193 & trunc_ln196 == 0)> <Delay = 0.00>
ST_1 : Operation 152 [1/1] (2.32ns)   --->   "%store_ln196 = store i8 %inElem, i7 %inputBuf_V_3_addr" [/home/miguel_tfg/FINN-v0.9-Stable/deps/finn-hlslib/slidingwindow.h:196]   --->   Operation 152 'store' 'store_ln196' <Predicate = (!icmp_ln191 & icmp_ln193 & trunc_ln196 == 3)> <Delay = 2.32> <CoreInst = "RAM_S2P_LUTRAM">   --->   Core 92 'RAM_S2P_LUTRAM' <Latency = 1> <II = 1> <Delay = 2.32> <Storage> <Opcode : 'load' 'store'> <Ports = 2> <Width = 8> <Depth = 66> <RAM>
ST_1 : Operation 153 [1/1] (0.00ns)   --->   "%br_ln196 = br void %arrayidx163.i.exit" [/home/miguel_tfg/FINN-v0.9-Stable/deps/finn-hlslib/slidingwindow.h:196]   --->   Operation 153 'br' 'br_ln196' <Predicate = (!icmp_ln191 & icmp_ln193 & trunc_ln196 == 3)> <Delay = 0.00>
ST_1 : Operation 154 [1/1] (0.00ns)   --->   "%current_line_load_1 = load i32 %current_line" [/home/miguel_tfg/FINN-v0.9-Stable/deps/finn-hlslib/slidingwindow.h:197]   --->   Operation 154 'load' 'current_line_load_1' <Predicate = (!icmp_ln191 & icmp_ln193)> <Delay = 0.00>
ST_1 : Operation 155 [1/1] (2.55ns)   --->   "%current_line_1 = add i32 %current_line_load_1, i32 1" [/home/miguel_tfg/FINN-v0.9-Stable/deps/finn-hlslib/slidingwindow.h:197]   --->   Operation 155 'add' 'current_line_1' <Predicate = (!icmp_ln191 & icmp_ln193)> <Delay = 2.55> <CoreInst = "Adder">   --->   Core 1 'Adder' <Latency = 0> <II = 1> <Delay = 2.55> <FuncUnit> <Opcode : 'add' 'sub'> <InPorts = 2> <OutPorts = 1>
ST_1 : Operation 156 [1/1] (2.55ns)   --->   "%inp_2 = add i32 %inp_1, i32 1" [/home/miguel_tfg/FINN-v0.9-Stable/deps/finn-hlslib/slidingwindow.h:198]   --->   Operation 156 'add' 'inp_2' <Predicate = (!icmp_ln191 & icmp_ln193)> <Delay = 2.55> <CoreInst = "Adder">   --->   Core 1 'Adder' <Latency = 0> <II = 1> <Delay = 2.55> <FuncUnit> <Opcode : 'add' 'sub'> <InPorts = 2> <OutPorts = 1>
ST_1 : Operation 157 [1/1] (2.47ns)   --->   "%icmp_ln199 = icmp_eq  i32 %current_line_1, i32 66" [/home/miguel_tfg/FINN-v0.9-Stable/deps/finn-hlslib/slidingwindow.h:199]   --->   Operation 157 'icmp' 'icmp_ln199' <Predicate = (!icmp_ln191 & icmp_ln193)> <Delay = 2.47> <CoreInst = "Cmp">   --->   Core 9 'Cmp' <Latency = 0> <II = 1> <Delay = 2.47> <FuncUnit> <Opcode : 'icmp'> <InPorts = 2> <OutPorts = 1>
ST_1 : Operation 158 [1/1] (1.70ns)   --->   "%store_ln199 = store i32 %inp_2, i32 %inp" [/home/miguel_tfg/FINN-v0.9-Stable/deps/finn-hlslib/slidingwindow.h:199]   --->   Operation 158 'store' 'store_ln199' <Predicate = (!icmp_ln191 & icmp_ln193)> <Delay = 1.70>
ST_1 : Operation 159 [1/1] (0.00ns)   --->   "%br_ln199 = br i1 %icmp_ln199, void %arrayidx163.i.exit.for.inc.i_crit_edge, void %if.then19.i" [/home/miguel_tfg/FINN-v0.9-Stable/deps/finn-hlslib/slidingwindow.h:199]   --->   Operation 159 'br' 'br_ln199' <Predicate = (!icmp_ln191 & icmp_ln193)> <Delay = 0.00>
ST_1 : Operation 160 [1/1] (1.70ns)   --->   "%store_ln199 = store i32 %current_line_1, i32 %current_line" [/home/miguel_tfg/FINN-v0.9-Stable/deps/finn-hlslib/slidingwindow.h:199]   --->   Operation 160 'store' 'store_ln199' <Predicate = (!icmp_ln191 & icmp_ln193 & !icmp_ln199)> <Delay = 1.70>
ST_1 : Operation 161 [1/1] (0.00ns)   --->   "%br_ln199 = br void %for.inc.i" [/home/miguel_tfg/FINN-v0.9-Stable/deps/finn-hlslib/slidingwindow.h:199]   --->   Operation 161 'br' 'br_ln199' <Predicate = (!icmp_ln191 & icmp_ln193 & !icmp_ln199)> <Delay = 0.00>
ST_1 : Operation 162 [1/1] (2.55ns)   --->   "%current_block_write_2 = add i32 %current_block_write_1, i32 1" [/home/miguel_tfg/FINN-v0.9-Stable/deps/finn-hlslib/slidingwindow.h:201]   --->   Operation 162 'add' 'current_block_write_2' <Predicate = (!icmp_ln191 & icmp_ln193 & icmp_ln199)> <Delay = 2.55> <CoreInst = "Adder">   --->   Core 1 'Adder' <Latency = 0> <II = 1> <Delay = 2.55> <FuncUnit> <Opcode : 'add' 'sub'> <InPorts = 2> <OutPorts = 1>
ST_1 : Operation 163 [1/1] (2.47ns)   --->   "%icmp_ln202 = icmp_eq  i32 %current_block_write_2, i32 4" [/home/miguel_tfg/FINN-v0.9-Stable/deps/finn-hlslib/slidingwindow.h:202]   --->   Operation 163 'icmp' 'icmp_ln202' <Predicate = (!icmp_ln191 & icmp_ln193 & icmp_ln199)> <Delay = 2.47> <CoreInst = "Cmp">   --->   Core 9 'Cmp' <Latency = 0> <II = 1> <Delay = 2.47> <FuncUnit> <Opcode : 'icmp'> <InPorts = 2> <OutPorts = 1>
ST_1 : Operation 164 [1/1] (0.69ns)   --->   "%current_block_write_3 = select i1 %icmp_ln202, i32 0, i32 %current_block_write_2" [/home/miguel_tfg/FINN-v0.9-Stable/deps/finn-hlslib/slidingwindow.h:202]   --->   Operation 164 'select' 'current_block_write_3' <Predicate = (!icmp_ln191 & icmp_ln193 & icmp_ln199)> <Delay = 0.69> <CoreInst = "Sel">   --->   Core 73 'Sel' <Latency = 0> <II = 1> <Delay = 0.69> <FuncUnit> <Opcode : 'select'> <InPorts = 3> <OutPorts = 1>
ST_1 : Operation 165 [1/1] (2.55ns)   --->   "%read_block_4 = add i32 %read_block_3, i32 1" [/home/miguel_tfg/FINN-v0.9-Stable/deps/finn-hlslib/slidingwindow.h:205]   --->   Operation 165 'add' 'read_block_4' <Predicate = (!icmp_ln191 & icmp_ln193 & icmp_ln199)> <Delay = 2.55> <CoreInst = "Adder">   --->   Core 1 'Adder' <Latency = 0> <II = 1> <Delay = 2.55> <FuncUnit> <Opcode : 'add' 'sub'> <InPorts = 2> <OutPorts = 1>
ST_1 : Operation 166 [1/1] (1.58ns)   --->   "%store_ln207 = store i32 0, i32 %counter_internal_block" [/home/miguel_tfg/FINN-v0.9-Stable/deps/finn-hlslib/slidingwindow.h:207]   --->   Operation 166 'store' 'store_ln207' <Predicate = (!icmp_ln191 & icmp_ln193 & icmp_ln199)> <Delay = 1.58>
ST_1 : Operation 167 [1/1] (1.70ns)   --->   "%store_ln207 = store i32 0, i32 %current_line" [/home/miguel_tfg/FINN-v0.9-Stable/deps/finn-hlslib/slidingwindow.h:207]   --->   Operation 167 'store' 'store_ln207' <Predicate = (!icmp_ln191 & icmp_ln193 & icmp_ln199)> <Delay = 1.70>
ST_1 : Operation 168 [1/1] (1.70ns)   --->   "%store_ln207 = store i32 %read_block_4, i32 %read_block" [/home/miguel_tfg/FINN-v0.9-Stable/deps/finn-hlslib/slidingwindow.h:207]   --->   Operation 168 'store' 'store_ln207' <Predicate = (!icmp_ln191 & icmp_ln193 & icmp_ln199)> <Delay = 1.70>
ST_1 : Operation 169 [1/1] (1.70ns)   --->   "%store_ln207 = store i32 %current_block_write_3, i32 %current_block_write" [/home/miguel_tfg/FINN-v0.9-Stable/deps/finn-hlslib/slidingwindow.h:207]   --->   Operation 169 'store' 'store_ln207' <Predicate = (!icmp_ln191 & icmp_ln193 & icmp_ln199)> <Delay = 1.70>
ST_1 : Operation 170 [1/1] (0.00ns)   --->   "%br_ln207 = br void %for.inc.i" [/home/miguel_tfg/FINN-v0.9-Stable/deps/finn-hlslib/slidingwindow.h:207]   --->   Operation 170 'br' 'br_ln207' <Predicate = (!icmp_ln191 & icmp_ln193 & icmp_ln199)> <Delay = 0.00>
ST_1 : Operation 171 [1/1] (1.58ns)   --->   "%store_ln191 = store i16 %i_2, i16 %i" [/home/miguel_tfg/FINN-v0.9-Stable/deps/finn-hlslib/slidingwindow.h:191]   --->   Operation 171 'store' 'store_ln191' <Predicate = (!icmp_ln191)> <Delay = 1.58>
ST_1 : Operation 172 [1/1] (0.00ns)   --->   "%br_ln191 = br void %for.body13.i" [/home/miguel_tfg/FINN-v0.9-Stable/deps/finn-hlslib/slidingwindow.h:191]   --->   Operation 172 'br' 'br_ln191' <Predicate = (!icmp_ln191)> <Delay = 0.00>

State 2 <SV = 1> <Delay = 2.32>
ST_2 : Operation 173 [1/1] (0.00ns)   --->   "%zext_ln215 = zext i7 %current_line_in_block" [/home/miguel_tfg/FINN-v0.9-Stable/deps/finn-hlslib/slidingwindow.h:215]   --->   Operation 173 'zext' 'zext_ln215' <Predicate = (!icmp_ln191 & !icmp_ln193 & icmp_ln209)> <Delay = 0.00>
ST_2 : Operation 174 [1/1] (0.00ns)   --->   "%inputBuf_V_addr_1 = getelementptr i8 %inputBuf_V, i64 0, i64 %zext_ln215" [/home/miguel_tfg/FINN-v0.9-Stable/deps/finn-hlslib/slidingwindow.h:215]   --->   Operation 174 'getelementptr' 'inputBuf_V_addr_1' <Predicate = (!icmp_ln191 & !icmp_ln193 & icmp_ln209)> <Delay = 0.00>
ST_2 : Operation 175 [1/1] (0.00ns)   --->   "%inputBuf_V_1_addr_1 = getelementptr i8 %inputBuf_V_1, i64 0, i64 %zext_ln215" [/home/miguel_tfg/FINN-v0.9-Stable/deps/finn-hlslib/slidingwindow.h:215]   --->   Operation 175 'getelementptr' 'inputBuf_V_1_addr_1' <Predicate = (!icmp_ln191 & !icmp_ln193 & icmp_ln209)> <Delay = 0.00>
ST_2 : Operation 176 [1/1] (0.00ns)   --->   "%inputBuf_V_2_addr_1 = getelementptr i8 %inputBuf_V_2, i64 0, i64 %zext_ln215" [/home/miguel_tfg/FINN-v0.9-Stable/deps/finn-hlslib/slidingwindow.h:215]   --->   Operation 176 'getelementptr' 'inputBuf_V_2_addr_1' <Predicate = (!icmp_ln191 & !icmp_ln193 & icmp_ln209)> <Delay = 0.00>
ST_2 : Operation 177 [1/1] (0.00ns)   --->   "%inputBuf_V_3_addr_1 = getelementptr i8 %inputBuf_V_3, i64 0, i64 %zext_ln215" [/home/miguel_tfg/FINN-v0.9-Stable/deps/finn-hlslib/slidingwindow.h:215]   --->   Operation 177 'getelementptr' 'inputBuf_V_3_addr_1' <Predicate = (!icmp_ln191 & !icmp_ln193 & icmp_ln209)> <Delay = 0.00>
ST_2 : Operation 178 [2/2] (2.32ns)   --->   "%inputBuf_V_load = load i7 %inputBuf_V_addr_1" [/home/miguel_tfg/FINN-v0.9-Stable/deps/finn-hlslib/slidingwindow.h:215]   --->   Operation 178 'load' 'inputBuf_V_load' <Predicate = (!icmp_ln191 & !icmp_ln193 & icmp_ln209)> <Delay = 2.32> <CoreInst = "RAM_S2P_LUTRAM">   --->   Core 92 'RAM_S2P_LUTRAM' <Latency = 1> <II = 1> <Delay = 2.32> <Storage> <Opcode : 'load' 'store'> <Ports = 2> <Width = 8> <Depth = 66> <RAM>
ST_2 : Operation 179 [2/2] (2.32ns)   --->   "%inputBuf_V_1_load = load i7 %inputBuf_V_1_addr_1" [/home/miguel_tfg/FINN-v0.9-Stable/deps/finn-hlslib/slidingwindow.h:215]   --->   Operation 179 'load' 'inputBuf_V_1_load' <Predicate = (!icmp_ln191 & !icmp_ln193 & icmp_ln209)> <Delay = 2.32> <CoreInst = "RAM_S2P_LUTRAM">   --->   Core 92 'RAM_S2P_LUTRAM' <Latency = 1> <II = 1> <Delay = 2.32> <Storage> <Opcode : 'load' 'store'> <Ports = 2> <Width = 8> <Depth = 66> <RAM>
ST_2 : Operation 180 [2/2] (2.32ns)   --->   "%inputBuf_V_2_load = load i7 %inputBuf_V_2_addr_1" [/home/miguel_tfg/FINN-v0.9-Stable/deps/finn-hlslib/slidingwindow.h:215]   --->   Operation 180 'load' 'inputBuf_V_2_load' <Predicate = (!icmp_ln191 & !icmp_ln193 & icmp_ln209)> <Delay = 2.32> <CoreInst = "RAM_S2P_LUTRAM">   --->   Core 92 'RAM_S2P_LUTRAM' <Latency = 1> <II = 1> <Delay = 2.32> <Storage> <Opcode : 'load' 'store'> <Ports = 2> <Width = 8> <Depth = 66> <RAM>
ST_2 : Operation 181 [2/2] (2.32ns)   --->   "%inputBuf_V_3_load = load i7 %inputBuf_V_3_addr_1" [/home/miguel_tfg/FINN-v0.9-Stable/deps/finn-hlslib/slidingwindow.h:215]   --->   Operation 181 'load' 'inputBuf_V_3_load' <Predicate = (!icmp_ln191 & !icmp_ln193 & icmp_ln209)> <Delay = 2.32> <CoreInst = "RAM_S2P_LUTRAM">   --->   Core 92 'RAM_S2P_LUTRAM' <Latency = 1> <II = 1> <Delay = 2.32> <Storage> <Opcode : 'load' 'store'> <Ports = 2> <Width = 8> <Depth = 66> <RAM>

State 3 <SV = 2> <Delay = 4.14>
ST_3 : Operation 182 [1/2] (2.32ns)   --->   "%inputBuf_V_load = load i7 %inputBuf_V_addr_1" [/home/miguel_tfg/FINN-v0.9-Stable/deps/finn-hlslib/slidingwindow.h:215]   --->   Operation 182 'load' 'inputBuf_V_load' <Predicate = (!icmp_ln191 & !icmp_ln193 & icmp_ln209)> <Delay = 2.32> <CoreInst = "RAM_S2P_LUTRAM">   --->   Core 92 'RAM_S2P_LUTRAM' <Latency = 1> <II = 1> <Delay = 2.32> <Storage> <Opcode : 'load' 'store'> <Ports = 2> <Width = 8> <Depth = 66> <RAM>
ST_3 : Operation 183 [1/2] (2.32ns)   --->   "%inputBuf_V_1_load = load i7 %inputBuf_V_1_addr_1" [/home/miguel_tfg/FINN-v0.9-Stable/deps/finn-hlslib/slidingwindow.h:215]   --->   Operation 183 'load' 'inputBuf_V_1_load' <Predicate = (!icmp_ln191 & !icmp_ln193 & icmp_ln209)> <Delay = 2.32> <CoreInst = "RAM_S2P_LUTRAM">   --->   Core 92 'RAM_S2P_LUTRAM' <Latency = 1> <II = 1> <Delay = 2.32> <Storage> <Opcode : 'load' 'store'> <Ports = 2> <Width = 8> <Depth = 66> <RAM>
ST_3 : Operation 184 [1/2] (2.32ns)   --->   "%inputBuf_V_2_load = load i7 %inputBuf_V_2_addr_1" [/home/miguel_tfg/FINN-v0.9-Stable/deps/finn-hlslib/slidingwindow.h:215]   --->   Operation 184 'load' 'inputBuf_V_2_load' <Predicate = (!icmp_ln191 & !icmp_ln193 & icmp_ln209)> <Delay = 2.32> <CoreInst = "RAM_S2P_LUTRAM">   --->   Core 92 'RAM_S2P_LUTRAM' <Latency = 1> <II = 1> <Delay = 2.32> <Storage> <Opcode : 'load' 'store'> <Ports = 2> <Width = 8> <Depth = 66> <RAM>
ST_3 : Operation 185 [1/2] (2.32ns)   --->   "%inputBuf_V_3_load = load i7 %inputBuf_V_3_addr_1" [/home/miguel_tfg/FINN-v0.9-Stable/deps/finn-hlslib/slidingwindow.h:215]   --->   Operation 185 'load' 'inputBuf_V_3_load' <Predicate = (!icmp_ln191 & !icmp_ln193 & icmp_ln209)> <Delay = 2.32> <CoreInst = "RAM_S2P_LUTRAM">   --->   Core 92 'RAM_S2P_LUTRAM' <Latency = 1> <II = 1> <Delay = 2.32> <Storage> <Opcode : 'load' 'store'> <Ports = 2> <Width = 8> <Depth = 66> <RAM>
ST_3 : Operation 186 [1/1] (1.82ns)   --->   "%tmp = mux i8 @_ssdm_op_Mux.ap_auto.4i8.i2, i8 %inputBuf_V_load, i8 %inputBuf_V_1_load, i8 %inputBuf_V_2_load, i8 %inputBuf_V_3_load, i2 %add_ln215" [/home/miguel_tfg/FINN-v0.9-Stable/deps/finn-hlslib/slidingwindow.h:215]   --->   Operation 186 'mux' 'tmp' <Predicate = (!icmp_ln191 & !icmp_ln193 & icmp_ln209)> <Delay = 1.82> <CoreInst = "Multiplexer">   --->   Core 76 'Multiplexer' <Latency = 0> <II = 1> <Delay = 1.82> <FuncUnit> <Opcode : 'mux'> <InPorts = 2> <OutPorts = 1>
ST_3 : Operation 187 [2/2] (0.00ns)   --->   "%write_ln216 = write void @_ssdm_op_Write.axis.volatile.i8P128A, i8 %out_V, i8 %tmp" [/home/miguel_tfg/FINN-v0.9-Stable/deps/finn-hlslib/slidingwindow.h:216]   --->   Operation 187 'write' 'write_ln216' <Predicate = (!icmp_ln191 & !icmp_ln193 & icmp_ln209)> <Delay = 0.00> <CoreInst = "axis">   --->   Core 115 'axis' <Latency = 0> <II = 1> <Delay = 1.00> <Adapter> <Opcode : >

State 4 <SV = 3> <Delay = 0.00>
ST_4 : Operation 188 [1/2] (0.00ns)   --->   "%write_ln216 = write void @_ssdm_op_Write.axis.volatile.i8P128A, i8 %out_V, i8 %tmp" [/home/miguel_tfg/FINN-v0.9-Stable/deps/finn-hlslib/slidingwindow.h:216]   --->   Operation 188 'write' 'write_ln216' <Predicate = (!icmp_ln191 & !icmp_ln193 & icmp_ln209)> <Delay = 0.00> <CoreInst = "axis">   --->   Core 115 'axis' <Latency = 0> <II = 1> <Delay = 1.00> <Adapter> <Opcode : >
ST_4 : Operation 189 [1/1] (0.00ns)   --->   "%ret_ln30 = ret" [/home/miguel_tfg/FINN-v0.9-Stable/notebooks/UAH_example/FINN_build/code_gen_ipgen_ConvolutionInputGenerator_0_ybk3e4qf/top_ConvolutionInputGenerator_0.cpp:30]   --->   Operation 189 'ret' 'ret_ln30' <Predicate = (icmp_ln191)> <Delay = 0.00>


============================================================
+ Verbose Summary: Timing violations
============================================================
Target clock period: 10ns, clock uncertainty: 2.7ns.

 <State 1>: 7.59ns
The critical path consists of the following:
	'alloca' operation ('ofm_y') [4]  (0 ns)
	'load' operation ('ofm_y_load', /home/miguel_tfg/FINN-v0.9-Stable/deps/finn-hlslib/slidingwindow.h:229) on local variable 'ofm_y' [104]  (0 ns)
	'add' operation ('ofm_y', /home/miguel_tfg/FINN-v0.9-Stable/deps/finn-hlslib/slidingwindow.h:229) [105]  (2.55 ns)
	'icmp' operation ('icmp_ln230', /home/miguel_tfg/FINN-v0.9-Stable/deps/finn-hlslib/slidingwindow.h:230) [106]  (2.47 ns)
	'select' operation ('inp', /home/miguel_tfg/FINN-v0.9-Stable/deps/finn-hlslib/slidingwindow.h:230) [108]  (0.698 ns)
	'store' operation ('store_ln234', /home/miguel_tfg/FINN-v0.9-Stable/deps/finn-hlslib/slidingwindow.h:234) of variable 'inp', /home/miguel_tfg/FINN-v0.9-Stable/deps/finn-hlslib/slidingwindow.h:230 on local variable 'inp' [110]  (1.71 ns)
	blocking operation 0.161 ns on control path)

 <State 2>: 2.32ns
The critical path consists of the following:
	'getelementptr' operation ('inputBuf_V_addr_1', /home/miguel_tfg/FINN-v0.9-Stable/deps/finn-hlslib/slidingwindow.h:215) [68]  (0 ns)
	'load' operation ('inputBuf_V_load', /home/miguel_tfg/FINN-v0.9-Stable/deps/finn-hlslib/slidingwindow.h:215) on array 'inputBuf.V', /home/miguel_tfg/FINN-v0.9-Stable/deps/finn-hlslib/slidingwindow.h:176 [74]  (2.32 ns)

 <State 3>: 4.15ns
The critical path consists of the following:
	'load' operation ('inputBuf_V_load', /home/miguel_tfg/FINN-v0.9-Stable/deps/finn-hlslib/slidingwindow.h:215) on array 'inputBuf.V', /home/miguel_tfg/FINN-v0.9-Stable/deps/finn-hlslib/slidingwindow.h:176 [74]  (2.32 ns)
	'mux' operation ('tmp', /home/miguel_tfg/FINN-v0.9-Stable/deps/finn-hlslib/slidingwindow.h:215) [78]  (1.83 ns)

 <State 4>: 0ns
The critical path consists of the following:


============================================================
+ Verbose Summary: Binding
============================================================
N/A
* FSMD analyzer results:
  - Output states:
 - Input state : 
  - Chain level:
	State 1
	State 2
	State 3
	State 4


============================================================
+ Verbose Summary: Datapath Resource usage 
============================================================
N/A
