Fri Jun 12 09:16:29 2026: Running xcd server. This server was built by gradle.
Fri Jun 12 09:16:29 2026: Server was asked to start on port: '39525'
Fri Jun 12 09:16:29 2026: Server is using token UUID: 'a126af0e-1da5-4cdd-8d8d-cac8b89a302d'
Fri Jun 12 09:16:29 2026: SESSION_MGR: creating session with session uuid: '6d04a3e9-ade5-4ab9-8d63-1f78fcd2ec76' and name 'default'
Fri Jun 12 09:16:29 2026: Attempting to start server on port '39525'
Fri Jun 12 09:16:29 2026: XCD main fifo: created main fifo '/tmp/xcdmaina126af0e-1da5-4cdd-8d8d-cac8b89a302d', fd read = 12
Fri Jun 12 09:16:29 2026: Running Dispatch Server
Fri Jun 12 09:16:29 2026: Version 2.2.0
Fri Jun 12 09:16:38 2026: Dispatch Server: Accepted socket connection from client
Fri Jun 12 09:16:38 2026: Starting Socket connection
Fri Jun 12 09:16:38 2026: EXCHANGE_TOKEN received, server token: a126af0e-1da5-4cdd-8d8d-cac8b89a302d, passed token: a126af0e-1da5-4cdd-8d8d-cac8b89a302d
Fri Jun 12 09:16:38 2026: SESSION_MGR: creating session with session uuid: 'a226b1c0-3473-4f61-a6ff-00da7452dfbf' and name 'vitis_hls'
Fri Jun 12 09:16:38 2026: KERNEL_SVC: creating session with uuid: 'a226b1c0-3473-4f61-a6ff-00da7452dfbf' and name 'vitis_hls'
Fri Jun 12 09:16:38 2026: GUIDANCE_SMGR: creating guidance session with uuid: 'a226b1c0-3473-4f61-a6ff-00da7452dfbf' and name 'vitis_hls'
Fri Jun 12 09:16:56 2026: STOP_SERVER received, server token: a126af0e-1da5-4cdd-8d8d-cac8b89a302d, passed token: a126af0e-1da5-4cdd-8d8d-cac8b89a302d
Fri Jun 12 09:16:56 2026: Socket received request to stop server.
Fri Jun 12 09:16:56 2026: Dispatch Server: do_await_stop
Fri Jun 12 09:16:56 2026: Dispatch Server: stopping mainFifo_
Fri Jun 12 09:16:56 2026: XCD main fifo: Stopping
Fri Jun 12 09:16:56 2026: XCD main fifo: do_read error code: Operation canceled
Fri Jun 12 09:16:56 2026: XCD main fifo: bytes_transferred: 0
Fri Jun 12 09:16:56 2026: SERVER: destructor for server bound to port 39525
Fri Jun 12 09:16:56 2026: XCD main fifo: Good unlink of /tmp/xcdmaina126af0e-1da5-4cdd-8d8d-cac8b89a302d
Fri Jun 12 09:16:56 2026: Server exiting with status 0.
Fri Jun 12 09:16:56 2026: Closing log file.
