==============================================================
Vitis HLS - High-Level Synthesis from C, C++ and OpenCL v2022.2.2 (64-bit)
Tool Version Limit: 2019.12
Copyright 1986-2023 Xilinx, Inc. All Rights Reserved.
==============================================================
INFO: [HLS 200-1505] Using default flow_target 'vivado'
INFO: [HLS 200-435] Setting 'open_solution -flow_target vivado' configuration: config_interface -m_axi_latency=0
INFO: [HLS 200-1510] Running: set_part xc7z020clg400-1 
INFO: [HLS 200-1611] Setting target device to 'xc7z020-clg400-1'
INFO: [HLS 200-1510] Running: config_compile -disable_unroll_code_size_check -pipeline_style flp 
WARNING: [XFORM 203-506] Disable code size check when do loop unroll.
WARNING: [HLS 200-643] The 'config_compile -disable_unroll_code_size_check' hidden command is deprecated and will be removed in a future release.
INFO: [HLS 200-1510] Running: config_interface -m_axi_addr64 
INFO: [HLS 200-1510] Running: config_rtl -module_auto_prefix 
INFO: [HLS 200-1510] Running: config_rtl -deadlock_detection none 
INFO: [HLS 200-1510] Running: config_compile -pipeline_style frp 
WARNING: [XFORM 203-506] Disable code size check when do loop unroll.
INFO: [HLS 200-1510] Running: create_clock -period 10.0 -name default 
INFO: [SYN 201-201] Setting up clock 'default' with a period of 10ns.
INFO: [HLS 200-1510] Running: csynth_design 
INFO: [HLS 200-111] Finished File checks and directory preparation: CPU user time: 0.01 seconds. CPU system time: 0.02 seconds. Elapsed time: 10.03 seconds; current allocated memory: 1.469 GB.
INFO: [HLS 200-10] Analyzing design file '/home/miguel_tfg/FINN-v0.9-Stable/notebooks/UAH_example/FINN_build/code_gen_ipgen_Thresholding_Batch_0_kj86thfm/top_Thresholding_Batch_0.cpp' ... 
INFO: [HLS 200-111] Finished Source Code Analysis and Preprocessing: CPU user time: 3.93 seconds. CPU system time: 0.49 seconds. Elapsed time: 4.41 seconds; current allocated memory: 1.477 GB.
INFO: [HLS 200-777] Using interface defaults for 'Vivado' flow target.
INFO: [HLS 214-131] Inlining function 'Slice<ap_uint<8>, 8u>::Container<ap_uint<8> >::Container(ap_uint<8> const&)' into 'Slice<ap_uint<8>, 8u>::Container<ap_uint<8> > Slice<ap_uint<8>, 8u>::operator()<ap_uint<8> >(ap_uint<8> const&) const' (/home/miguel_tfg/FINN-v0.9-Stable/deps/finn-hlslib/interpret.hpp:233:9)
INFO: [HLS 214-131] Inlining function 'Slice<ap_int<8>, 8u>::Container<ap_uint<8> >::operator ap_uint<8> const&() const' into 'void Thresholding_Batch<4096u, 1u, 1u, Slice<ap_uint<8>, 8u>, Slice<ap_int<8>, 8u>, ap_uint<8>, ap_uint<8>, ThresholdsActivation<1u, 1u, 255u, ap_uint<8>, ap_int<8>, -128, comp::less_equal<ap_uint<8>, ap_uint<8> > > >(hls::stream<ap_uint<8>, 0>&, hls::stream<ap_uint<8>, 0>&, ThresholdsActivation<1u, 1u, 255u, ap_uint<8>, ap_int<8>, -128, comp::less_equal<ap_uint<8>, ap_uint<8> > > const&, int)' (/home/miguel_tfg/FINN-v0.9-Stable/deps/finn-hlslib/activations.hpp:306:15)
INFO: [HLS 214-131] Inlining function 'Slice<ap_int<8>, 8u>::Container<ap_uint<8> >::operator()(unsigned int, unsigned int, bool) const' into 'void Thresholding_Batch<4096u, 1u, 1u, Slice<ap_uint<8>, 8u>, Slice<ap_int<8>, 8u>, ap_uint<8>, ap_uint<8>, ThresholdsActivation<1u, 1u, 255u, ap_uint<8>, ap_int<8>, -128, comp::less_equal<ap_uint<8>, ap_uint<8> > > >(hls::stream<ap_uint<8>, 0>&, hls::stream<ap_uint<8>, 0>&, ThresholdsActivation<1u, 1u, 255u, ap_uint<8>, ap_int<8>, -128, comp::less_equal<ap_uint<8>, ap_uint<8> > > const&, int)' (/home/miguel_tfg/FINN-v0.9-Stable/deps/finn-hlslib/activations.hpp:304:7)
INFO: [HLS 214-131] Inlining function 'ThresholdsActivation<1u, 1u, 255u, ap_uint<8>, ap_int<8>, -128, comp::less_equal<ap_uint<8>, ap_uint<8> > >::activate(unsigned int, unsigned int, ap_uint<8> const&) const' into 'void Thresholding_Batch<4096u, 1u, 1u, Slice<ap_uint<8>, 8u>, Slice<ap_int<8>, 8u>, ap_uint<8>, ap_uint<8>, ThresholdsActivation<1u, 1u, 255u, ap_uint<8>, ap_int<8>, -128, comp::less_equal<ap_uint<8>, ap_uint<8> > > >(hls::stream<ap_uint<8>, 0>&, hls::stream<ap_uint<8>, 0>&, ThresholdsActivation<1u, 1u, 255u, ap_uint<8>, ap_int<8>, -128, comp::less_equal<ap_uint<8>, ap_uint<8> > > const&, int)' (/home/miguel_tfg/FINN-v0.9-Stable/deps/finn-hlslib/activations.hpp:304:36)
INFO: [HLS 214-131] Inlining function 'Slice<ap_uint<8>, 8u>::Container<ap_uint<8> > Slice<ap_uint<8>, 8u>::operator()<ap_uint<8> >(ap_uint<8> const&) const' into 'void Thresholding_Batch<4096u, 1u, 1u, Slice<ap_uint<8>, 8u>, Slice<ap_int<8>, 8u>, ap_uint<8>, ap_uint<8>, ThresholdsActivation<1u, 1u, 255u, ap_uint<8>, ap_int<8>, -128, comp::less_equal<ap_uint<8>, ap_uint<8> > > >(hls::stream<ap_uint<8>, 0>&, hls::stream<ap_uint<8>, 0>&, ThresholdsActivation<1u, 1u, 255u, ap_uint<8>, ap_int<8>, -128, comp::less_equal<ap_uint<8>, ap_uint<8> > > const&, int)' (/home/miguel_tfg/FINN-v0.9-Stable/deps/finn-hlslib/activations.hpp:303:19)
INFO: [HLS 214-131] Inlining function 'Slice<ap_uint<8>, 8u>::Container<ap_uint<8> >::operator()(unsigned int, unsigned int) const' into 'void Thresholding_Batch<4096u, 1u, 1u, Slice<ap_uint<8>, 8u>, Slice<ap_int<8>, 8u>, ap_uint<8>, ap_uint<8>, ThresholdsActivation<1u, 1u, 255u, ap_uint<8>, ap_int<8>, -128, comp::less_equal<ap_uint<8>, ap_uint<8> > > >(hls::stream<ap_uint<8>, 0>&, hls::stream<ap_uint<8>, 0>&, ThresholdsActivation<1u, 1u, 255u, ap_uint<8>, ap_int<8>, -128, comp::less_equal<ap_uint<8>, ap_uint<8> > > const&, int)' (/home/miguel_tfg/FINN-v0.9-Stable/deps/finn-hlslib/activations.hpp:304:53)
INFO: [HLS 214-377] Adding 'threshs' into disaggregation list because there's array-partition pragma applied on the struct field (/home/miguel_tfg/FINN-v0.9-Stable/notebooks/UAH_example/FINN_build/code_gen_ipgen_Thresholding_Batch_0_kj86thfm/top_Thresholding_Batch_0.cpp:25:9)
INFO: [HLS 214-377] Adding 'threshs' into disaggregation list because there's array-partition pragma applied on the struct field (/home/miguel_tfg/FINN-v0.9-Stable/notebooks/UAH_example/FINN_build/code_gen_ipgen_Thresholding_Batch_0_kj86thfm/top_Thresholding_Batch_0.cpp:24:9)
INFO: [HLS 214-210] Disaggregating variable 'threshs' (/home/miguel_tfg/FINN-v0.9-Stable/notebooks/UAH_example/FINN_build/code_gen_ipgen_Thresholding_Batch_0_kj86thfm/thresh.h:1:0)
INFO: [HLS 214-291] Loop 'VITIS_LOOP_300_2' is marked as complete unroll implied by the pipeline pragma (/home/miguel_tfg/FINN-v0.9-Stable/deps/finn-hlslib/activations.hpp:300:23)
INFO: [HLS 214-291] Loop 'VITIS_LOOP_216_1' is marked as complete unroll implied by the pipeline pragma (/home/miguel_tfg/FINN-v0.9-Stable/deps/finn-hlslib/activations.hpp:216:20)
INFO: [HLS 214-186] Unrolling loop 'VITIS_LOOP_300_2' (/home/miguel_tfg/FINN-v0.9-Stable/deps/finn-hlslib/activations.hpp:300:23) in function 'Thresholding_Batch<4096u, 1u, 1u, Slice<ap_uint<8>, 8u>, Slice<ap_int<8>, 8u>, ap_uint<8>, ap_uint<8>, ThresholdsActivation<1u, 1u, 255u, ap_uint<8>, ap_int<8>, -128, comp::less_equal<ap_uint<8>, ap_uint<8> > > >' completely with a factor of 1 (/home/miguel_tfg/FINN-v0.9-Stable/deps/finn-hlslib/activations.hpp:286:0)
INFO: [HLS 214-186] Unrolling loop 'VITIS_LOOP_216_1' (/home/miguel_tfg/FINN-v0.9-Stable/deps/finn-hlslib/activations.hpp:216:20) in function 'Thresholding_Batch<4096u, 1u, 1u, Slice<ap_uint<8>, 8u>, Slice<ap_int<8>, 8u>, ap_uint<8>, ap_uint<8>, ThresholdsActivation<1u, 1u, 255u, ap_uint<8>, ap_int<8>, -128, comp::less_equal<ap_uint<8>, ap_uint<8> > > >' completely with a factor of 255 (/home/miguel_tfg/FINN-v0.9-Stable/deps/finn-hlslib/activations.hpp:286:0)
INFO: [HLS 214-178] Inlining function 'ap_uint<8> Caster<ap_uint<8> >::cast<8>(ap_int<8> const&)' into 'void Thresholding_Batch<4096u, 1u, 1u, Slice<ap_uint<8>, 8u>, Slice<ap_int<8>, 8u>, ap_uint<8>, ap_uint<8>, ThresholdsActivation<1u, 1u, 255u, ap_uint<8>, ap_int<8>, -128, comp::less_equal<ap_uint<8>, ap_uint<8> > > >(hls::stream<ap_uint<8>, 0>&, hls::stream<ap_uint<8>, 0>&, ThresholdsActivation<1u, 1u, 255u, ap_uint<8>, ap_int<8>, -128, comp::less_equal<ap_uint<8>, ap_uint<8> > > const&, int)' (/home/miguel_tfg/FINN-v0.9-Stable/deps/finn-hlslib/activations.hpp:286:0)
INFO: [HLS 214-248] Applying array_partition to '_ZL7threshs': Complete partitioning on dimension 1. Complete partitioning on dimension 3. (/home/miguel_tfg/FINN-v0.9-Stable/notebooks/UAH_example/FINN_build/code_gen_ipgen_Thresholding_Batch_0_kj86thfm/thresh.h:1:0)
INFO: [HLS 214-364] Automatically inlining function 'comp::less_equal<ap_uint<8>, ap_uint<8> >::operator()(ap_uint<8> const&, ap_uint<8> const&) const' to improve effectiveness of pipeline pragma in function 'void Thresholding_Batch<4096u, 1u, 1u, Slice<ap_uint<8>, 8u>, Slice<ap_int<8>, 8u>, ap_uint<8>, ap_uint<8>, ThresholdsActivation<1u, 1u, 255u, ap_uint<8>, ap_int<8>, -128, comp::less_equal<ap_uint<8>, ap_uint<8> > > >(hls::stream<ap_uint<8>, 0>&, hls::stream<ap_uint<8>, 0>&, ThresholdsActivation<1u, 1u, 255u, ap_uint<8>, ap_int<8>, -128, comp::less_equal<ap_uint<8>, ap_uint<8> > > const&, int)' (/home/miguel_tfg/FINN-v0.9-Stable/deps/finn-hlslib/activations.hpp:218:10)
