

================================================================
== Vitis HLS Report for 'FMPadding_Batch_0'
================================================================
* Date:           Fri Jun 12 09:17:16 2026

* Version:        2022.2.2 (Build 3779808 on Feb 17 2023)
* Project:        project_FMPadding_Batch_0
* Solution:       sol1 (Vivado IP Flow Target)
* Product family: zynq
* Target device:  xc7z020-clg400-1


================================================================
== Performance Estimates
================================================================
+ Timing: 
    * Summary: 
    +--------+----------+----------+------------+
    |  Clock |  Target  | Estimated| Uncertainty|
    +--------+----------+----------+------------+
    |ap_clk  |  10.00 ns|  6.551 ns|     2.70 ns|
    +--------+----------+----------+------------+

+ Latency: 
    * Summary: 
    +---------+---------+-----------+-----------+------+------+---------+
    |  Latency (cycles) |   Latency (absolute)  |   Interval  | Pipeline|
    |   min   |   max   |    min    |    max    |  min |  max |   Type  |
    +---------+---------+-----------+-----------+------+------+---------+
    |     4359|     4359|  43.590 us|  43.590 us|  4360|  4360|       no|
    +---------+---------+-----------+-----------+------+------+---------+

    + Detail: 
        * Instance: 
        N/A

        * Loop: 
        +-------------------------------------+---------+---------+----------+-----------+-----------+------+----------+
        |                                     |  Latency (cycles) | Iteration|  Initiation Interval  | Trip |          |
        |              Loop Name              |   min   |   max   |  Latency |  achieved |   target  | Count| Pipelined|
        +-------------------------------------+---------+---------+----------+-----------+-----------+------+----------+
        |- VITIS_LOOP_277_1_VITIS_LOOP_278_2  |     4357|     4357|         3|          1|          1|  4356|  yes(flp)|
        +-------------------------------------+---------+---------+----------+-----------+-----------+------+----------+



================================================================
== Utilization Estimates
================================================================
* Summary: 
+-----------------+---------+-----+--------+-------+-----+
|       Name      | BRAM_18K| DSP |   FF   |  LUT  | URAM|
+-----------------+---------+-----+--------+-------+-----+
|DSP              |        -|    -|       -|      -|    -|
|Expression       |        -|    -|       0|    163|    -|
|FIFO             |        -|    -|       -|      -|    -|
|Instance         |        -|    -|       -|      -|    -|
|Memory           |        -|    -|       -|      -|    -|
|Multiplexer      |        -|    -|       -|    114|    -|
|Register         |        -|    -|      42|      -|    -|
+-----------------+---------+-----+--------+-------+-----+
|Total            |        0|    0|      42|    277|    0|
+-----------------+---------+-----+--------+-------+-----+
|Available        |      280|  220|  106400|  53200|    0|
+-----------------+---------+-----+--------+-------+-----+
|Utilization (%)  |        0|    0|      ~0|     ~0|    0|
+-----------------+---------+-----+--------+-------+-----+

+ Detail: 
    * Instance: 
    N/A

    * DSP: 
    N/A

    * Memory: 
    N/A

    * FIFO: 
    N/A

    * Expression: 
    +----------------------------------+----------+----+---+----+------------+------------+
    |           Variable Name          | Operation| DSP| FF| LUT| Bitwidth P0| Bitwidth P1|
    +----------------------------------+----------+----+---+----+------------+------------+
    |add_ln277_1_fu_167_p2             |         +|   0|  0|  14|           7|           1|
    |add_ln277_fu_144_p2               |         +|   0|  0|  14|          13|           1|
    |x_1_fu_231_p2                     |         +|   0|  0|  14|           7|           1|
    |ap_block_state1_pp0_stage0_iter0  |       and|   0|  0|   2|           1|           1|
    |ap_block_state2_io                |       and|   0|  0|   2|           1|           1|
    |ap_block_state3_io                |       and|   0|  0|   2|           1|           1|
    |ap_condition_303                  |       and|   0|  0|   2|           1|           1|
    |ap_predicate_op46_read_state1     |       and|   0|  0|   2|           1|           1|
    |cmp10_not_i_i_fu_126_p2           |      icmp|   0|  0|  11|           7|           8|
    |cmp10_not_i_i_mid1_fu_179_p2      |      icmp|   0|  0|  11|           7|           8|
    |cmp12_not_i_i_fu_207_p2           |      icmp|   0|  0|  10|           7|           1|
    |cmp14_not_i_i_fu_213_p2           |      icmp|   0|  0|  11|           7|           8|
    |cmp9_not_i_i_fu_120_p2            |      icmp|   0|  0|  10|           7|           1|
    |cmp9_not_i_i_mid1_fu_173_p2       |      icmp|   0|  0|  10|           7|           1|
    |icmp_ln277_fu_138_p2              |      icmp|   0|  0|  12|          13|          13|
    |icmp_ln278_fu_153_p2              |      icmp|   0|  0|  10|           7|           7|
    |ap_block_state3_pp0_stage0_iter2  |        or|   0|  0|   2|           1|           1|
    |brmerge13_i_i_fu_225_p2           |        or|   0|  0|   2|           1|           1|
    |tmp1_fu_219_p2                    |        or|   0|  0|   2|           1|           1|
    |tmp_fu_132_p2                     |        or|   0|  0|   2|           1|           1|
    |tmp_mid1_fu_185_p2                |        or|   0|  0|   2|           1|           1|
    |select_ln277_1_fu_191_p3          |    select|   0|  0|   2|           1|           1|
    |select_ln277_2_fu_199_p3          |    select|   0|  0|   7|           1|           7|
    |select_ln277_fu_159_p3            |    select|   0|  0|   7|           1|           1|
    +----------------------------------+----------+----+---+----+------------+------------+
    |Total                             |          |   0|  0| 163|         102|          69|
    +----------------------------------+----------+----+---+----+------------+------------+

    * Multiplexer: 
    +-----------------------------------------+----+-----------+-----+-----------+
    |                   Name                  | LUT| Input Size| Bits| Total Bits|
    +-----------------------------------------+----+-----------+-----+-----------+
    |ap_NS_iter1_fsm                          |  14|          3|    2|          6|
    |ap_NS_iter2_fsm                          |  14|          3|    2|          6|
    |ap_phi_reg_pp0_iter1_outData_V_1_reg_85  |  14|          3|    8|         24|
    |ap_sig_allocacmp_indvar_flatten_load     |   9|          2|   13|         26|
    |ap_sig_allocacmp_x_load                  |   9|          2|    7|         14|
    |ap_sig_allocacmp_y_1                     |   9|          2|    7|         14|
    |in0_V_TDATA_blk_n                        |   9|          2|    1|          2|
    |indvar_flatten_fu_68                     |   9|          2|   13|         26|
    |out_V_TDATA_blk_n                        |   9|          2|    1|          2|
    |x_fu_60                                  |   9|          2|    7|         14|
    |y_fu_64                                  |   9|          2|    7|         14|
    +-----------------------------------------+----+-----------+-----+-----------+
    |Total                                    | 114|         25|   68|        148|
    +-----------------------------------------+----+-----------+-----+-----------+

    * Register: 
    +-----------------------------------------+----+----+-----+-----------+
    |                   Name                  | FF | LUT| Bits| Const Bits|
    +-----------------------------------------+----+----+-----+-----------+
    |ap_CS_iter0_fsm                          |   1|   0|    1|          0|
    |ap_CS_iter1_fsm                          |   2|   0|    2|          0|
    |ap_CS_iter2_fsm                          |   2|   0|    2|          0|
    |ap_phi_reg_pp0_iter1_outData_V_1_reg_85  |   8|   0|    8|          0|
    |icmp_ln277_reg_273                       |   1|   0|    1|          0|
    |icmp_ln277_reg_273_pp0_iter1_reg         |   1|   0|    1|          0|
    |indvar_flatten_fu_68                     |  13|   0|   13|          0|
    |x_fu_60                                  |   7|   0|    7|          0|
    |y_fu_64                                  |   7|   0|    7|          0|
    +-----------------------------------------+----+----+-----+-----------+
    |Total                                    |  42|   0|   42|          0|
    +-----------------------------------------+----+----+-----+-----------+



================================================================
== Interface
================================================================
* Summary: 
+--------------+-----+-----+--------------+-------------------+--------------+
|   RTL Ports  | Dir | Bits|   Protocol   |   Source Object   |    C Type    |
+--------------+-----+-----+--------------+-------------------+--------------+
|ap_clk        |   in|    1|  ap_ctrl_none|  FMPadding_Batch_0|  return value|
|ap_rst_n      |   in|    1|  ap_ctrl_none|  FMPadding_Batch_0|  return value|
|in0_V_TVALID  |   in|    1|          axis|              in0_V|       pointer|
|in0_V_TDATA   |   in|    8|          axis|              in0_V|       pointer|
|in0_V_TREADY  |  out|    1|          axis|              in0_V|       pointer|
|out_V_TREADY  |   in|    1|          axis|              out_V|       pointer|
|out_V_TDATA   |  out|    8|          axis|              out_V|       pointer|
|out_V_TVALID  |  out|    1|          axis|              out_V|       pointer|
+--------------+-----+-----+--------------+-------------------+--------------+

