In file included from /home/miguel_tfg/FINN-v0.9-Stable/notebooks/UAH_example/FINN_build/code_gen_ipgen_MatrixVectorActivation_0_o11cr567/top_MatrixVectorActivation_0.cpp:4:
In file included from /home/miguel_tfg/FINN-v0.9-Stable/deps/finn-hlslib/bnn-library.h:48:
In file included from /tools/Xilinx/Vitis_HLS/2022.2/common/technology/autopilot/ap_int.h:10:
/tools/Xilinx/Vitis_HLS/2022.2/common/technology/autopilot/ap_common.h:520:35: error: 'bitwidth' attribute requires integer constant between 1 and 8191 inclusive
  typedef unsigned __attribute__((bitwidth(_AP_N))) DataType;
                                  ^        ~~~~~
/tools/Xilinx/Vitis_HLS/2022.2/common/technology/autopilot/ap_int_base.h:108:29: note: in instantiation of template class 'ssdm_int<9216, false>' requested here
struct ap_int_base : public ssdm_int<_AP_W, _AP_S> {
                            ^
/tools/Xilinx/Vitis_HLS/2022.2/common/technology/autopilot/ap_int.h:181:18: note: in instantiation of template class 'ap_int_base<9216, false>' requested here
struct ap_uint : ap_int_base<_AP_W, false> {
                 ^
/home/miguel_tfg/FINN-v0.9-Stable/notebooks/UAH_example/FINN_build/code_gen_ipgen_MatrixVectorActivation_0_o11cr567/top_MatrixVectorActivation_0.cpp:38:1: note: in instantiation of template class 'ap_uint<9216>' requested here
Matrix_Vector_Activate_Stream_Batch<576, 256, 9, 256, Slice<ap_int<8>>, Slice<ap_uint<4>>, Identity, ap_int<4> >
^
In file included from /home/miguel_tfg/FINN-v0.9-Stable/notebooks/UAH_example/FINN_build/code_gen_ipgen_MatrixVectorActivation_0_o11cr567/top_MatrixVectorActivation_0.cpp:4:
In file included from /home/miguel_tfg/FINN-v0.9-Stable/deps/finn-hlslib/bnn-library.h:48:
In file included from /tools/Xilinx/Vitis_HLS/2022.2/common/technology/autopilot/ap_int.h:10:
/tools/Xilinx/Vitis_HLS/2022.2/common/technology/autopilot/ap_common.h:521:29: error: 'bitwidth' attribute requires integer constant between 1 and 8191 inclusive
  unsigned V __attribute__((bitwidth(_AP_N)));
                            ^        ~~~~~
/tools/Xilinx/Vitis_HLS/2022.2/common/technology/autopilot/ap_common.h:523:104: error: 'bitwidth' attribute requires integer constant between 1 and 8191 inclusive
                inline __attribute__((always_inline)) ssdm_int<_AP_N, false>(unsigned o __attribute__((bitwidth(_AP_N)))):V(o){};
                                                                                                       ^        ~~~~~
In file included from /home/miguel_tfg/FINN-v0.9-Stable/notebooks/UAH_example/FINN_build/code_gen_ipgen_MatrixVectorActivation_0_o11cr567/top_MatrixVectorActivation_0.cpp:4:
In file included from /home/miguel_tfg/FINN-v0.9-Stable/deps/finn-hlslib/bnn-library.h:48:
/tools/Xilinx/Vitis_HLS/2022.2/common/technology/autopilot/ap_int.h:212:114: error: 'bitwidth' attribute requires integer constant between 1 and 8191 inclusive
                inline __attribute__((always_inline)) __attribute__((nodebug)) ap_uint(unsigned V __attribute__((bitwidth(_AP_W))), bool raw):Base(0) {
                                                                                                                 ^        ~~~~~
/home/miguel_tfg/FINN-v0.9-Stable/notebooks/UAH_example/FINN_build/code_gen_ipgen_MatrixVectorActivation_0_o11cr567/top_MatrixVectorActivation_0.cpp:38:1: note: in instantiation of template class 'ap_uint<9216>' requested here
Matrix_Vector_Activate_Stream_Batch<576, 256, 9, 256, Slice<ap_int<8>>, Slice<ap_uint<4>>, Identity, ap_int<4> >
^
In file included from /home/miguel_tfg/FINN-v0.9-Stable/notebooks/UAH_example/FINN_build/code_gen_ipgen_MatrixVectorActivation_0_o11cr567/top_MatrixVectorActivation_0.cpp:4:
In file included from /home/miguel_tfg/FINN-v0.9-Stable/deps/finn-hlslib/bnn-library.h:58:
In file included from /home/miguel_tfg/FINN-v0.9-Stable/deps/finn-hlslib/convlayer.h:57:
/home/miguel_tfg/FINN-v0.9-Stable/deps/finn-hlslib/mvau.hpp:268:20: error: type 'ap_uint<256U * 9U * ap_int<4>::width>' does not provide a call operator
 w.m_weights[pe] = W_packed((pe+1)*SIMD*TW::width-1,pe*SIMD*TW::width);
                   ^~~~~~~~
/home/miguel_tfg/FINN-v0.9-Stable/notebooks/UAH_example/FINN_build/code_gen_ipgen_MatrixVectorActivation_0_o11cr567/top_MatrixVectorActivation_0.cpp:38:1: note: in instantiation of function template specialization 'Matrix_Vector_Activate_Stream_Batch<576, 256, 9, 256, Slice<ap_int<8>, 8>, Slice<ap_uint<4>, 4>, Identity, ap_int<4>, ap_uint<72>, ap_uint<1024>, ThresholdsActivation<1, 256, 15, ap_int<17>, ap_uint<4>, 0, comp::less_equal<ap_int<17>, ap_int<17> > >, ap_resource_lut>' requested here
Matrix_Vector_Activate_Stream_Batch<576, 256, 9, 256, Slice<ap_int<8>>, Slice<ap_uint<4>>, Identity, ap_int<4> >
^
5 errors generated.
