

================================================================
== Vitis HLS Report for 'StreamingDataWidthConverter_Batch_2'
================================================================
* Date:           Fri Jun 12 09:19:05 2026

* Version:        2022.2.2 (Build 3779808 on Feb 17 2023)
* Project:        project_StreamingDataWidthConverter_Batch_2
* Solution:       sol1 (Vivado IP Flow Target)
* Product family: zynq
* Target device:  xc7z020-clg400-1


================================================================
== Performance Estimates
================================================================
+ Timing: 
    * Summary: 
    +--------+----------+----------+------------+
    |  Clock |  Target  | Estimated| Uncertainty|
    +--------+----------+----------+------------+
    |ap_clk  |  10.00 ns|  7.591 ns|     2.70 ns|
    +--------+----------+----------+------------+

+ Latency: 
    * Summary: 
    +---------+---------+----------+----------+-------+-------+---------+
    |  Latency (cycles) |  Latency (absolute) |    Interval   | Pipeline|
    |   min   |   max   |    min   |    max   |  min  |  max  |   Type  |
    +---------+---------+----------+----------+-------+-------+---------+
    |    32771|    32771|  0.328 ms|  0.328 ms|  32772|  32772|       no|
    +---------+---------+----------+----------+-------+-------+---------+

    + Detail: 
        * Instance: 
        N/A

        * Loop: 
        +--------------------+---------+---------+----------+-----------+-----------+-------+----------+
        |                    |  Latency (cycles) | Iteration|  Initiation Interval  |  Trip |          |
        |      Loop Name     |   min   |   max   |  Latency |  achieved |   target  | Count | Pipelined|
        +--------------------+---------+---------+----------+-----------+-----------+-------+----------+
        |- VITIS_LOOP_481_3  |    32769|    32769|         3|          1|          1|  32768|  yes(flp)|
        +--------------------+---------+---------+----------+-----------+-----------+-------+----------+

============================================================
+ Verbose Summary: Synthesis Manager
============================================================
InlineROM: 1
ExposeGlobal: 0
============================================================
+ Verbose Summary: CDFG Model
============================================================
IsTopModel: 1
ResetActiveHigh: 1
IsCombinational: 0
IsDatapathOnly: 0
HasWiredReturn: 1
HasMFsm: 1
HasVarLatency: 1
IsPipeline: 0
IsRtlPipelined: 0
IsInstanceOverlapped: 0
IsDontTouch: 0
HasImplIP: 0
IsGatedGlobalClock: 0

+ Individual pipeline summary: 
  * Pipeline-0: initiation interval (II) = 1, depth = 3


============================================================
+ Verbose Summary: Schedule
============================================================
* Number of FSM states : 3
* Pipeline : 1
  Pipeline-0 : II = 1, D = 3, States = { 1 2 3 }
* Dataflow Pipeline: 0

* FSM state transitions: 
1 --> 2 
2 --> 3 
3 --> 

* FSM state operations: 

State 1 <SV = 0> <Delay = 7.59>
ST_1 : Operation 6 [1/1] (0.00ns)   --->   "%p_Val2_s = alloca i32 1"   --->   Operation 6 'alloca' 'p_Val2_s' <Predicate = true> <Delay = 0.00>
ST_1 : Operation 7 [1/1] (0.00ns)   --->   "%i = alloca i32 1"   --->   Operation 7 'alloca' 'i' <Predicate = true> <Delay = 0.00>
ST_1 : Operation 8 [1/1] (0.00ns)   --->   "%t = alloca i32 1"   --->   Operation 8 'alloca' 't' <Predicate = true> <Delay = 0.00>
ST_1 : Operation 9 [1/1] (0.00ns)   --->   "%spectopmodule_ln15 = spectopmodule void @_ssdm_op_SpecTopModule, void @empty_2" [/home/miguel_tfg/FINN-v0.9-Stable/notebooks/UAH_example/FINN_build/code_gen_ipgen_StreamingDataWidthConverter_Batch_2_34c7hz6b/top_StreamingDataWidthConverter_Batch_2.cpp:15]   --->   Operation 9 'spectopmodule' 'spectopmodule_ln15' <Predicate = true> <Delay = 0.00>
ST_1 : Operation 10 [1/1] (0.00ns)   --->   "%specinterface_ln15 = specinterface void @_ssdm_op_SpecInterface, i32 0, void @empty_3, i32 0, i32 0, void @empty_1, i32 0, i32 0, void @empty_1, void @empty_1, void @empty_1, i32 0, i32 0, i32 0, i32 0, void @empty_1, void @empty_1, i32 4294967295, i32 0" [/home/miguel_tfg/FINN-v0.9-Stable/notebooks/UAH_example/FINN_build/code_gen_ipgen_StreamingDataWidthConverter_Batch_2_34c7hz6b/top_StreamingDataWidthConverter_Batch_2.cpp:15]   --->   Operation 10 'specinterface' 'specinterface_ln15' <Predicate = true> <Delay = 0.00>
ST_1 : Operation 11 [1/1] (0.00ns)   --->   "%specinterface_ln0 = specinterface void @_ssdm_op_SpecInterface, i8 %in0_V, void @empty, i32 1, i32 1, void @empty_0, i32 0, i32 0, void @empty_1, void @empty_1, void @empty_1, i32 0, i32 0, i32 0, i32 0, void @empty_1, void @empty_1, i32 4294967295, i32 0"   --->   Operation 11 'specinterface' 'specinterface_ln0' <Predicate = true> <Delay = 0.00>
ST_1 : Operation 12 [1/1] (0.00ns)   --->   "%specbitsmap_ln0 = specbitsmap void @_ssdm_op_SpecBitsMap, i8 %in0_V"   --->   Operation 12 'specbitsmap' 'specbitsmap_ln0' <Predicate = true> <Delay = 0.00>
ST_1 : Operation 13 [1/1] (0.00ns)   --->   "%specinterface_ln0 = specinterface void @_ssdm_op_SpecInterface, i128 %out_V, void @empty, i32 1, i32 1, void @empty_0, i32 0, i32 0, void @empty_1, void @empty_1, void @empty_1, i32 0, i32 0, i32 0, i32 0, void @empty_1, void @empty_1, i32 4294967295, i32 0"   --->   Operation 13 'specinterface' 'specinterface_ln0' <Predicate = true> <Delay = 0.00>
ST_1 : Operation 14 [1/1] (0.00ns)   --->   "%specbitsmap_ln0 = specbitsmap void @_ssdm_op_SpecBitsMap, i128 %out_V"   --->   Operation 14 'specbitsmap' 'specbitsmap_ln0' <Predicate = true> <Delay = 0.00>
ST_1 : Operation 15 [1/1] (1.58ns)   --->   "%store_ln481 = store i16 0, i16 %t" [/home/miguel_tfg/FINN-v0.9-Stable/deps/finn-hlslib/streamtools.h:481]   --->   Operation 15 'store' 'store_ln481' <Predicate = true> <Delay = 1.58>
ST_1 : Operation 16 [1/1] (1.58ns)   --->   "%store_ln481 = store i32 0, i32 %i" [/home/miguel_tfg/FINN-v0.9-Stable/deps/finn-hlslib/streamtools.h:481]   --->   Operation 16 'store' 'store_ln481' <Predicate = true> <Delay = 1.58>
ST_1 : Operation 17 [1/1] (1.58ns)   --->   "%store_ln481 = store i124 0, i124 %p_Val2_s" [/home/miguel_tfg/FINN-v0.9-Stable/deps/finn-hlslib/streamtools.h:481]   --->   Operation 17 'store' 'store_ln481' <Predicate = true> <Delay = 1.58>
ST_1 : Operation 18 [1/1] (0.00ns)   --->   "%br_ln481 = br void %for.body28.i" [/home/miguel_tfg/FINN-v0.9-Stable/deps/finn-hlslib/streamtools.h:481]   --->   Operation 18 'br' 'br_ln481' <Predicate = true> <Delay = 0.00>
ST_1 : Operation 19 [1/1] (0.00ns)   --->   "%t_1 = load i16 %t" [/home/miguel_tfg/FINN-v0.9-Stable/deps/finn-hlslib/streamtools.h:481]   --->   Operation 19 'load' 't_1' <Predicate = true> <Delay = 0.00>
ST_1 : Operation 20 [1/1] (2.42ns)   --->   "%icmp_ln481 = icmp_eq  i16 %t_1, i16 32768" [/home/miguel_tfg/FINN-v0.9-Stable/deps/finn-hlslib/streamtools.h:481]   --->   Operation 20 'icmp' 'icmp_ln481' <Predicate = true> <Delay = 2.42> <CoreInst = "Cmp">   --->   Core 9 'Cmp' <Latency = 0> <II = 1> <Delay = 2.42> <FuncUnit> <Opcode : 'icmp'> <InPorts = 2> <OutPorts = 1>
ST_1 : Operation 21 [1/1] (0.00ns)   --->   "%empty = speclooptripcount i32 @_ssdm_op_SpecLoopTripCount, i64 32768, i64 32768, i64 32768"   --->   Operation 21 'speclooptripcount' 'empty' <Predicate = true> <Delay = 0.00>
ST_1 : Operation 22 [1/1] (2.07ns)   --->   "%t_2 = add i16 %t_1, i16 1" [/home/miguel_tfg/FINN-v0.9-Stable/deps/finn-hlslib/streamtools.h:481]   --->   Operation 22 'add' 't_2' <Predicate = true> <Delay = 2.07> <CoreInst = "Adder">   --->   Core 1 'Adder' <Latency = 0> <II = 1> <Delay = 2.07> <FuncUnit> <Opcode : 'add' 'sub'> <InPorts = 2> <OutPorts = 1>
ST_1 : Operation 23 [1/1] (0.00ns)   --->   "%br_ln481 = br i1 %icmp_ln481, void %for.body28.i.split, void %_Z33StreamingDataWidthConverter_BatchILj4ELj128ELj32768EEvRN3hls6streamI7ap_uintIXT_EELi0EEERNS1_IS2_IXT0_EELi0EEEj.exit" [/home/miguel_tfg/FINN-v0.9-Stable/deps/finn-hlslib/streamtools.h:481]   --->   Operation 23 'br' 'br_ln481' <Predicate = true> <Delay = 0.00>
ST_1 : Operation 24 [1/1] (0.00ns)   --->   "%i_load = load i32 %i" [/home/miguel_tfg/FINN-v0.9-Stable/deps/finn-hlslib/streamtools.h:488]   --->   Operation 24 'load' 'i_load' <Predicate = (!icmp_ln481)> <Delay = 0.00>
ST_1 : Operation 25 [1/1] (0.00ns)   --->   "%in0_V_read = read i8 @_ssdm_op_Read.axis.volatile.i8P128A, i8 %in0_V" [/home/miguel_tfg/FINN-v0.9-Stable/deps/finn-hlslib/streamtools.h:484]   --->   Operation 25 'read' 'in0_V_read' <Predicate = (!icmp_ln481)> <Delay = 0.00> <CoreInst = "axis">   --->   Core 115 'axis' <Latency = 0> <II = 1> <Delay = 1.00> <Adapter> <Opcode : >
ST_1 : Operation 26 [1/1] (0.00ns)   --->   "%ei_V = trunc i8 %in0_V_read" [/home/miguel_tfg/FINN-v0.9-Stable/deps/finn-hlslib/streamtools.h:484]   --->   Operation 26 'trunc' 'ei_V' <Predicate = (!icmp_ln481)> <Delay = 0.00>
ST_1 : Operation 27 [1/1] (2.55ns)   --->   "%i_1 = add i32 %i_load, i32 1" [/home/miguel_tfg/FINN-v0.9-Stable/deps/finn-hlslib/streamtools.h:488]   --->   Operation 27 'add' 'i_1' <Predicate = (!icmp_ln481)> <Delay = 2.55> <CoreInst = "Adder">   --->   Core 1 'Adder' <Latency = 0> <II = 1> <Delay = 2.55> <FuncUnit> <Opcode : 'add' 'sub'> <InPorts = 2> <OutPorts = 1>
ST_1 : Operation 28 [1/1] (2.47ns)   --->   "%icmp_ln490 = icmp_eq  i32 %i_1, i32 32" [/home/miguel_tfg/FINN-v0.9-Stable/deps/finn-hlslib/streamtools.h:490]   --->   Operation 28 'icmp' 'icmp_ln490' <Predicate = (!icmp_ln481)> <Delay = 2.47> <CoreInst = "Cmp">   --->   Core 9 'Cmp' <Latency = 0> <II = 1> <Delay = 2.47> <FuncUnit> <Opcode : 'icmp'> <InPorts = 2> <OutPorts = 1>
ST_1 : Operation 29 [1/1] (0.00ns)   --->   "%br_ln490 = br i1 %icmp_ln490, void %for.body28.i.split.for.inc35.i_crit_edge, void %if.then33.i" [/home/miguel_tfg/FINN-v0.9-Stable/deps/finn-hlslib/streamtools.h:490]   --->   Operation 29 'br' 'br_ln490' <Predicate = (!icmp_ln481)> <Delay = 0.00>
ST_1 : Operation 30 [1/1] (1.58ns)   --->   "%store_ln490 = store i32 %i_1, i32 %i" [/home/miguel_tfg/FINN-v0.9-Stable/deps/finn-hlslib/streamtools.h:490]   --->   Operation 30 'store' 'store_ln490' <Predicate = (!icmp_ln481 & !icmp_ln490)> <Delay = 1.58>
ST_1 : Operation 31 [1/1] (0.00ns)   --->   "%br_ln490 = br void %for.inc35.i" [/home/miguel_tfg/FINN-v0.9-Stable/deps/finn-hlslib/streamtools.h:490]   --->   Operation 31 'br' 'br_ln490' <Predicate = (!icmp_ln481 & !icmp_ln490)> <Delay = 0.00>
ST_1 : Operation 32 [1/1] (1.58ns)   --->   "%store_ln493 = store i32 0, i32 %i" [/home/miguel_tfg/FINN-v0.9-Stable/deps/finn-hlslib/streamtools.h:493]   --->   Operation 32 'store' 'store_ln493' <Predicate = (!icmp_ln481 & icmp_ln490)> <Delay = 1.58>
ST_1 : Operation 33 [1/1] (1.58ns)   --->   "%store_ln481 = store i16 %t_2, i16 %t" [/home/miguel_tfg/FINN-v0.9-Stable/deps/finn-hlslib/streamtools.h:481]   --->   Operation 33 'store' 'store_ln481' <Predicate = (!icmp_ln481)> <Delay = 1.58>

State 2 <SV = 1> <Delay = 1.58>
ST_2 : Operation 34 [1/1] (0.00ns)   --->   "%p_Val2_load = load i124 %p_Val2_s"   --->   Operation 34 'load' 'p_Val2_load' <Predicate = (!icmp_ln481)> <Delay = 0.00>
ST_2 : Operation 35 [1/1] (0.00ns)   --->   "%specpipeline_ln482 = specpipeline void @_ssdm_op_SpecPipeline, i32 1, i32 2, i32 0, i32 0, void @empty_1" [/home/miguel_tfg/FINN-v0.9-Stable/deps/finn-hlslib/streamtools.h:482]   --->   Operation 35 'specpipeline' 'specpipeline_ln482' <Predicate = (!icmp_ln481)> <Delay = 0.00>
ST_2 : Operation 36 [1/1] (0.00ns)   --->   "%specloopname_ln480 = specloopname void @_ssdm_op_SpecLoopName, void @empty_4" [/home/miguel_tfg/FINN-v0.9-Stable/deps/finn-hlslib/streamtools.h:480]   --->   Operation 36 'specloopname' 'specloopname_ln480' <Predicate = (!icmp_ln481)> <Delay = 0.00>
ST_2 : Operation 37 [1/1] (0.00ns)   --->   "%p_Result_s = bitconcatenate i128 @_ssdm_op_BitConcatenate.i128.i4.i124, i4 %ei_V, i124 %p_Val2_load"   --->   Operation 37 'bitconcatenate' 'p_Result_s' <Predicate = (!icmp_ln481)> <Delay = 0.00>
ST_2 : Operation 38 [2/2] (0.00ns)   --->   "%write_ln492 = write void @_ssdm_op_Write.axis.volatile.i128P128A, i128 %out_V, i128 %p_Result_s" [/home/miguel_tfg/FINN-v0.9-Stable/deps/finn-hlslib/streamtools.h:492]   --->   Operation 38 'write' 'write_ln492' <Predicate = (!icmp_ln481 & icmp_ln490)> <Delay = 0.00> <CoreInst = "axis">   --->   Core 115 'axis' <Latency = 0> <II = 1> <Delay = 1.00> <Adapter> <Opcode : >
ST_2 : Operation 39 [1/1] (0.00ns)   --->   "%p_Val2_load_1 = load i124 %p_Val2_s" [/home/miguel_tfg/FINN-v0.9-Stable/deps/finn-hlslib/streamtools.h:481]   --->   Operation 39 'load' 'p_Val2_load_1' <Predicate = (!icmp_ln481)> <Delay = 0.00>
ST_2 : Operation 40 [1/1] (0.00ns)   --->   "%tmp = partselect i120 @_ssdm_op_PartSelect.i120.i124.i32.i32, i124 %p_Val2_load_1, i32 4, i32 123" [/home/miguel_tfg/FINN-v0.9-Stable/deps/finn-hlslib/streamtools.h:481]   --->   Operation 40 'partselect' 'tmp' <Predicate = (!icmp_ln481)> <Delay = 0.00>
ST_2 : Operation 41 [1/1] (0.00ns)   --->   "%trunc_ln = bitconcatenate i124 @_ssdm_op_BitConcatenate.i124.i4.i120, i4 %ei_V, i120 %tmp" [/home/miguel_tfg/FINN-v0.9-Stable/deps/finn-hlslib/streamtools.h:481]   --->   Operation 41 'bitconcatenate' 'trunc_ln' <Predicate = (!icmp_ln481)> <Delay = 0.00>
ST_2 : Operation 42 [1/1] (1.58ns)   --->   "%store_ln481 = store i124 %trunc_ln, i124 %p_Val2_s" [/home/miguel_tfg/FINN-v0.9-Stable/deps/finn-hlslib/streamtools.h:481]   --->   Operation 42 'store' 'store_ln481' <Predicate = (!icmp_ln481)> <Delay = 1.58>
ST_2 : Operation 43 [1/1] (0.00ns)   --->   "%br_ln481 = br void %for.body28.i" [/home/miguel_tfg/FINN-v0.9-Stable/deps/finn-hlslib/streamtools.h:481]   --->   Operation 43 'br' 'br_ln481' <Predicate = (!icmp_ln481)> <Delay = 0.00>

State 3 <SV = 2> <Delay = 0.00>
ST_3 : Operation 44 [1/2] (0.00ns)   --->   "%write_ln492 = write void @_ssdm_op_Write.axis.volatile.i128P128A, i128 %out_V, i128 %p_Result_s" [/home/miguel_tfg/FINN-v0.9-Stable/deps/finn-hlslib/streamtools.h:492]   --->   Operation 44 'write' 'write_ln492' <Predicate = (!icmp_ln481 & icmp_ln490)> <Delay = 0.00> <CoreInst = "axis">   --->   Core 115 'axis' <Latency = 0> <II = 1> <Delay = 1.00> <Adapter> <Opcode : >
ST_3 : Operation 45 [1/1] (0.00ns)   --->   "%br_ln493 = br void %for.inc35.i" [/home/miguel_tfg/FINN-v0.9-Stable/deps/finn-hlslib/streamtools.h:493]   --->   Operation 45 'br' 'br_ln493' <Predicate = (!icmp_ln481 & icmp_ln490)> <Delay = 0.00>
ST_3 : Operation 46 [1/1] (0.00ns)   --->   "%ret_ln21 = ret" [/home/miguel_tfg/FINN-v0.9-Stable/notebooks/UAH_example/FINN_build/code_gen_ipgen_StreamingDataWidthConverter_Batch_2_34c7hz6b/top_StreamingDataWidthConverter_Batch_2.cpp:21]   --->   Operation 46 'ret' 'ret_ln21' <Predicate = (icmp_ln481)> <Delay = 0.00>


============================================================
+ Verbose Summary: Timing violations
============================================================
Target clock period: 10ns, clock uncertainty: 2.7ns.

 <State 1>: 7.59ns
The critical path consists of the following:
	'alloca' operation ('i') [4]  (0 ns)
	'load' operation ('i_load', /home/miguel_tfg/FINN-v0.9-Stable/deps/finn-hlslib/streamtools.h:488) on local variable 'i' [24]  (0 ns)
	'add' operation ('i', /home/miguel_tfg/FINN-v0.9-Stable/deps/finn-hlslib/streamtools.h:488) [30]  (2.55 ns)
	'icmp' operation ('icmp_ln490', /home/miguel_tfg/FINN-v0.9-Stable/deps/finn-hlslib/streamtools.h:490) [31]  (2.47 ns)
	blocking operation 2.57 ns on control path)

 <State 2>: 1.59ns
The critical path consists of the following:
	'load' operation ('p_Val2_load_1', /home/miguel_tfg/FINN-v0.9-Stable/deps/finn-hlslib/streamtools.h:481) on local variable '__Val2__' [41]  (0 ns)
	'store' operation ('store_ln481', /home/miguel_tfg/FINN-v0.9-Stable/deps/finn-hlslib/streamtools.h:481) of variable 'trunc_ln', /home/miguel_tfg/FINN-v0.9-Stable/deps/finn-hlslib/streamtools.h:481 on local variable '__Val2__' [45]  (1.59 ns)

 <State 3>: 0ns
The critical path consists of the following:


============================================================
+ Verbose Summary: Binding
============================================================
N/A
* FSMD analyzer results:
  - Output states:
 - Input state : 
  - Chain level:
	State 1
	State 2
	State 3


============================================================
+ Verbose Summary: Datapath Resource usage 
============================================================
N/A
