Tue Jun 16 08:30:05 2026: Running xcd server. This server was built by gradle.
Tue Jun 16 08:30:05 2026: Server was asked to start on port: '39507'
Tue Jun 16 08:30:05 2026: Server is using token UUID: 'ed7532e2-befe-405d-9362-f65cf1cd6b13'
Tue Jun 16 08:30:05 2026: SESSION_MGR: creating session with session uuid: '6d04a3e9-ade5-4ab9-8d63-1f78fcd2ec76' and name 'default'
Tue Jun 16 08:30:05 2026: Attempting to start server on port '39507'
Tue Jun 16 08:30:05 2026: XCD main fifo: created main fifo '/tmp/xcdmained7532e2-befe-405d-9362-f65cf1cd6b13', fd read = 12
Tue Jun 16 08:30:05 2026: Running Dispatch Server
Tue Jun 16 08:30:05 2026: Version 2.2.0
Tue Jun 16 08:30:15 2026: Dispatch Server: Accepted socket connection from client
Tue Jun 16 08:30:15 2026: Starting Socket connection
Tue Jun 16 08:30:15 2026: EXCHANGE_TOKEN received, server token: ed7532e2-befe-405d-9362-f65cf1cd6b13, passed token: ed7532e2-befe-405d-9362-f65cf1cd6b13
Tue Jun 16 08:30:15 2026: SESSION_MGR: creating session with session uuid: '394e3a07-3046-4236-99b1-fa9001155d46' and name 'vitis_hls'
Tue Jun 16 08:30:15 2026: KERNEL_SVC: creating session with uuid: '394e3a07-3046-4236-99b1-fa9001155d46' and name 'vitis_hls'
Tue Jun 16 08:30:15 2026: GUIDANCE_SMGR: creating guidance session with uuid: '394e3a07-3046-4236-99b1-fa9001155d46' and name 'vitis_hls'
Tue Jun 16 08:30:43 2026: STOP_SERVER received, server token: ed7532e2-befe-405d-9362-f65cf1cd6b13, passed token: ed7532e2-befe-405d-9362-f65cf1cd6b13
Tue Jun 16 08:30:43 2026: Socket received request to stop server.
Tue Jun 16 08:30:43 2026: Dispatch Server: do_await_stop
Tue Jun 16 08:30:43 2026: Dispatch Server: stopping mainFifo_
Tue Jun 16 08:30:43 2026: XCD main fifo: Stopping
Tue Jun 16 08:30:43 2026: XCD main fifo: do_read error code: Operation canceled
Tue Jun 16 08:30:43 2026: XCD main fifo: bytes_transferred: 0
Tue Jun 16 08:30:43 2026: SERVER: destructor for server bound to port 39507
Tue Jun 16 08:30:43 2026: XCD main fifo: Good unlink of /tmp/xcdmained7532e2-befe-405d-9362-f65cf1cd6b13
Tue Jun 16 08:30:43 2026: Server exiting with status 0.
Tue Jun 16 08:30:43 2026: Closing log file.
