

================================================================
== Vitis HLS Report for 'MatrixVectorActivation_1'
================================================================
* Date:           Tue Jun 16 08:30:43 2026

* Version:        2022.2.2 (Build 3779808 on Feb 17 2023)
* Project:        project_MatrixVectorActivation_1
* Solution:       sol1 (Vivado IP Flow Target)
* Product family: zynq
* Target device:  xc7z020-clg400-1


================================================================
== Performance Estimates
================================================================
+ Timing: 
    * Summary: 
    +--------+----------+----------+------------+
    |  Clock |  Target  | Estimated| Uncertainty|
    +--------+----------+----------+------------+
    |ap_clk  |  10.00 ns|  7.591 ns|     2.70 ns|
    +--------+----------+----------+------------+

+ Latency: 
    * Summary: 
    +---------+---------+----------+----------+-----+-----+---------+
    |  Latency (cycles) |  Latency (absolute) |  Interval | Pipeline|
    |   min   |   max   |    min   |    max   | min | max |   Type  |
    +---------+---------+----------+----------+-----+-----+---------+
    |      268|      268|  2.680 us|  2.680 us|  269|  269|       no|
    +---------+---------+----------+----------+-----+-----+---------+

    + Detail: 
        * Instance: 
        N/A

        * Loop: 
        N/A

============================================================
+ Verbose Summary: Synthesis Manager
============================================================
InlineROM: 1
ExposeGlobal: 0
============================================================
+ Verbose Summary: CDFG Model
============================================================
IsTopModel: 1
ResetActiveHigh: 1
IsCombinational: 0
IsDatapathOnly: 0
HasWiredReturn: 1
HasMFsm: 0
HasVarLatency: 1
IsPipeline: 0
IsRtlPipelined: 0
IsInstanceOverlapped: 0
IsDontTouch: 0
HasImplIP: 0
IsGatedGlobalClock: 0


============================================================
+ Verbose Summary: Schedule
============================================================
* Number of FSM states : 4
* Pipeline : 0
* Dataflow Pipeline: 0

* FSM state transitions: 
1 --> 2 
2 --> 3 
3 --> 4 
4 --> 

* FSM state operations: 

State 1 <SV = 0> <Delay = 0.00>

State 2 <SV = 1> <Delay = 1.58>
ST_2 : Operation 5 [2/2] (1.58ns)   --->   "%call_ln38 = call void @Matrix_Vector_Activate_Stream_Batch, i32 %in0_V, i64 %out_V, i512 %weights_V, i1 %p_ZL7threshs_0_0, i4 %p_ZL7threshs_0_1, i3 %p_ZL7threshs_0_2, i5 %p_ZL7threshs_0_3, i5 %p_ZL7threshs_0_4, i3 %p_ZL7threshs_0_5, i6 %p_ZL7threshs_0_6, i6 %p_ZL7threshs_0_7, i6 %p_ZL7threshs_0_8, i5 %p_ZL7threshs_0_9, i5 %p_ZL7threshs_0_10, i4 %p_ZL7threshs_0_11, i1 %p_ZL7threshs_0_12, i7 %p_ZL7threshs_0_13, i7 %p_ZL7threshs_0_14, i1 %p_ZL7threshs_1_0, i4 %p_ZL7threshs_1_1, i3 %p_ZL7threshs_1_2, i5 %p_ZL7threshs_1_3, i5 %p_ZL7threshs_1_4, i3 %p_ZL7threshs_1_5, i6 %p_ZL7threshs_1_6, i6 %p_ZL7threshs_1_7, i6 %p_ZL7threshs_1_8, i5 %p_ZL7threshs_1_9, i5 %p_ZL7threshs_1_10, i4 %p_ZL7threshs_1_11, i1 %p_ZL7threshs_1_12, i7 %p_ZL7threshs_1_13, i7 %p_ZL7threshs_1_14, i1 %p_ZL7threshs_2_0, i4 %p_ZL7threshs_2_1, i3 %p_ZL7threshs_2_2, i5 %p_ZL7threshs_2_3, i5 %p_ZL7threshs_2_4, i3 %p_ZL7threshs_2_5, i6 %p_ZL7threshs_2_6, i6 %p_ZL7threshs_2_7, i6 %p_ZL7threshs_2_8, i5 %p_ZL7threshs_2_9, i5 %p_ZL7threshs_2_10, i4 %p_ZL7threshs_2_11, i1 %p_ZL7threshs_2_12, i7 %p_ZL7threshs_2_13, i7 %p_ZL7threshs_2_14, i1 %p_ZL7threshs_3_0, i4 %p_ZL7threshs_3_1, i3 %p_ZL7threshs_3_2, i5 %p_ZL7threshs_3_3, i5 %p_ZL7threshs_3_4, i3 %p_ZL7threshs_3_5, i6 %p_ZL7threshs_3_6, i6 %p_ZL7threshs_3_7, i6 %p_ZL7threshs_3_8, i5 %p_ZL7threshs_3_9, i5 %p_ZL7threshs_3_10, i4 %p_ZL7threshs_3_11, i1 %p_ZL7threshs_3_12, i7 %p_ZL7threshs_3_13, i7 %p_ZL7threshs_3_14, i1 %p_ZL7threshs_4_0, i4 %p_ZL7threshs_4_1, i3 %p_ZL7threshs_4_2, i5 %p_ZL7threshs_4_3, i5 %p_ZL7threshs_4_4, i3 %p_ZL7threshs_4_5, i6 %p_ZL7threshs_4_6, i6 %p_ZL7threshs_4_7, i6 %p_ZL7threshs_4_8, i5 %p_ZL7threshs_4_9, i5 %p_ZL7threshs_4_10, i4 %p_ZL7threshs_4_11, i1 %p_ZL7threshs_4_12, i7 %p_ZL7threshs_4_13, i7 %p_ZL7threshs_4_14, i1 %p_ZL7threshs_5_0, i4 %p_ZL7threshs_5_1, i3 %p_ZL7threshs_5_2, i5 %p_ZL7threshs_5_3, i5 %p_ZL7threshs_5_4, i3 %p_ZL7threshs_5_5, i6 %p_ZL7threshs_5_6, i6 %p_ZL7threshs_5_7, i6 %p_ZL7threshs_5_8, i5 %p_ZL7threshs_5_9, i5 %p_ZL7threshs_5_10, i4 %p_ZL7threshs_5_11, i1 %p_ZL7threshs_5_12, i7 %p_ZL7threshs_5_13, i7 %p_ZL7threshs_5_14, i1 %p_ZL7threshs_6_0, i4 %p_ZL7threshs_6_1, i3 %p_ZL7threshs_6_2, i5 %p_ZL7threshs_6_3, i5 %p_ZL7threshs_6_4, i3 %p_ZL7threshs_6_5, i6 %p_ZL7threshs_6_6, i6 %p_ZL7threshs_6_7, i6 %p_ZL7threshs_6_8, i5 %p_ZL7threshs_6_9, i5 %p_ZL7threshs_6_10, i4 %p_ZL7threshs_6_11, i1 %p_ZL7threshs_6_12, i7 %p_ZL7threshs_6_13, i7 %p_ZL7threshs_6_14, i1 %p_ZL7threshs_7_0, i4 %p_ZL7threshs_7_1, i3 %p_ZL7threshs_7_2, i5 %p_ZL7threshs_7_3, i5 %p_ZL7threshs_7_4, i3 %p_ZL7threshs_7_5, i6 %p_ZL7threshs_7_6, i6 %p_ZL7threshs_7_7, i6 %p_ZL7threshs_7_8, i5 %p_ZL7threshs_7_9, i5 %p_ZL7threshs_7_10, i4 %p_ZL7threshs_7_11, i1 %p_ZL7threshs_7_12, i7 %p_ZL7threshs_7_13, i7 %p_ZL7threshs_7_14, i1 %p_ZL7threshs_8_0, i4 %p_ZL7threshs_8_1, i3 %p_ZL7threshs_8_2, i5 %p_ZL7threshs_8_3, i5 %p_ZL7threshs_8_4, i3 %p_ZL7threshs_8_5, i6 %p_ZL7threshs_8_6, i6 %p_ZL7threshs_8_7, i6 %p_ZL7threshs_8_8, i5 %p_ZL7threshs_8_9, i5 %p_ZL7threshs_8_10, i4 %p_ZL7threshs_8_11, i1 %p_ZL7threshs_8_12, i7 %p_ZL7threshs_8_13, i7 %p_ZL7threshs_8_14, i1 %p_ZL7threshs_9_0, i4 %p_ZL7threshs_9_1, i3 %p_ZL7threshs_9_2, i5 %p_ZL7threshs_9_3, i5 %p_ZL7threshs_9_4, i3 %p_ZL7threshs_9_5, i6 %p_ZL7threshs_9_6, i6 %p_ZL7threshs_9_7, i6 %p_ZL7threshs_9_8, i5 %p_ZL7threshs_9_9, i5 %p_ZL7threshs_9_10, i4 %p_ZL7threshs_9_11, i1 %p_ZL7threshs_9_12, i7 %p_ZL7threshs_9_13, i7 %p_ZL7threshs_9_14, i1 %p_ZL7threshs_10_0, i4 %p_ZL7threshs_10_1, i3 %p_ZL7threshs_10_2, i5 %p_ZL7threshs_10_3, i5 %p_ZL7threshs_10_4, i3 %p_ZL7threshs_10_5, i6 %p_ZL7threshs_10_6, i6 %p_ZL7threshs_10_7, i6 %p_ZL7threshs_10_8, i5 %p_ZL7threshs_10_9, i5 %p_ZL7threshs_10_10, i4 %p_ZL7threshs_10_11, i1 %p_ZL7threshs_10_12, i7 %p_ZL7threshs_10_13, i7 %p_ZL7threshs_10_14, i1 %p_ZL7threshs_11_0, i4 %p_ZL7threshs_11_1, i3 %p_ZL7threshs_11_2, i5 %p_ZL7threshs_11_3, i5 %p_ZL7threshs_11_4, i3 %p_ZL7threshs_11_5, i6 %p_ZL7threshs_11_6, i6 %p_ZL7threshs_11_7, i6 %p_ZL7threshs_11_8, i5 %p_ZL7threshs_11_9, i5 %p_ZL7threshs_11_10, i4 %p_ZL7threshs_11_11, i1 %p_ZL7threshs_11_12, i7 %p_ZL7threshs_11_13, i7 %p_ZL7threshs_11_14, i1 %p_ZL7threshs_12_0, i4 %p_ZL7threshs_12_1, i3 %p_ZL7threshs_12_2, i5 %p_ZL7threshs_12_3, i5 %p_ZL7threshs_12_4, i3 %p_ZL7threshs_12_5, i6 %p_ZL7threshs_12_6, i6 %p_ZL7threshs_12_7, i6 %p_ZL7threshs_12_8, i5 %p_ZL7threshs_12_9, i5 %p_ZL7threshs_12_10, i4 %p_ZL7threshs_12_11, i1 %p_ZL7threshs_12_12, i7 %p_ZL7threshs_12_13, i7 %p_ZL7threshs_12_14, i1 %p_ZL7threshs_13_0, i4 %p_ZL7threshs_13_1, i3 %p_ZL7threshs_13_2, i5 %p_ZL7threshs_13_3, i5 %p_ZL7threshs_13_4, i3 %p_ZL7threshs_13_5, i6 %p_ZL7threshs_13_6, i6 %p_ZL7threshs_13_7, i6 %p_ZL7threshs_13_8, i5 %p_ZL7threshs_13_9, i5 %p_ZL7threshs_13_10, i4 %p_ZL7threshs_13_11, i1 %p_ZL7threshs_13_12, i7 %p_ZL7threshs_13_13, i7 %p_ZL7threshs_13_14, i1 %p_ZL7threshs_14_0, i4 %p_ZL7threshs_14_1, i3 %p_ZL7threshs_14_2, i5 %p_ZL7threshs_14_3, i5 %p_ZL7threshs_14_4, i3 %p_ZL7threshs_14_5, i6 %p_ZL7threshs_14_6, i6 %p_ZL7threshs_14_7, i6 %p_ZL7threshs_14_8, i5 %p_ZL7threshs_14_9, i5 %p_ZL7threshs_14_10, i4 %p_ZL7threshs_14_11, i1 %p_ZL7threshs_14_12, i7 %p_ZL7threshs_14_13, i7 %p_ZL7threshs_14_14, i1 %p_ZL7threshs_15_0, i4 %p_ZL7threshs_15_1, i3 %p_ZL7threshs_15_2, i5 %p_ZL7threshs_15_3, i5 %p_ZL7threshs_15_4, i3 %p_ZL7threshs_15_5, i6 %p_ZL7threshs_15_6, i6 %p_ZL7threshs_15_7, i6 %p_ZL7threshs_15_8, i5 %p_ZL7threshs_15_9, i5 %p_ZL7threshs_15_10, i4 %p_ZL7threshs_15_11, i1 %p_ZL7threshs_15_12, i7 %p_ZL7threshs_15_13, i7 %p_ZL7threshs_15_14" [/home/miguel_tfg/FINN-v0.9-Stable/notebooks/UAH_example/FINN_build/code_gen_ipgen_MatrixVectorActivation_1_xgj14_tw/top_MatrixVectorActivation_1.cpp:38]   --->   Operation 5 'call' 'call_ln38' <Predicate = true> <Delay = 1.58> <CoreType = "Generic">   --->   Core 0 '' <Latency = 0> <II = 1> <Delay = 1.00> <Generic> <Opcode : >

State 3 <SV = 2> <Delay = 6.44>
ST_3 : Operation 6 [1/2] (6.44ns)   --->   "%call_ln38 = call void @Matrix_Vector_Activate_Stream_Batch, i32 %in0_V, i64 %out_V, i512 %weights_V, i1 %p_ZL7threshs_0_0, i4 %p_ZL7threshs_0_1, i3 %p_ZL7threshs_0_2, i5 %p_ZL7threshs_0_3, i5 %p_ZL7threshs_0_4, i3 %p_ZL7threshs_0_5, i6 %p_ZL7threshs_0_6, i6 %p_ZL7threshs_0_7, i6 %p_ZL7threshs_0_8, i5 %p_ZL7threshs_0_9, i5 %p_ZL7threshs_0_10, i4 %p_ZL7threshs_0_11, i1 %p_ZL7threshs_0_12, i7 %p_ZL7threshs_0_13, i7 %p_ZL7threshs_0_14, i1 %p_ZL7threshs_1_0, i4 %p_ZL7threshs_1_1, i3 %p_ZL7threshs_1_2, i5 %p_ZL7threshs_1_3, i5 %p_ZL7threshs_1_4, i3 %p_ZL7threshs_1_5, i6 %p_ZL7threshs_1_6, i6 %p_ZL7threshs_1_7, i6 %p_ZL7threshs_1_8, i5 %p_ZL7threshs_1_9, i5 %p_ZL7threshs_1_10, i4 %p_ZL7threshs_1_11, i1 %p_ZL7threshs_1_12, i7 %p_ZL7threshs_1_13, i7 %p_ZL7threshs_1_14, i1 %p_ZL7threshs_2_0, i4 %p_ZL7threshs_2_1, i3 %p_ZL7threshs_2_2, i5 %p_ZL7threshs_2_3, i5 %p_ZL7threshs_2_4, i3 %p_ZL7threshs_2_5, i6 %p_ZL7threshs_2_6, i6 %p_ZL7threshs_2_7, i6 %p_ZL7threshs_2_8, i5 %p_ZL7threshs_2_9, i5 %p_ZL7threshs_2_10, i4 %p_ZL7threshs_2_11, i1 %p_ZL7threshs_2_12, i7 %p_ZL7threshs_2_13, i7 %p_ZL7threshs_2_14, i1 %p_ZL7threshs_3_0, i4 %p_ZL7threshs_3_1, i3 %p_ZL7threshs_3_2, i5 %p_ZL7threshs_3_3, i5 %p_ZL7threshs_3_4, i3 %p_ZL7threshs_3_5, i6 %p_ZL7threshs_3_6, i6 %p_ZL7threshs_3_7, i6 %p_ZL7threshs_3_8, i5 %p_ZL7threshs_3_9, i5 %p_ZL7threshs_3_10, i4 %p_ZL7threshs_3_11, i1 %p_ZL7threshs_3_12, i7 %p_ZL7threshs_3_13, i7 %p_ZL7threshs_3_14, i1 %p_ZL7threshs_4_0, i4 %p_ZL7threshs_4_1, i3 %p_ZL7threshs_4_2, i5 %p_ZL7threshs_4_3, i5 %p_ZL7threshs_4_4, i3 %p_ZL7threshs_4_5, i6 %p_ZL7threshs_4_6, i6 %p_ZL7threshs_4_7, i6 %p_ZL7threshs_4_8, i5 %p_ZL7threshs_4_9, i5 %p_ZL7threshs_4_10, i4 %p_ZL7threshs_4_11, i1 %p_ZL7threshs_4_12, i7 %p_ZL7threshs_4_13, i7 %p_ZL7threshs_4_14, i1 %p_ZL7threshs_5_0, i4 %p_ZL7threshs_5_1, i3 %p_ZL7threshs_5_2, i5 %p_ZL7threshs_5_3, i5 %p_ZL7threshs_5_4, i3 %p_ZL7threshs_5_5, i6 %p_ZL7threshs_5_6, i6 %p_ZL7threshs_5_7, i6 %p_ZL7threshs_5_8, i5 %p_ZL7threshs_5_9, i5 %p_ZL7threshs_5_10, i4 %p_ZL7threshs_5_11, i1 %p_ZL7threshs_5_12, i7 %p_ZL7threshs_5_13, i7 %p_ZL7threshs_5_14, i1 %p_ZL7threshs_6_0, i4 %p_ZL7threshs_6_1, i3 %p_ZL7threshs_6_2, i5 %p_ZL7threshs_6_3, i5 %p_ZL7threshs_6_4, i3 %p_ZL7threshs_6_5, i6 %p_ZL7threshs_6_6, i6 %p_ZL7threshs_6_7, i6 %p_ZL7threshs_6_8, i5 %p_ZL7threshs_6_9, i5 %p_ZL7threshs_6_10, i4 %p_ZL7threshs_6_11, i1 %p_ZL7threshs_6_12, i7 %p_ZL7threshs_6_13, i7 %p_ZL7threshs_6_14, i1 %p_ZL7threshs_7_0, i4 %p_ZL7threshs_7_1, i3 %p_ZL7threshs_7_2, i5 %p_ZL7threshs_7_3, i5 %p_ZL7threshs_7_4, i3 %p_ZL7threshs_7_5, i6 %p_ZL7threshs_7_6, i6 %p_ZL7threshs_7_7, i6 %p_ZL7threshs_7_8, i5 %p_ZL7threshs_7_9, i5 %p_ZL7threshs_7_10, i4 %p_ZL7threshs_7_11, i1 %p_ZL7threshs_7_12, i7 %p_ZL7threshs_7_13, i7 %p_ZL7threshs_7_14, i1 %p_ZL7threshs_8_0, i4 %p_ZL7threshs_8_1, i3 %p_ZL7threshs_8_2, i5 %p_ZL7threshs_8_3, i5 %p_ZL7threshs_8_4, i3 %p_ZL7threshs_8_5, i6 %p_ZL7threshs_8_6, i6 %p_ZL7threshs_8_7, i6 %p_ZL7threshs_8_8, i5 %p_ZL7threshs_8_9, i5 %p_ZL7threshs_8_10, i4 %p_ZL7threshs_8_11, i1 %p_ZL7threshs_8_12, i7 %p_ZL7threshs_8_13, i7 %p_ZL7threshs_8_14, i1 %p_ZL7threshs_9_0, i4 %p_ZL7threshs_9_1, i3 %p_ZL7threshs_9_2, i5 %p_ZL7threshs_9_3, i5 %p_ZL7threshs_9_4, i3 %p_ZL7threshs_9_5, i6 %p_ZL7threshs_9_6, i6 %p_ZL7threshs_9_7, i6 %p_ZL7threshs_9_8, i5 %p_ZL7threshs_9_9, i5 %p_ZL7threshs_9_10, i4 %p_ZL7threshs_9_11, i1 %p_ZL7threshs_9_12, i7 %p_ZL7threshs_9_13, i7 %p_ZL7threshs_9_14, i1 %p_ZL7threshs_10_0, i4 %p_ZL7threshs_10_1, i3 %p_ZL7threshs_10_2, i5 %p_ZL7threshs_10_3, i5 %p_ZL7threshs_10_4, i3 %p_ZL7threshs_10_5, i6 %p_ZL7threshs_10_6, i6 %p_ZL7threshs_10_7, i6 %p_ZL7threshs_10_8, i5 %p_ZL7threshs_10_9, i5 %p_ZL7threshs_10_10, i4 %p_ZL7threshs_10_11, i1 %p_ZL7threshs_10_12, i7 %p_ZL7threshs_10_13, i7 %p_ZL7threshs_10_14, i1 %p_ZL7threshs_11_0, i4 %p_ZL7threshs_11_1, i3 %p_ZL7threshs_11_2, i5 %p_ZL7threshs_11_3, i5 %p_ZL7threshs_11_4, i3 %p_ZL7threshs_11_5, i6 %p_ZL7threshs_11_6, i6 %p_ZL7threshs_11_7, i6 %p_ZL7threshs_11_8, i5 %p_ZL7threshs_11_9, i5 %p_ZL7threshs_11_10, i4 %p_ZL7threshs_11_11, i1 %p_ZL7threshs_11_12, i7 %p_ZL7threshs_11_13, i7 %p_ZL7threshs_11_14, i1 %p_ZL7threshs_12_0, i4 %p_ZL7threshs_12_1, i3 %p_ZL7threshs_12_2, i5 %p_ZL7threshs_12_3, i5 %p_ZL7threshs_12_4, i3 %p_ZL7threshs_12_5, i6 %p_ZL7threshs_12_6, i6 %p_ZL7threshs_12_7, i6 %p_ZL7threshs_12_8, i5 %p_ZL7threshs_12_9, i5 %p_ZL7threshs_12_10, i4 %p_ZL7threshs_12_11, i1 %p_ZL7threshs_12_12, i7 %p_ZL7threshs_12_13, i7 %p_ZL7threshs_12_14, i1 %p_ZL7threshs_13_0, i4 %p_ZL7threshs_13_1, i3 %p_ZL7threshs_13_2, i5 %p_ZL7threshs_13_3, i5 %p_ZL7threshs_13_4, i3 %p_ZL7threshs_13_5, i6 %p_ZL7threshs_13_6, i6 %p_ZL7threshs_13_7, i6 %p_ZL7threshs_13_8, i5 %p_ZL7threshs_13_9, i5 %p_ZL7threshs_13_10, i4 %p_ZL7threshs_13_11, i1 %p_ZL7threshs_13_12, i7 %p_ZL7threshs_13_13, i7 %p_ZL7threshs_13_14, i1 %p_ZL7threshs_14_0, i4 %p_ZL7threshs_14_1, i3 %p_ZL7threshs_14_2, i5 %p_ZL7threshs_14_3, i5 %p_ZL7threshs_14_4, i3 %p_ZL7threshs_14_5, i6 %p_ZL7threshs_14_6, i6 %p_ZL7threshs_14_7, i6 %p_ZL7threshs_14_8, i5 %p_ZL7threshs_14_9, i5 %p_ZL7threshs_14_10, i4 %p_ZL7threshs_14_11, i1 %p_ZL7threshs_14_12, i7 %p_ZL7threshs_14_13, i7 %p_ZL7threshs_14_14, i1 %p_ZL7threshs_15_0, i4 %p_ZL7threshs_15_1, i3 %p_ZL7threshs_15_2, i5 %p_ZL7threshs_15_3, i5 %p_ZL7threshs_15_4, i3 %p_ZL7threshs_15_5, i6 %p_ZL7threshs_15_6, i6 %p_ZL7threshs_15_7, i6 %p_ZL7threshs_15_8, i5 %p_ZL7threshs_15_9, i5 %p_ZL7threshs_15_10, i4 %p_ZL7threshs_15_11, i1 %p_ZL7threshs_15_12, i7 %p_ZL7threshs_15_13, i7 %p_ZL7threshs_15_14" [/home/miguel_tfg/FINN-v0.9-Stable/notebooks/UAH_example/FINN_build/code_gen_ipgen_MatrixVectorActivation_1_xgj14_tw/top_MatrixVectorActivation_1.cpp:38]   --->   Operation 6 'call' 'call_ln38' <Predicate = true> <Delay = 6.44> <CoreType = "Generic">   --->   Core 0 '' <Latency = 0> <II = 1> <Delay = 1.00> <Generic> <Opcode : >

State 4 <SV = 3> <Delay = 0.00>
ST_4 : Operation 7 [1/1] (0.00ns)   --->   "%spectopmodule_ln25 = spectopmodule void @_ssdm_op_SpecTopModule, void @empty_2" [/home/miguel_tfg/FINN-v0.9-Stable/notebooks/UAH_example/FINN_build/code_gen_ipgen_MatrixVectorActivation_1_xgj14_tw/top_MatrixVectorActivation_1.cpp:25]   --->   Operation 7 'spectopmodule' 'spectopmodule_ln25' <Predicate = true> <Delay = 0.00>
ST_4 : Operation 8 [1/1] (0.00ns)   --->   "%specinterface_ln25 = specinterface void @_ssdm_op_SpecInterface, i32 0, void @empty_3, i32 0, i32 0, void @empty_1, i32 0, i32 0, void @empty_1, void @empty_1, void @empty_1, i32 0, i32 0, i32 0, i32 0, void @empty_1, void @empty_1, i32 4294967295, i32 0" [/home/miguel_tfg/FINN-v0.9-Stable/notebooks/UAH_example/FINN_build/code_gen_ipgen_MatrixVectorActivation_1_xgj14_tw/top_MatrixVectorActivation_1.cpp:25]   --->   Operation 8 'specinterface' 'specinterface_ln25' <Predicate = true> <Delay = 0.00>
ST_4 : Operation 9 [1/1] (0.00ns)   --->   "%specinterface_ln0 = specinterface void @_ssdm_op_SpecInterface, i32 %in0_V, void @empty, i32 1, i32 1, void @empty_0, i32 0, i32 0, void @empty_1, void @empty_1, void @empty_1, i32 0, i32 0, i32 0, i32 0, void @empty_1, void @empty_1, i32 4294967295, i32 0"   --->   Operation 9 'specinterface' 'specinterface_ln0' <Predicate = true> <Delay = 0.00>
ST_4 : Operation 10 [1/1] (0.00ns)   --->   "%specbitsmap_ln0 = specbitsmap void @_ssdm_op_SpecBitsMap, i32 %in0_V"   --->   Operation 10 'specbitsmap' 'specbitsmap_ln0' <Predicate = true> <Delay = 0.00>
ST_4 : Operation 11 [1/1] (0.00ns)   --->   "%specinterface_ln0 = specinterface void @_ssdm_op_SpecInterface, i512 %weights_V, void @empty, i32 1, i32 1, void @empty_0, i32 0, i32 0, void @empty_1, void @empty_1, void @empty_1, i32 0, i32 0, i32 0, i32 0, void @empty_1, void @empty_1, i32 4294967295, i32 0"   --->   Operation 11 'specinterface' 'specinterface_ln0' <Predicate = true> <Delay = 0.00>
ST_4 : Operation 12 [1/1] (0.00ns)   --->   "%specbitsmap_ln0 = specbitsmap void @_ssdm_op_SpecBitsMap, i512 %weights_V"   --->   Operation 12 'specbitsmap' 'specbitsmap_ln0' <Predicate = true> <Delay = 0.00>
ST_4 : Operation 13 [1/1] (0.00ns)   --->   "%specinterface_ln0 = specinterface void @_ssdm_op_SpecInterface, i64 %out_V, void @empty, i32 1, i32 1, void @empty_0, i32 0, i32 0, void @empty_1, void @empty_1, void @empty_1, i32 0, i32 0, i32 0, i32 0, void @empty_1, void @empty_1, i32 4294967295, i32 0"   --->   Operation 13 'specinterface' 'specinterface_ln0' <Predicate = true> <Delay = 0.00>
ST_4 : Operation 14 [1/1] (0.00ns)   --->   "%specbitsmap_ln0 = specbitsmap void @_ssdm_op_SpecBitsMap, i64 %out_V"   --->   Operation 14 'specbitsmap' 'specbitsmap_ln0' <Predicate = true> <Delay = 0.00>
ST_4 : Operation 15 [1/1] (0.00ns)   --->   "%ret_ln40 = ret" [/home/miguel_tfg/FINN-v0.9-Stable/notebooks/UAH_example/FINN_build/code_gen_ipgen_MatrixVectorActivation_1_xgj14_tw/top_MatrixVectorActivation_1.cpp:40]   --->   Operation 15 'ret' 'ret_ln40' <Predicate = true> <Delay = 0.00>


============================================================
+ Verbose Summary: Timing violations
============================================================
Target clock period: 10ns, clock uncertainty: 2.7ns.

 <State 1>: 0ns
The critical path consists of the following:

 <State 2>: 1.59ns
The critical path consists of the following:
	'call' operation ('call_ln38', /home/miguel_tfg/FINN-v0.9-Stable/notebooks/UAH_example/FINN_build/code_gen_ipgen_MatrixVectorActivation_1_xgj14_tw/top_MatrixVectorActivation_1.cpp:38) to 'Matrix_Vector_Activate_Stream_Batch' [252]  (1.59 ns)

 <State 3>: 6.45ns
The critical path consists of the following:
	'call' operation ('call_ln38', /home/miguel_tfg/FINN-v0.9-Stable/notebooks/UAH_example/FINN_build/code_gen_ipgen_MatrixVectorActivation_1_xgj14_tw/top_MatrixVectorActivation_1.cpp:38) to 'Matrix_Vector_Activate_Stream_Batch' [252]  (6.45 ns)

 <State 4>: 0ns
The critical path consists of the following:


============================================================
+ Verbose Summary: Binding
============================================================
N/A
* FSMD analyzer results:
  - Output states:
 - Input state : 
  - Chain level:
	State 1
	State 2
	State 3
	State 4


============================================================
+ Verbose Summary: Datapath Resource usage 
============================================================
N/A
