Tue Jun 16 08:17:34 2026: Running xcd server. This server was built by gradle.
Tue Jun 16 08:17:34 2026: Server was asked to start on port: '34167'
Tue Jun 16 08:17:34 2026: Server is using token UUID: '1026ab85-0be8-4d66-a723-0f17c9d8d9b2'
Tue Jun 16 08:17:34 2026: SESSION_MGR: creating session with session uuid: '6d04a3e9-ade5-4ab9-8d63-1f78fcd2ec76' and name 'default'
Tue Jun 16 08:17:34 2026: Attempting to start server on port '34167'
Tue Jun 16 08:17:34 2026: XCD main fifo: created main fifo '/tmp/xcdmain1026ab85-0be8-4d66-a723-0f17c9d8d9b2', fd read = 12
Tue Jun 16 08:17:34 2026: Running Dispatch Server
Tue Jun 16 08:17:34 2026: Version 2.2.0
Tue Jun 16 08:17:43 2026: Dispatch Server: Accepted socket connection from client
Tue Jun 16 08:17:43 2026: Starting Socket connection
Tue Jun 16 08:17:43 2026: EXCHANGE_TOKEN received, server token: 1026ab85-0be8-4d66-a723-0f17c9d8d9b2, passed token: 1026ab85-0be8-4d66-a723-0f17c9d8d9b2
Tue Jun 16 08:17:43 2026: SESSION_MGR: creating session with session uuid: '20bbdf9e-11be-4bf4-b1a8-24a8e75b12ff' and name 'vitis_hls'
Tue Jun 16 08:17:43 2026: KERNEL_SVC: creating session with uuid: '20bbdf9e-11be-4bf4-b1a8-24a8e75b12ff' and name 'vitis_hls'
Tue Jun 16 08:17:43 2026: GUIDANCE_SMGR: creating guidance session with uuid: '20bbdf9e-11be-4bf4-b1a8-24a8e75b12ff' and name 'vitis_hls'
Tue Jun 16 08:17:44 2026: STOP_SERVER received, server token: 1026ab85-0be8-4d66-a723-0f17c9d8d9b2, passed token: 1026ab85-0be8-4d66-a723-0f17c9d8d9b2
Tue Jun 16 08:17:44 2026: Socket received request to stop server.
Tue Jun 16 08:17:44 2026: Dispatch Server: do_await_stop
Tue Jun 16 08:17:44 2026: Dispatch Server: stopping mainFifo_
Tue Jun 16 08:17:44 2026: XCD main fifo: Stopping
Tue Jun 16 08:17:44 2026: XCD main fifo: do_read error code: Operation canceled
Tue Jun 16 08:17:44 2026: XCD main fifo: bytes_transferred: 0
Tue Jun 16 08:17:44 2026: SERVER: destructor for server bound to port 34167
Tue Jun 16 08:17:44 2026: XCD main fifo: Good unlink of /tmp/xcdmain1026ab85-0be8-4d66-a723-0f17c9d8d9b2
Tue Jun 16 08:17:44 2026: Server exiting with status 0.
Tue Jun 16 08:17:44 2026: Closing log file.
