

================================================================
== Vitis HLS Report for 'StreamingDataWidthConverter_Batch_6'
================================================================
* Date:           Fri Jun 12 09:18:14 2026

* Version:        2022.2.2 (Build 3779808 on Feb 17 2023)
* Project:        project_StreamingDataWidthConverter_Batch_6
* Solution:       sol1 (Vivado IP Flow Target)
* Product family: zynq
* Target device:  xc7z020-clg400-1


================================================================
== Performance Estimates
================================================================
+ Timing: 
    * Summary: 
    +--------+----------+----------+------------+
    |  Clock |  Target  | Estimated| Uncertainty|
    +--------+----------+----------+------------+
    |ap_clk  |  10.00 ns|  7.311 ns|     2.70 ns|
    +--------+----------+----------+------------+

+ Latency: 
    * Summary: 
    +---------+---------+----------+----------+-----+-----+---------+
    |  Latency (cycles) |  Latency (absolute) |  Interval | Pipeline|
    |   min   |   max   |    min   |    max   | min | max |   Type  |
    +---------+---------+----------+----------+-----+-----+---------+
    |      131|      131|  1.310 us|  1.310 us|  132|  132|       no|
    +---------+---------+----------+----------+-----+-----+---------+

    + Detail: 
        * Instance: 
        N/A

        * Loop: 
        +--------------------+---------+---------+----------+-----------+-----------+------+----------+
        |                    |  Latency (cycles) | Iteration|  Initiation Interval  | Trip |          |
        |      Loop Name     |   min   |   max   |  Latency |  achieved |   target  | Count| Pipelined|
        +--------------------+---------+---------+----------+-----------+-----------+------+----------+
        |- VITIS_LOOP_450_1  |      129|      129|         3|          1|          1|   128|  yes(flp)|
        +--------------------+---------+---------+----------+-----------+-----------+------+----------+

============================================================
+ Verbose Summary: Synthesis Manager
============================================================
InlineROM: 1
ExposeGlobal: 0
============================================================
+ Verbose Summary: CDFG Model
============================================================
IsTopModel: 1
ResetActiveHigh: 1
IsCombinational: 0
IsDatapathOnly: 0
HasWiredReturn: 1
HasMFsm: 1
HasVarLatency: 1
IsPipeline: 0
IsRtlPipelined: 0
IsInstanceOverlapped: 0
IsDontTouch: 0
HasImplIP: 0
IsGatedGlobalClock: 0

+ Individual pipeline summary: 
  * Pipeline-0: initiation interval (II) = 1, depth = 3


============================================================
+ Verbose Summary: Schedule
============================================================
* Number of FSM states : 3
* Pipeline : 1
  Pipeline-0 : II = 1, D = 3, States = { 1 2 3 }
* Dataflow Pipeline: 0

* FSM state transitions: 
1 --> 2 
2 --> 3 
3 --> 

* FSM state operations: 

State 1 <SV = 0> <Delay = 7.31>
ST_1 : Operation 6 [1/1] (0.00ns)   --->   "%ei_V = alloca i32 1"   --->   Operation 6 'alloca' 'ei_V' <Predicate = true> <Delay = 0.00>
ST_1 : Operation 7 [1/1] (0.00ns)   --->   "%o = alloca i32 1"   --->   Operation 7 'alloca' 'o' <Predicate = true> <Delay = 0.00>
ST_1 : Operation 8 [1/1] (0.00ns)   --->   "%t = alloca i32 1"   --->   Operation 8 'alloca' 't' <Predicate = true> <Delay = 0.00>
ST_1 : Operation 9 [1/1] (0.00ns)   --->   "%spectopmodule_ln15 = spectopmodule void @_ssdm_op_SpecTopModule, void @empty_2" [/home/miguel_tfg/FINN-v0.9-Stable/notebooks/UAH_example/FINN_build/code_gen_ipgen_StreamingDataWidthConverter_Batch_6_m48wtaex/top_StreamingDataWidthConverter_Batch_6.cpp:15]   --->   Operation 9 'spectopmodule' 'spectopmodule_ln15' <Predicate = true> <Delay = 0.00>
ST_1 : Operation 10 [1/1] (0.00ns)   --->   "%specinterface_ln15 = specinterface void @_ssdm_op_SpecInterface, i32 0, void @empty_3, i32 0, i32 0, void @empty_1, i32 0, i32 0, void @empty_1, void @empty_1, void @empty_1, i32 0, i32 0, i32 0, i32 0, void @empty_1, void @empty_1, i32 4294967295, i32 0" [/home/miguel_tfg/FINN-v0.9-Stable/notebooks/UAH_example/FINN_build/code_gen_ipgen_StreamingDataWidthConverter_Batch_6_m48wtaex/top_StreamingDataWidthConverter_Batch_6.cpp:15]   --->   Operation 10 'specinterface' 'specinterface_ln15' <Predicate = true> <Delay = 0.00>
ST_1 : Operation 11 [1/1] (0.00ns)   --->   "%specinterface_ln0 = specinterface void @_ssdm_op_SpecInterface, i32 %in0_V, void @empty, i32 1, i32 1, void @empty_0, i32 0, i32 0, void @empty_1, void @empty_1, void @empty_1, i32 0, i32 0, i32 0, i32 0, void @empty_1, void @empty_1, i32 4294967295, i32 0"   --->   Operation 11 'specinterface' 'specinterface_ln0' <Predicate = true> <Delay = 0.00>
ST_1 : Operation 12 [1/1] (0.00ns)   --->   "%specbitsmap_ln0 = specbitsmap void @_ssdm_op_SpecBitsMap, i32 %in0_V"   --->   Operation 12 'specbitsmap' 'specbitsmap_ln0' <Predicate = true> <Delay = 0.00>
ST_1 : Operation 13 [1/1] (0.00ns)   --->   "%specinterface_ln0 = specinterface void @_ssdm_op_SpecInterface, i8 %out_V, void @empty, i32 1, i32 1, void @empty_0, i32 0, i32 0, void @empty_1, void @empty_1, void @empty_1, i32 0, i32 0, i32 0, i32 0, void @empty_1, void @empty_1, i32 4294967295, i32 0"   --->   Operation 13 'specinterface' 'specinterface_ln0' <Predicate = true> <Delay = 0.00>
ST_1 : Operation 14 [1/1] (0.00ns)   --->   "%specbitsmap_ln0 = specbitsmap void @_ssdm_op_SpecBitsMap, i8 %out_V"   --->   Operation 14 'specbitsmap' 'specbitsmap_ln0' <Predicate = true> <Delay = 0.00>
ST_1 : Operation 15 [1/1] (1.58ns)   --->   "%store_ln450 = store i8 0, i8 %t" [/home/miguel_tfg/FINN-v0.9-Stable/deps/finn-hlslib/streamtools.h:450]   --->   Operation 15 'store' 'store_ln450' <Predicate = true> <Delay = 1.58>
ST_1 : Operation 16 [1/1] (1.58ns)   --->   "%store_ln450 = store i32 0, i32 %o" [/home/miguel_tfg/FINN-v0.9-Stable/deps/finn-hlslib/streamtools.h:450]   --->   Operation 16 'store' 'store_ln450' <Predicate = true> <Delay = 1.58>
ST_1 : Operation 17 [1/1] (1.58ns)   --->   "%store_ln450 = store i28 0, i28 %ei_V" [/home/miguel_tfg/FINN-v0.9-Stable/deps/finn-hlslib/streamtools.h:450]   --->   Operation 17 'store' 'store_ln450' <Predicate = true> <Delay = 1.58>
ST_1 : Operation 18 [1/1] (0.00ns)   --->   "%br_ln450 = br void %for.body.i" [/home/miguel_tfg/FINN-v0.9-Stable/deps/finn-hlslib/streamtools.h:450]   --->   Operation 18 'br' 'br_ln450' <Predicate = true> <Delay = 0.00>
ST_1 : Operation 19 [1/1] (0.00ns)   --->   "%o_3 = load i32 %o" [/home/miguel_tfg/FINN-v0.9-Stable/deps/finn-hlslib/streamtools.h:462]   --->   Operation 19 'load' 'o_3' <Predicate = true> <Delay = 0.00>
ST_1 : Operation 20 [1/1] (0.00ns)   --->   "%t_1 = load i8 %t" [/home/miguel_tfg/FINN-v0.9-Stable/deps/finn-hlslib/streamtools.h:450]   --->   Operation 20 'load' 't_1' <Predicate = true> <Delay = 0.00>
ST_1 : Operation 21 [1/1] (1.55ns)   --->   "%icmp_ln450 = icmp_eq  i8 %t_1, i8 128" [/home/miguel_tfg/FINN-v0.9-Stable/deps/finn-hlslib/streamtools.h:450]   --->   Operation 21 'icmp' 'icmp_ln450' <Predicate = true> <Delay = 1.55> <CoreInst = "Cmp">   --->   Core 9 'Cmp' <Latency = 0> <II = 1> <Delay = 1.55> <FuncUnit> <Opcode : 'icmp'> <InPorts = 2> <OutPorts = 1>
ST_1 : Operation 22 [1/1] (0.00ns)   --->   "%empty = speclooptripcount i32 @_ssdm_op_SpecLoopTripCount, i64 128, i64 128, i64 128"   --->   Operation 22 'speclooptripcount' 'empty' <Predicate = true> <Delay = 0.00>
ST_1 : Operation 23 [1/1] (1.91ns)   --->   "%t_2 = add i8 %t_1, i8 1" [/home/miguel_tfg/FINN-v0.9-Stable/deps/finn-hlslib/streamtools.h:450]   --->   Operation 23 'add' 't_2' <Predicate = true> <Delay = 1.91> <CoreInst = "Adder">   --->   Core 1 'Adder' <Latency = 0> <II = 1> <Delay = 1.91> <FuncUnit> <Opcode : 'add' 'sub'> <InPorts = 2> <OutPorts = 1>
ST_1 : Operation 24 [1/1] (0.00ns)   --->   "%br_ln450 = br i1 %icmp_ln450, void %for.body.i.split, void %_Z33StreamingDataWidthConverter_BatchILj32ELj4ELj16EEvRN3hls6streamI7ap_uintIXT_EELi0EEERNS1_IS2_IXT0_EELi0EEEj.exit" [/home/miguel_tfg/FINN-v0.9-Stable/deps/finn-hlslib/streamtools.h:450]   --->   Operation 24 'br' 'br_ln450' <Predicate = true> <Delay = 0.00>
ST_1 : Operation 25 [1/1] (2.47ns)   --->   "%icmp_ln453 = icmp_eq  i32 %o_3, i32 0" [/home/miguel_tfg/FINN-v0.9-Stable/deps/finn-hlslib/streamtools.h:453]   --->   Operation 25 'icmp' 'icmp_ln453' <Predicate = (!icmp_ln450)> <Delay = 2.47> <CoreInst = "Cmp">   --->   Core 9 'Cmp' <Latency = 0> <II = 1> <Delay = 2.47> <FuncUnit> <Opcode : 'icmp'> <InPorts = 2> <OutPorts = 1>
ST_1 : Operation 26 [1/1] (0.00ns)   --->   "%ei_V_1 = read i32 @_ssdm_op_Read.axis.volatile.i32P128A, i32 %in0_V" [/home/miguel_tfg/FINN-v0.9-Stable/deps/finn-hlslib/streamtools.h:454]   --->   Operation 26 'read' 'ei_V_1' <Predicate = (!icmp_ln450 & icmp_ln453)> <Delay = 0.00> <CoreInst = "axis">   --->   Core 115 'axis' <Latency = 0> <II = 1> <Delay = 1.00> <Adapter> <Opcode : >
ST_1 : Operation 27 [1/1] (1.58ns)   --->   "%br_ln455 = br void %if.end.i" [/home/miguel_tfg/FINN-v0.9-Stable/deps/finn-hlslib/streamtools.h:455]   --->   Operation 27 'br' 'br_ln455' <Predicate = (!icmp_ln450 & icmp_ln453)> <Delay = 1.58>
ST_1 : Operation 28 [1/1] (2.55ns)   --->   "%o_4 = add i32 %o_3, i32 1" [/home/miguel_tfg/FINN-v0.9-Stable/deps/finn-hlslib/streamtools.h:462]   --->   Operation 28 'add' 'o_4' <Predicate = (!icmp_ln450)> <Delay = 2.55> <CoreInst = "Adder">   --->   Core 1 'Adder' <Latency = 0> <II = 1> <Delay = 2.55> <FuncUnit> <Opcode : 'add' 'sub'> <InPorts = 2> <OutPorts = 1>
ST_1 : Operation 29 [1/1] (2.47ns)   --->   "%icmp_ln464 = icmp_eq  i32 %o_4, i32 8" [/home/miguel_tfg/FINN-v0.9-Stable/deps/finn-hlslib/streamtools.h:464]   --->   Operation 29 'icmp' 'icmp_ln464' <Predicate = (!icmp_ln450)> <Delay = 2.47> <CoreInst = "Cmp">   --->   Core 9 'Cmp' <Latency = 0> <II = 1> <Delay = 2.47> <FuncUnit> <Opcode : 'icmp'> <InPorts = 2> <OutPorts = 1>
ST_1 : Operation 30 [1/1] (0.69ns)   --->   "%o_5 = select i1 %icmp_ln464, i32 0, i32 %o_4" [/home/miguel_tfg/FINN-v0.9-Stable/deps/finn-hlslib/streamtools.h:464]   --->   Operation 30 'select' 'o_5' <Predicate = (!icmp_ln450)> <Delay = 0.69> <CoreInst = "Sel">   --->   Core 73 'Sel' <Latency = 0> <II = 1> <Delay = 0.69> <FuncUnit> <Opcode : 'select'> <InPorts = 3> <OutPorts = 1>
ST_1 : Operation 31 [1/1] (1.58ns)   --->   "%store_ln450 = store i8 %t_2, i8 %t" [/home/miguel_tfg/FINN-v0.9-Stable/deps/finn-hlslib/streamtools.h:450]   --->   Operation 31 'store' 'store_ln450' <Predicate = (!icmp_ln450)> <Delay = 1.58>
ST_1 : Operation 32 [1/1] (1.58ns)   --->   "%store_ln450 = store i32 %o_5, i32 %o" [/home/miguel_tfg/FINN-v0.9-Stable/deps/finn-hlslib/streamtools.h:450]   --->   Operation 32 'store' 'store_ln450' <Predicate = (!icmp_ln450)> <Delay = 1.58>

State 2 <SV = 1> <Delay = 3.17>
ST_2 : Operation 33 [1/1] (0.00ns)   --->   "%ei_V_load = load i28 %ei_V" [/home/miguel_tfg/FINN-v0.9-Stable/deps/finn-hlslib/streamtools.h:450]   --->   Operation 33 'load' 'ei_V_load' <Predicate = (!icmp_ln450)> <Delay = 0.00>
ST_2 : Operation 34 [1/1] (0.00ns)   --->   "%zext_ln450 = zext i28 %ei_V_load" [/home/miguel_tfg/FINN-v0.9-Stable/deps/finn-hlslib/streamtools.h:450]   --->   Operation 34 'zext' 'zext_ln450' <Predicate = (!icmp_ln450)> <Delay = 0.00>
ST_2 : Operation 35 [1/1] (0.00ns)   --->   "%specpipeline_ln451 = specpipeline void @_ssdm_op_SpecPipeline, i32 1, i32 2, i32 0, i32 0, void @empty_1" [/home/miguel_tfg/FINN-v0.9-Stable/deps/finn-hlslib/streamtools.h:451]   --->   Operation 35 'specpipeline' 'specpipeline_ln451' <Predicate = (!icmp_ln450)> <Delay = 0.00>
ST_2 : Operation 36 [1/1] (0.00ns)   --->   "%specloopname_ln449 = specloopname void @_ssdm_op_SpecLoopName, void @empty_4" [/home/miguel_tfg/FINN-v0.9-Stable/deps/finn-hlslib/streamtools.h:449]   --->   Operation 36 'specloopname' 'specloopname_ln449' <Predicate = (!icmp_ln450)> <Delay = 0.00>
ST_2 : Operation 37 [1/1] (1.58ns)   --->   "%br_ln453 = br i1 %icmp_ln453, void %if.end.i, void %if.then2.i" [/home/miguel_tfg/FINN-v0.9-Stable/deps/finn-hlslib/streamtools.h:453]   --->   Operation 37 'br' 'br_ln453' <Predicate = (!icmp_ln450)> <Delay = 1.58>
ST_2 : Operation 38 [1/1] (0.00ns)   --->   "%ei_V_3 = phi i32 %ei_V_1, void %if.then2.i, i32 %zext_ln450, void %for.body.i.split"   --->   Operation 38 'phi' 'ei_V_3' <Predicate = (!icmp_ln450)> <Delay = 0.00>
ST_2 : Operation 39 [1/1] (0.00ns)   --->   "%eo_V = trunc i32 %ei_V_3"   --->   Operation 39 'trunc' 'eo_V' <Predicate = (!icmp_ln450)> <Delay = 0.00>
ST_2 : Operation 40 [1/1] (0.00ns)   --->   "%zext_ln458 = zext i4 %eo_V" [/home/miguel_tfg/FINN-v0.9-Stable/deps/finn-hlslib/streamtools.h:458]   --->   Operation 40 'zext' 'zext_ln458' <Predicate = (!icmp_ln450)> <Delay = 0.00>
ST_2 : Operation 41 [2/2] (0.00ns)   --->   "%write_ln458 = write void @_ssdm_op_Write.axis.volatile.i8P128A, i8 %out_V, i8 %zext_ln458" [/home/miguel_tfg/FINN-v0.9-Stable/deps/finn-hlslib/streamtools.h:458]   --->   Operation 41 'write' 'write_ln458' <Predicate = (!icmp_ln450)> <Delay = 0.00> <CoreInst = "axis">   --->   Core 115 'axis' <Latency = 0> <II = 1> <Delay = 1.00> <Adapter> <Opcode : >
ST_2 : Operation 42 [1/1] (0.00ns)   --->   "%trunc_ln = partselect i28 @_ssdm_op_PartSelect.i28.i32.i32.i32, i32 %ei_V_3, i32 4, i32 31"   --->   Operation 42 'partselect' 'trunc_ln' <Predicate = (!icmp_ln450)> <Delay = 0.00>
ST_2 : Operation 43 [1/1] (1.58ns)   --->   "%store_ln450 = store i28 %trunc_ln, i28 %ei_V" [/home/miguel_tfg/FINN-v0.9-Stable/deps/finn-hlslib/streamtools.h:450]   --->   Operation 43 'store' 'store_ln450' <Predicate = (!icmp_ln450)> <Delay = 1.58>

State 3 <SV = 2> <Delay = 0.00>
ST_3 : Operation 44 [1/2] (0.00ns)   --->   "%write_ln458 = write void @_ssdm_op_Write.axis.volatile.i8P128A, i8 %out_V, i8 %zext_ln458" [/home/miguel_tfg/FINN-v0.9-Stable/deps/finn-hlslib/streamtools.h:458]   --->   Operation 44 'write' 'write_ln458' <Predicate = (!icmp_ln450)> <Delay = 0.00> <CoreInst = "axis">   --->   Core 115 'axis' <Latency = 0> <II = 1> <Delay = 1.00> <Adapter> <Opcode : >
ST_3 : Operation 45 [1/1] (0.00ns)   --->   "%br_ln450 = br void %for.body.i" [/home/miguel_tfg/FINN-v0.9-Stable/deps/finn-hlslib/streamtools.h:450]   --->   Operation 45 'br' 'br_ln450' <Predicate = (!icmp_ln450)> <Delay = 0.00>
ST_3 : Operation 46 [1/1] (0.00ns)   --->   "%ret_ln21 = ret" [/home/miguel_tfg/FINN-v0.9-Stable/notebooks/UAH_example/FINN_build/code_gen_ipgen_StreamingDataWidthConverter_Batch_6_m48wtaex/top_StreamingDataWidthConverter_Batch_6.cpp:21]   --->   Operation 46 'ret' 'ret_ln21' <Predicate = (icmp_ln450)> <Delay = 0.00>


============================================================
+ Verbose Summary: Timing violations
============================================================
Target clock period: 10ns, clock uncertainty: 2.7ns.

 <State 1>: 7.31ns
The critical path consists of the following:
	'alloca' operation ('o') [4]  (0 ns)
	'load' operation ('o', /home/miguel_tfg/FINN-v0.9-Stable/deps/finn-hlslib/streamtools.h:462) on local variable 'o' [17]  (0 ns)
	'add' operation ('o', /home/miguel_tfg/FINN-v0.9-Stable/deps/finn-hlslib/streamtools.h:462) [39]  (2.55 ns)
	'icmp' operation ('icmp_ln464', /home/miguel_tfg/FINN-v0.9-Stable/deps/finn-hlslib/streamtools.h:464) [40]  (2.47 ns)
	'select' operation ('o', /home/miguel_tfg/FINN-v0.9-Stable/deps/finn-hlslib/streamtools.h:464) [41]  (0.698 ns)
	'store' operation ('store_ln450', /home/miguel_tfg/FINN-v0.9-Stable/deps/finn-hlslib/streamtools.h:450) of variable 'o', /home/miguel_tfg/FINN-v0.9-Stable/deps/finn-hlslib/streamtools.h:464 on local variable 'o' [43]  (1.59 ns)

 <State 2>: 3.18ns
The critical path consists of the following:
	'load' operation ('ei_V_load', /home/miguel_tfg/FINN-v0.9-Stable/deps/finn-hlslib/streamtools.h:450) on local variable 'ei.V' [24]  (0 ns)
	multiplexor before 'phi' operation ('ei.V') with incoming values : ('zext_ln450', /home/miguel_tfg/FINN-v0.9-Stable/deps/finn-hlslib/streamtools.h:450) ('ei.V', /home/miguel_tfg/FINN-v0.9-Stable/deps/finn-hlslib/streamtools.h:454) [34]  (1.59 ns)
	'phi' operation ('ei.V') with incoming values : ('zext_ln450', /home/miguel_tfg/FINN-v0.9-Stable/deps/finn-hlslib/streamtools.h:450) ('ei.V', /home/miguel_tfg/FINN-v0.9-Stable/deps/finn-hlslib/streamtools.h:454) [34]  (0 ns)
	'store' operation ('store_ln450', /home/miguel_tfg/FINN-v0.9-Stable/deps/finn-hlslib/streamtools.h:450) of variable 'trunc_ln' on local variable 'ei.V' [44]  (1.59 ns)

 <State 3>: 0ns
The critical path consists of the following:


============================================================
+ Verbose Summary: Binding
============================================================
N/A
* FSMD analyzer results:
  - Output states:
 - Input state : 
  - Chain level:
	State 1
	State 2
	State 3


============================================================
+ Verbose Summary: Datapath Resource usage 
============================================================
N/A
