Fri Jun 12 10:28:52 2026: Running xcd server. This server was built by gradle.
Fri Jun 12 10:28:52 2026: Server was asked to start on port: '46075'
Fri Jun 12 10:28:52 2026: Server is using token UUID: 'dd80b0ec-7aba-4dbf-bc65-b57d59ef8dcd'
Fri Jun 12 10:28:52 2026: SESSION_MGR: creating session with session uuid: '6d04a3e9-ade5-4ab9-8d63-1f78fcd2ec76' and name 'default'
Fri Jun 12 10:28:52 2026: Attempting to start server on port '46075'
Fri Jun 12 10:28:52 2026: XCD main fifo: created main fifo '/tmp/xcdmaindd80b0ec-7aba-4dbf-bc65-b57d59ef8dcd', fd read = 12
Fri Jun 12 10:28:52 2026: Running Dispatch Server
Fri Jun 12 10:28:52 2026: Version 2.2.0
Fri Jun 12 10:29:01 2026: Dispatch Server: Accepted socket connection from client
Fri Jun 12 10:29:01 2026: Starting Socket connection
Fri Jun 12 10:29:01 2026: EXCHANGE_TOKEN received, server token: dd80b0ec-7aba-4dbf-bc65-b57d59ef8dcd, passed token: dd80b0ec-7aba-4dbf-bc65-b57d59ef8dcd
Fri Jun 12 10:29:01 2026: SESSION_MGR: creating session with session uuid: 'c50d6da8-58d6-43e8-b18a-b0b81f73a5b3' and name 'vitis_hls'
Fri Jun 12 10:29:01 2026: KERNEL_SVC: creating session with uuid: 'c50d6da8-58d6-43e8-b18a-b0b81f73a5b3' and name 'vitis_hls'
Fri Jun 12 10:29:01 2026: GUIDANCE_SMGR: creating guidance session with uuid: 'c50d6da8-58d6-43e8-b18a-b0b81f73a5b3' and name 'vitis_hls'
Fri Jun 12 10:29:05 2026: Dispatch Server: do_await_stop
Fri Jun 12 10:29:05 2026: Dispatch Server: stopping mainFifo_
Fri Jun 12 10:29:05 2026: XCD main fifo: Stopping
Fri Jun 12 10:29:05 2026: XCD main fifo: do_read error code: Operation canceled
Fri Jun 12 10:29:05 2026: XCD main fifo: bytes_transferred: 0
Fri Jun 12 10:29:05 2026: SERVER: destructor for server bound to port 46075
Fri Jun 12 10:29:05 2026: XCD main fifo: Good unlink of /tmp/xcdmaindd80b0ec-7aba-4dbf-bc65-b57d59ef8dcd
Fri Jun 12 10:29:05 2026: Server exiting with status 0.
Fri Jun 12 10:29:05 2026: Closing log file.
