Fri Jun 12 10:28:52 2026: Running xcd server. This server was built by gradle.
Fri Jun 12 10:28:52 2026: Server was asked to start on port: '33155'
Fri Jun 12 10:28:52 2026: Server is using token UUID: 'a57b3ac1-6135-46d8-a10a-7891e0a97391'
Fri Jun 12 10:28:52 2026: SESSION_MGR: creating session with session uuid: '6d04a3e9-ade5-4ab9-8d63-1f78fcd2ec76' and name 'default'
Fri Jun 12 10:28:52 2026: Attempting to start server on port '33155'
Fri Jun 12 10:28:52 2026: XCD main fifo: created main fifo '/tmp/xcdmaina57b3ac1-6135-46d8-a10a-7891e0a97391', fd read = 12
Fri Jun 12 10:28:52 2026: Running Dispatch Server
Fri Jun 12 10:28:52 2026: Version 2.2.0
Fri Jun 12 10:29:01 2026: Dispatch Server: Accepted socket connection from client
Fri Jun 12 10:29:01 2026: Starting Socket connection
Fri Jun 12 10:29:01 2026: EXCHANGE_TOKEN received, server token: a57b3ac1-6135-46d8-a10a-7891e0a97391, passed token: a57b3ac1-6135-46d8-a10a-7891e0a97391
Fri Jun 12 10:29:01 2026: SESSION_MGR: creating session with session uuid: '5aed23fb-90a8-482d-ad72-89217cb2b975' and name 'vitis_hls'
Fri Jun 12 10:29:01 2026: KERNEL_SVC: creating session with uuid: '5aed23fb-90a8-482d-ad72-89217cb2b975' and name 'vitis_hls'
Fri Jun 12 10:29:01 2026: GUIDANCE_SMGR: creating guidance session with uuid: '5aed23fb-90a8-482d-ad72-89217cb2b975' and name 'vitis_hls'
Fri Jun 12 10:29:02 2026: STOP_SERVER received, server token: a57b3ac1-6135-46d8-a10a-7891e0a97391, passed token: a57b3ac1-6135-46d8-a10a-7891e0a97391
Fri Jun 12 10:29:02 2026: Socket received request to stop server.
Fri Jun 12 10:29:02 2026: Dispatch Server: do_await_stop
Fri Jun 12 10:29:02 2026: Dispatch Server: stopping mainFifo_
Fri Jun 12 10:29:02 2026: XCD main fifo: Stopping
Fri Jun 12 10:29:02 2026: XCD main fifo: do_read error code: Operation canceled
Fri Jun 12 10:29:02 2026: XCD main fifo: bytes_transferred: 0
Fri Jun 12 10:29:02 2026: SERVER: destructor for server bound to port 33155
Fri Jun 12 10:29:02 2026: XCD main fifo: Good unlink of /tmp/xcdmaina57b3ac1-6135-46d8-a10a-7891e0a97391
Fri Jun 12 10:29:02 2026: Server exiting with status 0.
Fri Jun 12 10:29:02 2026: Closing log file.
