

================================================================
== Vitis HLS Report for 'StreamingDataWidthConverter_Batch_2'
================================================================
* Date:           Fri Jun 12 09:19:05 2026

* Version:        2022.2.2 (Build 3779808 on Feb 17 2023)
* Project:        project_StreamingDataWidthConverter_Batch_2
* Solution:       sol1 (Vivado IP Flow Target)
* Product family: zynq
* Target device:  xc7z020-clg400-1


================================================================
== Performance Estimates
================================================================
+ Timing: 
    * Summary: 
    +--------+----------+----------+------------+
    |  Clock |  Target  | Estimated| Uncertainty|
    +--------+----------+----------+------------+
    |ap_clk  |  10.00 ns|  7.591 ns|     2.70 ns|
    +--------+----------+----------+------------+

+ Latency: 
    * Summary: 
    +---------+---------+----------+----------+-------+-------+---------+
    |  Latency (cycles) |  Latency (absolute) |    Interval   | Pipeline|
    |   min   |   max   |    min   |    max   |  min  |  max  |   Type  |
    +---------+---------+----------+----------+-------+-------+---------+
    |    32771|    32771|  0.328 ms|  0.328 ms|  32772|  32772|       no|
    +---------+---------+----------+----------+-------+-------+---------+

    + Detail: 
        * Instance: 
        N/A

        * Loop: 
        +--------------------+---------+---------+----------+-----------+-----------+-------+----------+
        |                    |  Latency (cycles) | Iteration|  Initiation Interval  |  Trip |          |
        |      Loop Name     |   min   |   max   |  Latency |  achieved |   target  | Count | Pipelined|
        +--------------------+---------+---------+----------+-----------+-----------+-------+----------+
        |- VITIS_LOOP_481_3  |    32769|    32769|         3|          1|          1|  32768|  yes(flp)|
        +--------------------+---------+---------+----------+-----------+-----------+-------+----------+



================================================================
== Utilization Estimates
================================================================
* Summary: 
+-----------------+---------+-----+--------+-------+-----+
|       Name      | BRAM_18K| DSP |   FF   |  LUT  | URAM|
+-----------------+---------+-----+--------+-------+-----+
|DSP              |        -|    -|       -|      -|    -|
|Expression       |        -|    -|       0|    107|    -|
|FIFO             |        -|    -|       -|      -|    -|
|Instance         |        -|    -|       -|      -|    -|
|Memory           |        -|    -|       -|      -|    -|
|Multiplexer      |        -|    -|       -|     96|    -|
|Register         |        -|    -|     185|      -|    -|
+-----------------+---------+-----+--------+-------+-----+
|Total            |        0|    0|     185|    203|    0|
+-----------------+---------+-----+--------+-------+-----+
|Available        |      280|  220|  106400|  53200|    0|
+-----------------+---------+-----+--------+-------+-----+
|Utilization (%)  |        0|    0|      ~0|     ~0|    0|
+-----------------+---------+-----+--------+-------+-----+

+ Detail: 
    * Instance: 
    N/A

    * DSP: 
    N/A

    * Memory: 
    N/A

    * FIFO: 
    N/A

    * Expression: 
    +----------------------------------+----------+----+---+----+------------+------------+
    |           Variable Name          | Operation| DSP| FF| LUT| Bitwidth P0| Bitwidth P1|
    +----------------------------------+----------+----+---+----+------------+------------+
    |i_1_fu_124_p2                     |         +|   0|  0|  39|          32|           1|
    |t_2_fu_111_p2                     |         +|   0|  0|  23|          16|           1|
    |ap_block_state1_pp0_stage0_iter0  |       and|   0|  0|   2|           1|           1|
    |ap_block_state2_io                |       and|   0|  0|   2|           1|           1|
    |ap_block_state3_io                |       and|   0|  0|   2|           1|           1|
    |ap_condition_270                  |       and|   0|  0|   2|           1|           1|
    |ap_predicate_op38_write_state2    |       and|   0|  0|   2|           1|           1|
    |ap_predicate_op44_write_state3    |       and|   0|  0|   2|           1|           1|
    |icmp_ln481_fu_105_p2              |      icmp|   0|  0|  13|          16|          17|
    |icmp_ln490_fu_130_p2              |      icmp|   0|  0|  18|          32|           6|
    |ap_block_state3_pp0_stage0_iter2  |        or|   0|  0|   2|           1|           1|
    +----------------------------------+----------+----+---+----+------------+------------+
    |Total                             |          |   0|  0| 107|         103|          32|
    +----------------------------------+----------+----+---+----+------------+------------+

    * Multiplexer: 
    +-------------------------+----+-----------+-----+-----------+
    |           Name          | LUT| Input Size| Bits| Total Bits|
    +-------------------------+----+-----------+-----+-----------+
    |ap_NS_iter1_fsm          |  14|          3|    2|          6|
    |ap_NS_iter2_fsm          |  14|          3|    2|          6|
    |ap_sig_allocacmp_i_load  |   9|          2|   32|         64|
    |ap_sig_allocacmp_t_1     |   9|          2|   16|         32|
    |i_fu_66                  |  14|          3|   32|         96|
    |in0_V_TDATA_blk_n        |   9|          2|    1|          2|
    |out_V_TDATA_blk_n        |   9|          2|    1|          2|
    |p_Val2_s_fu_62           |   9|          2|  124|        248|
    |t_fu_70                  |   9|          2|   16|         32|
    +-------------------------+----+-----------+-----+-----------+
    |Total                    |  96|         21|  226|        488|
    +-------------------------+----+-----------+-----+-----------+

    * Register: 
    +----------------------------------+-----+----+-----+-----------+
    |               Name               |  FF | LUT| Bits| Const Bits|
    +----------------------------------+-----+----+-----+-----------+
    |ap_CS_iter0_fsm                   |    1|   0|    1|          0|
    |ap_CS_iter1_fsm                   |    2|   0|    2|          0|
    |ap_CS_iter2_fsm                   |    2|   0|    2|          0|
    |ei_V_reg_214                      |    4|   0|    4|          0|
    |i_fu_66                           |   32|   0|   32|          0|
    |icmp_ln481_reg_210                |    1|   0|    1|          0|
    |icmp_ln481_reg_210_pp0_iter1_reg  |    1|   0|    1|          0|
    |icmp_ln490_reg_220                |    1|   0|    1|          0|
    |icmp_ln490_reg_220_pp0_iter1_reg  |    1|   0|    1|          0|
    |p_Val2_s_fu_62                    |  124|   0|  124|          0|
    |t_fu_70                           |   16|   0|   16|          0|
    +----------------------------------+-----+----+-----+-----------+
    |Total                             |  185|   0|  185|          0|
    +----------------------------------+-----+----+-----+-----------+



================================================================
== Interface
================================================================
* Summary: 
+--------------+-----+-----+--------------+-------------------------------------+--------------+
|   RTL Ports  | Dir | Bits|   Protocol   |            Source Object            |    C Type    |
+--------------+-----+-----+--------------+-------------------------------------+--------------+
|ap_clk        |   in|    1|  ap_ctrl_none|  StreamingDataWidthConverter_Batch_2|  return value|
|ap_rst_n      |   in|    1|  ap_ctrl_none|  StreamingDataWidthConverter_Batch_2|  return value|
|in0_V_TVALID  |   in|    1|          axis|                                in0_V|       pointer|
|in0_V_TDATA   |   in|    8|          axis|                                in0_V|       pointer|
|in0_V_TREADY  |  out|    1|          axis|                                in0_V|       pointer|
|out_V_TREADY  |   in|    1|          axis|                                out_V|       pointer|
|out_V_TDATA   |  out|  128|          axis|                                out_V|       pointer|
|out_V_TVALID  |  out|    1|          axis|                                out_V|       pointer|
+--------------+-----+-----+--------------+-------------------------------------+--------------+

