

================================================================
== Vitis HLS Report for 'StreamingMaxPool_Precision_32u_2u_32u_ap_uint_4_0_128_s'
================================================================
* Date:           Fri Jun 12 09:16:37 2026

* Version:        2022.2.2 (Build 3779808 on Feb 17 2023)
* Project:        project_StreamingMaxPool_Batch_1
* Solution:       sol1 (Vivado IP Flow Target)
* Product family: zynq
* Target device:  xc7z020-clg400-1


================================================================
== Performance Estimates
================================================================
+ Timing: 
    * Summary: 
    +--------+----------+----------+------------+
    |  Clock |  Target  | Estimated| Uncertainty|
    +--------+----------+----------+------------+
    |ap_clk  |  10.00 ns|  6.236 ns|     2.70 ns|
    +--------+----------+----------+------------+

+ Latency: 
    * Summary: 
    +---------+---------+-----------+-----------+------+------+---------+
    |  Latency (cycles) |   Latency (absolute)  |   Interval  | Pipeline|
    |   min   |   max   |    min    |    max    |  min |  max |   Type  |
    +---------+---------+-----------+-----------+------+------+---------+
    |     4452|     4452|  44.520 us|  44.520 us|  4452|  4452|       no|
    +---------+---------+-----------+-----------+------+------+---------+

    + Detail: 
        * Instance: 
        +-----------------------------------------------------------------+------------------------------------------------------+---------+---------+-----------+-----------+-----+-----+---------+
        |                                                                 |                                                      |  Latency (cycles) |   Latency (absolute)  |  Interval | Pipeline|
        |                             Instance                            |                        Module                        |   min   |   max   |    min    |    max    | min | max |   Type  |
        +-----------------------------------------------------------------+------------------------------------------------------+---------+---------+-----------+-----------+-----+-----+---------+
        |grp_StreamingMaxPool_Precision_Pipeline_VITIS_LOOP_147_1_fu_594  |StreamingMaxPool_Precision_Pipeline_VITIS_LOOP_147_1  |       18|       18|   0.180 us|   0.180 us|   18|   18|       no|
        |grp_StreamingMaxPool_Precision_Pipeline_VITIS_LOOP_174_8_fu_662  |StreamingMaxPool_Precision_Pipeline_VITIS_LOOP_174_8  |       18|       18|   0.180 us|   0.180 us|   18|   18|       no|
        |grp_StreamingMaxPool_Precision_Pipeline_VITIS_LOOP_158_6_fu_700  |StreamingMaxPool_Precision_Pipeline_VITIS_LOOP_158_6  |        4|        4|  40.000 ns|  40.000 ns|    4|    4|       no|
        +-----------------------------------------------------------------+------------------------------------------------------+---------+---------+-----------+-----------+-----+-----+---------+

        * Loop: 
        +--------------------------------------+---------+---------+----------+-----------+-----------+------+----------+
        |                                      |  Latency (cycles) | Iteration|  Initiation Interval  | Trip |          |
        |               Loop Name              |   min   |   max   |  Latency |  achieved |   target  | Count| Pipelined|
        +--------------------------------------+---------+---------+----------+-----------+-----------+------+----------+
        |- VITIS_LOOP_154_3                    |     4432|     4432|       277|          -|          -|    16|        no|
        | + VITIS_LOOP_155_4_VITIS_LOOP_156_5  |      256|      256|         8|          -|          -|    32|        no|
        +--------------------------------------+---------+---------+----------+-----------+-----------+------+----------+



================================================================
== Utilization Estimates
================================================================
* Summary: 
+-----------------+---------+-----+--------+-------+-----+
|       Name      | BRAM_18K| DSP |   FF   |  LUT  | URAM|
+-----------------+---------+-----+--------+-------+-----+
|DSP              |        -|    -|       -|      -|    -|
|Expression       |        -|    -|       0|     77|    -|
|FIFO             |        -|    -|       -|      -|    -|
|Instance         |        -|    -|     150|   1194|    -|
|Memory           |        0|    -|     128|     32|    0|
|Multiplexer      |        -|    -|       -|   2964|    -|
|Register         |        -|    -|     175|      -|    -|
+-----------------+---------+-----+--------+-------+-----+
|Total            |        0|    0|     453|   4267|    0|
+-----------------+---------+-----+--------+-------+-----+
|Available        |      280|  220|  106400|  53200|    0|
+-----------------+---------+-----+--------+-------+-----+
|Utilization (%)  |        0|    0|      ~0|      8|    0|
+-----------------+---------+-----+--------+-------+-----+

+ Detail: 
    * Instance: 
    +-----------------------------------------------------------------+------------------------------------------------------+---------+----+-----+------+-----+
    |                             Instance                            |                        Module                        | BRAM_18K| DSP|  FF |  LUT | URAM|
    +-----------------------------------------------------------------+------------------------------------------------------+---------+----+-----+------+-----+
    |grp_StreamingMaxPool_Precision_Pipeline_VITIS_LOOP_147_1_fu_594  |StreamingMaxPool_Precision_Pipeline_VITIS_LOOP_147_1  |        0|   0|    7|    50|    0|
    |grp_StreamingMaxPool_Precision_Pipeline_VITIS_LOOP_158_6_fu_700  |StreamingMaxPool_Precision_Pipeline_VITIS_LOOP_158_6  |        0|   0|  132|  1058|    0|
    |grp_StreamingMaxPool_Precision_Pipeline_VITIS_LOOP_174_8_fu_662  |StreamingMaxPool_Precision_Pipeline_VITIS_LOOP_174_8  |        0|   0|   11|    86|    0|
    +-----------------------------------------------------------------+------------------------------------------------------+---------+----+-----+------+-----+
    |Total                                                            |                                                      |        0|   0|  150|  1194|    0|
    +-----------------------------------------------------------------+------------------------------------------------------+---------+----+-----+------+-----+

    * DSP: 
    N/A

    * Memory: 
    +------------+-----------------------------------------------------------------------------+---------+---+----+-----+------+-----+------+-------------+
    |   Memory   |                                    Module                                   | BRAM_18K| FF| LUT| URAM| Words| Bits| Banks| W*Bits*Banks|
    +------------+-----------------------------------------------------------------------------+---------+---+----+-----+------+-----+------+-------------+
    |buf_V_U     |StreamingMaxPool_Precision_32u_2u_32u_ap_uint_4_0_128_s_buf_V_RAM_AUTO_1R1W  |        0|  4|   1|    0|    16|    4|     1|           64|
    |buf_V_1_U   |StreamingMaxPool_Precision_32u_2u_32u_ap_uint_4_0_128_s_buf_V_RAM_AUTO_1R1W  |        0|  4|   1|    0|    16|    4|     1|           64|
    |buf_V_2_U   |StreamingMaxPool_Precision_32u_2u_32u_ap_uint_4_0_128_s_buf_V_RAM_AUTO_1R1W  |        0|  4|   1|    0|    16|    4|     1|           64|
    |buf_V_3_U   |StreamingMaxPool_Precision_32u_2u_32u_ap_uint_4_0_128_s_buf_V_RAM_AUTO_1R1W  |        0|  4|   1|    0|    16|    4|     1|           64|
    |buf_V_4_U   |StreamingMaxPool_Precision_32u_2u_32u_ap_uint_4_0_128_s_buf_V_RAM_AUTO_1R1W  |        0|  4|   1|    0|    16|    4|     1|           64|
    |buf_V_5_U   |StreamingMaxPool_Precision_32u_2u_32u_ap_uint_4_0_128_s_buf_V_RAM_AUTO_1R1W  |        0|  4|   1|    0|    16|    4|     1|           64|
    |buf_V_6_U   |StreamingMaxPool_Precision_32u_2u_32u_ap_uint_4_0_128_s_buf_V_RAM_AUTO_1R1W  |        0|  4|   1|    0|    16|    4|     1|           64|
    |buf_V_7_U   |StreamingMaxPool_Precision_32u_2u_32u_ap_uint_4_0_128_s_buf_V_RAM_AUTO_1R1W  |        0|  4|   1|    0|    16|    4|     1|           64|
    |buf_V_8_U   |StreamingMaxPool_Precision_32u_2u_32u_ap_uint_4_0_128_s_buf_V_RAM_AUTO_1R1W  |        0|  4|   1|    0|    16|    4|     1|           64|
    |buf_V_9_U   |StreamingMaxPool_Precision_32u_2u_32u_ap_uint_4_0_128_s_buf_V_RAM_AUTO_1R1W  |        0|  4|   1|    0|    16|    4|     1|           64|
    |buf_V_10_U  |StreamingMaxPool_Precision_32u_2u_32u_ap_uint_4_0_128_s_buf_V_RAM_AUTO_1R1W  |        0|  4|   1|    0|    16|    4|     1|           64|
    |buf_V_11_U  |StreamingMaxPool_Precision_32u_2u_32u_ap_uint_4_0_128_s_buf_V_RAM_AUTO_1R1W  |        0|  4|   1|    0|    16|    4|     1|           64|
    |buf_V_12_U  |StreamingMaxPool_Precision_32u_2u_32u_ap_uint_4_0_128_s_buf_V_RAM_AUTO_1R1W  |        0|  4|   1|    0|    16|    4|     1|           64|
    |buf_V_13_U  |StreamingMaxPool_Precision_32u_2u_32u_ap_uint_4_0_128_s_buf_V_RAM_AUTO_1R1W  |        0|  4|   1|    0|    16|    4|     1|           64|
    |buf_V_14_U  |StreamingMaxPool_Precision_32u_2u_32u_ap_uint_4_0_128_s_buf_V_RAM_AUTO_1R1W  |        0|  4|   1|    0|    16|    4|     1|           64|
    |buf_V_15_U  |StreamingMaxPool_Precision_32u_2u_32u_ap_uint_4_0_128_s_buf_V_RAM_AUTO_1R1W  |        0|  4|   1|    0|    16|    4|     1|           64|
    |buf_V_16_U  |StreamingMaxPool_Precision_32u_2u_32u_ap_uint_4_0_128_s_buf_V_RAM_AUTO_1R1W  |        0|  4|   1|    0|    16|    4|     1|           64|
    |buf_V_17_U  |StreamingMaxPool_Precision_32u_2u_32u_ap_uint_4_0_128_s_buf_V_RAM_AUTO_1R1W  |        0|  4|   1|    0|    16|    4|     1|           64|
    |buf_V_18_U  |StreamingMaxPool_Precision_32u_2u_32u_ap_uint_4_0_128_s_buf_V_RAM_AUTO_1R1W  |        0|  4|   1|    0|    16|    4|     1|           64|
    |buf_V_19_U  |StreamingMaxPool_Precision_32u_2u_32u_ap_uint_4_0_128_s_buf_V_RAM_AUTO_1R1W  |        0|  4|   1|    0|    16|    4|     1|           64|
    |buf_V_20_U  |StreamingMaxPool_Precision_32u_2u_32u_ap_uint_4_0_128_s_buf_V_RAM_AUTO_1R1W  |        0|  4|   1|    0|    16|    4|     1|           64|
    |buf_V_21_U  |StreamingMaxPool_Precision_32u_2u_32u_ap_uint_4_0_128_s_buf_V_RAM_AUTO_1R1W  |        0|  4|   1|    0|    16|    4|     1|           64|
    |buf_V_22_U  |StreamingMaxPool_Precision_32u_2u_32u_ap_uint_4_0_128_s_buf_V_RAM_AUTO_1R1W  |        0|  4|   1|    0|    16|    4|     1|           64|
    |buf_V_23_U  |StreamingMaxPool_Precision_32u_2u_32u_ap_uint_4_0_128_s_buf_V_RAM_AUTO_1R1W  |        0|  4|   1|    0|    16|    4|     1|           64|
    |buf_V_24_U  |StreamingMaxPool_Precision_32u_2u_32u_ap_uint_4_0_128_s_buf_V_RAM_AUTO_1R1W  |        0|  4|   1|    0|    16|    4|     1|           64|
    |buf_V_25_U  |StreamingMaxPool_Precision_32u_2u_32u_ap_uint_4_0_128_s_buf_V_RAM_AUTO_1R1W  |        0|  4|   1|    0|    16|    4|     1|           64|
    |buf_V_26_U  |StreamingMaxPool_Precision_32u_2u_32u_ap_uint_4_0_128_s_buf_V_RAM_AUTO_1R1W  |        0|  4|   1|    0|    16|    4|     1|           64|
    |buf_V_27_U  |StreamingMaxPool_Precision_32u_2u_32u_ap_uint_4_0_128_s_buf_V_RAM_AUTO_1R1W  |        0|  4|   1|    0|    16|    4|     1|           64|
    |buf_V_28_U  |StreamingMaxPool_Precision_32u_2u_32u_ap_uint_4_0_128_s_buf_V_RAM_AUTO_1R1W  |        0|  4|   1|    0|    16|    4|     1|           64|
    |buf_V_29_U  |StreamingMaxPool_Precision_32u_2u_32u_ap_uint_4_0_128_s_buf_V_RAM_AUTO_1R1W  |        0|  4|   1|    0|    16|    4|     1|           64|
    |buf_V_30_U  |StreamingMaxPool_Precision_32u_2u_32u_ap_uint_4_0_128_s_buf_V_RAM_AUTO_1R1W  |        0|  4|   1|    0|    16|    4|     1|           64|
    |buf_V_31_U  |StreamingMaxPool_Precision_32u_2u_32u_ap_uint_4_0_128_s_buf_V_RAM_AUTO_1R1W  |        0|  4|   1|    0|    16|    4|     1|           64|
    +------------+-----------------------------------------------------------------------------+---------+---+----+-----+------+-----+------+-------------+
    |Total       |                                                                             |        0|128|  32|    0|   512|  128|    32|         2048|
    +------------+-----------------------------------------------------------------------------+---------+---+----+-----+------+-----+------+-------------+

    * FIFO: 
    N/A

    * Expression: 
    +------------------------------------------------------------------------------+----------+----+---+----+------------+------------+
    |                                 Variable Name                                | Operation| DSP| FF| LUT| Bitwidth P0| Bitwidth P1|
    +------------------------------------------------------------------------------+----------+----+---+----+------------+------------+
    |add_ln155_fu_797_p2                                                           |         +|   0|  0|  14|           6|           1|
    |add_ln156_fu_857_p2                                                           |         +|   0|  0|  13|           5|           1|
    |yp_2_fu_785_p2                                                                |         +|   0|  0|  13|           5|           1|
    |grp_StreamingMaxPool_Precision_Pipeline_VITIS_LOOP_174_8_fu_662_out_V_TREADY  |       and|   0|  0|   2|           1|           1|
    |icmp_ln154_fu_779_p2                                                          |      icmp|   0|  0|  10|           5|           6|
    |icmp_ln155_fu_791_p2                                                          |      icmp|   0|  0|  10|           6|           7|
    |icmp_ln156_fu_803_p2                                                          |      icmp|   0|  0|  10|           5|           6|
    |select_ln155_fu_809_p3                                                        |    select|   0|  0|   5|           1|           1|
    +------------------------------------------------------------------------------+----------+----+---+----+------------+------------+
    |Total                                                                         |          |   0|  0|  77|          34|          24|
    +------------------------------------------------------------------------------+----------+----+---+----+------------+------------+

    * Multiplexer: 
    +------------------------+----+-----------+-----+-----------+
    |          Name          | LUT| Input Size| Bits| Total Bits|
    +------------------------+----+-----------+-----+-----------+
    |ap_NS_fsm               |  48|          9|    1|          9|
    |buf_V_10_address0       |  25|          5|    4|         20|
    |buf_V_10_ce0            |  25|          5|    1|          5|
    |buf_V_10_d0             |  20|          4|    4|         16|
    |buf_V_10_we0            |  20|          4|    1|          4|
    |buf_V_11_address0       |  25|          5|    4|         20|
    |buf_V_11_ce0            |  25|          5|    1|          5|
    |buf_V_11_d0             |  20|          4|    4|         16|
    |buf_V_11_we0            |  20|          4|    1|          4|
    |buf_V_12_address0       |  25|          5|    4|         20|
    |buf_V_12_ce0            |  25|          5|    1|          5|
    |buf_V_12_d0             |  20|          4|    4|         16|
    |buf_V_12_we0            |  20|          4|    1|          4|
    |buf_V_13_address0       |  25|          5|    4|         20|
    |buf_V_13_ce0            |  25|          5|    1|          5|
    |buf_V_13_d0             |  20|          4|    4|         16|
    |buf_V_13_we0            |  20|          4|    1|          4|
    |buf_V_14_address0       |  25|          5|    4|         20|
    |buf_V_14_ce0            |  25|          5|    1|          5|
    |buf_V_14_d0             |  20|          4|    4|         16|
    |buf_V_14_we0            |  20|          4|    1|          4|
    |buf_V_15_address0       |  25|          5|    4|         20|
    |buf_V_15_ce0            |  25|          5|    1|          5|
    |buf_V_15_d0             |  20|          4|    4|         16|
    |buf_V_15_we0            |  20|          4|    1|          4|
    |buf_V_16_address0       |  25|          5|    4|         20|
    |buf_V_16_ce0            |  25|          5|    1|          5|
    |buf_V_16_d0             |  20|          4|    4|         16|
    |buf_V_16_we0            |  20|          4|    1|          4|
    |buf_V_17_address0       |  25|          5|    4|         20|
    |buf_V_17_ce0            |  25|          5|    1|          5|
    |buf_V_17_d0             |  20|          4|    4|         16|
    |buf_V_17_we0            |  20|          4|    1|          4|
    |buf_V_18_address0       |  25|          5|    4|         20|
    |buf_V_18_ce0            |  25|          5|    1|          5|
    |buf_V_18_d0             |  20|          4|    4|         16|
    |buf_V_18_we0            |  20|          4|    1|          4|
    |buf_V_19_address0       |  25|          5|    4|         20|
    |buf_V_19_ce0            |  25|          5|    1|          5|
    |buf_V_19_d0             |  20|          4|    4|         16|
    |buf_V_19_we0            |  20|          4|    1|          4|
    |buf_V_1_address0        |  25|          5|    4|         20|
    |buf_V_1_ce0             |  25|          5|    1|          5|
    |buf_V_1_d0              |  20|          4|    4|         16|
    |buf_V_1_we0             |  20|          4|    1|          4|
    |buf_V_20_address0       |  25|          5|    4|         20|
    |buf_V_20_ce0            |  25|          5|    1|          5|
    |buf_V_20_d0             |  20|          4|    4|         16|
    |buf_V_20_we0            |  20|          4|    1|          4|
    |buf_V_21_address0       |  25|          5|    4|         20|
    |buf_V_21_ce0            |  25|          5|    1|          5|
    |buf_V_21_d0             |  20|          4|    4|         16|
    |buf_V_21_we0            |  20|          4|    1|          4|
    |buf_V_22_address0       |  25|          5|    4|         20|
    |buf_V_22_ce0            |  25|          5|    1|          5|
    |buf_V_22_d0             |  20|          4|    4|         16|
    |buf_V_22_we0            |  20|          4|    1|          4|
    |buf_V_23_address0       |  25|          5|    4|         20|
    |buf_V_23_ce0            |  25|          5|    1|          5|
    |buf_V_23_d0             |  20|          4|    4|         16|
    |buf_V_23_we0            |  20|          4|    1|          4|
    |buf_V_24_address0       |  25|          5|    4|         20|
    |buf_V_24_ce0            |  25|          5|    1|          5|
    |buf_V_24_d0             |  20|          4|    4|         16|
    |buf_V_24_we0            |  20|          4|    1|          4|
    |buf_V_25_address0       |  25|          5|    4|         20|
    |buf_V_25_ce0            |  25|          5|    1|          5|
    |buf_V_25_d0             |  20|          4|    4|         16|
    |buf_V_25_we0            |  20|          4|    1|          4|
    |buf_V_26_address0       |  25|          5|    4|         20|
    |buf_V_26_ce0            |  25|          5|    1|          5|
    |buf_V_26_d0             |  20|          4|    4|         16|
    |buf_V_26_we0            |  20|          4|    1|          4|
    |buf_V_27_address0       |  25|          5|    4|         20|
    |buf_V_27_ce0            |  25|          5|    1|          5|
    |buf_V_27_d0             |  20|          4|    4|         16|
    |buf_V_27_we0            |  20|          4|    1|          4|
    |buf_V_28_address0       |  25|          5|    4|         20|
    |buf_V_28_ce0            |  25|          5|    1|          5|
    |buf_V_28_d0             |  20|          4|    4|         16|
    |buf_V_28_we0            |  20|          4|    1|          4|
    |buf_V_29_address0       |  25|          5|    4|         20|
    |buf_V_29_ce0            |  25|          5|    1|          5|
    |buf_V_29_d0             |  20|          4|    4|         16|
    |buf_V_29_we0            |  20|          4|    1|          4|
    |buf_V_2_address0        |  25|          5|    4|         20|
    |buf_V_2_ce0             |  25|          5|    1|          5|
    |buf_V_2_d0              |  20|          4|    4|         16|
    |buf_V_2_we0             |  20|          4|    1|          4|
    |buf_V_30_address0       |  25|          5|    4|         20|
    |buf_V_30_ce0            |  25|          5|    1|          5|
    |buf_V_30_d0             |  20|          4|    4|         16|
    |buf_V_30_we0            |  20|          4|    1|          4|
    |buf_V_31_address0       |  25|          5|    4|         20|
    |buf_V_31_ce0            |  25|          5|    1|          5|
    |buf_V_31_d0             |  20|          4|    4|         16|
    |buf_V_31_we0            |  20|          4|    1|          4|
    |buf_V_3_address0        |  25|          5|    4|         20|
    |buf_V_3_ce0             |  25|          5|    1|          5|
    |buf_V_3_d0              |  20|          4|    4|         16|
    |buf_V_3_we0             |  20|          4|    1|          4|
    |buf_V_4_address0        |  25|          5|    4|         20|
    |buf_V_4_ce0             |  25|          5|    1|          5|
    |buf_V_4_d0              |  20|          4|    4|         16|
    |buf_V_4_we0             |  20|          4|    1|          4|
    |buf_V_5_address0        |  25|          5|    4|         20|
    |buf_V_5_ce0             |  25|          5|    1|          5|
    |buf_V_5_d0              |  20|          4|    4|         16|
    |buf_V_5_we0             |  20|          4|    1|          4|
    |buf_V_6_address0        |  25|          5|    4|         20|
    |buf_V_6_ce0             |  25|          5|    1|          5|
    |buf_V_6_d0              |  20|          4|    4|         16|
    |buf_V_6_we0             |  20|          4|    1|          4|
    |buf_V_7_address0        |  25|          5|    4|         20|
    |buf_V_7_ce0             |  25|          5|    1|          5|
    |buf_V_7_d0              |  20|          4|    4|         16|
    |buf_V_7_we0             |  20|          4|    1|          4|
    |buf_V_8_address0        |  25|          5|    4|         20|
    |buf_V_8_ce0             |  25|          5|    1|          5|
    |buf_V_8_d0              |  20|          4|    4|         16|
    |buf_V_8_we0             |  20|          4|    1|          4|
    |buf_V_9_address0        |  25|          5|    4|         20|
    |buf_V_9_ce0             |  25|          5|    1|          5|
    |buf_V_9_d0              |  20|          4|    4|         16|
    |buf_V_9_we0             |  20|          4|    1|          4|
    |buf_V_address0          |  25|          5|    4|         20|
    |buf_V_ce0               |  25|          5|    1|          5|
    |buf_V_d0                |  20|          4|    4|         16|
    |buf_V_we0               |  20|          4|    1|          4|
    |in0_V_TREADY            |   9|          2|    1|          2|
    |indvar_flatten_reg_572  |   9|          2|    6|         12|
    |xp_reg_583              |   9|          2|    5|         10|
    |yp_fu_56                |   9|          2|    5|         10|
    +------------------------+----+-----------+-----+-----------+
    |Total                   |2964|        593|  338|       1483|
    +------------------------+----+-----------+-----+-----------+

    * Register: 
    +------------------------------------------------------------------------------+---+----+-----+-----------+
    |                                     Name                                     | FF| LUT| Bits| Const Bits|
    +------------------------------------------------------------------------------+---+----+-----+-----------+
    |add_ln155_reg_885                                                             |  6|   0|    6|          0|
    |add_ln156_reg_1055                                                            |  5|   0|    5|          0|
    |ap_CS_fsm                                                                     |  8|   0|    8|          0|
    |buf_V_10_load_reg_1110                                                        |  4|   0|    4|          0|
    |buf_V_11_load_reg_1115                                                        |  4|   0|    4|          0|
    |buf_V_12_load_reg_1120                                                        |  4|   0|    4|          0|
    |buf_V_13_load_reg_1125                                                        |  4|   0|    4|          0|
    |buf_V_14_load_reg_1130                                                        |  4|   0|    4|          0|
    |buf_V_15_load_reg_1135                                                        |  4|   0|    4|          0|
    |buf_V_16_load_reg_1140                                                        |  4|   0|    4|          0|
    |buf_V_17_load_reg_1145                                                        |  4|   0|    4|          0|
    |buf_V_18_load_reg_1150                                                        |  4|   0|    4|          0|
    |buf_V_19_load_reg_1155                                                        |  4|   0|    4|          0|
    |buf_V_1_load_reg_1065                                                         |  4|   0|    4|          0|
    |buf_V_20_load_reg_1160                                                        |  4|   0|    4|          0|
    |buf_V_21_load_reg_1165                                                        |  4|   0|    4|          0|
    |buf_V_22_load_reg_1170                                                        |  4|   0|    4|          0|
    |buf_V_23_load_reg_1175                                                        |  4|   0|    4|          0|
    |buf_V_24_load_reg_1180                                                        |  4|   0|    4|          0|
    |buf_V_25_load_reg_1185                                                        |  4|   0|    4|          0|
    |buf_V_26_load_reg_1190                                                        |  4|   0|    4|          0|
    |buf_V_27_load_reg_1195                                                        |  4|   0|    4|          0|
    |buf_V_28_load_reg_1200                                                        |  4|   0|    4|          0|
    |buf_V_29_load_reg_1205                                                        |  4|   0|    4|          0|
    |buf_V_2_load_reg_1070                                                         |  4|   0|    4|          0|
    |buf_V_30_load_reg_1210                                                        |  4|   0|    4|          0|
    |buf_V_31_load_reg_1215                                                        |  4|   0|    4|          0|
    |buf_V_3_load_reg_1075                                                         |  4|   0|    4|          0|
    |buf_V_4_load_reg_1080                                                         |  4|   0|    4|          0|
    |buf_V_5_load_reg_1085                                                         |  4|   0|    4|          0|
    |buf_V_6_load_reg_1090                                                         |  4|   0|    4|          0|
    |buf_V_7_load_reg_1095                                                         |  4|   0|    4|          0|
    |buf_V_8_load_reg_1100                                                         |  4|   0|    4|          0|
    |buf_V_9_load_reg_1105                                                         |  4|   0|    4|          0|
    |buf_V_load_reg_1060                                                           |  4|   0|    4|          0|
    |grp_StreamingMaxPool_Precision_Pipeline_VITIS_LOOP_147_1_fu_594_ap_start_reg  |  1|   0|    1|          0|
    |grp_StreamingMaxPool_Precision_Pipeline_VITIS_LOOP_158_6_fu_700_ap_start_reg  |  1|   0|    1|          0|
    |grp_StreamingMaxPool_Precision_Pipeline_VITIS_LOOP_174_8_fu_662_ap_start_reg  |  1|   0|    1|          0|
    |indvar_flatten_reg_572                                                        |  6|   0|    6|          0|
    |trunc_ln156_reg_890                                                           |  4|   0|    4|          0|
    |xp_reg_583                                                                    |  5|   0|    5|          0|
    |yp_2_reg_877                                                                  |  5|   0|    5|          0|
    |yp_fu_56                                                                      |  5|   0|    5|          0|
    +------------------------------------------------------------------------------+---+----+-----+-----------+
    |Total                                                                         |175|   0|  175|          0|
    +------------------------------------------------------------------------------+---+----+-----+-----------+



================================================================
== Interface
================================================================
* Summary: 
+--------------+-----+-----+------------+--------------------------------------------------------------+--------------+
|   RTL Ports  | Dir | Bits|  Protocol  |                         Source Object                        |    C Type    |
+--------------+-----+-----+------------+--------------------------------------------------------------+--------------+
|ap_clk        |   in|    1|  ap_ctrl_hs|  StreamingMaxPool_Precision<32u, 2u, 32u, ap_uint<4>, 0, 128>|  return value|
|ap_rst        |   in|    1|  ap_ctrl_hs|  StreamingMaxPool_Precision<32u, 2u, 32u, ap_uint<4>, 0, 128>|  return value|
|ap_start      |   in|    1|  ap_ctrl_hs|  StreamingMaxPool_Precision<32u, 2u, 32u, ap_uint<4>, 0, 128>|  return value|
|ap_done       |  out|    1|  ap_ctrl_hs|  StreamingMaxPool_Precision<32u, 2u, 32u, ap_uint<4>, 0, 128>|  return value|
|ap_idle       |  out|    1|  ap_ctrl_hs|  StreamingMaxPool_Precision<32u, 2u, 32u, ap_uint<4>, 0, 128>|  return value|
|ap_ready      |  out|    1|  ap_ctrl_hs|  StreamingMaxPool_Precision<32u, 2u, 32u, ap_uint<4>, 0, 128>|  return value|
|in0_V_TDATA   |   in|  128|        axis|                                                         in0_V|       pointer|
|in0_V_TVALID  |   in|    1|        axis|                                                         in0_V|       pointer|
|in0_V_TREADY  |  out|    1|        axis|                                                         in0_V|       pointer|
|out_V_TDATA   |  out|  128|        axis|                                                         out_V|       pointer|
|out_V_TVALID  |  out|    1|        axis|                                                         out_V|       pointer|
|out_V_TREADY  |   in|    1|        axis|                                                         out_V|       pointer|
+--------------+-----+-----+------------+--------------------------------------------------------------+--------------+

