

================================================================
== Vitis HLS Report for 'StreamingMaxPool_Precision_Pipeline_VITIS_LOOP_158_6'
================================================================
* Date:           Fri Jun 12 09:16:37 2026

* Version:        2022.2.2 (Build 3779808 on Feb 17 2023)
* Project:        project_StreamingMaxPool_Batch_1
* Solution:       sol1 (Vivado IP Flow Target)
* Product family: zynq
* Target device:  xc7z020-clg400-1


================================================================
== Performance Estimates
================================================================
+ Timing: 
    * Summary: 
    +--------+----------+----------+------------+
    |  Clock |  Target  | Estimated| Uncertainty|
    +--------+----------+----------+------------+
    |ap_clk  |  10.00 ns|  5.824 ns|     2.70 ns|
    +--------+----------+----------+------------+

+ Latency: 
    * Summary: 
    +---------+---------+-----------+-----------+-----+-----+---------+
    |  Latency (cycles) |   Latency (absolute)  |  Interval | Pipeline|
    |   min   |   max   |    min    |    max    | min | max |   Type  |
    +---------+---------+-----------+-----------+-----+-----+---------+
    |        4|        4|  40.000 ns|  40.000 ns|    4|    4|       no|
    +---------+---------+-----------+-----------+-----+-----+---------+

    + Detail: 
        * Instance: 
        N/A

        * Loop: 
        +--------------------+---------+---------+----------+-----------+-----------+------+----------+
        |                    |  Latency (cycles) | Iteration|  Initiation Interval  | Trip |          |
        |      Loop Name     |   min   |   max   |  Latency |  achieved |   target  | Count| Pipelined|
        +--------------------+---------+---------+----------+-----------+-----------+------+----------+
        |- VITIS_LOOP_158_6  |        2|        2|         1|          1|          1|     2|  yes(flp)|
        +--------------------+---------+---------+----------+-----------+-----------+------+----------+



================================================================
== Utilization Estimates
================================================================
* Summary: 
+-----------------+---------+-----+--------+-------+-----+
|       Name      | BRAM_18K| DSP |   FF   |  LUT  | URAM|
+-----------------+---------+-----+--------+-------+-----+
|DSP              |        -|    -|       -|      -|    -|
|Expression       |        -|    -|       0|    446|    -|
|FIFO             |        -|    -|       -|      -|    -|
|Instance         |        -|    -|       -|      -|    -|
|Memory           |        -|    -|       -|      -|    -|
|Multiplexer      |        -|    -|       -|    612|    -|
|Register         |        -|    -|     132|      -|    -|
+-----------------+---------+-----+--------+-------+-----+
|Total            |        0|    0|     132|   1058|    0|
+-----------------+---------+-----+--------+-------+-----+
|Available        |      280|  220|  106400|  53200|    0|
+-----------------+---------+-----+--------+-------+-----+
|Utilization (%)  |        0|    0|      ~0|      1|    0|
+-----------------+---------+-----+--------+-------+-----+

+ Detail: 
    * Instance: 
    N/A

    * DSP: 
    N/A

    * Memory: 
    N/A

    * FIFO: 
    N/A

    * Expression: 
    +----------------------------------+----------+----+---+----+------------+------------+
    |           Variable Name          | Operation| DSP| FF| LUT| Bitwidth P0| Bitwidth P1|
    +----------------------------------+----------+----+---+----+------------+------------+
    |kx_2_fu_1258_p2                   |         +|   0|  0|  10|           2|           1|
    |ap_condition_1053                 |       and|   0|  0|   2|           1|           1|
    |icmp_ln1035_10_fu_1614_p2         |      icmp|   0|  0|   9|           4|           4|
    |icmp_ln1035_11_fu_1639_p2         |      icmp|   0|  0|   9|           4|           4|
    |icmp_ln1035_12_fu_1664_p2         |      icmp|   0|  0|   9|           4|           4|
    |icmp_ln1035_13_fu_1689_p2         |      icmp|   0|  0|   9|           4|           4|
    |icmp_ln1035_14_fu_1714_p2         |      icmp|   0|  0|   9|           4|           4|
    |icmp_ln1035_15_fu_1739_p2         |      icmp|   0|  0|   9|           4|           4|
    |icmp_ln1035_16_fu_1764_p2         |      icmp|   0|  0|   9|           4|           4|
    |icmp_ln1035_17_fu_1789_p2         |      icmp|   0|  0|   9|           4|           4|
    |icmp_ln1035_18_fu_1814_p2         |      icmp|   0|  0|   9|           4|           4|
    |icmp_ln1035_19_fu_1839_p2         |      icmp|   0|  0|   9|           4|           4|
    |icmp_ln1035_1_fu_1389_p2          |      icmp|   0|  0|   9|           4|           4|
    |icmp_ln1035_20_fu_1864_p2         |      icmp|   0|  0|   9|           4|           4|
    |icmp_ln1035_21_fu_1889_p2         |      icmp|   0|  0|   9|           4|           4|
    |icmp_ln1035_22_fu_1914_p2         |      icmp|   0|  0|   9|           4|           4|
    |icmp_ln1035_23_fu_1939_p2         |      icmp|   0|  0|   9|           4|           4|
    |icmp_ln1035_24_fu_1964_p2         |      icmp|   0|  0|   9|           4|           4|
    |icmp_ln1035_25_fu_1989_p2         |      icmp|   0|  0|   9|           4|           4|
    |icmp_ln1035_26_fu_2014_p2         |      icmp|   0|  0|   9|           4|           4|
    |icmp_ln1035_27_fu_2039_p2         |      icmp|   0|  0|   9|           4|           4|
    |icmp_ln1035_28_fu_2064_p2         |      icmp|   0|  0|   9|           4|           4|
    |icmp_ln1035_29_fu_2089_p2         |      icmp|   0|  0|   9|           4|           4|
    |icmp_ln1035_2_fu_1414_p2          |      icmp|   0|  0|   9|           4|           4|
    |icmp_ln1035_30_fu_2114_p2         |      icmp|   0|  0|   9|           4|           4|
    |icmp_ln1035_31_fu_2139_p2         |      icmp|   0|  0|   9|           4|           4|
    |icmp_ln1035_3_fu_1439_p2          |      icmp|   0|  0|   9|           4|           4|
    |icmp_ln1035_4_fu_1464_p2          |      icmp|   0|  0|   9|           4|           4|
    |icmp_ln1035_5_fu_1489_p2          |      icmp|   0|  0|   9|           4|           4|
    |icmp_ln1035_6_fu_1514_p2          |      icmp|   0|  0|   9|           4|           4|
    |icmp_ln1035_7_fu_1539_p2          |      icmp|   0|  0|   9|           4|           4|
    |icmp_ln1035_8_fu_1564_p2          |      icmp|   0|  0|   9|           4|           4|
    |icmp_ln1035_9_fu_1589_p2          |      icmp|   0|  0|   9|           4|           4|
    |icmp_ln1035_fu_1364_p2            |      icmp|   0|  0|   9|           4|           4|
    |icmp_ln158_1_fu_2154_p2           |      icmp|   0|  0|   8|           2|           3|
    |icmp_ln158_fu_1252_p2             |      icmp|   0|  0|   8|           2|           3|
    |ap_block_state1_pp0_stage0_iter0  |        or|   0|  0|   2|           1|           1|
    |buf_V_10_d0                       |    select|   0|  0|   4|           1|           4|
    |buf_V_11_d0                       |    select|   0|  0|   4|           1|           4|
    |buf_V_12_d0                       |    select|   0|  0|   4|           1|           4|
    |buf_V_13_d0                       |    select|   0|  0|   4|           1|           4|
    |buf_V_14_d0                       |    select|   0|  0|   4|           1|           4|
    |buf_V_15_d0                       |    select|   0|  0|   4|           1|           4|
    |buf_V_16_d0                       |    select|   0|  0|   4|           1|           4|
    |buf_V_17_d0                       |    select|   0|  0|   4|           1|           4|
    |buf_V_18_d0                       |    select|   0|  0|   4|           1|           4|
    |buf_V_19_d0                       |    select|   0|  0|   4|           1|           4|
    |buf_V_1_d0                        |    select|   0|  0|   4|           1|           4|
    |buf_V_20_d0                       |    select|   0|  0|   4|           1|           4|
    |buf_V_21_d0                       |    select|   0|  0|   4|           1|           4|
    |buf_V_22_d0                       |    select|   0|  0|   4|           1|           4|
    |buf_V_23_d0                       |    select|   0|  0|   4|           1|           4|
    |buf_V_24_d0                       |    select|   0|  0|   4|           1|           4|
    |buf_V_25_d0                       |    select|   0|  0|   4|           1|           4|
    |buf_V_26_d0                       |    select|   0|  0|   4|           1|           4|
    |buf_V_27_d0                       |    select|   0|  0|   4|           1|           4|
    |buf_V_28_d0                       |    select|   0|  0|   4|           1|           4|
    |buf_V_29_d0                       |    select|   0|  0|   4|           1|           4|
    |buf_V_2_d0                        |    select|   0|  0|   4|           1|           4|
    |buf_V_30_d0                       |    select|   0|  0|   4|           1|           4|
    |buf_V_31_d0                       |    select|   0|  0|   4|           1|           4|
    |buf_V_3_d0                        |    select|   0|  0|   4|           1|           4|
    |buf_V_4_d0                        |    select|   0|  0|   4|           1|           4|
    |buf_V_5_d0                        |    select|   0|  0|   4|           1|           4|
    |buf_V_6_d0                        |    select|   0|  0|   4|           1|           4|
    |buf_V_7_d0                        |    select|   0|  0|   4|           1|           4|
    |buf_V_8_d0                        |    select|   0|  0|   4|           1|           4|
    |buf_V_9_d0                        |    select|   0|  0|   4|           1|           4|
    |buf_V_d0                          |    select|   0|  0|   4|           1|           4|
    +----------------------------------+----------+----+---+----+------------+------------+
    |Total                             |          |   0|  0| 446|         168|         265|
    +----------------------------------+----------+----+---+----+------------+------------+

    * Multiplexer: 
    +-----------------------------------+----+-----------+-----+-----------+
    |                Name               | LUT| Input Size| Bits| Total Bits|
    +-----------------------------------+----+-----------+-----+-----------+
    |ap_done_int                        |   9|          2|    1|          2|
    |ap_sig_allocacmp_kx_1              |   9|          2|    2|          4|
    |ap_sig_allocacmp_oldMax_V_10_load  |   9|          2|    4|          8|
    |ap_sig_allocacmp_oldMax_V_11_load  |   9|          2|    4|          8|
    |ap_sig_allocacmp_oldMax_V_12_load  |   9|          2|    4|          8|
    |ap_sig_allocacmp_oldMax_V_13_load  |   9|          2|    4|          8|
    |ap_sig_allocacmp_oldMax_V_14_load  |   9|          2|    4|          8|
    |ap_sig_allocacmp_oldMax_V_15_load  |   9|          2|    4|          8|
    |ap_sig_allocacmp_oldMax_V_16_load  |   9|          2|    4|          8|
    |ap_sig_allocacmp_oldMax_V_17_load  |   9|          2|    4|          8|
    |ap_sig_allocacmp_oldMax_V_18_load  |   9|          2|    4|          8|
    |ap_sig_allocacmp_oldMax_V_19_load  |   9|          2|    4|          8|
    |ap_sig_allocacmp_oldMax_V_1_load   |   9|          2|    4|          8|
    |ap_sig_allocacmp_oldMax_V_20_load  |   9|          2|    4|          8|
    |ap_sig_allocacmp_oldMax_V_21_load  |   9|          2|    4|          8|
    |ap_sig_allocacmp_oldMax_V_22_load  |   9|          2|    4|          8|
    |ap_sig_allocacmp_oldMax_V_23_load  |   9|          2|    4|          8|
    |ap_sig_allocacmp_oldMax_V_24_load  |   9|          2|    4|          8|
    |ap_sig_allocacmp_oldMax_V_25_load  |   9|          2|    4|          8|
    |ap_sig_allocacmp_oldMax_V_26_load  |   9|          2|    4|          8|
    |ap_sig_allocacmp_oldMax_V_27_load  |   9|          2|    4|          8|
    |ap_sig_allocacmp_oldMax_V_28_load  |   9|          2|    4|          8|
    |ap_sig_allocacmp_oldMax_V_29_load  |   9|          2|    4|          8|
    |ap_sig_allocacmp_oldMax_V_2_load   |   9|          2|    4|          8|
    |ap_sig_allocacmp_oldMax_V_30_load  |   9|          2|    4|          8|
    |ap_sig_allocacmp_oldMax_V_31_load  |   9|          2|    4|          8|
    |ap_sig_allocacmp_oldMax_V_3_load   |   9|          2|    4|          8|
    |ap_sig_allocacmp_oldMax_V_4_load   |   9|          2|    4|          8|
    |ap_sig_allocacmp_oldMax_V_5_load   |   9|          2|    4|          8|
    |ap_sig_allocacmp_oldMax_V_6_load   |   9|          2|    4|          8|
    |ap_sig_allocacmp_oldMax_V_7_load   |   9|          2|    4|          8|
    |ap_sig_allocacmp_oldMax_V_8_load   |   9|          2|    4|          8|
    |ap_sig_allocacmp_oldMax_V_9_load   |   9|          2|    4|          8|
    |ap_sig_allocacmp_oldMax_V_load     |   9|          2|    4|          8|
    |in0_V_TDATA_blk_n                  |   9|          2|    1|          2|
    |kx_fu_296                          |   9|          2|    2|          4|
    |oldMax_V_10_fu_340                 |   9|          2|    4|          8|
    |oldMax_V_11_fu_344                 |   9|          2|    4|          8|
    |oldMax_V_12_fu_348                 |   9|          2|    4|          8|
    |oldMax_V_13_fu_352                 |   9|          2|    4|          8|
    |oldMax_V_14_fu_356                 |   9|          2|    4|          8|
    |oldMax_V_15_fu_360                 |   9|          2|    4|          8|
    |oldMax_V_16_fu_364                 |   9|          2|    4|          8|
    |oldMax_V_17_fu_368                 |   9|          2|    4|          8|
    |oldMax_V_18_fu_372                 |   9|          2|    4|          8|
    |oldMax_V_19_fu_376                 |   9|          2|    4|          8|
    |oldMax_V_1_fu_304                  |   9|          2|    4|          8|
    |oldMax_V_20_fu_380                 |   9|          2|    4|          8|
    |oldMax_V_21_fu_384                 |   9|          2|    4|          8|
    |oldMax_V_22_fu_388                 |   9|          2|    4|          8|
    |oldMax_V_23_fu_392                 |   9|          2|    4|          8|
    |oldMax_V_24_fu_396                 |   9|          2|    4|          8|
    |oldMax_V_25_fu_400                 |   9|          2|    4|          8|
    |oldMax_V_26_fu_404                 |   9|          2|    4|          8|
    |oldMax_V_27_fu_408                 |   9|          2|    4|          8|
    |oldMax_V_28_fu_412                 |   9|          2|    4|          8|
    |oldMax_V_29_fu_416                 |   9|          2|    4|          8|
    |oldMax_V_2_fu_308                  |   9|          2|    4|          8|
    |oldMax_V_30_fu_420                 |   9|          2|    4|          8|
    |oldMax_V_31_fu_424                 |   9|          2|    4|          8|
    |oldMax_V_3_fu_312                  |   9|          2|    4|          8|
    |oldMax_V_4_fu_316                  |   9|          2|    4|          8|
    |oldMax_V_5_fu_320                  |   9|          2|    4|          8|
    |oldMax_V_6_fu_324                  |   9|          2|    4|          8|
    |oldMax_V_7_fu_328                  |   9|          2|    4|          8|
    |oldMax_V_8_fu_332                  |   9|          2|    4|          8|
    |oldMax_V_9_fu_336                  |   9|          2|    4|          8|
    |oldMax_V_fu_300                    |   9|          2|    4|          8|
    +-----------------------------------+----+-----------+-----+-----------+
    |Total                              | 612|        136|  262|        524|
    +-----------------------------------+----+-----------+-----+-----------+

    * Register: 
    +--------------------+---+----+-----+-----------+
    |        Name        | FF| LUT| Bits| Const Bits|
    +--------------------+---+----+-----+-----------+
    |ap_CS_fsm           |  1|   0|    1|          0|
    |ap_done_reg         |  1|   0|    1|          0|
    |kx_fu_296           |  2|   0|    2|          0|
    |oldMax_V_10_fu_340  |  4|   0|    4|          0|
    |oldMax_V_11_fu_344  |  4|   0|    4|          0|
    |oldMax_V_12_fu_348  |  4|   0|    4|          0|
    |oldMax_V_13_fu_352  |  4|   0|    4|          0|
    |oldMax_V_14_fu_356  |  4|   0|    4|          0|
    |oldMax_V_15_fu_360  |  4|   0|    4|          0|
    |oldMax_V_16_fu_364  |  4|   0|    4|          0|
    |oldMax_V_17_fu_368  |  4|   0|    4|          0|
    |oldMax_V_18_fu_372  |  4|   0|    4|          0|
    |oldMax_V_19_fu_376  |  4|   0|    4|          0|
    |oldMax_V_1_fu_304   |  4|   0|    4|          0|
    |oldMax_V_20_fu_380  |  4|   0|    4|          0|
    |oldMax_V_21_fu_384  |  4|   0|    4|          0|
    |oldMax_V_22_fu_388  |  4|   0|    4|          0|
    |oldMax_V_23_fu_392  |  4|   0|    4|          0|
    |oldMax_V_24_fu_396  |  4|   0|    4|          0|
    |oldMax_V_25_fu_400  |  4|   0|    4|          0|
    |oldMax_V_26_fu_404  |  4|   0|    4|          0|
    |oldMax_V_27_fu_408  |  4|   0|    4|          0|
    |oldMax_V_28_fu_412  |  4|   0|    4|          0|
    |oldMax_V_29_fu_416  |  4|   0|    4|          0|
    |oldMax_V_2_fu_308   |  4|   0|    4|          0|
    |oldMax_V_30_fu_420  |  4|   0|    4|          0|
    |oldMax_V_31_fu_424  |  4|   0|    4|          0|
    |oldMax_V_3_fu_312   |  4|   0|    4|          0|
    |oldMax_V_4_fu_316   |  4|   0|    4|          0|
    |oldMax_V_5_fu_320   |  4|   0|    4|          0|
    |oldMax_V_6_fu_324   |  4|   0|    4|          0|
    |oldMax_V_7_fu_328   |  4|   0|    4|          0|
    |oldMax_V_8_fu_332   |  4|   0|    4|          0|
    |oldMax_V_9_fu_336   |  4|   0|    4|          0|
    |oldMax_V_fu_300     |  4|   0|    4|          0|
    +--------------------+---+----+-----+-----------+
    |Total               |132|   0|  132|          0|
    +--------------------+---+----+-----+-----------+



================================================================
== Interface
================================================================
* Summary: 
+-------------------+-----+-----+------------+------------------------------------------------------+--------------+
|     RTL Ports     | Dir | Bits|  Protocol  |                     Source Object                    |    C Type    |
+-------------------+-----+-----+------------+------------------------------------------------------+--------------+
|ap_clk             |   in|    1|  ap_ctrl_hs|  StreamingMaxPool_Precision_Pipeline_VITIS_LOOP_158_6|  return value|
|ap_rst             |   in|    1|  ap_ctrl_hs|  StreamingMaxPool_Precision_Pipeline_VITIS_LOOP_158_6|  return value|
|ap_start           |   in|    1|  ap_ctrl_hs|  StreamingMaxPool_Precision_Pipeline_VITIS_LOOP_158_6|  return value|
|ap_done            |  out|    1|  ap_ctrl_hs|  StreamingMaxPool_Precision_Pipeline_VITIS_LOOP_158_6|  return value|
|ap_idle            |  out|    1|  ap_ctrl_hs|  StreamingMaxPool_Precision_Pipeline_VITIS_LOOP_158_6|  return value|
|ap_ready           |  out|    1|  ap_ctrl_hs|  StreamingMaxPool_Precision_Pipeline_VITIS_LOOP_158_6|  return value|
|in0_V_TVALID       |   in|    1|        axis|                                                 in0_V|       pointer|
|in0_V_TDATA        |   in|  128|        axis|                                                 in0_V|       pointer|
|in0_V_TREADY       |  out|    1|        axis|                                                 in0_V|       pointer|
|buf_V_31_load_1    |   in|    4|     ap_none|                                       buf_V_31_load_1|        scalar|
|buf_V_30_load_1    |   in|    4|     ap_none|                                       buf_V_30_load_1|        scalar|
|buf_V_29_load_1    |   in|    4|     ap_none|                                       buf_V_29_load_1|        scalar|
|buf_V_28_load_1    |   in|    4|     ap_none|                                       buf_V_28_load_1|        scalar|
|buf_V_27_load_1    |   in|    4|     ap_none|                                       buf_V_27_load_1|        scalar|
|buf_V_26_load_1    |   in|    4|     ap_none|                                       buf_V_26_load_1|        scalar|
|buf_V_25_load_1    |   in|    4|     ap_none|                                       buf_V_25_load_1|        scalar|
|buf_V_24_load_1    |   in|    4|     ap_none|                                       buf_V_24_load_1|        scalar|
|buf_V_23_load_1    |   in|    4|     ap_none|                                       buf_V_23_load_1|        scalar|
|buf_V_22_load_1    |   in|    4|     ap_none|                                       buf_V_22_load_1|        scalar|
|buf_V_21_load_1    |   in|    4|     ap_none|                                       buf_V_21_load_1|        scalar|
|buf_V_20_load_1    |   in|    4|     ap_none|                                       buf_V_20_load_1|        scalar|
|buf_V_19_load_1    |   in|    4|     ap_none|                                       buf_V_19_load_1|        scalar|
|buf_V_18_load_1    |   in|    4|     ap_none|                                       buf_V_18_load_1|        scalar|
|buf_V_17_load_1    |   in|    4|     ap_none|                                       buf_V_17_load_1|        scalar|
|buf_V_16_load_1    |   in|    4|     ap_none|                                       buf_V_16_load_1|        scalar|
|buf_V_15_load_1    |   in|    4|     ap_none|                                       buf_V_15_load_1|        scalar|
|buf_V_14_load_1    |   in|    4|     ap_none|                                       buf_V_14_load_1|        scalar|
|buf_V_13_load_1    |   in|    4|     ap_none|                                       buf_V_13_load_1|        scalar|
|buf_V_12_load_1    |   in|    4|     ap_none|                                       buf_V_12_load_1|        scalar|
|buf_V_11_load_1    |   in|    4|     ap_none|                                       buf_V_11_load_1|        scalar|
|buf_V_10_load_1    |   in|    4|     ap_none|                                       buf_V_10_load_1|        scalar|
|buf_V_9_load_1     |   in|    4|     ap_none|                                        buf_V_9_load_1|        scalar|
|buf_V_8_load_1     |   in|    4|     ap_none|                                        buf_V_8_load_1|        scalar|
|buf_V_7_load_1     |   in|    4|     ap_none|                                        buf_V_7_load_1|        scalar|
|buf_V_6_load_1     |   in|    4|     ap_none|                                        buf_V_6_load_1|        scalar|
|buf_V_5_load_1     |   in|    4|     ap_none|                                        buf_V_5_load_1|        scalar|
|buf_V_4_load_1     |   in|    4|     ap_none|                                        buf_V_4_load_1|        scalar|
|buf_V_3_load_1     |   in|    4|     ap_none|                                        buf_V_3_load_1|        scalar|
|buf_V_2_load_1     |   in|    4|     ap_none|                                        buf_V_2_load_1|        scalar|
|buf_V_1_load_1     |   in|    4|     ap_none|                                        buf_V_1_load_1|        scalar|
|buf_V_load_1       |   in|    4|     ap_none|                                          buf_V_load_1|        scalar|
|buf_V_31_address0  |  out|    4|   ap_memory|                                              buf_V_31|         array|
|buf_V_31_ce0       |  out|    1|   ap_memory|                                              buf_V_31|         array|
|buf_V_31_we0       |  out|    1|   ap_memory|                                              buf_V_31|         array|
|buf_V_31_d0        |  out|    4|   ap_memory|                                              buf_V_31|         array|
|zext_ln156         |   in|    4|     ap_none|                                            zext_ln156|        scalar|
|buf_V_30_address0  |  out|    4|   ap_memory|                                              buf_V_30|         array|
|buf_V_30_ce0       |  out|    1|   ap_memory|                                              buf_V_30|         array|
|buf_V_30_we0       |  out|    1|   ap_memory|                                              buf_V_30|         array|
|buf_V_30_d0        |  out|    4|   ap_memory|                                              buf_V_30|         array|
|buf_V_29_address0  |  out|    4|   ap_memory|                                              buf_V_29|         array|
|buf_V_29_ce0       |  out|    1|   ap_memory|                                              buf_V_29|         array|
|buf_V_29_we0       |  out|    1|   ap_memory|                                              buf_V_29|         array|
|buf_V_29_d0        |  out|    4|   ap_memory|                                              buf_V_29|         array|
|buf_V_28_address0  |  out|    4|   ap_memory|                                              buf_V_28|         array|
|buf_V_28_ce0       |  out|    1|   ap_memory|                                              buf_V_28|         array|
|buf_V_28_we0       |  out|    1|   ap_memory|                                              buf_V_28|         array|
|buf_V_28_d0        |  out|    4|   ap_memory|                                              buf_V_28|         array|
|buf_V_27_address0  |  out|    4|   ap_memory|                                              buf_V_27|         array|
|buf_V_27_ce0       |  out|    1|   ap_memory|                                              buf_V_27|         array|
|buf_V_27_we0       |  out|    1|   ap_memory|                                              buf_V_27|         array|
|buf_V_27_d0        |  out|    4|   ap_memory|                                              buf_V_27|         array|
|buf_V_26_address0  |  out|    4|   ap_memory|                                              buf_V_26|         array|
|buf_V_26_ce0       |  out|    1|   ap_memory|                                              buf_V_26|         array|
|buf_V_26_we0       |  out|    1|   ap_memory|                                              buf_V_26|         array|
|buf_V_26_d0        |  out|    4|   ap_memory|                                              buf_V_26|         array|
|buf_V_25_address0  |  out|    4|   ap_memory|                                              buf_V_25|         array|
|buf_V_25_ce0       |  out|    1|   ap_memory|                                              buf_V_25|         array|
|buf_V_25_we0       |  out|    1|   ap_memory|                                              buf_V_25|         array|
|buf_V_25_d0        |  out|    4|   ap_memory|                                              buf_V_25|         array|
|buf_V_24_address0  |  out|    4|   ap_memory|                                              buf_V_24|         array|
|buf_V_24_ce0       |  out|    1|   ap_memory|                                              buf_V_24|         array|
|buf_V_24_we0       |  out|    1|   ap_memory|                                              buf_V_24|         array|
|buf_V_24_d0        |  out|    4|   ap_memory|                                              buf_V_24|         array|
|buf_V_23_address0  |  out|    4|   ap_memory|                                              buf_V_23|         array|
|buf_V_23_ce0       |  out|    1|   ap_memory|                                              buf_V_23|         array|
|buf_V_23_we0       |  out|    1|   ap_memory|                                              buf_V_23|         array|
|buf_V_23_d0        |  out|    4|   ap_memory|                                              buf_V_23|         array|
|buf_V_22_address0  |  out|    4|   ap_memory|                                              buf_V_22|         array|
|buf_V_22_ce0       |  out|    1|   ap_memory|                                              buf_V_22|         array|
|buf_V_22_we0       |  out|    1|   ap_memory|                                              buf_V_22|         array|
|buf_V_22_d0        |  out|    4|   ap_memory|                                              buf_V_22|         array|
|buf_V_21_address0  |  out|    4|   ap_memory|                                              buf_V_21|         array|
|buf_V_21_ce0       |  out|    1|   ap_memory|                                              buf_V_21|         array|
|buf_V_21_we0       |  out|    1|   ap_memory|                                              buf_V_21|         array|
|buf_V_21_d0        |  out|    4|   ap_memory|                                              buf_V_21|         array|
|buf_V_20_address0  |  out|    4|   ap_memory|                                              buf_V_20|         array|
|buf_V_20_ce0       |  out|    1|   ap_memory|                                              buf_V_20|         array|
|buf_V_20_we0       |  out|    1|   ap_memory|                                              buf_V_20|         array|
|buf_V_20_d0        |  out|    4|   ap_memory|                                              buf_V_20|         array|
|buf_V_19_address0  |  out|    4|   ap_memory|                                              buf_V_19|         array|
|buf_V_19_ce0       |  out|    1|   ap_memory|                                              buf_V_19|         array|
|buf_V_19_we0       |  out|    1|   ap_memory|                                              buf_V_19|         array|
|buf_V_19_d0        |  out|    4|   ap_memory|                                              buf_V_19|         array|
|buf_V_18_address0  |  out|    4|   ap_memory|                                              buf_V_18|         array|
|buf_V_18_ce0       |  out|    1|   ap_memory|                                              buf_V_18|         array|
|buf_V_18_we0       |  out|    1|   ap_memory|                                              buf_V_18|         array|
|buf_V_18_d0        |  out|    4|   ap_memory|                                              buf_V_18|         array|
|buf_V_17_address0  |  out|    4|   ap_memory|                                              buf_V_17|         array|
|buf_V_17_ce0       |  out|    1|   ap_memory|                                              buf_V_17|         array|
|buf_V_17_we0       |  out|    1|   ap_memory|                                              buf_V_17|         array|
|buf_V_17_d0        |  out|    4|   ap_memory|                                              buf_V_17|         array|
|buf_V_16_address0  |  out|    4|   ap_memory|                                              buf_V_16|         array|
|buf_V_16_ce0       |  out|    1|   ap_memory|                                              buf_V_16|         array|
|buf_V_16_we0       |  out|    1|   ap_memory|                                              buf_V_16|         array|
|buf_V_16_d0        |  out|    4|   ap_memory|                                              buf_V_16|         array|
|buf_V_15_address0  |  out|    4|   ap_memory|                                              buf_V_15|         array|
|buf_V_15_ce0       |  out|    1|   ap_memory|                                              buf_V_15|         array|
|buf_V_15_we0       |  out|    1|   ap_memory|                                              buf_V_15|         array|
|buf_V_15_d0        |  out|    4|   ap_memory|                                              buf_V_15|         array|
|buf_V_14_address0  |  out|    4|   ap_memory|                                              buf_V_14|         array|
|buf_V_14_ce0       |  out|    1|   ap_memory|                                              buf_V_14|         array|
|buf_V_14_we0       |  out|    1|   ap_memory|                                              buf_V_14|         array|
|buf_V_14_d0        |  out|    4|   ap_memory|                                              buf_V_14|         array|
|buf_V_13_address0  |  out|    4|   ap_memory|                                              buf_V_13|         array|
|buf_V_13_ce0       |  out|    1|   ap_memory|                                              buf_V_13|         array|
|buf_V_13_we0       |  out|    1|   ap_memory|                                              buf_V_13|         array|
|buf_V_13_d0        |  out|    4|   ap_memory|                                              buf_V_13|         array|
|buf_V_12_address0  |  out|    4|   ap_memory|                                              buf_V_12|         array|
|buf_V_12_ce0       |  out|    1|   ap_memory|                                              buf_V_12|         array|
|buf_V_12_we0       |  out|    1|   ap_memory|                                              buf_V_12|         array|
|buf_V_12_d0        |  out|    4|   ap_memory|                                              buf_V_12|         array|
|buf_V_11_address0  |  out|    4|   ap_memory|                                              buf_V_11|         array|
|buf_V_11_ce0       |  out|    1|   ap_memory|                                              buf_V_11|         array|
|buf_V_11_we0       |  out|    1|   ap_memory|                                              buf_V_11|         array|
|buf_V_11_d0        |  out|    4|   ap_memory|                                              buf_V_11|         array|
|buf_V_10_address0  |  out|    4|   ap_memory|                                              buf_V_10|         array|
|buf_V_10_ce0       |  out|    1|   ap_memory|                                              buf_V_10|         array|
|buf_V_10_we0       |  out|    1|   ap_memory|                                              buf_V_10|         array|
|buf_V_10_d0        |  out|    4|   ap_memory|                                              buf_V_10|         array|
|buf_V_9_address0   |  out|    4|   ap_memory|                                               buf_V_9|         array|
|buf_V_9_ce0        |  out|    1|   ap_memory|                                               buf_V_9|         array|
|buf_V_9_we0        |  out|    1|   ap_memory|                                               buf_V_9|         array|
|buf_V_9_d0         |  out|    4|   ap_memory|                                               buf_V_9|         array|
|buf_V_8_address0   |  out|    4|   ap_memory|                                               buf_V_8|         array|
|buf_V_8_ce0        |  out|    1|   ap_memory|                                               buf_V_8|         array|
|buf_V_8_we0        |  out|    1|   ap_memory|                                               buf_V_8|         array|
|buf_V_8_d0         |  out|    4|   ap_memory|                                               buf_V_8|         array|
|buf_V_7_address0   |  out|    4|   ap_memory|                                               buf_V_7|         array|
|buf_V_7_ce0        |  out|    1|   ap_memory|                                               buf_V_7|         array|
|buf_V_7_we0        |  out|    1|   ap_memory|                                               buf_V_7|         array|
|buf_V_7_d0         |  out|    4|   ap_memory|                                               buf_V_7|         array|
|buf_V_6_address0   |  out|    4|   ap_memory|                                               buf_V_6|         array|
|buf_V_6_ce0        |  out|    1|   ap_memory|                                               buf_V_6|         array|
|buf_V_6_we0        |  out|    1|   ap_memory|                                               buf_V_6|         array|
|buf_V_6_d0         |  out|    4|   ap_memory|                                               buf_V_6|         array|
|buf_V_5_address0   |  out|    4|   ap_memory|                                               buf_V_5|         array|
|buf_V_5_ce0        |  out|    1|   ap_memory|                                               buf_V_5|         array|
|buf_V_5_we0        |  out|    1|   ap_memory|                                               buf_V_5|         array|
|buf_V_5_d0         |  out|    4|   ap_memory|                                               buf_V_5|         array|
|buf_V_4_address0   |  out|    4|   ap_memory|                                               buf_V_4|         array|
|buf_V_4_ce0        |  out|    1|   ap_memory|                                               buf_V_4|         array|
|buf_V_4_we0        |  out|    1|   ap_memory|                                               buf_V_4|         array|
|buf_V_4_d0         |  out|    4|   ap_memory|                                               buf_V_4|         array|
|buf_V_3_address0   |  out|    4|   ap_memory|                                               buf_V_3|         array|
|buf_V_3_ce0        |  out|    1|   ap_memory|                                               buf_V_3|         array|
|buf_V_3_we0        |  out|    1|   ap_memory|                                               buf_V_3|         array|
|buf_V_3_d0         |  out|    4|   ap_memory|                                               buf_V_3|         array|
|buf_V_2_address0   |  out|    4|   ap_memory|                                               buf_V_2|         array|
|buf_V_2_ce0        |  out|    1|   ap_memory|                                               buf_V_2|         array|
|buf_V_2_we0        |  out|    1|   ap_memory|                                               buf_V_2|         array|
|buf_V_2_d0         |  out|    4|   ap_memory|                                               buf_V_2|         array|
|buf_V_1_address0   |  out|    4|   ap_memory|                                               buf_V_1|         array|
|buf_V_1_ce0        |  out|    1|   ap_memory|                                               buf_V_1|         array|
|buf_V_1_we0        |  out|    1|   ap_memory|                                               buf_V_1|         array|
|buf_V_1_d0         |  out|    4|   ap_memory|                                               buf_V_1|         array|
|buf_V_address0     |  out|    4|   ap_memory|                                                 buf_V|         array|
|buf_V_ce0          |  out|    1|   ap_memory|                                                 buf_V|         array|
|buf_V_we0          |  out|    1|   ap_memory|                                                 buf_V|         array|
|buf_V_d0           |  out|    4|   ap_memory|                                                 buf_V|         array|
+-------------------+-----+-----+------------+------------------------------------------------------+--------------+

