
****** Vitis HLS - High-Level Synthesis from C, C++ and OpenCL v2022.2.2 (64-bit)
  **** SW Build 3779808 on Feb 17 2023
  **** IP Build 3783773 on Tue Feb 21 23:41:56 MST 2023
    ** Copyright 1986-2023 Xilinx, Inc. All Rights Reserved.

source /tools/Xilinx/Vitis_HLS/2022.2/scripts/vitis_hls/hls.tcl -notrace
INFO: [HLS 200-10] Running '/tools/Xilinx/Vitis_HLS/2022.2/bin/unwrapped/lnx64.o/vitis_hls'
/tools/Xilinx/Vitis_HLS/2022.2/tps/tcl/tcl8.5/tzdata/Europe/Dublin can't be opened.
INFO: [HLS 200-10] For user '' on host 'finn_dev_miguel_tfg' (Linux_x86_64 version 6.8.0-124-generic) on Fri Jun 12 09:16:57 +0000 2026
INFO: [HLS 200-10] On os Ubuntu 18.04.5 LTS
INFO: [HLS 200-10] In directory '/home/miguel_tfg/FINN-v0.9-Stable/notebooks/UAH_example/FINN_build/code_gen_ipgen_FMPadding_Batch_0_jgmvdhs3'
Sourcing Tcl script '/home/miguel_tfg/FINN-v0.9-Stable/notebooks/UAH_example/FINN_build/code_gen_ipgen_FMPadding_Batch_0_jgmvdhs3/hls_syn_FMPadding_Batch_0.tcl'
INFO: [HLS 200-1510] Running: source /home/miguel_tfg/FINN-v0.9-Stable/notebooks/UAH_example/FINN_build/code_gen_ipgen_FMPadding_Batch_0_jgmvdhs3/hls_syn_FMPadding_Batch_0.tcl
HLS project: project_FMPadding_Batch_0
HW source dir: /home/miguel_tfg/FINN-v0.9-Stable/notebooks/UAH_example/FINN_build/code_gen_ipgen_FMPadding_Batch_0_jgmvdhs3
finn-hlslib dir: /home/miguel_tfg/FINN-v0.9-Stable/deps/finn-hlslib
custom HLS dir: /home/miguel_tfg/FINN-v0.9-Stable/custom_hls
INFO: [HLS 200-1510] Running: open_project project_FMPadding_Batch_0 
INFO: [HLS 200-10] Creating and opening project '/home/miguel_tfg/FINN-v0.9-Stable/notebooks/UAH_example/FINN_build/code_gen_ipgen_FMPadding_Batch_0_jgmvdhs3/project_FMPadding_Batch_0'.
INFO: [HLS 200-1510] Running: add_files /home/miguel_tfg/FINN-v0.9-Stable/notebooks/UAH_example/FINN_build/code_gen_ipgen_FMPadding_Batch_0_jgmvdhs3/top_FMPadding_Batch_0.cpp -cflags -std=c++14 -I/home/miguel_tfg/FINN-v0.9-Stable/deps/finn-hlslib -I/home/miguel_tfg/FINN-v0.9-Stable/custom_hls 
INFO: [HLS 200-10] Adding design file '/home/miguel_tfg/FINN-v0.9-Stable/notebooks/UAH_example/FINN_build/code_gen_ipgen_FMPadding_Batch_0_jgmvdhs3/top_FMPadding_Batch_0.cpp' to the project
INFO: [HLS 200-1510] Running: set_top FMPadding_Batch_0 
INFO: [HLS 200-1510] Running: open_solution sol1 
INFO: [HLS 200-10] Creating and opening solution '/home/miguel_tfg/FINN-v0.9-Stable/notebooks/UAH_example/FINN_build/code_gen_ipgen_FMPadding_Batch_0_jgmvdhs3/project_FMPadding_Batch_0/sol1'.
INFO: [HLS 200-1505] Using default flow_target 'vivado'
Resolution: For help on HLS 200-1505 see www.xilinx.com/cgi-bin/docs/rdoc?v=2022.2;t=hls+guidance;d=200-1505.html
INFO: [HLS 200-435] Setting 'open_solution -flow_target vivado' configuration: config_interface -m_axi_latency=0
INFO: [HLS 200-1510] Running: set_part xc7z020clg400-1 
INFO: [HLS 200-1611] Setting target device to 'xc7z020-clg400-1'
INFO: [HLS 200-1510] Running: config_compile -disable_unroll_code_size_check -pipeline_style flp 
WARNING: [XFORM 203-506] Disable code size check when do loop unroll.
WARNING: [HLS 200-643] The 'config_compile -disable_unroll_code_size_check' hidden command is deprecated and will be removed in a future release.
INFO: [HLS 200-1510] Running: config_interface -m_axi_addr64 
INFO: [HLS 200-1510] Running: config_rtl -module_auto_prefix 
INFO: [HLS 200-1510] Running: config_rtl -deadlock_detection none 
INFO: [HLS 200-1510] Running: create_clock -period 10.0 -name default 
INFO: [SYN 201-201] Setting up clock 'default' with a period of 10ns.
INFO: [HLS 200-1510] Running: csynth_design 
Running Dispatch Server on port: 41211
INFO: [HLS 200-111] Finished File checks and directory preparation: CPU user time: 0 seconds. CPU system time: 0.01 seconds. Elapsed time: 10.03 seconds; current allocated memory: 1.469 GB.
INFO: [HLS 200-10] Analyzing design file '/home/miguel_tfg/FINN-v0.9-Stable/notebooks/UAH_example/FINN_build/code_gen_ipgen_FMPadding_Batch_0_jgmvdhs3/top_FMPadding_Batch_0.cpp' ... 
INFO: [HLS 200-111] Finished Source Code Analysis and Preprocessing: CPU user time: 3.7 seconds. CPU system time: 0.49 seconds. Elapsed time: 4.19 seconds; current allocated memory: 1.477 GB.
INFO: [HLS 200-777] Using interface defaults for 'Vivado' flow target.
INFO: [HLS 214-131] Inlining function 'void FMPadding<64u, 66u, 1u, 1u, 1u, 1u, ap_int<8> >(hls::stream<ap_uint<(1u) * (ap_int<8>::width)>, 0>&, hls::stream<ap_uint<(1u) * (ap_int<8>::width)>, 0>&)' into 'void FMPadding_Batch<64u, 66u, 1u, 1u, 1u, 1u, ap_int<8> >(hls::stream<ap_uint<(1u) * (ap_int<8>::width)>, 0>&, hls::stream<ap_uint<(1u) * (ap_int<8>::width)>, 0>&, unsigned int)' (/home/miguel_tfg/FINN-v0.9-Stable/deps/finn-hlslib/streamtools.h:416:3)
INFO: [HLS 214-178] Inlining function 'void FMPadding_nonsquare<66u, 66u, 1u, 1u, 1u, 1u, 1u, 1u, ap_int<8> >(hls::stream<ap_uint<(1u) * (ap_int<8>::width)>, 0>&, hls::stream<ap_uint<(1u) * (ap_int<8>::width)>, 0>&)' into 'void FMPadding_Batch<64u, 66u, 1u, 1u, 1u, 1u, ap_int<8> >(hls::stream<ap_uint<(1u) * (ap_int<8>::width)>, 0>&, hls::stream<ap_uint<(1u) * (ap_int<8>::width)>, 0>&, unsigned int)' (/home/miguel_tfg/FINN-v0.9-Stable/deps/finn-hlslib/streamtools.h:414:0)
INFO: [HLS 214-178] Inlining function 'void FMPadding_Batch<64u, 66u, 1u, 1u, 1u, 1u, ap_int<8> >(hls::stream<ap_uint<(1u) * (ap_int<8>::width)>, 0>&, hls::stream<ap_uint<(1u) * (ap_int<8>::width)>, 0>&, unsigned int)' into 'FMPadding_Batch_0(hls::stream<ap_uint<8>, 0>&, hls::stream<ap_uint<8>, 0>&)' (/home/miguel_tfg/FINN-v0.9-Stable/notebooks/UAH_example/FINN_build/code_gen_ipgen_FMPadding_Batch_0_jgmvdhs3/top_FMPadding_Batch_0.cpp:23:0)
INFO: [HLS 200-111] Finished Compiling Optimization and Transform: CPU user time: 1.73 seconds. CPU system time: 0.36 seconds. Elapsed time: 2.09 seconds; current allocated memory: 1.477 GB.
INFO: [HLS 200-111] Finished Checking Pragmas: CPU user time: 0 seconds. CPU system time: 0 seconds. Elapsed time: 0 seconds; current allocated memory: 1.477 GB.
INFO: [HLS 200-10] Starting code transformations ...
INFO: [HLS 200-111] Finished Standard Transforms: CPU user time: 0.01 seconds. CPU system time: 0.01 seconds. Elapsed time: 0.02 seconds; current allocated memory: 1.480 GB.
INFO: [HLS 200-10] Checking synthesizability ...
INFO: [HLS 200-111] Finished Checking Synthesizability: CPU user time: 0.02 seconds. CPU system time: 0 seconds. Elapsed time: 0.02 seconds; current allocated memory: 1.485 GB.
INFO: [XFORM 203-510] Pipelining loop 'VITIS_LOOP_278_2' (/home/miguel_tfg/FINN-v0.9-Stable/deps/finn-hlslib/streamtools.h:278) in function 'FMPadding_Batch_0' automatically.
INFO: [XFORM 203-11] Balancing expressions in function 'FMPadding_Batch_0' (/home/miguel_tfg/FINN-v0.9-Stable/deps/finn-hlslib/streamtools.h:22:5)...3 expression(s) balanced.
INFO: [HLS 200-111] Finished Loop, function and other optimizations: CPU user time: 0.04 seconds. CPU system time: 0 seconds. Elapsed time: 0.04 seconds; current allocated memory: 1.511 GB.
INFO: [XFORM 203-541] Flattening a loop nest 'VITIS_LOOP_277_1' (/home/miguel_tfg/FINN-v0.9-Stable/deps/finn-hlslib/streamtools.h:277:33) in function 'FMPadding_Batch_0'.
INFO: [HLS 200-111] Finished Architecture Synthesis: CPU user time: 0.02 seconds. CPU system time: 0.01 seconds. Elapsed time: 0.02 seconds; current allocated memory: 1.511 GB.
INFO: [HLS 200-10] Starting hardware synthesis ...
INFO: [HLS 200-10] Synthesizing 'FMPadding_Batch_0' ...
INFO: [HLS 200-10] ----------------------------------------------------------------
INFO: [HLS 200-42] -- Implementing module 'FMPadding_Batch_0' 
INFO: [HLS 200-10] ----------------------------------------------------------------
INFO: [SCHED 204-11] Starting scheduling ...
INFO: [SCHED 204-61] Pipelining loop 'VITIS_LOOP_277_1_VITIS_LOOP_278_2'.
INFO: [HLS 200-1470] Pipelining result : Target II = NA, Final II = 1, Depth = 3, loop 'VITIS_LOOP_277_1_VITIS_LOOP_278_2'
INFO: [SCHED 204-11] Finished scheduling.
INFO: [HLS 200-111] Finished Scheduling: CPU user time: 0.03 seconds. CPU system time: 0.01 seconds. Elapsed time: 0.05 seconds; current allocated memory: 1.511 GB.
INFO: [BIND 205-100] Starting micro-architecture generation ...
INFO: [BIND 205-101] Performing variable lifetime analysis.
INFO: [BIND 205-101] Exploring resource sharing.
INFO: [BIND 205-101] Binding ...
INFO: [BIND 205-100] Finished micro-architecture generation.
INFO: [HLS 200-111] Finished Binding: CPU user time: 0.02 seconds. CPU system time: 0.01 seconds. Elapsed time: 0.02 seconds; current allocated memory: 1.511 GB.
INFO: [HLS 200-10] ----------------------------------------------------------------
INFO: [HLS 200-10] -- Generating RTL for module 'FMPadding_Batch_0' 
INFO: [HLS 200-10] ----------------------------------------------------------------
WARNING: [RTGEN 206-101] Design contains AXI ports. Reset is fixed to synchronous and active low.
INFO: [RTGEN 206-500] Setting interface mode on port 'FMPadding_Batch_0/in0_V' to 'axis' (register, both mode).
INFO: [RTGEN 206-500] Setting interface mode on port 'FMPadding_Batch_0/out_V' to 'axis' (register, both mode).
INFO: [RTGEN 206-500] Setting interface mode on function 'FMPadding_Batch_0' to 'ap_ctrl_none'.
INFO: [RTGEN 206-100] Finished creating RTL model for 'FMPadding_Batch_0'.
INFO: [HLS 200-111] Finished Creating RTL model: CPU user time: 0.04 seconds. CPU system time: 0 seconds. Elapsed time: 0.04 seconds; current allocated memory: 1.511 GB.
INFO: [HLS 200-111] Finished Generating all RTL models: CPU user time: 0.2 seconds. CPU system time: 0.01 seconds. Elapsed time: 0.22 seconds; current allocated memory: 1.511 GB.
INFO: [HLS 200-111] Finished Updating report files: CPU user time: 0.15 seconds. CPU system time: 0.01 seconds. Elapsed time: 0.15 seconds; current allocated memory: 1.511 GB.
INFO: [VHDL 208-304] Generating VHDL RTL for FMPadding_Batch_0.
INFO: [VLOG 209-307] Generating Verilog RTL for FMPadding_Batch_0.
INFO: [HLS 200-790] **** Loop Constraint Status: All loop constraints were satisfied.
INFO: [HLS 200-789] **** Estimated Fmax: 152.64 MHz
INFO: [HLS 200-111] Finished Command csynth_design CPU user time: 5.96 seconds. CPU system time: 0.91 seconds. Elapsed time: 6.87 seconds; current allocated memory: 42.375 MB.
INFO: [HLS 200-1510] Running: export_design -format ip_catalog 
INFO: [IMPL 213-8] Exporting RTL as a Vivado IP.

****** Vivado v2022.2.2 (64-bit)
  **** SW Build 3788238 on Tue Feb 21 19:59:23 MST 2023
  **** IP Build 3783773 on Tue Feb 21 23:41:56 MST 2023
    ** Copyright 1986-2023 Xilinx, Inc. All Rights Reserved.

source run_ippack.tcl -notrace
CRITICAL WARNING: [Board 49-4] Problem parsing board_part file - /tools/Xilinx/Vivado/2022.2/data/boards/board_files/TE0727_10_1C/1.0/board.xml
Resolution: Check that the file is valid using an XML validation tool such as xmllint.
CRITICAL WARNING: [Board 49-4] Problem parsing board_part file - /tools/Xilinx/Vivado/2022.2/data/xhub/boards/XilinxBoardStore/boards/Xilinx/TE0727_10_1C/1.0/board.xml
Resolution: Check that the file is valid using an XML validation tool such as xmllint.
INFO: [IP_Flow 19-234] Refreshing IP repositories
INFO: [IP_Flow 19-1704] No user IP repositories specified
INFO: [IP_Flow 19-2313] Loaded Vivado IP repository '/tools/Xilinx/Vivado/2022.2/data/ip'.
INFO: [Common 17-206] Exiting Vivado at Fri Jun 12 09:17:23 2026...
INFO: [HLS 200-802] Generated output file project_FMPadding_Batch_0/sol1/impl/export.zip
INFO: [HLS 200-111] Finished Command export_design CPU user time: 7.45 seconds. CPU system time: 0.74 seconds. Elapsed time: 10.47 seconds; current allocated memory: 5.262 MB.
INFO: [HLS 200-112] Total CPU user time: 15.36 seconds. Total CPU system time: 2.11 seconds. Total elapsed time: 29.64 seconds; peak allocated memory: 1.516 GB.
INFO: [Common 17-206] Exiting vitis_hls at Fri Jun 12 09:17:26 2026...
