
****** Vitis HLS - High-Level Synthesis from C, C++ and OpenCL v2022.2.2 (64-bit)
  **** SW Build 3779808 on Feb 17 2023
  **** IP Build 3783773 on Tue Feb 21 23:41:56 MST 2023
    ** Copyright 1986-2023 Xilinx, Inc. All Rights Reserved.

source /tools/Xilinx/Vitis_HLS/2022.2/scripts/vitis_hls/hls.tcl -notrace
INFO: [HLS 200-10] Running '/tools/Xilinx/Vitis_HLS/2022.2/bin/unwrapped/lnx64.o/vitis_hls'
/tools/Xilinx/Vitis_HLS/2022.2/tps/tcl/tcl8.5/tzdata/Europe/Dublin can't be opened.
INFO: [HLS 200-10] For user '' on host 'finn_dev_miguel_tfg' (Linux_x86_64 version 6.8.0-124-generic) on Fri Jun 12 10:38:49 +0000 2026
INFO: [HLS 200-10] On os Ubuntu 18.04.5 LTS
INFO: [HLS 200-10] In directory '/home/miguel_tfg/FINN-v0.9-Stable/notebooks/UAH_example/FINN_build/code_gen_ipgen_MatrixVectorActivation_0_o11cr567'
Sourcing Tcl script '/home/miguel_tfg/FINN-v0.9-Stable/notebooks/UAH_example/FINN_build/code_gen_ipgen_MatrixVectorActivation_0_o11cr567/hls_syn_MatrixVectorActivation_0.tcl'
INFO: [HLS 200-1510] Running: source /home/miguel_tfg/FINN-v0.9-Stable/notebooks/UAH_example/FINN_build/code_gen_ipgen_MatrixVectorActivation_0_o11cr567/hls_syn_MatrixVectorActivation_0.tcl
HLS project: project_MatrixVectorActivation_0
HW source dir: /home/miguel_tfg/FINN-v0.9-Stable/notebooks/UAH_example/FINN_build/code_gen_ipgen_MatrixVectorActivation_0_o11cr567
finn-hlslib dir: /home/miguel_tfg/FINN-v0.9-Stable/deps/finn-hlslib
custom HLS dir: /home/miguel_tfg/FINN-v0.9-Stable/custom_hls
INFO: [HLS 200-1510] Running: open_project project_MatrixVectorActivation_0 
INFO: [HLS 200-10] Creating and opening project '/home/miguel_tfg/FINN-v0.9-Stable/notebooks/UAH_example/FINN_build/code_gen_ipgen_MatrixVectorActivation_0_o11cr567/project_MatrixVectorActivation_0'.
INFO: [HLS 200-1510] Running: add_files /home/miguel_tfg/FINN-v0.9-Stable/notebooks/UAH_example/FINN_build/code_gen_ipgen_MatrixVectorActivation_0_o11cr567/top_MatrixVectorActivation_0.cpp -cflags -std=c++14 -I/home/miguel_tfg/FINN-v0.9-Stable/deps/finn-hlslib -I/home/miguel_tfg/FINN-v0.9-Stable/custom_hls 
INFO: [HLS 200-10] Adding design file '/home/miguel_tfg/FINN-v0.9-Stable/notebooks/UAH_example/FINN_build/code_gen_ipgen_MatrixVectorActivation_0_o11cr567/top_MatrixVectorActivation_0.cpp' to the project
INFO: [HLS 200-1510] Running: set_top MatrixVectorActivation_0 
INFO: [HLS 200-1510] Running: open_solution sol1 
INFO: [HLS 200-10] Creating and opening solution '/home/miguel_tfg/FINN-v0.9-Stable/notebooks/UAH_example/FINN_build/code_gen_ipgen_MatrixVectorActivation_0_o11cr567/project_MatrixVectorActivation_0/sol1'.
INFO: [HLS 200-1505] Using default flow_target 'vivado'
Resolution: For help on HLS 200-1505 see www.xilinx.com/cgi-bin/docs/rdoc?v=2022.2;t=hls+guidance;d=200-1505.html
INFO: [HLS 200-435] Setting 'open_solution -flow_target vivado' configuration: config_interface -m_axi_latency=0
INFO: [HLS 200-1510] Running: set_part xc7z020clg400-1 
INFO: [HLS 200-1611] Setting target device to 'xc7z020-clg400-1'
INFO: [HLS 200-1510] Running: config_compile -disable_unroll_code_size_check -pipeline_style flp 
WARNING: [XFORM 203-506] Disable code size check when do loop unroll.
WARNING: [HLS 200-643] The 'config_compile -disable_unroll_code_size_check' hidden command is deprecated and will be removed in a future release.
INFO: [HLS 200-1510] Running: config_interface -m_axi_addr64 
INFO: [HLS 200-1510] Running: config_rtl -module_auto_prefix 
INFO: [HLS 200-1510] Running: config_rtl -deadlock_detection none 
INFO: [HLS 200-1510] Running: create_clock -period 10.0 -name default 
INFO: [SYN 201-201] Setting up clock 'default' with a period of 10ns.
INFO: [HLS 200-1510] Running: csynth_design 
Running Dispatch Server on port: 46707
INFO: [HLS 200-111] Finished File checks and directory preparation: CPU user time: 0.01 seconds. CPU system time: 0.02 seconds. Elapsed time: 10.04 seconds; current allocated memory: 1.469 GB.
INFO: [HLS 200-10] Analyzing design file '/home/miguel_tfg/FINN-v0.9-Stable/notebooks/UAH_example/FINN_build/code_gen_ipgen_MatrixVectorActivation_0_o11cr567/top_MatrixVectorActivation_0.cpp' ... 
ERROR: [HLS 207-2163] 'bitwidth' attribute requires integer constant between 1 and 8191 inclusive (/tools/Xilinx/Vitis_HLS/2022.2/common/technology/autopilot/ap_common.h:520:35)
INFO: [HLS 207-4518] in instantiation of template class 'ssdm_int<9216, false>' requested here (/tools/Xilinx/Vitis_HLS/2022.2/common/technology/autopilot/ap_int_base.h:108:29)
INFO: [HLS 207-4518] in instantiation of template class 'ap_int_base<9216, false>' requested here (/tools/Xilinx/Vitis_HLS/2022.2/common/technology/autopilot/ap_int.h:181:18)
INFO: [HLS 207-4518] in instantiation of template class 'ap_uint<9216>' requested here (/home/miguel_tfg/FINN-v0.9-Stable/notebooks/UAH_example/FINN_build/code_gen_ipgen_MatrixVectorActivation_0_o11cr567/top_MatrixVectorActivation_0.cpp:38:1)
ERROR: [HLS 207-2163] 'bitwidth' attribute requires integer constant between 1 and 8191 inclusive (/tools/Xilinx/Vitis_HLS/2022.2/common/technology/autopilot/ap_common.h:521:29)
ERROR: [HLS 207-2163] 'bitwidth' attribute requires integer constant between 1 and 8191 inclusive (/tools/Xilinx/Vitis_HLS/2022.2/common/technology/autopilot/ap_common.h:523:104)
ERROR: [HLS 207-2163] 'bitwidth' attribute requires integer constant between 1 and 8191 inclusive (/tools/Xilinx/Vitis_HLS/2022.2/common/technology/autopilot/ap_int.h:212:114)
ERROR: [HLS 207-3337] type 'ap_uint<256U * 9U * ap_int<4>::width>' does not provide a call operator (/home/miguel_tfg/FINN-v0.9-Stable/deps/finn-hlslib/mvau.hpp:268:20)
INFO: [HLS 207-4235] in instantiation of function template specialization 'Matrix_Vector_Activate_Stream_Batch<576, 256, 9, 256, Slice<ap_int<8>, 8>, Slice<ap_uint<4>, 4>, Identity, ap_int<4>, ap_uint<72>, ap_uint<1024>, ThresholdsActivation<1, 256, 15, ap_int<17>, ap_uint<4>, 0, comp::less_equal<ap_int<17>, ap_int<17> > >, ap_resource_lut>' requested here (/home/miguel_tfg/FINN-v0.9-Stable/notebooks/UAH_example/FINN_build/code_gen_ipgen_MatrixVectorActivation_0_o11cr567/top_MatrixVectorActivation_0.cpp:38:1)
INFO: [HLS 200-111] Finished Command csynth_design CPU user time: 0.56 seconds. CPU system time: 0.14 seconds. Elapsed time: 0.69 seconds; current allocated memory: 1.031 MB.
 
    while executing
"source /home/miguel_tfg/FINN-v0.9-Stable/notebooks/UAH_example/FINN_build/code_gen_ipgen_MatrixVectorActivation_0_o11cr567/hls_syn_MatrixVectorActivat..."
    invoked from within
"hls::main /home/miguel_tfg/FINN-v0.9-Stable/notebooks/UAH_example/FINN_build/code_gen_ipgen_MatrixVectorActivation_0_o11cr567/hls_syn_MatrixVectorActi..."
    ("uplevel" body line 1)
    invoked from within
"uplevel 1 hls::main {*}$newargs"
    (procedure "hls_proc" line 16)
    invoked from within
"hls_proc [info nameofexecutable] $argv"
INFO: [HLS 200-112] Total CPU user time: 2.54 seconds. Total CPU system time: 0.64 seconds. Total elapsed time: 13.05 seconds; peak allocated memory: 1.470 GB.
INFO: [Common 17-206] Exiting vitis_hls at Fri Jun 12 10:39:02 2026...
