

================================================================
== Vitis HLS Report for 'MatrixVectorActivation_0'
================================================================
* Date:           Tue Jun 16 08:30:51 2026

* Version:        2022.2.2 (Build 3779808 on Feb 17 2023)
* Project:        project_MatrixVectorActivation_0
* Solution:       sol1 (Vivado IP Flow Target)
* Product family: zynq
* Target device:  xc7z020-clg400-1


================================================================
== Performance Estimates
================================================================
+ Timing: 
    * Summary: 
    +--------+----------+----------+------------+
    |  Clock |  Target  | Estimated| Uncertainty|
    +--------+----------+----------+------------+
    |ap_clk  |  10.00 ns|  7.591 ns|     2.70 ns|
    +--------+----------+----------+------------+

+ Latency: 
    * Summary: 
    +---------+---------+-----------+-----------+------+------+---------+
    |  Latency (cycles) |   Latency (absolute)  |   Interval  | Pipeline|
    |   min   |   max   |    min    |    max    |  min |  max |   Type  |
    +---------+---------+-----------+-----------+------+------+---------+
    |     1164|     1164|  11.640 us|  11.640 us|  1165|  1165|       no|
    +---------+---------+-----------+-----------+------+------+---------+

    + Detail: 
        * Instance: 
        +------------------------------------------------+-------------------------------------+---------+---------+-----------+-----------+------+------+---------+
        |                                                |                                     |  Latency (cycles) |   Latency (absolute)  |   Interval  | Pipeline|
        |                    Instance                    |                Module               |   min   |   max   |    min    |    max    |  min |  max |   Type  |
        +------------------------------------------------+-------------------------------------+---------+---------+-----------+-----------+------+------+---------+
        |grp_Matrix_Vector_Activate_Stream_Batch_fu_510  |Matrix_Vector_Activate_Stream_Batch  |     1161|     1161|  11.610 us|  11.610 us|  1161|  1161|       no|
        +------------------------------------------------+-------------------------------------+---------+---------+-----------+-----------+------+------+---------+

        * Loop: 
        N/A



================================================================
== Utilization Estimates
================================================================
* Summary: 
+-----------------+---------+-----+--------+-------+-----+
|       Name      | BRAM_18K| DSP |   FF   |  LUT  | URAM|
+-----------------+---------+-----+--------+-------+-----+
|DSP              |        -|    -|       -|      -|    -|
|Expression       |        -|    -|       0|      2|    -|
|FIFO             |        -|    -|       -|      -|    -|
|Instance         |        0|   80|   10274|   9950|    -|
|Memory           |        -|    -|       -|      -|    -|
|Multiplexer      |        -|    -|       -|     43|    -|
|Register         |        -|    -|       5|      -|    -|
+-----------------+---------+-----+--------+-------+-----+
|Total            |        0|   80|   10279|   9995|    0|
+-----------------+---------+-----+--------+-------+-----+
|Available        |      280|  220|  106400|  53200|    0|
+-----------------+---------+-----+--------+-------+-----+
|Utilization (%)  |        0|   36|       9|     18|    0|
+-----------------+---------+-----+--------+-------+-----+

+ Detail: 
    * Instance: 
    +------------------------------------------------+-------------------------------------+---------+----+-------+------+-----+
    |                    Instance                    |                Module               | BRAM_18K| DSP|   FF  |  LUT | URAM|
    +------------------------------------------------+-------------------------------------+---------+----+-------+------+-----+
    |grp_Matrix_Vector_Activate_Stream_Batch_fu_510  |Matrix_Vector_Activate_Stream_Batch  |        0|  80|  10274|  9950|    0|
    +------------------------------------------------+-------------------------------------+---------+----+-------+------+-----+
    |Total                                           |                                     |        0|  80|  10274|  9950|    0|
    +------------------------------------------------+-------------------------------------+---------+----+-------+------+-----+

    * DSP: 
    N/A

    * Memory: 
    N/A

    * FIFO: 
    N/A

    * Expression: 
    +-------------------------------------------------------------+----------+----+---+----+------------+------------+
    |                        Variable Name                        | Operation| DSP| FF| LUT| Bitwidth P0| Bitwidth P1|
    +-------------------------------------------------------------+----------+----+---+----+------------+------------+
    |grp_Matrix_Vector_Activate_Stream_Batch_fu_510_out_V_TREADY  |       and|   0|  0|   2|           1|           1|
    +-------------------------------------------------------------+----------+----+---+----+------------+------------+
    |Total                                                        |          |   0|  0|   2|           1|           1|
    +-------------------------------------------------------------+----------+----+---+----+------------+------------+

    * Multiplexer: 
    +-------------------------------+----+-----------+-----+-----------+
    |              Name             | LUT| Input Size| Bits| Total Bits|
    +-------------------------------+----+-----------+-----+-----------+
    |ap_NS_fsm                      |  25|          5|    1|          5|
    |in0_V_TREADY_int_regslice      |   9|          2|    1|          2|
    |weights_V_TREADY_int_regslice  |   9|          2|    1|          2|
    +-------------------------------+----+-----------+-----+-----------+
    |Total                          |  43|          9|    3|          9|
    +-------------------------------+----+-----------+-----+-----------+

    * Register: 
    +-------------------------------------------------------------+---+----+-----+-----------+
    |                             Name                            | FF| LUT| Bits| Const Bits|
    +-------------------------------------------------------------+---+----+-----+-----------+
    |ap_CS_fsm                                                    |  4|   0|    4|          0|
    |grp_Matrix_Vector_Activate_Stream_Batch_fu_510_ap_start_reg  |  1|   0|    1|          0|
    +-------------------------------------------------------------+---+----+-----+-----------+
    |Total                                                        |  5|   0|    5|          0|
    +-------------------------------------------------------------+---+----+-----+-----------+



================================================================
== Interface
================================================================
* Summary: 
+------------------+-----+-----+--------------+--------------------------+--------------+
|     RTL Ports    | Dir | Bits|   Protocol   |       Source Object      |    C Type    |
+------------------+-----+-----+--------------+--------------------------+--------------+
|ap_clk            |   in|    1|  ap_ctrl_none|  MatrixVectorActivation_0|  return value|
|ap_rst_n          |   in|    1|  ap_ctrl_none|  MatrixVectorActivation_0|  return value|
|in0_V_TDATA       |   in|   64|          axis|                     in0_V|       pointer|
|in0_V_TVALID      |   in|    1|          axis|                     in0_V|       pointer|
|in0_V_TREADY      |  out|    1|          axis|                     in0_V|       pointer|
|weights_V_TDATA   |   in|  512|          axis|                 weights_V|       pointer|
|weights_V_TVALID  |   in|    1|          axis|                 weights_V|       pointer|
|weights_V_TREADY  |  out|    1|          axis|                 weights_V|       pointer|
|out_V_TDATA       |  out|   64|          axis|                     out_V|       pointer|
|out_V_TVALID      |  out|    1|          axis|                     out_V|       pointer|
|out_V_TREADY      |   in|    1|          axis|                     out_V|       pointer|
+------------------+-----+-----+--------------+--------------------------+--------------+

