
****** Vitis HLS - High-Level Synthesis from C, C++ and OpenCL v2022.2.2 (64-bit)
  **** SW Build 3779808 on Feb 17 2023
  **** IP Build 3783773 on Tue Feb 21 23:41:56 MST 2023
    ** Copyright 1986-2023 Xilinx, Inc. All Rights Reserved.

source /tools/Xilinx/Vitis_HLS/2022.2/scripts/vitis_hls/hls.tcl -notrace
INFO: [HLS 200-10] Running '/tools/Xilinx/Vitis_HLS/2022.2/bin/unwrapped/lnx64.o/vitis_hls'
/tools/Xilinx/Vitis_HLS/2022.2/tps/tcl/tcl8.5/tzdata/Europe/Dublin can't be opened.
INFO: [HLS 200-10] For user '' on host 'finn_dev_miguel_tfg' (Linux_x86_64 version 6.8.0-124-generic) on Fri Jun 12 09:16:50 +0000 2026
INFO: [HLS 200-10] On os Ubuntu 18.04.5 LTS
INFO: [HLS 200-10] In directory '/home/miguel_tfg/FINN-v0.9-Stable/notebooks/UAH_example/FINN_build/code_gen_ipgen_StreamingMaxPool_Batch_0_50hpwwyi'
Sourcing Tcl script '/home/miguel_tfg/FINN-v0.9-Stable/notebooks/UAH_example/FINN_build/code_gen_ipgen_StreamingMaxPool_Batch_0_50hpwwyi/hls_syn_StreamingMaxPool_Batch_0.tcl'
INFO: [HLS 200-1510] Running: source /home/miguel_tfg/FINN-v0.9-Stable/notebooks/UAH_example/FINN_build/code_gen_ipgen_StreamingMaxPool_Batch_0_50hpwwyi/hls_syn_StreamingMaxPool_Batch_0.tcl
HLS project: project_StreamingMaxPool_Batch_0
HW source dir: /home/miguel_tfg/FINN-v0.9-Stable/notebooks/UAH_example/FINN_build/code_gen_ipgen_StreamingMaxPool_Batch_0_50hpwwyi
finn-hlslib dir: /home/miguel_tfg/FINN-v0.9-Stable/deps/finn-hlslib
custom HLS dir: /home/miguel_tfg/FINN-v0.9-Stable/custom_hls
INFO: [HLS 200-1510] Running: open_project project_StreamingMaxPool_Batch_0 
INFO: [HLS 200-10] Creating and opening project '/home/miguel_tfg/FINN-v0.9-Stable/notebooks/UAH_example/FINN_build/code_gen_ipgen_StreamingMaxPool_Batch_0_50hpwwyi/project_StreamingMaxPool_Batch_0'.
INFO: [HLS 200-1510] Running: add_files /home/miguel_tfg/FINN-v0.9-Stable/notebooks/UAH_example/FINN_build/code_gen_ipgen_StreamingMaxPool_Batch_0_50hpwwyi/top_StreamingMaxPool_Batch_0.cpp -cflags -std=c++14 -I/home/miguel_tfg/FINN-v0.9-Stable/deps/finn-hlslib -I/home/miguel_tfg/FINN-v0.9-Stable/custom_hls 
INFO: [HLS 200-10] Adding design file '/home/miguel_tfg/FINN-v0.9-Stable/notebooks/UAH_example/FINN_build/code_gen_ipgen_StreamingMaxPool_Batch_0_50hpwwyi/top_StreamingMaxPool_Batch_0.cpp' to the project
INFO: [HLS 200-1510] Running: set_top StreamingMaxPool_Batch_0 
INFO: [HLS 200-1510] Running: open_solution sol1 
INFO: [HLS 200-10] Creating and opening solution '/home/miguel_tfg/FINN-v0.9-Stable/notebooks/UAH_example/FINN_build/code_gen_ipgen_StreamingMaxPool_Batch_0_50hpwwyi/project_StreamingMaxPool_Batch_0/sol1'.
INFO: [HLS 200-1505] Using default flow_target 'vivado'
Resolution: For help on HLS 200-1505 see www.xilinx.com/cgi-bin/docs/rdoc?v=2022.2;t=hls+guidance;d=200-1505.html
INFO: [HLS 200-435] Setting 'open_solution -flow_target vivado' configuration: config_interface -m_axi_latency=0
INFO: [HLS 200-1510] Running: set_part xc7z020clg400-1 
INFO: [HLS 200-1611] Setting target device to 'xc7z020-clg400-1'
INFO: [HLS 200-1510] Running: config_compile -disable_unroll_code_size_check -pipeline_style flp 
WARNING: [XFORM 203-506] Disable code size check when do loop unroll.
WARNING: [HLS 200-643] The 'config_compile -disable_unroll_code_size_check' hidden command is deprecated and will be removed in a future release.
INFO: [HLS 200-1510] Running: config_interface -m_axi_addr64 
INFO: [HLS 200-1510] Running: config_rtl -module_auto_prefix 
INFO: [HLS 200-1510] Running: config_rtl -deadlock_detection none 
INFO: [HLS 200-1510] Running: create_clock -period 10.0 -name default 
INFO: [SYN 201-201] Setting up clock 'default' with a period of 10ns.
INFO: [HLS 200-1510] Running: csynth_design 
Running Dispatch Server on port: 45185
INFO: [HLS 200-111] Finished File checks and directory preparation: CPU user time: 0.01 seconds. CPU system time: 0.01 seconds. Elapsed time: 10.02 seconds; current allocated memory: 1.472 GB.
INFO: [HLS 200-10] Analyzing design file '/home/miguel_tfg/FINN-v0.9-Stable/notebooks/UAH_example/FINN_build/code_gen_ipgen_StreamingMaxPool_Batch_0_50hpwwyi/top_StreamingMaxPool_Batch_0.cpp' ... 
INFO: [HLS 200-111] Finished Source Code Analysis and Preprocessing: CPU user time: 3.66 seconds. CPU system time: 0.43 seconds. Elapsed time: 4.1 seconds; current allocated memory: 1.480 GB.
INFO: [HLS 200-777] Using interface defaults for 'Vivado' flow target.
INFO: [HLS 214-291] Loop 'VITIS_LOOP_161_7' is marked as complete unroll implied by the pipeline pragma (/home/miguel_tfg/FINN-v0.9-Stable/deps/finn-hlslib/maxpool.h:161:29)
INFO: [HLS 214-186] Unrolling loop 'VITIS_LOOP_161_7' (/home/miguel_tfg/FINN-v0.9-Stable/deps/finn-hlslib/maxpool.h:161:29) in function 'StreamingMaxPool_Precision<64u, 2u, 16u, ap_uint<4>, 0, 64>' completely with a factor of 16 (/home/miguel_tfg/FINN-v0.9-Stable/deps/finn-hlslib/maxpool.h:142:0)
INFO: [HLS 214-186] Unrolling loop 'VITIS_LOOP_175_9' (/home/miguel_tfg/FINN-v0.9-Stable/deps/finn-hlslib/maxpool.h:175:25) in function 'StreamingMaxPool_Precision<64u, 2u, 16u, ap_uint<4>, 0, 64>' completely with a factor of 16 (/home/miguel_tfg/FINN-v0.9-Stable/deps/finn-hlslib/maxpool.h:142:0)
INFO: [HLS 214-186] Unrolling loop 'VITIS_LOOP_148_2' (/home/miguel_tfg/FINN-v0.9-Stable/deps/finn-hlslib/maxpool.h:148:23) in function 'StreamingMaxPool_Precision<64u, 2u, 16u, ap_uint<4>, 0, 64>' completely with a factor of 16 (/home/miguel_tfg/FINN-v0.9-Stable/deps/finn-hlslib/maxpool.h:142:0)
INFO: [HLS 214-248] Applying array_partition to 'buf': Complete partitioning on dimension 2. (/home/miguel_tfg/FINN-v0.9-Stable/deps/finn-hlslib/maxpool.h:145:11)
INFO: [HLS 200-111] Finished Compiling Optimization and Transform: CPU user time: 1.76 seconds. CPU system time: 0.32 seconds. Elapsed time: 2.06 seconds; current allocated memory: 1.480 GB.
INFO: [HLS 200-111] Finished Checking Pragmas: CPU user time: 0 seconds. CPU system time: 0 seconds. Elapsed time: 0.01 seconds; current allocated memory: 1.480 GB.
INFO: [HLS 200-10] Starting code transformations ...
INFO: [HLS 200-111] Finished Standard Transforms: CPU user time: 0.02 seconds. CPU system time: 0 seconds. Elapsed time: 0.02 seconds; current allocated memory: 1.485 GB.
INFO: [HLS 200-10] Checking synthesizability ...
INFO: [HLS 200-111] Finished Checking Synthesizability: CPU user time: 0.03 seconds. CPU system time: 0.01 seconds. Elapsed time: 0.04 seconds; current allocated memory: 1.493 GB.
INFO: [XFORM 203-510] Pipelining loop 'VITIS_LOOP_147_1' (/home/miguel_tfg/FINN-v0.9-Stable/deps/finn-hlslib/maxpool.h:147) in function 'StreamingMaxPool_Precision<64u, 2u, 16u, ap_uint<4>, 0, 64>' automatically.
INFO: [XFORM 203-510] Pipelining loop 'VITIS_LOOP_174_8' (/home/miguel_tfg/FINN-v0.9-Stable/deps/finn-hlslib/maxpool.h:174) in function 'StreamingMaxPool_Precision<64u, 2u, 16u, ap_uint<4>, 0, 64>' automatically.
INFO: [HLS 200-111] Finished Loop, function and other optimizations: CPU user time: 0.08 seconds. CPU system time: 0.01 seconds. Elapsed time: 0.09 seconds; current allocated memory: 1.522 GB.
WARNING: [HLS 200-960] Cannot flatten loop 'VITIS_LOOP_156_5' (/home/miguel_tfg/FINN-v0.9-Stable/deps/finn-hlslib/maxpool.h:156:43) in function 'StreamingMaxPool_Precision<64u, 2u, 16u, ap_uint<4>, 0, 64>' the outer loop is not a perfect loop.
Resolution: For help on HLS 200-960 see www.xilinx.com/cgi-bin/docs/rdoc?v=2022.2;t=hls+guidance;d=200-960.html
INFO: [XFORM 203-541] Flattening a loop nest 'VITIS_LOOP_155_4' (/home/miguel_tfg/FINN-v0.9-Stable/deps/finn-hlslib/maxpool.h:155:41) in function 'StreamingMaxPool_Precision<64u, 2u, 16u, ap_uint<4>, 0, 64>'.
WARNING: [HLS 200-960] Cannot flatten loop 'VITIS_LOOP_154_3' (/home/miguel_tfg/FINN-v0.9-Stable/deps/finn-hlslib/maxpool.h:154:39) in function 'StreamingMaxPool_Precision<64u, 2u, 16u, ap_uint<4>, 0, 64>' more than one sub loop.
Resolution: For help on HLS 200-960 see www.xilinx.com/cgi-bin/docs/rdoc?v=2022.2;t=hls+guidance;d=200-960.html
INFO: [HLS 200-472] Inferring partial write operation for 'buf.V' (/home/miguel_tfg/FINN-v0.9-Stable/deps/finn-hlslib/maxpool.h:150:13)
INFO: [HLS 200-472] Inferring partial write operation for 'buf.V' (/home/miguel_tfg/FINN-v0.9-Stable/deps/finn-hlslib/maxpool.h:168:27)
INFO: [HLS 200-472] Inferring partial write operation for 'buf.V' (/home/miguel_tfg/FINN-v0.9-Stable/deps/finn-hlslib/maxpool.h:181:25)
INFO: [HLS 200-111] Finished Architecture Synthesis: CPU user time: 0.05 seconds. CPU system time: 0.01 seconds. Elapsed time: 0.06 seconds; current allocated memory: 1.554 GB.
INFO: [HLS 200-10] Starting hardware synthesis ...
INFO: [HLS 200-10] Synthesizing 'StreamingMaxPool_Batch_0' ...
WARNING: [SYN 201-103] Legalizing function name 'StreamingMaxPool_Precision<64u, 2u, 16u, ap_uint<4>, 0, 64>' to 'StreamingMaxPool_Precision_64u_2u_16u_ap_uint_4_0_64_s'.
INFO: [HLS 200-10] ----------------------------------------------------------------
INFO: [HLS 200-42] -- Implementing module 'StreamingMaxPool_Precision_Pipeline_VITIS_LOOP_147_1' 
INFO: [HLS 200-10] ----------------------------------------------------------------
INFO: [SCHED 204-11] Starting scheduling ...
INFO: [SCHED 204-61] Pipelining loop 'VITIS_LOOP_147_1'.
WARNING: [HLS 200-1843] Loop 'VITIS_LOOP_147_1' will not be implemented as Flushable(/Unaligned) Pipeline as it has been scheduled as a sequential circuit (II == depth). Changing pipeline style specification to 'style=stp'.
INFO: [HLS 200-1470] Pipelining result : Target II = NA, Final II = 1, Depth = 1, loop 'VITIS_LOOP_147_1'
INFO: [SCHED 204-11] Finished scheduling.
INFO: [HLS 200-111] Finished Scheduling: CPU user time: 0.03 seconds. CPU system time: 0.01 seconds. Elapsed time: 0.05 seconds; current allocated memory: 1.555 GB.
INFO: [BIND 205-100] Starting micro-architecture generation ...
INFO: [BIND 205-101] Performing variable lifetime analysis.
INFO: [BIND 205-101] Exploring resource sharing.
INFO: [BIND 205-101] Binding ...
INFO: [BIND 205-100] Finished micro-architecture generation.
INFO: [HLS 200-111] Finished Binding: CPU user time: 0.01 seconds. CPU system time: 0 seconds. Elapsed time: 0.01 seconds; current allocated memory: 1.555 GB.
INFO: [HLS 200-10] ----------------------------------------------------------------
INFO: [HLS 200-42] -- Implementing module 'StreamingMaxPool_Precision_Pipeline_VITIS_LOOP_158_6' 
INFO: [HLS 200-10] ----------------------------------------------------------------
INFO: [SCHED 204-11] Starting scheduling ...
INFO: [SCHED 204-61] Pipelining loop 'VITIS_LOOP_158_6'.
WARNING: [HLS 200-1843] Loop 'VITIS_LOOP_158_6' will not be implemented as Flushable(/Unaligned) Pipeline as it has been scheduled as a sequential circuit (II == depth). Changing pipeline style specification to 'style=stp'.
INFO: [HLS 200-1470] Pipelining result : Target II = 1, Final II = 1, Depth = 1, loop 'VITIS_LOOP_158_6'
INFO: [SCHED 204-11] Finished scheduling.
INFO: [HLS 200-111] Finished Scheduling: CPU user time: 0.05 seconds. CPU system time: 0.01 seconds. Elapsed time: 0.05 seconds; current allocated memory: 1.556 GB.
INFO: [BIND 205-100] Starting micro-architecture generation ...
INFO: [BIND 205-101] Performing variable lifetime analysis.
INFO: [BIND 205-101] Exploring resource sharing.
INFO: [BIND 205-101] Binding ...
INFO: [BIND 205-100] Finished micro-architecture generation.
INFO: [HLS 200-111] Finished Binding: CPU user time: 0.03 seconds. CPU system time: 0 seconds. Elapsed time: 0.03 seconds; current allocated memory: 1.556 GB.
INFO: [HLS 200-10] ----------------------------------------------------------------
INFO: [HLS 200-42] -- Implementing module 'StreamingMaxPool_Precision_Pipeline_VITIS_LOOP_174_8' 
INFO: [HLS 200-10] ----------------------------------------------------------------
INFO: [SCHED 204-11] Starting scheduling ...
INFO: [SCHED 204-61] Pipelining loop 'VITIS_LOOP_174_8'.
INFO: [HLS 200-1470] Pipelining result : Target II = NA, Final II = 1, Depth = 2, loop 'VITIS_LOOP_174_8'
INFO: [SCHED 204-11] Finished scheduling.
INFO: [HLS 200-111] Finished Scheduling: CPU user time: 0.08 seconds. CPU system time: 0 seconds. Elapsed time: 0.08 seconds; current allocated memory: 1.556 GB.
INFO: [BIND 205-100] Starting micro-architecture generation ...
INFO: [BIND 205-101] Performing variable lifetime analysis.
INFO: [BIND 205-101] Exploring resource sharing.
INFO: [BIND 205-101] Binding ...
INFO: [BIND 205-100] Finished micro-architecture generation.
INFO: [HLS 200-111] Finished Binding: CPU user time: 0.01 seconds. CPU system time: 0 seconds. Elapsed time: 0.02 seconds; current allocated memory: 1.556 GB.
INFO: [HLS 200-10] ----------------------------------------------------------------
INFO: [HLS 200-42] -- Implementing module 'StreamingMaxPool_Precision_64u_2u_16u_ap_uint_4_0_64_s' 
INFO: [HLS 200-10] ----------------------------------------------------------------
INFO: [SCHED 204-11] Starting scheduling ...
INFO: [SCHED 204-11] Finished scheduling.
INFO: [HLS 200-111] Finished Scheduling: CPU user time: 0.04 seconds. CPU system time: 0 seconds. Elapsed time: 0.03 seconds; current allocated memory: 1.557 GB.
INFO: [BIND 205-100] Starting micro-architecture generation ...
INFO: [BIND 205-101] Performing variable lifetime analysis.
INFO: [BIND 205-101] Exploring resource sharing.
INFO: [BIND 205-101] Binding ...
INFO: [BIND 205-100] Finished micro-architecture generation.
INFO: [HLS 200-111] Finished Binding: CPU user time: 0.05 seconds. CPU system time: 0 seconds. Elapsed time: 0.05 seconds; current allocated memory: 1.557 GB.
INFO: [HLS 200-10] ----------------------------------------------------------------
INFO: [HLS 200-42] -- Implementing module 'StreamingMaxPool_Batch_0' 
INFO: [HLS 200-10] ----------------------------------------------------------------
INFO: [SCHED 204-11] Starting scheduling ...
INFO: [SCHED 204-11] Finished scheduling.
INFO: [HLS 200-111] Finished Scheduling: CPU user time: 0.07 seconds. CPU system time: 0 seconds. Elapsed time: 0.08 seconds; current allocated memory: 1.557 GB.
INFO: [BIND 205-100] Starting micro-architecture generation ...
INFO: [BIND 205-101] Performing variable lifetime analysis.
INFO: [BIND 205-101] Exploring resource sharing.
INFO: [BIND 205-101] Binding ...
INFO: [BIND 205-100] Finished micro-architecture generation.
INFO: [HLS 200-111] Finished Binding: CPU user time: 0.03 seconds. CPU system time: 0 seconds. Elapsed time: 0.03 seconds; current allocated memory: 1.557 GB.
INFO: [HLS 200-10] ----------------------------------------------------------------
INFO: [HLS 200-10] -- Generating RTL for module 'StreamingMaxPool_Precision_Pipeline_VITIS_LOOP_147_1' 
INFO: [HLS 200-10] ----------------------------------------------------------------
INFO: [RTGEN 206-100] Finished creating RTL model for 'StreamingMaxPool_Precision_Pipeline_VITIS_LOOP_147_1'.
INFO: [HLS 200-111] Finished Creating RTL model: CPU user time: 0.07 seconds. CPU system time: 0 seconds. Elapsed time: 0.07 seconds; current allocated memory: 1.557 GB.
INFO: [HLS 200-10] ----------------------------------------------------------------
INFO: [HLS 200-10] -- Generating RTL for module 'StreamingMaxPool_Precision_Pipeline_VITIS_LOOP_158_6' 
INFO: [HLS 200-10] ----------------------------------------------------------------
INFO: [RTGEN 206-100] Finished creating RTL model for 'StreamingMaxPool_Precision_Pipeline_VITIS_LOOP_158_6'.
INFO: [HLS 200-111] Finished Creating RTL model: CPU user time: 0.03 seconds. CPU system time: 0 seconds. Elapsed time: 0.03 seconds; current allocated memory: 1.559 GB.
INFO: [HLS 200-10] ----------------------------------------------------------------
INFO: [HLS 200-10] -- Generating RTL for module 'StreamingMaxPool_Precision_Pipeline_VITIS_LOOP_174_8' 
INFO: [HLS 200-10] ----------------------------------------------------------------
INFO: [RTGEN 206-100] Finished creating RTL model for 'StreamingMaxPool_Precision_Pipeline_VITIS_LOOP_174_8'.
INFO: [HLS 200-111] Finished Creating RTL model: CPU user time: 0.16 seconds. CPU system time: 0.01 seconds. Elapsed time: 0.16 seconds; current allocated memory: 1.562 GB.
INFO: [HLS 200-10] ----------------------------------------------------------------
INFO: [HLS 200-10] -- Generating RTL for module 'StreamingMaxPool_Precision_64u_2u_16u_ap_uint_4_0_64_s' 
INFO: [HLS 200-10] ----------------------------------------------------------------
INFO: [RTGEN 206-100] Finished creating RTL model for 'StreamingMaxPool_Precision_64u_2u_16u_ap_uint_4_0_64_s'.
INFO: [RTMG 210-278] Implementing memory 'StreamingMaxPool_Batch_0_StreamingMaxPool_Precision_64u_2u_16u_ap_uint_4_0_64_s_buf_V_RAM_AUTO_1R1W' using auto RAMs.
INFO: [HLS 200-111] Finished Creating RTL model: CPU user time: 0.04 seconds. CPU system time: 0 seconds. Elapsed time: 0.05 seconds; current allocated memory: 1.565 GB.
INFO: [HLS 200-10] ----------------------------------------------------------------
INFO: [HLS 200-10] -- Generating RTL for module 'StreamingMaxPool_Batch_0' 
INFO: [HLS 200-10] ----------------------------------------------------------------
WARNING: [RTGEN 206-101] Design contains AXI ports. Reset is fixed to synchronous and active low.
INFO: [RTGEN 206-500] Setting interface mode on port 'StreamingMaxPool_Batch_0/in0_V' to 'axis' (register, both mode).
INFO: [RTGEN 206-500] Setting interface mode on port 'StreamingMaxPool_Batch_0/out_V' to 'axis' (register, both mode).
INFO: [RTGEN 206-500] Setting interface mode on function 'StreamingMaxPool_Batch_0' to 'ap_ctrl_none'.
INFO: [RTGEN 206-100] Finished creating RTL model for 'StreamingMaxPool_Batch_0'.
INFO: [HLS 200-111] Finished Creating RTL model: CPU user time: 0.12 seconds. CPU system time: 0.01 seconds. Elapsed time: 0.12 seconds; current allocated memory: 1.567 GB.
INFO: [HLS 200-111] Finished Generating all RTL models: CPU user time: 0.2 seconds. CPU system time: 0 seconds. Elapsed time: 0.21 seconds; current allocated memory: 1.570 GB.
INFO: [HLS 200-111] Finished Updating report files: CPU user time: 0.2 seconds. CPU system time: 0.01 seconds. Elapsed time: 0.21 seconds; current allocated memory: 1.574 GB.
INFO: [VHDL 208-304] Generating VHDL RTL for StreamingMaxPool_Batch_0.
INFO: [VLOG 209-307] Generating Verilog RTL for StreamingMaxPool_Batch_0.
INFO: [HLS 200-790] **** Loop Constraint Status: All loop constraints were satisfied.
INFO: [HLS 200-789] **** Estimated Fmax: 160.36 MHz
INFO: [HLS 200-111] Finished Command csynth_design CPU user time: 6.84 seconds. CPU system time: 0.84 seconds. Elapsed time: 7.67 seconds; current allocated memory: 103.891 MB.
INFO: [HLS 200-1510] Running: export_design -format ip_catalog 
INFO: [IMPL 213-8] Exporting RTL as a Vivado IP.

****** Vivado v2022.2.2 (64-bit)
  **** SW Build 3788238 on Tue Feb 21 19:59:23 MST 2023
  **** IP Build 3783773 on Tue Feb 21 23:41:56 MST 2023
    ** Copyright 1986-2023 Xilinx, Inc. All Rights Reserved.

source run_ippack.tcl -notrace
CRITICAL WARNING: [Board 49-4] Problem parsing board_part file - /tools/Xilinx/Vivado/2022.2/data/boards/board_files/TE0727_10_1C/1.0/board.xml
Resolution: Check that the file is valid using an XML validation tool such as xmllint.
CRITICAL WARNING: [Board 49-4] Problem parsing board_part file - /tools/Xilinx/Vivado/2022.2/data/xhub/boards/XilinxBoardStore/boards/Xilinx/TE0727_10_1C/1.0/board.xml
Resolution: Check that the file is valid using an XML validation tool such as xmllint.
INFO: [IP_Flow 19-234] Refreshing IP repositories
INFO: [IP_Flow 19-1704] No user IP repositories specified
INFO: [IP_Flow 19-2313] Loaded Vivado IP repository '/tools/Xilinx/Vivado/2022.2/data/ip'.
INFO: [Common 17-206] Exiting Vivado at Fri Jun 12 09:17:17 2026...
INFO: [HLS 200-802] Generated output file project_StreamingMaxPool_Batch_0/sol1/impl/export.zip
INFO: [HLS 200-111] Finished Command export_design CPU user time: 7.61 seconds. CPU system time: 0.7 seconds. Elapsed time: 10.63 seconds; current allocated memory: 6.094 MB.
INFO: [HLS 200-112] Total CPU user time: 16.4 seconds. Total CPU system time: 2.08 seconds. Total elapsed time: 30.7 seconds; peak allocated memory: 1.580 GB.
INFO: [Common 17-206] Exiting vitis_hls at Fri Jun 12 09:17:20 2026...
