

================================================================
== Vitis HLS Report for 'MatrixVectorActivation_0'
================================================================
* Date:           Fri Jun 12 09:17:09 2026

* Version:        2022.2.2 (Build 3779808 on Feb 17 2023)
* Project:        project_MatrixVectorActivation_0
* Solution:       sol1 (Vivado IP Flow Target)
* Product family: zynq
* Target device:  xc7z020-clg400-1


================================================================
== Performance Estimates
================================================================
+ Timing: 
    * Summary: 
    +--------+----------+----------+------------+
    |  Clock |  Target  | Estimated| Uncertainty|
    +--------+----------+----------+------------+
    |ap_clk  |  10.00 ns|  7.591 ns|     2.70 ns|
    +--------+----------+----------+------------+

+ Latency: 
    * Summary: 
    +---------+---------+----------+----------+--------+--------+---------+
    |  Latency (cycles) |  Latency (absolute) |     Interval    | Pipeline|
    |   min   |   max   |    min   |    max   |   min  |   max  |   Type  |
    +---------+---------+----------+----------+--------+--------+---------+
    |   589834|   589834|  5.898 ms|  5.898 ms|  589835|  589835|       no|
    +---------+---------+----------+----------+--------+--------+---------+

    + Detail: 
        * Instance: 
        +-----------------------------------------------+-------------------------------------+---------+---------+----------+----------+--------+--------+---------+
        |                                               |                                     |  Latency (cycles) |  Latency (absolute) |     Interval    | Pipeline|
        |                    Instance                   |                Module               |   min   |   max   |    min   |    max   |   min  |   max  |   Type  |
        +-----------------------------------------------+-------------------------------------+---------+---------+----------+----------+--------+--------+---------+
        |grp_Matrix_Vector_Activate_Stream_Batch_fu_60  |Matrix_Vector_Activate_Stream_Batch  |   589831|   589831|  5.898 ms|  5.898 ms|  589831|  589831|       no|
        +-----------------------------------------------+-------------------------------------+---------+---------+----------+----------+--------+--------+---------+

        * Loop: 
        N/A

============================================================
+ Verbose Summary: Synthesis Manager
============================================================
InlineROM: 1
ExposeGlobal: 0
============================================================
+ Verbose Summary: CDFG Model
============================================================
IsTopModel: 1
ResetActiveHigh: 1
IsCombinational: 0
IsDatapathOnly: 0
HasWiredReturn: 1
HasMFsm: 0
HasVarLatency: 1
IsPipeline: 0
IsRtlPipelined: 0
IsInstanceOverlapped: 0
IsDontTouch: 0
HasImplIP: 0
IsGatedGlobalClock: 0


============================================================
+ Verbose Summary: Schedule
============================================================
* Number of FSM states : 4
* Pipeline : 0
* Dataflow Pipeline: 0

* FSM state transitions: 
1 --> 2 
2 --> 3 
3 --> 4 
4 --> 

* FSM state operations: 

State 1 <SV = 0> <Delay = 0.00>

State 2 <SV = 1> <Delay = 1.58>
ST_2 : Operation 5 [2/2] (1.58ns)   --->   "%call_ln38 = call void @Matrix_Vector_Activate_Stream_Batch, i8 %in0_V, i8 %out_V, i8 %weights_V, i6 %p_ZL7threshs_0, i6 %p_ZL7threshs_1, i8 %p_ZL7threshs_2, i5 %p_ZL7threshs_3, i9 %p_ZL7threshs_4, i9 %p_ZL7threshs_5, i8 %p_ZL7threshs_6, i10 %p_ZL7threshs_7, i10 %p_ZL7threshs_8, i10 %p_ZL7threshs_9, i10 %p_ZL7threshs_10, i9 %p_ZL7threshs_11, i9 %p_ZL7threshs_12, i8 %p_ZL7threshs_13, i7 %p_ZL7threshs_14" [/home/miguel_tfg/FINN-v0.9-Stable/notebooks/UAH_example/FINN_build/code_gen_ipgen_MatrixVectorActivation_0_my8k32vl/top_MatrixVectorActivation_0.cpp:38]   --->   Operation 5 'call' 'call_ln38' <Predicate = true> <Delay = 1.58> <CoreType = "Generic">   --->   Core 0 '' <Latency = 0> <II = 1> <Delay = 1.00> <Generic> <Opcode : >

State 3 <SV = 2> <Delay = 3.31>
ST_3 : Operation 6 [1/2] (3.31ns)   --->   "%call_ln38 = call void @Matrix_Vector_Activate_Stream_Batch, i8 %in0_V, i8 %out_V, i8 %weights_V, i6 %p_ZL7threshs_0, i6 %p_ZL7threshs_1, i8 %p_ZL7threshs_2, i5 %p_ZL7threshs_3, i9 %p_ZL7threshs_4, i9 %p_ZL7threshs_5, i8 %p_ZL7threshs_6, i10 %p_ZL7threshs_7, i10 %p_ZL7threshs_8, i10 %p_ZL7threshs_9, i10 %p_ZL7threshs_10, i9 %p_ZL7threshs_11, i9 %p_ZL7threshs_12, i8 %p_ZL7threshs_13, i7 %p_ZL7threshs_14" [/home/miguel_tfg/FINN-v0.9-Stable/notebooks/UAH_example/FINN_build/code_gen_ipgen_MatrixVectorActivation_0_my8k32vl/top_MatrixVectorActivation_0.cpp:38]   --->   Operation 6 'call' 'call_ln38' <Predicate = true> <Delay = 3.31> <CoreType = "Generic">   --->   Core 0 '' <Latency = 0> <II = 1> <Delay = 1.00> <Generic> <Opcode : >

State 4 <SV = 3> <Delay = 0.00>
ST_4 : Operation 7 [1/1] (0.00ns)   --->   "%spectopmodule_ln25 = spectopmodule void @_ssdm_op_SpecTopModule, void @empty_3" [/home/miguel_tfg/FINN-v0.9-Stable/notebooks/UAH_example/FINN_build/code_gen_ipgen_MatrixVectorActivation_0_my8k32vl/top_MatrixVectorActivation_0.cpp:25]   --->   Operation 7 'spectopmodule' 'spectopmodule_ln25' <Predicate = true> <Delay = 0.00>
ST_4 : Operation 8 [1/1] (0.00ns)   --->   "%specinterface_ln25 = specinterface void @_ssdm_op_SpecInterface, i32 0, void @empty_4, i32 0, i32 0, void @empty_2, i32 0, i32 0, void @empty_2, void @empty_2, void @empty_2, i32 0, i32 0, i32 0, i32 0, void @empty_2, void @empty_2, i32 4294967295, i32 0" [/home/miguel_tfg/FINN-v0.9-Stable/notebooks/UAH_example/FINN_build/code_gen_ipgen_MatrixVectorActivation_0_my8k32vl/top_MatrixVectorActivation_0.cpp:25]   --->   Operation 8 'specinterface' 'specinterface_ln25' <Predicate = true> <Delay = 0.00>
ST_4 : Operation 9 [1/1] (0.00ns)   --->   "%specinterface_ln0 = specinterface void @_ssdm_op_SpecInterface, i8 %in0_V, void @empty_0, i32 1, i32 1, void @empty_1, i32 0, i32 0, void @empty_2, void @empty_2, void @empty_2, i32 0, i32 0, i32 0, i32 0, void @empty_2, void @empty_2, i32 4294967295, i32 0"   --->   Operation 9 'specinterface' 'specinterface_ln0' <Predicate = true> <Delay = 0.00>
ST_4 : Operation 10 [1/1] (0.00ns)   --->   "%specbitsmap_ln0 = specbitsmap void @_ssdm_op_SpecBitsMap, i8 %in0_V"   --->   Operation 10 'specbitsmap' 'specbitsmap_ln0' <Predicate = true> <Delay = 0.00>
ST_4 : Operation 11 [1/1] (0.00ns)   --->   "%specinterface_ln0 = specinterface void @_ssdm_op_SpecInterface, i8 %weights_V, void @empty_0, i32 1, i32 1, void @empty_1, i32 0, i32 0, void @empty_2, void @empty_2, void @empty_2, i32 0, i32 0, i32 0, i32 0, void @empty_2, void @empty_2, i32 4294967295, i32 0"   --->   Operation 11 'specinterface' 'specinterface_ln0' <Predicate = true> <Delay = 0.00>
ST_4 : Operation 12 [1/1] (0.00ns)   --->   "%specbitsmap_ln0 = specbitsmap void @_ssdm_op_SpecBitsMap, i8 %weights_V"   --->   Operation 12 'specbitsmap' 'specbitsmap_ln0' <Predicate = true> <Delay = 0.00>
ST_4 : Operation 13 [1/1] (0.00ns)   --->   "%specinterface_ln0 = specinterface void @_ssdm_op_SpecInterface, i8 %out_V, void @empty_0, i32 1, i32 1, void @empty_1, i32 0, i32 0, void @empty_2, void @empty_2, void @empty_2, i32 0, i32 0, i32 0, i32 0, void @empty_2, void @empty_2, i32 4294967295, i32 0"   --->   Operation 13 'specinterface' 'specinterface_ln0' <Predicate = true> <Delay = 0.00>
ST_4 : Operation 14 [1/1] (0.00ns)   --->   "%specbitsmap_ln0 = specbitsmap void @_ssdm_op_SpecBitsMap, i8 %out_V"   --->   Operation 14 'specbitsmap' 'specbitsmap_ln0' <Predicate = true> <Delay = 0.00>
ST_4 : Operation 15 [1/1] (0.00ns)   --->   "%ret_ln40 = ret" [/home/miguel_tfg/FINN-v0.9-Stable/notebooks/UAH_example/FINN_build/code_gen_ipgen_MatrixVectorActivation_0_my8k32vl/top_MatrixVectorActivation_0.cpp:40]   --->   Operation 15 'ret' 'ret_ln40' <Predicate = true> <Delay = 0.00>


============================================================
+ Verbose Summary: Binding
============================================================
STG Binding: 
---------------- STG Properties BEGIN ----------------
- Is combinational: 0
- Is one-state seq: 0
- Is datapath-only: 0
- Is pipelined: 0
- Is top level: 1
Port [ Return ] is wired: 1; IO mode=ap_ctrl_none:ce=0
Port [ in0_V]:  wired=1; compound=1; hidden=0; nouse=0; global=0; static=0; extern=0; dir=0; type=0; pingpong=0; private_global=0; IO mode=axis:ce=0
Port [ weights_V]:  wired=1; compound=1; hidden=0; nouse=0; global=0; static=0; extern=0; dir=0; type=0; pingpong=0; private_global=0; IO mode=axis:ce=0
Port [ out_V]:  wired=1; compound=1; hidden=0; nouse=0; global=0; static=0; extern=0; dir=1; type=0; pingpong=0; private_global=0; IO mode=axis:ce=0
Port [ p_ZL7threshs_0]:  wired=0; compound=1; hidden=1; nouse=1; global=1; static=1; extern=0; dir=0; type=1; pingpong=0; private_global=0; MemPort=[1]; IO mode=ap_memory:ce=0
Port [ p_ZL7threshs_1]:  wired=0; compound=1; hidden=1; nouse=1; global=1; static=1; extern=0; dir=0; type=1; pingpong=0; private_global=0; MemPort=[1]; IO mode=ap_memory:ce=0
Port [ p_ZL7threshs_2]:  wired=0; compound=1; hidden=1; nouse=1; global=1; static=1; extern=0; dir=0; type=1; pingpong=0; private_global=0; MemPort=[1]; IO mode=ap_memory:ce=0
Port [ p_ZL7threshs_3]:  wired=0; compound=1; hidden=1; nouse=1; global=1; static=1; extern=0; dir=0; type=1; pingpong=0; private_global=0; MemPort=[1]; IO mode=ap_memory:ce=0
Port [ p_ZL7threshs_4]:  wired=0; compound=1; hidden=1; nouse=1; global=1; static=1; extern=0; dir=0; type=1; pingpong=0; private_global=0; MemPort=[1]; IO mode=ap_memory:ce=0
Port [ p_ZL7threshs_5]:  wired=0; compound=1; hidden=1; nouse=1; global=1; static=1; extern=0; dir=0; type=1; pingpong=0; private_global=0; MemPort=[1]; IO mode=ap_memory:ce=0
Port [ p_ZL7threshs_6]:  wired=0; compound=1; hidden=1; nouse=1; global=1; static=1; extern=0; dir=0; type=1; pingpong=0; private_global=0; MemPort=[1]; IO mode=ap_memory:ce=0
Port [ p_ZL7threshs_7]:  wired=0; compound=1; hidden=1; nouse=1; global=1; static=1; extern=0; dir=0; type=1; pingpong=0; private_global=0; MemPort=[1]; IO mode=ap_memory:ce=0
Port [ p_ZL7threshs_8]:  wired=0; compound=1; hidden=1; nouse=1; global=1; static=1; extern=0; dir=0; type=1; pingpong=0; private_global=0; MemPort=[1]; IO mode=ap_memory:ce=0
Port [ p_ZL7threshs_9]:  wired=0; compound=1; hidden=1; nouse=1; global=1; static=1; extern=0; dir=0; type=1; pingpong=0; private_global=0; MemPort=[1]; IO mode=ap_memory:ce=0
Port [ p_ZL7threshs_10]:  wired=0; compound=1; hidden=1; nouse=1; global=1; static=1; extern=0; dir=0; type=1; pingpong=0; private_global=0; MemPort=[1]; IO mode=ap_memory:ce=0
Port [ p_ZL7threshs_11]:  wired=0; compound=1; hidden=1; nouse=1; global=1; static=1; extern=0; dir=0; type=1; pingpong=0; private_global=0; MemPort=[1]; IO mode=ap_memory:ce=0
Port [ p_ZL7threshs_12]:  wired=0; compound=1; hidden=1; nouse=1; global=1; static=1; extern=0; dir=0; type=1; pingpong=0; private_global=0; MemPort=[1]; IO mode=ap_memory:ce=0
Port [ p_ZL7threshs_13]:  wired=0; compound=1; hidden=1; nouse=1; global=1; static=1; extern=0; dir=0; type=1; pingpong=0; private_global=0; MemPort=[1]; IO mode=ap_memory:ce=0
Port [ p_ZL7threshs_14]:  wired=0; compound=1; hidden=1; nouse=1; global=1; static=1; extern=0; dir=0; type=1; pingpong=0; private_global=0; MemPort=[1]; IO mode=ap_memory:ce=0
---------------- STG Properties END ------------------

---------------- Datapath Model BEGIN ----------------

<LifeTime>
<method=bitvector/>
call_ln38          (call         ) [ 00000]
spectopmodule_ln25 (spectopmodule) [ 00000]
specinterface_ln25 (specinterface) [ 00000]
specinterface_ln0  (specinterface) [ 00000]
specbitsmap_ln0    (specbitsmap  ) [ 00000]
specinterface_ln0  (specinterface) [ 00000]
specbitsmap_ln0    (specbitsmap  ) [ 00000]
specinterface_ln0  (specinterface) [ 00000]
specbitsmap_ln0    (specbitsmap  ) [ 00000]
ret_ln40           (ret          ) [ 00000]
</LifeTime>

<model>

<comp_list>
<comp id="0" class="1000" name="in0_V">
<pin_list>
<pin id="1" dir="1" index="0" bw="1" slack="0"/>
</pin_list>
<bind>
<StgValue><ssdm name="in0_V"/></StgValue>
</bind>
</comp>

<comp id="2" class="1000" name="weights_V">
<pin_list>
<pin id="3" dir="1" index="0" bw="1" slack="0"/>
</pin_list>
<bind>
<StgValue><ssdm name="weights_V"/></StgValue>
</bind>
</comp>

<comp id="4" class="1000" name="out_V">
<pin_list>
<pin id="5" dir="1" index="0" bw="1" slack="0"/>
</pin_list>
<bind>
<StgValue><ssdm name="out_V"/></StgValue>
</bind>
</comp>

<comp id="6" class="1000" name="p_ZL7threshs_0">
<pin_list>
<pin id="7" dir="1" index="0" bw="1" slack="0"/>
</pin_list>
<bind>
<StgValue><ssdm name="p_ZL7threshs_0"/><MemPortTyVec>1 </MemPortTyVec>
</StgValue>
</bind>
</comp>

<comp id="8" class="1000" name="p_ZL7threshs_1">
<pin_list>
<pin id="9" dir="1" index="0" bw="1" slack="0"/>
</pin_list>
<bind>
<StgValue><ssdm name="p_ZL7threshs_1"/><MemPortTyVec>1 </MemPortTyVec>
</StgValue>
</bind>
</comp>

<comp id="10" class="1000" name="p_ZL7threshs_2">
<pin_list>
<pin id="11" dir="1" index="0" bw="1" slack="0"/>
</pin_list>
<bind>
<StgValue><ssdm name="p_ZL7threshs_2"/><MemPortTyVec>1 </MemPortTyVec>
</StgValue>
</bind>
</comp>

<comp id="12" class="1000" name="p_ZL7threshs_3">
<pin_list>
<pin id="13" dir="1" index="0" bw="1" slack="0"/>
</pin_list>
<bind>
<StgValue><ssdm name="p_ZL7threshs_3"/><MemPortTyVec>1 </MemPortTyVec>
</StgValue>
</bind>
</comp>

<comp id="14" class="1000" name="p_ZL7threshs_4">
<pin_list>
<pin id="15" dir="1" index="0" bw="1" slack="0"/>
</pin_list>
<bind>
<StgValue><ssdm name="p_ZL7threshs_4"/><MemPortTyVec>1 </MemPortTyVec>
</StgValue>
</bind>
</comp>

<comp id="16" class="1000" name="p_ZL7threshs_5">
<pin_list>
<pin id="17" dir="1" index="0" bw="1" slack="0"/>
</pin_list>
<bind>
<StgValue><ssdm name="p_ZL7threshs_5"/><MemPortTyVec>1 </MemPortTyVec>
</StgValue>
</bind>
</comp>

<comp id="18" class="1000" name="p_ZL7threshs_6">
<pin_list>
<pin id="19" dir="1" index="0" bw="1" slack="0"/>
</pin_list>
<bind>
<StgValue><ssdm name="p_ZL7threshs_6"/><MemPortTyVec>1 </MemPortTyVec>
</StgValue>
</bind>
</comp>

<comp id="20" class="1000" name="p_ZL7threshs_7">
<pin_list>
<pin id="21" dir="1" index="0" bw="1" slack="0"/>
</pin_list>
<bind>
<StgValue><ssdm name="p_ZL7threshs_7"/><MemPortTyVec>1 </MemPortTyVec>
</StgValue>
</bind>
</comp>

<comp id="22" class="1000" name="p_ZL7threshs_8">
<pin_list>
<pin id="23" dir="1" index="0" bw="1" slack="0"/>
</pin_list>
<bind>
<StgValue><ssdm name="p_ZL7threshs_8"/><MemPortTyVec>1 </MemPortTyVec>
</StgValue>
</bind>
</comp>

<comp id="24" class="1000" name="p_ZL7threshs_9">
<pin_list>
<pin id="25" dir="1" index="0" bw="1" slack="0"/>
</pin_list>
<bind>
<StgValue><ssdm name="p_ZL7threshs_9"/><MemPortTyVec>1 </MemPortTyVec>
</StgValue>
</bind>
</comp>

<comp id="26" class="1000" name="p_ZL7threshs_10">
<pin_list>
<pin id="27" dir="1" index="0" bw="1" slack="0"/>
</pin_list>
<bind>
<StgValue><ssdm name="p_ZL7threshs_10"/><MemPortTyVec>1 </MemPortTyVec>
</StgValue>
</bind>
</comp>

<comp id="28" class="1000" name="p_ZL7threshs_11">
<pin_list>
<pin id="29" dir="1" index="0" bw="1" slack="0"/>
</pin_list>
<bind>
<StgValue><ssdm name="p_ZL7threshs_11"/><MemPortTyVec>1 </MemPortTyVec>
</StgValue>
</bind>
</comp>

<comp id="30" class="1000" name="p_ZL7threshs_12">
<pin_list>
<pin id="31" dir="1" index="0" bw="1" slack="0"/>
</pin_list>
<bind>
<StgValue><ssdm name="p_ZL7threshs_12"/><MemPortTyVec>1 </MemPortTyVec>
</StgValue>
</bind>
</comp>

<comp id="32" class="1000" name="p_ZL7threshs_13">
<pin_list>
<pin id="33" dir="1" index="0" bw="1" slack="0"/>
</pin_list>
<bind>
<StgValue><ssdm name="p_ZL7threshs_13"/><MemPortTyVec>1 </MemPortTyVec>
</StgValue>
</bind>
</comp>

<comp id="34" class="1000" name="p_ZL7threshs_14">
<pin_list>
<pin id="35" dir="1" index="0" bw="1" slack="0"/>
</pin_list>
<bind>
<StgValue><ssdm name="p_ZL7threshs_14"/><MemPortTyVec>1 </MemPortTyVec>
</StgValue>
</bind>
</comp>

<comp id="36" class="1001" name="const_36">
<pin_list>
<pin id="37" dir="1" index="0" bw="1" slack="0"/>
</pin_list>
<bind>
<StgValue><ssdm name="Matrix_Vector_Activate_Stream_Batch"/></StgValue>
</bind>
</comp>

<comp id="38" class="1001" name="const_38">
<pin_list>
<pin id="39" dir="1" index="0" bw="1" slack="2147483647"/>
</pin_list>
<bind>
<StgValue><ssdm name="_ssdm_op_SpecTopModule"/></StgValue>
</bind>
</comp>

<comp id="40" class="1001" name="const_40">
<pin_list>
<pin id="41" dir="1" index="0" bw="1" slack="2147483647"/>
</pin_list>
<bind>
<StgValue><ssdm name="empty_3"/></StgValue>
</bind>
</comp>

<comp id="42" class="1001" name="const_42">
<pin_list>
<pin id="43" dir="1" index="0" bw="1" slack="2147483647"/>
</pin_list>
<bind>
<StgValue><ssdm name="_ssdm_op_SpecInterface"/></StgValue>
</bind>
</comp>

<comp id="44" class="1001" name="const_44">
<pin_list>
<pin id="45" dir="1" index="0" bw="1" slack="2147483647"/>
</pin_list>
<bind>
<StgValue><ssdm name=""/></StgValue>
</bind>
</comp>

<comp id="46" class="1001" name="const_46">
<pin_list>
<pin id="47" dir="1" index="0" bw="1" slack="2147483647"/>
</pin_list>
<bind>
<StgValue><ssdm name="empty_4"/></StgValue>
</bind>
</comp>

<comp id="48" class="1001" name="const_48">
<pin_list>
<pin id="49" dir="1" index="0" bw="1" slack="2147483647"/>
</pin_list>
<bind>
<StgValue><ssdm name="empty_2"/></StgValue>
</bind>
</comp>

<comp id="50" class="1001" name="const_50">
<pin_list>
<pin id="51" dir="1" index="0" bw="1" slack="2147483647"/>
</pin_list>
<bind>
<StgValue><ssdm name=""/></StgValue>
</bind>
</comp>

<comp id="52" class="1001" name="const_52">
<pin_list>
<pin id="53" dir="1" index="0" bw="1" slack="2147483647"/>
</pin_list>
<bind>
<StgValue><ssdm name="empty_0"/></StgValue>
</bind>
</comp>

<comp id="54" class="1001" name="const_54">
<pin_list>
<pin id="55" dir="1" index="0" bw="1" slack="2147483647"/>
</pin_list>
<bind>
<StgValue><ssdm name=""/></StgValue>
</bind>
</comp>

<comp id="56" class="1001" name="const_56">
<pin_list>
<pin id="57" dir="1" index="0" bw="1" slack="2147483647"/>
</pin_list>
<bind>
<StgValue><ssdm name="empty_1"/></StgValue>
</bind>
</comp>

<comp id="58" class="1001" name="const_58">
<pin_list>
<pin id="59" dir="1" index="0" bw="1" slack="2147483647"/>
</pin_list>
<bind>
<StgValue><ssdm name="_ssdm_op_SpecBitsMap"/></StgValue>
</bind>
</comp>

<comp id="60" class="1004" name="grp_Matrix_Vector_Activate_Stream_Batch_fu_60">
<pin_list>
<pin id="61" dir="0" index="0" bw="0" slack="0"/>
<pin id="62" dir="0" index="1" bw="8" slack="0"/>
<pin id="63" dir="0" index="2" bw="8" slack="0"/>
<pin id="64" dir="0" index="3" bw="8" slack="0"/>
<pin id="65" dir="0" index="4" bw="6" slack="0"/>
<pin id="66" dir="0" index="5" bw="6" slack="0"/>
<pin id="67" dir="0" index="6" bw="8" slack="0"/>
<pin id="68" dir="0" index="7" bw="5" slack="0"/>
<pin id="69" dir="0" index="8" bw="9" slack="0"/>
<pin id="70" dir="0" index="9" bw="9" slack="0"/>
<pin id="71" dir="0" index="10" bw="8" slack="0"/>
<pin id="72" dir="0" index="11" bw="10" slack="0"/>
<pin id="73" dir="0" index="12" bw="10" slack="0"/>
<pin id="74" dir="0" index="13" bw="10" slack="0"/>
<pin id="75" dir="0" index="14" bw="10" slack="0"/>
<pin id="76" dir="0" index="15" bw="9" slack="0"/>
<pin id="77" dir="0" index="16" bw="9" slack="0"/>
<pin id="78" dir="0" index="17" bw="8" slack="0"/>
<pin id="79" dir="0" index="18" bw="7" slack="0"/>
<pin id="80" dir="1" index="19" bw="0" slack="2147483647"/>
</pin_list>
<bind>
<opcode="call(48) " fcode="call"/>
<opset="call_ln38/2 "/>
</bind>
</comp>

</comp_list>

<net_list>
<net id="81"><net_src comp="36" pin="0"/><net_sink comp="60" pin=0"/></net>

<net id="82"><net_src comp="0" pin="0"/><net_sink comp="60" pin=1"/></net>

<net id="83"><net_src comp="4" pin="0"/><net_sink comp="60" pin=2"/></net>

<net id="84"><net_src comp="2" pin="0"/><net_sink comp="60" pin=3"/></net>

<net id="85"><net_src comp="6" pin="0"/><net_sink comp="60" pin=4"/></net>

<net id="86"><net_src comp="8" pin="0"/><net_sink comp="60" pin=5"/></net>

<net id="87"><net_src comp="10" pin="0"/><net_sink comp="60" pin=6"/></net>

<net id="88"><net_src comp="12" pin="0"/><net_sink comp="60" pin=7"/></net>

<net id="89"><net_src comp="14" pin="0"/><net_sink comp="60" pin=8"/></net>

<net id="90"><net_src comp="16" pin="0"/><net_sink comp="60" pin=9"/></net>

<net id="91"><net_src comp="18" pin="0"/><net_sink comp="60" pin=10"/></net>

<net id="92"><net_src comp="20" pin="0"/><net_sink comp="60" pin=11"/></net>

<net id="93"><net_src comp="22" pin="0"/><net_sink comp="60" pin=12"/></net>

<net id="94"><net_src comp="24" pin="0"/><net_sink comp="60" pin=13"/></net>

<net id="95"><net_src comp="26" pin="0"/><net_sink comp="60" pin=14"/></net>

<net id="96"><net_src comp="28" pin="0"/><net_sink comp="60" pin=15"/></net>

<net id="97"><net_src comp="30" pin="0"/><net_sink comp="60" pin=16"/></net>

<net id="98"><net_src comp="32" pin="0"/><net_sink comp="60" pin=17"/></net>

<net id="99"><net_src comp="34" pin="0"/><net_sink comp="60" pin=18"/></net>

</net_list>

</model> 
---------------- Datapath Model END ------------------

* FSMD analyzer results:
  - Output states:
	Port: out_V | {2 3 }
 - Input state : 
	Port: MatrixVectorActivation_0 : in0_V | {2 3 }
	Port: MatrixVectorActivation_0 : weights_V | {2 3 }
	Port: MatrixVectorActivation_0 : p_ZL7threshs_0 | {2 3 }
	Port: MatrixVectorActivation_0 : p_ZL7threshs_1 | {2 3 }
	Port: MatrixVectorActivation_0 : p_ZL7threshs_2 | {2 3 }
	Port: MatrixVectorActivation_0 : p_ZL7threshs_3 | {2 3 }
	Port: MatrixVectorActivation_0 : p_ZL7threshs_4 | {2 3 }
	Port: MatrixVectorActivation_0 : p_ZL7threshs_5 | {2 3 }
	Port: MatrixVectorActivation_0 : p_ZL7threshs_6 | {2 3 }
	Port: MatrixVectorActivation_0 : p_ZL7threshs_7 | {2 3 }
	Port: MatrixVectorActivation_0 : p_ZL7threshs_8 | {2 3 }
	Port: MatrixVectorActivation_0 : p_ZL7threshs_9 | {2 3 }
	Port: MatrixVectorActivation_0 : p_ZL7threshs_10 | {2 3 }
	Port: MatrixVectorActivation_0 : p_ZL7threshs_11 | {2 3 }
	Port: MatrixVectorActivation_0 : p_ZL7threshs_12 | {2 3 }
	Port: MatrixVectorActivation_0 : p_ZL7threshs_13 | {2 3 }
	Port: MatrixVectorActivation_0 : p_ZL7threshs_14 | {2 3 }
  - Chain level:
	State 1
	State 2
	State 3
	State 4


============================================================
+ Verbose Summary: Datapath Resource usage 
============================================================

* Functional unit list:
|----------|-----------------------------------------------|---------|---------|---------|---------|
| Operation|                Functional Unit                |   DSP   |  Delay  |    FF   |   LUT   |
|----------|-----------------------------------------------|---------|---------|---------|---------|
|   call   | grp_Matrix_Vector_Activate_Stream_Batch_fu_60 |    1    | 27.1153 |   360   |   754   |
|----------|-----------------------------------------------|---------|---------|---------|---------|
|   Total  |                                               |    1    | 27.1153 |   360   |   754   |
|----------|-----------------------------------------------|---------|---------|---------|---------|

Memories:
+---------------+--------+--------+--------+
|               |  BRAM  |   FF   |   LUT  |
+---------------+--------+--------+--------+
| p_ZL7threshs_0|    0   |    6   |    2   |
| p_ZL7threshs_1|    0   |    6   |    2   |
|p_ZL7threshs_10|    0   |   10   |    3   |
|p_ZL7threshs_11|    0   |    9   |    3   |
|p_ZL7threshs_12|    0   |    9   |    3   |
|p_ZL7threshs_13|    0   |    8   |    2   |
|p_ZL7threshs_14|    0   |    7   |    2   |
| p_ZL7threshs_2|    0   |    8   |    2   |
| p_ZL7threshs_3|    0   |    5   |    2   |
| p_ZL7threshs_4|    0   |    9   |    3   |
| p_ZL7threshs_5|    0   |    9   |    3   |
| p_ZL7threshs_6|    0   |    8   |    2   |
| p_ZL7threshs_7|    0   |   10   |    3   |
| p_ZL7threshs_8|    0   |   10   |    3   |
| p_ZL7threshs_9|    0   |   10   |    3   |
+---------------+--------+--------+--------+
|     Total     |    0   |   124  |   38   |
+---------------+--------+--------+--------+

* Register list:
N/A

* Multiplexer (MUX) list: 
|--------|------|------|------|--------|
|  Comp  |  Pin | Size |  BW  | S x BW |
|--------|------|------|------|--------|
|  Total |      |      |      |    0   |
|--------|------|------|------|--------|



* Summary:
+-----------+--------+--------+--------+--------+--------+
|           |  BRAM  |   DSP  |  Delay |   FF   |   LUT  |
+-----------+--------+--------+--------+--------+--------+
|  Function |    -   |    1   |   27   |   360  |   754  |
|   Memory  |    0   |    -   |    -   |   124  |   38   |
|Multiplexer|    -   |    -   |    -   |    -   |    -   |
|  Register |    -   |    -   |    -   |    -   |    -   |
+-----------+--------+--------+--------+--------+--------+
|   Total   |    0   |    1   |   27   |   484  |   792  |
+-----------+--------+--------+--------+--------+--------+
