

================================================================
== Vitis HLS Report for 'Matrix_Vector_Activate_Stream_Batch'
================================================================
* Date:           Fri Jun 12 09:17:09 2026

* Version:        2022.2.2 (Build 3779808 on Feb 17 2023)
* Project:        project_MatrixVectorActivation_0
* Solution:       sol1 (Vivado IP Flow Target)
* Product family: zynq
* Target device:  xc7z020-clg400-1


================================================================
== Performance Estimates
================================================================
+ Timing: 
    * Summary: 
    +--------+----------+----------+------------+
    |  Clock |  Target  | Estimated| Uncertainty|
    +--------+----------+----------+------------+
    |ap_clk  |  10.00 ns|  7.591 ns|     2.70 ns|
    +--------+----------+----------+------------+

+ Latency: 
    * Summary: 
    +---------+---------+----------+----------+--------+--------+---------+
    |  Latency (cycles) |  Latency (absolute) |     Interval    | Pipeline|
    |   min   |   max   |    min   |    max   |   min  |   max  |   Type  |
    +---------+---------+----------+----------+--------+--------+---------+
    |   589831|   589831|  5.898 ms|  5.898 ms|  589831|  589831|       no|
    +---------+---------+----------+----------+--------+--------+---------+

    + Detail: 
        * Instance: 
        N/A

        * Loop: 
        +--------------------+---------+---------+----------+-----------+-----------+--------+----------+
        |                    |  Latency (cycles) | Iteration|  Initiation Interval  |  Trip  |          |
        |      Loop Name     |   min   |   max   |  Latency |  achieved |   target  |  Count | Pipelined|
        +--------------------+---------+---------+----------+-----------+-----------+--------+----------+
        |- VITIS_LOOP_249_1  |   589829|   589829|         7|          1|          1|  589824|  yes(flp)|
        +--------------------+---------+---------+----------+-----------+-----------+--------+----------+

============================================================
+ Verbose Summary: Synthesis Manager
============================================================
InlineROM: 1
ExposeGlobal: 0
============================================================
+ Verbose Summary: CDFG Model
============================================================
IsTopModel: 0
ResetActiveHigh: 1
IsCombinational: 0
IsDatapathOnly: 0
HasWiredReturn: 1
HasMFsm: 1
HasVarLatency: 1
IsPipeline: 0
IsRtlPipelined: 0
IsInstanceOverlapped: 0
IsDontTouch: 0
HasImplIP: 0
IsGatedGlobalClock: 0

+ Individual pipeline summary: 
  * Pipeline-0: initiation interval (II) = 1, depth = 7


============================================================
+ Verbose Summary: Schedule
============================================================
* Number of FSM states : 7
* Pipeline : 1
  Pipeline-0 : II = 1, D = 7, States = { 1 2 3 4 5 6 7 }
* Dataflow Pipeline: 0

* FSM state transitions: 
1 --> 2 
2 --> 3 
3 --> 4 
4 --> 5 
5 --> 6 
6 --> 7 
7 --> 

* FSM state operations: 

State 1 <SV = 0> <Delay = 7.59>
ST_1 : Operation 10 [1/1] (0.00ns)   --->   "%sf = alloca i32 1"   --->   Operation 10 'alloca' 'sf' <Predicate = true> <Delay = 0.00>
ST_1 : Operation 11 [1/1] (0.00ns)   --->   "%i = alloca i32 1"   --->   Operation 11 'alloca' 'i' <Predicate = true> <Delay = 0.00>
ST_1 : Operation 12 [1/1] (0.00ns)   --->   "%add_i4_i338 = alloca i32 1"   --->   Operation 12 'alloca' 'add_i4_i338' <Predicate = true> <Delay = 0.00>
ST_1 : Operation 13 [1/1] (0.00ns)   --->   "%inputBuf_V = alloca i32 1"   --->   Operation 13 'alloca' 'inputBuf_V' <Predicate = true> <Delay = 0.00>
ST_1 : Operation 14 [1/1] (0.00ns)   --->   "%inputBuf_V_1 = alloca i32 1"   --->   Operation 14 'alloca' 'inputBuf_V_1' <Predicate = true> <Delay = 0.00>
ST_1 : Operation 15 [1/1] (0.00ns)   --->   "%inputBuf_V_2 = alloca i32 1"   --->   Operation 15 'alloca' 'inputBuf_V_2' <Predicate = true> <Delay = 0.00>
ST_1 : Operation 16 [1/1] (0.00ns)   --->   "%inputBuf_V_3 = alloca i32 1"   --->   Operation 16 'alloca' 'inputBuf_V_3' <Predicate = true> <Delay = 0.00>
ST_1 : Operation 17 [1/1] (0.00ns)   --->   "%inputBuf_V_4 = alloca i32 1"   --->   Operation 17 'alloca' 'inputBuf_V_4' <Predicate = true> <Delay = 0.00>
ST_1 : Operation 18 [1/1] (0.00ns)   --->   "%inputBuf_V_5 = alloca i32 1"   --->   Operation 18 'alloca' 'inputBuf_V_5' <Predicate = true> <Delay = 0.00>
ST_1 : Operation 19 [1/1] (0.00ns)   --->   "%inputBuf_V_6 = alloca i32 1"   --->   Operation 19 'alloca' 'inputBuf_V_6' <Predicate = true> <Delay = 0.00>
ST_1 : Operation 20 [1/1] (0.00ns)   --->   "%inputBuf_V_7 = alloca i32 1"   --->   Operation 20 'alloca' 'inputBuf_V_7' <Predicate = true> <Delay = 0.00>
ST_1 : Operation 21 [1/1] (0.00ns)   --->   "%inputBuf_V_8 = alloca i32 1"   --->   Operation 21 'alloca' 'inputBuf_V_8' <Predicate = true> <Delay = 0.00>
ST_1 : Operation 22 [1/1] (0.00ns)   --->   "%nf_1 = alloca i32 1"   --->   Operation 22 'alloca' 'nf_1' <Predicate = true> <Delay = 0.00>
ST_1 : Operation 23 [1/1] (0.00ns)   --->   "%specinterface_ln0 = specinterface void @_ssdm_op_SpecInterface, i8 %out_V, void @empty_0, i32 0, i32 0, void @empty_1, i32 0, i32 0, void @empty_2, void @empty_2, void @empty_2, i32 0, i32 0, i32 0, i32 0, void @empty_2, void @empty_2, i32 4294967295, i32 0"   --->   Operation 23 'specinterface' 'specinterface_ln0' <Predicate = true> <Delay = 0.00>
ST_1 : Operation 24 [1/1] (0.00ns)   --->   "%specinterface_ln0 = specinterface void @_ssdm_op_SpecInterface, i8 %weights_V, void @empty_0, i32 0, i32 0, void @empty_1, i32 0, i32 0, void @empty_2, void @empty_2, void @empty_2, i32 0, i32 0, i32 0, i32 0, void @empty_2, void @empty_2, i32 4294967295, i32 0"   --->   Operation 24 'specinterface' 'specinterface_ln0' <Predicate = true> <Delay = 0.00>
ST_1 : Operation 25 [1/1] (0.00ns)   --->   "%specinterface_ln0 = specinterface void @_ssdm_op_SpecInterface, i8 %in0_V, void @empty_0, i32 0, i32 0, void @empty_1, i32 0, i32 0, void @empty_2, void @empty_2, void @empty_2, i32 0, i32 0, i32 0, i32 0, void @empty_2, void @empty_2, i32 4294967295, i32 0"   --->   Operation 25 'specinterface' 'specinterface_ln0' <Predicate = true> <Delay = 0.00>
ST_1 : Operation 26 [1/1] (1.58ns)   --->   "%store_ln249 = store i32 0, i32 %nf_1" [/home/miguel_tfg/FINN-v0.9-Stable/deps/finn-hlslib/mvau.hpp:249]   --->   Operation 26 'store' 'store_ln249' <Predicate = true> <Delay = 1.58>
ST_1 : Operation 27 [1/1] (1.58ns)   --->   "%store_ln249 = store i20 0, i20 %i" [/home/miguel_tfg/FINN-v0.9-Stable/deps/finn-hlslib/mvau.hpp:249]   --->   Operation 27 'store' 'store_ln249' <Predicate = true> <Delay = 1.58>
ST_1 : Operation 28 [1/1] (1.58ns)   --->   "%store_ln249 = store i32 0, i32 %sf" [/home/miguel_tfg/FINN-v0.9-Stable/deps/finn-hlslib/mvau.hpp:249]   --->   Operation 28 'store' 'store_ln249' <Predicate = true> <Delay = 1.58>
ST_1 : Operation 29 [1/1] (0.00ns)   --->   "%br_ln249 = br void %for.body" [/home/miguel_tfg/FINN-v0.9-Stable/deps/finn-hlslib/mvau.hpp:249]   --->   Operation 29 'br' 'br_ln249' <Predicate = true> <Delay = 0.00>
ST_1 : Operation 30 [1/1] (0.00ns)   --->   "%sf_1 = load i32 %sf" [/home/miguel_tfg/FINN-v0.9-Stable/deps/finn-hlslib/mvau.hpp:261]   --->   Operation 30 'load' 'sf_1' <Predicate = true> <Delay = 0.00>
ST_1 : Operation 31 [1/1] (0.00ns)   --->   "%i_1 = load i20 %i" [/home/miguel_tfg/FINN-v0.9-Stable/deps/finn-hlslib/mvau.hpp:249]   --->   Operation 31 'load' 'i_1' <Predicate = true> <Delay = 0.00>
ST_1 : Operation 32 [1/1] (0.00ns)   --->   "%nf_2 = load i32 %nf_1" [/home/miguel_tfg/FINN-v0.9-Stable/deps/finn-hlslib/mvau.hpp:302]   --->   Operation 32 'load' 'nf_2' <Predicate = true> <Delay = 0.00>
ST_1 : Operation 33 [1/1] (2.44ns)   --->   "%icmp_ln249 = icmp_eq  i20 %i_1, i20 589824" [/home/miguel_tfg/FINN-v0.9-Stable/deps/finn-hlslib/mvau.hpp:249]   --->   Operation 33 'icmp' 'icmp_ln249' <Predicate = true> <Delay = 2.44> <CoreInst = "Cmp">   --->   Core 9 'Cmp' <Latency = 0> <II = 1> <Delay = 2.44> <FuncUnit> <Opcode : 'icmp'> <InPorts = 2> <OutPorts = 1>
ST_1 : Operation 34 [1/1] (0.00ns)   --->   "%empty = speclooptripcount i32 @_ssdm_op_SpecLoopTripCount, i64 589824, i64 589824, i64 589824"   --->   Operation 34 'speclooptripcount' 'empty' <Predicate = true> <Delay = 0.00>
ST_1 : Operation 35 [1/1] (2.19ns)   --->   "%i_2 = add i20 %i_1, i20 1" [/home/miguel_tfg/FINN-v0.9-Stable/deps/finn-hlslib/mvau.hpp:249]   --->   Operation 35 'add' 'i_2' <Predicate = true> <Delay = 2.19> <CoreInst = "Adder">   --->   Core 1 'Adder' <Latency = 0> <II = 1> <Delay = 2.19> <FuncUnit> <Opcode : 'add' 'sub'> <InPorts = 2> <OutPorts = 1>
ST_1 : Operation 36 [1/1] (0.00ns)   --->   "%br_ln249 = br i1 %icmp_ln249, void %for.body.split, void %for.end92" [/home/miguel_tfg/FINN-v0.9-Stable/deps/finn-hlslib/mvau.hpp:249]   --->   Operation 36 'br' 'br_ln249' <Predicate = true> <Delay = 0.00>
ST_1 : Operation 37 [1/1] (0.00ns)   --->   "%specpipeline_ln250 = specpipeline void @_ssdm_op_SpecPipeline, i32 1, i32 2, i32 0, i32 0, void @empty_2" [/home/miguel_tfg/FINN-v0.9-Stable/deps/finn-hlslib/mvau.hpp:250]   --->   Operation 37 'specpipeline' 'specpipeline_ln250' <Predicate = (!icmp_ln249)> <Delay = 0.00>
ST_1 : Operation 38 [1/1] (0.00ns)   --->   "%specloopname_ln231 = specloopname void @_ssdm_op_SpecLoopName, void @empty_5" [/home/miguel_tfg/FINN-v0.9-Stable/deps/finn-hlslib/mvau.hpp:231]   --->   Operation 38 'specloopname' 'specloopname_ln231' <Predicate = (!icmp_ln249)> <Delay = 0.00>
ST_1 : Operation 39 [1/1] (2.47ns)   --->   "%icmp_ln253 = icmp_eq  i32 %nf_2, i32 0" [/home/miguel_tfg/FINN-v0.9-Stable/deps/finn-hlslib/mvau.hpp:253]   --->   Operation 39 'icmp' 'icmp_ln253' <Predicate = (!icmp_ln249)> <Delay = 2.47> <CoreInst = "Cmp">   --->   Core 9 'Cmp' <Latency = 0> <II = 1> <Delay = 2.47> <FuncUnit> <Opcode : 'icmp'> <InPorts = 2> <OutPorts = 1>
ST_1 : Operation 40 [1/1] (0.00ns)   --->   "%br_ln253 = br i1 %icmp_ln253, void %if.else, void %if.then" [/home/miguel_tfg/FINN-v0.9-Stable/deps/finn-hlslib/mvau.hpp:253]   --->   Operation 40 'br' 'br_ln253' <Predicate = (!icmp_ln249)> <Delay = 0.00>
ST_1 : Operation 41 [1/1] (0.00ns)   --->   "%inputBuf_V_load = load i8 %inputBuf_V" [/home/miguel_tfg/FINN-v0.9-Stable/deps/finn-hlslib/mvau.hpp:261]   --->   Operation 41 'load' 'inputBuf_V_load' <Predicate = (!icmp_ln249 & !icmp_ln253)> <Delay = 0.00>
ST_1 : Operation 42 [1/1] (0.00ns)   --->   "%inputBuf_V_1_load = load i8 %inputBuf_V_1" [/home/miguel_tfg/FINN-v0.9-Stable/deps/finn-hlslib/mvau.hpp:261]   --->   Operation 42 'load' 'inputBuf_V_1_load' <Predicate = (!icmp_ln249 & !icmp_ln253)> <Delay = 0.00>
ST_1 : Operation 43 [1/1] (0.00ns)   --->   "%inputBuf_V_2_load = load i8 %inputBuf_V_2" [/home/miguel_tfg/FINN-v0.9-Stable/deps/finn-hlslib/mvau.hpp:261]   --->   Operation 43 'load' 'inputBuf_V_2_load' <Predicate = (!icmp_ln249 & !icmp_ln253)> <Delay = 0.00>
ST_1 : Operation 44 [1/1] (0.00ns)   --->   "%inputBuf_V_3_load = load i8 %inputBuf_V_3" [/home/miguel_tfg/FINN-v0.9-Stable/deps/finn-hlslib/mvau.hpp:261]   --->   Operation 44 'load' 'inputBuf_V_3_load' <Predicate = (!icmp_ln249 & !icmp_ln253)> <Delay = 0.00>
ST_1 : Operation 45 [1/1] (0.00ns)   --->   "%inputBuf_V_4_load = load i8 %inputBuf_V_4" [/home/miguel_tfg/FINN-v0.9-Stable/deps/finn-hlslib/mvau.hpp:261]   --->   Operation 45 'load' 'inputBuf_V_4_load' <Predicate = (!icmp_ln249 & !icmp_ln253)> <Delay = 0.00>
ST_1 : Operation 46 [1/1] (0.00ns)   --->   "%inputBuf_V_5_load = load i8 %inputBuf_V_5" [/home/miguel_tfg/FINN-v0.9-Stable/deps/finn-hlslib/mvau.hpp:261]   --->   Operation 46 'load' 'inputBuf_V_5_load' <Predicate = (!icmp_ln249 & !icmp_ln253)> <Delay = 0.00>
ST_1 : Operation 47 [1/1] (0.00ns)   --->   "%inputBuf_V_6_load = load i8 %inputBuf_V_6" [/home/miguel_tfg/FINN-v0.9-Stable/deps/finn-hlslib/mvau.hpp:261]   --->   Operation 47 'load' 'inputBuf_V_6_load' <Predicate = (!icmp_ln249 & !icmp_ln253)> <Delay = 0.00>
ST_1 : Operation 48 [1/1] (0.00ns)   --->   "%inputBuf_V_7_load = load i8 %inputBuf_V_7" [/home/miguel_tfg/FINN-v0.9-Stable/deps/finn-hlslib/mvau.hpp:261]   --->   Operation 48 'load' 'inputBuf_V_7_load' <Predicate = (!icmp_ln249 & !icmp_ln253)> <Delay = 0.00>
ST_1 : Operation 49 [1/1] (0.00ns)   --->   "%inputBuf_V_8_load = load i8 %inputBuf_V_8" [/home/miguel_tfg/FINN-v0.9-Stable/deps/finn-hlslib/mvau.hpp:261]   --->   Operation 49 'load' 'inputBuf_V_8_load' <Predicate = (!icmp_ln249 & !icmp_ln253)> <Delay = 0.00>
ST_1 : Operation 50 [1/1] (0.00ns)   --->   "%trunc_ln261 = trunc i32 %sf_1" [/home/miguel_tfg/FINN-v0.9-Stable/deps/finn-hlslib/mvau.hpp:261]   --->   Operation 50 'trunc' 'trunc_ln261' <Predicate = (!icmp_ln249 & !icmp_ln253)> <Delay = 0.00>
ST_1 : Operation 51 [1/1] (2.42ns)   --->   "%tmp = mux i8 @_ssdm_op_Mux.ap_auto.9i8.i4, i8 %inputBuf_V_load, i8 %inputBuf_V_1_load, i8 %inputBuf_V_2_load, i8 %inputBuf_V_3_load, i8 %inputBuf_V_4_load, i8 %inputBuf_V_5_load, i8 %inputBuf_V_6_load, i8 %inputBuf_V_7_load, i8 %inputBuf_V_8_load, i4 %trunc_ln261" [/home/miguel_tfg/FINN-v0.9-Stable/deps/finn-hlslib/mvau.hpp:261]   --->   Operation 51 'mux' 'tmp' <Predicate = (!icmp_ln249 & !icmp_ln253)> <Delay = 2.42> <CoreInst = "Multiplexer">   --->   Core 76 'Multiplexer' <Latency = 0> <II = 1> <Delay = 2.42> <FuncUnit> <Opcode : 'mux'> <InPorts = 2> <OutPorts = 1>
ST_1 : Operation 52 [1/1] (1.58ns)   --->   "%br_ln0 = br void %fpga_resource_hint.for.inc.0"   --->   Operation 52 'br' 'br_ln0' <Predicate = (!icmp_ln249 & !icmp_ln253)> <Delay = 1.58>
ST_1 : Operation 53 [1/1] (0.00ns)   --->   "%inElem = read i8 @_ssdm_op_Read.axis.volatile.i8P128A, i8 %in0_V" [/home/miguel_tfg/FINN-v0.9-Stable/deps/finn-hlslib/mvau.hpp:255]   --->   Operation 53 'read' 'inElem' <Predicate = (!icmp_ln249 & icmp_ln253)> <Delay = 0.00> <CoreInst = "axis">   --->   Core 115 'axis' <Latency = 0> <II = 1> <Delay = 1.00> <Adapter> <Opcode : >
ST_1 : Operation 54 [1/1] (0.00ns)   --->   "%trunc_ln257 = trunc i32 %sf_1" [/home/miguel_tfg/FINN-v0.9-Stable/deps/finn-hlslib/mvau.hpp:257]   --->   Operation 54 'trunc' 'trunc_ln257' <Predicate = (!icmp_ln249 & icmp_ln253)> <Delay = 0.00>
ST_1 : Operation 55 [1/1] (0.95ns)   --->   "%switch_ln257 = switch i4 %trunc_ln257, void %arrayidx.case.8, i4 0, void %arrayidx.case.0, i4 1, void %arrayidx.case.1, i4 2, void %arrayidx.case.2, i4 3, void %arrayidx.case.3, i4 4, void %arrayidx.case.4, i4 5, void %arrayidx.case.5, i4 6, void %arrayidx.case.6, i4 7, void %if.then.fpga_resource_hint.for.inc.0_crit_edge" [/home/miguel_tfg/FINN-v0.9-Stable/deps/finn-hlslib/mvau.hpp:257]   --->   Operation 55 'switch' 'switch_ln257' <Predicate = (!icmp_ln249 & icmp_ln253)> <Delay = 0.95>
ST_1 : Operation 56 [1/1] (0.00ns)   --->   "%store_ln257 = store i8 %inElem, i8 %inputBuf_V_7" [/home/miguel_tfg/FINN-v0.9-Stable/deps/finn-hlslib/mvau.hpp:257]   --->   Operation 56 'store' 'store_ln257' <Predicate = (!icmp_ln249 & icmp_ln253 & trunc_ln257 == 7)> <Delay = 0.00>
ST_1 : Operation 57 [1/1] (1.58ns)   --->   "%br_ln257 = br void %fpga_resource_hint.for.inc.0" [/home/miguel_tfg/FINN-v0.9-Stable/deps/finn-hlslib/mvau.hpp:257]   --->   Operation 57 'br' 'br_ln257' <Predicate = (!icmp_ln249 & icmp_ln253 & trunc_ln257 == 7)> <Delay = 1.58>
ST_1 : Operation 58 [1/1] (0.00ns)   --->   "%store_ln257 = store i8 %inElem, i8 %inputBuf_V_6" [/home/miguel_tfg/FINN-v0.9-Stable/deps/finn-hlslib/mvau.hpp:257]   --->   Operation 58 'store' 'store_ln257' <Predicate = (!icmp_ln249 & icmp_ln253 & trunc_ln257 == 6)> <Delay = 0.00>
ST_1 : Operation 59 [1/1] (1.58ns)   --->   "%br_ln257 = br void %fpga_resource_hint.for.inc.0" [/home/miguel_tfg/FINN-v0.9-Stable/deps/finn-hlslib/mvau.hpp:257]   --->   Operation 59 'br' 'br_ln257' <Predicate = (!icmp_ln249 & icmp_ln253 & trunc_ln257 == 6)> <Delay = 1.58>
ST_1 : Operation 60 [1/1] (0.00ns)   --->   "%store_ln257 = store i8 %inElem, i8 %inputBuf_V_5" [/home/miguel_tfg/FINN-v0.9-Stable/deps/finn-hlslib/mvau.hpp:257]   --->   Operation 60 'store' 'store_ln257' <Predicate = (!icmp_ln249 & icmp_ln253 & trunc_ln257 == 5)> <Delay = 0.00>
ST_1 : Operation 61 [1/1] (1.58ns)   --->   "%br_ln257 = br void %fpga_resource_hint.for.inc.0" [/home/miguel_tfg/FINN-v0.9-Stable/deps/finn-hlslib/mvau.hpp:257]   --->   Operation 61 'br' 'br_ln257' <Predicate = (!icmp_ln249 & icmp_ln253 & trunc_ln257 == 5)> <Delay = 1.58>
ST_1 : Operation 62 [1/1] (0.00ns)   --->   "%store_ln257 = store i8 %inElem, i8 %inputBuf_V_4" [/home/miguel_tfg/FINN-v0.9-Stable/deps/finn-hlslib/mvau.hpp:257]   --->   Operation 62 'store' 'store_ln257' <Predicate = (!icmp_ln249 & icmp_ln253 & trunc_ln257 == 4)> <Delay = 0.00>
ST_1 : Operation 63 [1/1] (1.58ns)   --->   "%br_ln257 = br void %fpga_resource_hint.for.inc.0" [/home/miguel_tfg/FINN-v0.9-Stable/deps/finn-hlslib/mvau.hpp:257]   --->   Operation 63 'br' 'br_ln257' <Predicate = (!icmp_ln249 & icmp_ln253 & trunc_ln257 == 4)> <Delay = 1.58>
ST_1 : Operation 64 [1/1] (0.00ns)   --->   "%store_ln257 = store i8 %inElem, i8 %inputBuf_V_3" [/home/miguel_tfg/FINN-v0.9-Stable/deps/finn-hlslib/mvau.hpp:257]   --->   Operation 64 'store' 'store_ln257' <Predicate = (!icmp_ln249 & icmp_ln253 & trunc_ln257 == 3)> <Delay = 0.00>
ST_1 : Operation 65 [1/1] (1.58ns)   --->   "%br_ln257 = br void %fpga_resource_hint.for.inc.0" [/home/miguel_tfg/FINN-v0.9-Stable/deps/finn-hlslib/mvau.hpp:257]   --->   Operation 65 'br' 'br_ln257' <Predicate = (!icmp_ln249 & icmp_ln253 & trunc_ln257 == 3)> <Delay = 1.58>
ST_1 : Operation 66 [1/1] (0.00ns)   --->   "%store_ln257 = store i8 %inElem, i8 %inputBuf_V_2" [/home/miguel_tfg/FINN-v0.9-Stable/deps/finn-hlslib/mvau.hpp:257]   --->   Operation 66 'store' 'store_ln257' <Predicate = (!icmp_ln249 & icmp_ln253 & trunc_ln257 == 2)> <Delay = 0.00>
ST_1 : Operation 67 [1/1] (1.58ns)   --->   "%br_ln257 = br void %fpga_resource_hint.for.inc.0" [/home/miguel_tfg/FINN-v0.9-Stable/deps/finn-hlslib/mvau.hpp:257]   --->   Operation 67 'br' 'br_ln257' <Predicate = (!icmp_ln249 & icmp_ln253 & trunc_ln257 == 2)> <Delay = 1.58>
ST_1 : Operation 68 [1/1] (0.00ns)   --->   "%store_ln257 = store i8 %inElem, i8 %inputBuf_V_1" [/home/miguel_tfg/FINN-v0.9-Stable/deps/finn-hlslib/mvau.hpp:257]   --->   Operation 68 'store' 'store_ln257' <Predicate = (!icmp_ln249 & icmp_ln253 & trunc_ln257 == 1)> <Delay = 0.00>
ST_1 : Operation 69 [1/1] (1.58ns)   --->   "%br_ln257 = br void %fpga_resource_hint.for.inc.0" [/home/miguel_tfg/FINN-v0.9-Stable/deps/finn-hlslib/mvau.hpp:257]   --->   Operation 69 'br' 'br_ln257' <Predicate = (!icmp_ln249 & icmp_ln253 & trunc_ln257 == 1)> <Delay = 1.58>
ST_1 : Operation 70 [1/1] (0.00ns)   --->   "%store_ln257 = store i8 %inElem, i8 %inputBuf_V" [/home/miguel_tfg/FINN-v0.9-Stable/deps/finn-hlslib/mvau.hpp:257]   --->   Operation 70 'store' 'store_ln257' <Predicate = (!icmp_ln249 & icmp_ln253 & trunc_ln257 == 0)> <Delay = 0.00>
ST_1 : Operation 71 [1/1] (1.58ns)   --->   "%br_ln257 = br void %fpga_resource_hint.for.inc.0" [/home/miguel_tfg/FINN-v0.9-Stable/deps/finn-hlslib/mvau.hpp:257]   --->   Operation 71 'br' 'br_ln257' <Predicate = (!icmp_ln249 & icmp_ln253 & trunc_ln257 == 0)> <Delay = 1.58>
ST_1 : Operation 72 [1/1] (0.00ns)   --->   "%store_ln257 = store i8 %inElem, i8 %inputBuf_V_8" [/home/miguel_tfg/FINN-v0.9-Stable/deps/finn-hlslib/mvau.hpp:257]   --->   Operation 72 'store' 'store_ln257' <Predicate = (!icmp_ln249 & icmp_ln253 & trunc_ln257 != 0 & trunc_ln257 != 1 & trunc_ln257 != 2 & trunc_ln257 != 3 & trunc_ln257 != 4 & trunc_ln257 != 5 & trunc_ln257 != 6 & trunc_ln257 != 7)> <Delay = 0.00>
ST_1 : Operation 73 [1/1] (1.58ns)   --->   "%br_ln257 = br void %fpga_resource_hint.for.inc.0" [/home/miguel_tfg/FINN-v0.9-Stable/deps/finn-hlslib/mvau.hpp:257]   --->   Operation 73 'br' 'br_ln257' <Predicate = (!icmp_ln249 & icmp_ln253 & trunc_ln257 != 0 & trunc_ln257 != 1 & trunc_ln257 != 2 & trunc_ln257 != 3 & trunc_ln257 != 4 & trunc_ln257 != 5 & trunc_ln257 != 6 & trunc_ln257 != 7)> <Delay = 1.58>
ST_1 : Operation 74 [1/1] (0.00ns)   --->   "%weights_V_read = read i8 @_ssdm_op_Read.axis.volatile.i8P128A, i8 %weights_V" [/home/miguel_tfg/FINN-v0.9-Stable/deps/finn-hlslib/mvau.hpp:265]   --->   Operation 74 'read' 'weights_V_read' <Predicate = (!icmp_ln249)> <Delay = 0.00> <CoreInst = "axis">   --->   Core 115 'axis' <Latency = 0> <II = 1> <Delay = 1.00> <Adapter> <Opcode : >
ST_1 : Operation 75 [1/1] (0.00ns)   --->   "%W_packed_V = trunc i8 %weights_V_read" [/home/miguel_tfg/FINN-v0.9-Stable/deps/finn-hlslib/mvau.hpp:265]   --->   Operation 75 'trunc' 'W_packed_V' <Predicate = (!icmp_ln249)> <Delay = 0.00>
ST_1 : Operation 76 [1/1] (2.47ns)   --->   "%icmp_ln272 = icmp_eq  i32 %sf_1, i32 0" [/home/miguel_tfg/FINN-v0.9-Stable/deps/finn-hlslib/mvau.hpp:272]   --->   Operation 76 'icmp' 'icmp_ln272' <Predicate = (!icmp_ln249)> <Delay = 2.47> <CoreInst = "Cmp">   --->   Core 9 'Cmp' <Latency = 0> <II = 1> <Delay = 2.47> <FuncUnit> <Opcode : 'icmp'> <InPorts = 2> <OutPorts = 1>
ST_1 : Operation 77 [1/1] (2.55ns)   --->   "%sf_2 = add i32 %sf_1, i32 1" [/home/miguel_tfg/FINN-v0.9-Stable/deps/finn-hlslib/mvau.hpp:290]   --->   Operation 77 'add' 'sf_2' <Predicate = (!icmp_ln249)> <Delay = 2.55> <CoreInst = "Adder">   --->   Core 1 'Adder' <Latency = 0> <II = 1> <Delay = 2.55> <FuncUnit> <Opcode : 'add' 'sub'> <InPorts = 2> <OutPorts = 1>
ST_1 : Operation 78 [1/1] (2.47ns)   --->   "%icmp_ln290 = icmp_eq  i32 %sf_2, i32 9" [/home/miguel_tfg/FINN-v0.9-Stable/deps/finn-hlslib/mvau.hpp:290]   --->   Operation 78 'icmp' 'icmp_ln290' <Predicate = (!icmp_ln249)> <Delay = 2.47> <CoreInst = "Cmp">   --->   Core 9 'Cmp' <Latency = 0> <II = 1> <Delay = 2.47> <FuncUnit> <Opcode : 'icmp'> <InPorts = 2> <OutPorts = 1>
ST_1 : Operation 79 [1/1] (0.00ns)   --->   "%br_ln290 = br i1 %icmp_ln290, void %fpga_resource_hint.for.inc.0.for.inc90_crit_edge, void %for.body.i" [/home/miguel_tfg/FINN-v0.9-Stable/deps/finn-hlslib/mvau.hpp:290]   --->   Operation 79 'br' 'br_ln290' <Predicate = (!icmp_ln249)> <Delay = 0.00>
ST_1 : Operation 80 [1/1] (1.58ns)   --->   "%store_ln290 = store i32 %sf_2, i32 %sf" [/home/miguel_tfg/FINN-v0.9-Stable/deps/finn-hlslib/mvau.hpp:290]   --->   Operation 80 'store' 'store_ln290' <Predicate = (!icmp_ln249 & !icmp_ln290)> <Delay = 1.58>
ST_1 : Operation 81 [1/1] (0.00ns)   --->   "%br_ln290 = br void %for.inc90" [/home/miguel_tfg/FINN-v0.9-Stable/deps/finn-hlslib/mvau.hpp:290]   --->   Operation 81 'br' 'br_ln290' <Predicate = (!icmp_ln249 & !icmp_ln290)> <Delay = 0.00>
ST_1 : Operation 82 [1/1] (2.55ns)   --->   "%nf = add i32 %nf_2, i32 1" [/home/miguel_tfg/FINN-v0.9-Stable/deps/finn-hlslib/mvau.hpp:302]   --->   Operation 82 'add' 'nf' <Predicate = (!icmp_ln249 & icmp_ln290)> <Delay = 2.55> <CoreInst = "Adder">   --->   Core 1 'Adder' <Latency = 0> <II = 1> <Delay = 2.55> <FuncUnit> <Opcode : 'add' 'sub'> <InPorts = 2> <OutPorts = 1>
ST_1 : Operation 83 [1/1] (2.47ns)   --->   "%icmp_ln302 = icmp_eq  i32 %nf, i32 16" [/home/miguel_tfg/FINN-v0.9-Stable/deps/finn-hlslib/mvau.hpp:302]   --->   Operation 83 'icmp' 'icmp_ln302' <Predicate = (!icmp_ln249 & icmp_ln290)> <Delay = 2.47> <CoreInst = "Cmp">   --->   Core 9 'Cmp' <Latency = 0> <II = 1> <Delay = 2.47> <FuncUnit> <Opcode : 'icmp'> <InPorts = 2> <OutPorts = 1>
ST_1 : Operation 84 [1/1] (0.69ns)   --->   "%nf_3 = select i1 %icmp_ln302, i32 0, i32 %nf" [/home/miguel_tfg/FINN-v0.9-Stable/deps/finn-hlslib/mvau.hpp:302]   --->   Operation 84 'select' 'nf_3' <Predicate = (!icmp_ln249 & icmp_ln290)> <Delay = 0.69> <CoreInst = "Sel">   --->   Core 73 'Sel' <Latency = 0> <II = 1> <Delay = 0.69> <FuncUnit> <Opcode : 'select'> <InPorts = 3> <OutPorts = 1>
ST_1 : Operation 85 [1/1] (1.58ns)   --->   "%store_ln306 = store i32 %nf_3, i32 %nf_1" [/home/miguel_tfg/FINN-v0.9-Stable/deps/finn-hlslib/mvau.hpp:306]   --->   Operation 85 'store' 'store_ln306' <Predicate = (!icmp_ln249 & icmp_ln290)> <Delay = 1.58>
ST_1 : Operation 86 [1/1] (1.58ns)   --->   "%store_ln306 = store i32 0, i32 %sf" [/home/miguel_tfg/FINN-v0.9-Stable/deps/finn-hlslib/mvau.hpp:306]   --->   Operation 86 'store' 'store_ln306' <Predicate = (!icmp_ln249 & icmp_ln290)> <Delay = 1.58>
ST_1 : Operation 87 [1/1] (1.58ns)   --->   "%store_ln249 = store i20 %i_2, i20 %i" [/home/miguel_tfg/FINN-v0.9-Stable/deps/finn-hlslib/mvau.hpp:249]   --->   Operation 87 'store' 'store_ln249' <Predicate = (!icmp_ln249)> <Delay = 1.58>

State 2 <SV = 1> <Delay = 1.05>
ST_2 : Operation 88 [1/1] (0.00ns)   --->   "%inElem_1 = phi i8 %tmp, void %if.else, i8 %inElem, void %arrayidx.case.6, i8 %inElem, void %arrayidx.case.5, i8 %inElem, void %arrayidx.case.4, i8 %inElem, void %arrayidx.case.3, i8 %inElem, void %arrayidx.case.2, i8 %inElem, void %arrayidx.case.1, i8 %inElem, void %arrayidx.case.0, i8 %inElem, void %if.then.fpga_resource_hint.for.inc.0_crit_edge, i8 %inElem, void %arrayidx.case.8"   --->   Operation 88 'phi' 'inElem_1' <Predicate = (!icmp_ln249)> <Delay = 0.00>
ST_2 : Operation 89 [1/1] (0.00ns)   --->   "%sext_ln1494 = sext i4 %W_packed_V"   --->   Operation 89 'sext' 'sext_ln1494' <Predicate = (!icmp_ln249)> <Delay = 0.00>
ST_2 : Operation 90 [1/1] (0.00ns)   --->   "%sext_ln1494_1 = sext i8 %inElem_1"   --->   Operation 90 'sext' 'sext_ln1494_1' <Predicate = (!icmp_ln249)> <Delay = 0.00>
ST_2 : Operation 91 [3/3] (1.05ns) (grouped into DSP with root node add_ln840)   --->   "%ret_V = mul i12 %sext_ln1494_1, i12 %sext_ln1494"   --->   Operation 91 'mul' 'ret_V' <Predicate = (!icmp_ln249)> <Delay = 1.05> <CoreInst = "DSP48">   --->   Core 119 'DSP48' <Latency = 3> <II = 1> <Delay = 2.15> <IPBlock> <Opcode : 'mul' 'add' 'sub' 'select'> <InPorts = 0> <OutPorts = 1> <Sync> <CReg>

State 3 <SV = 2> <Delay = 1.05>
ST_3 : Operation 92 [2/3] (1.05ns) (grouped into DSP with root node add_ln840)   --->   "%ret_V = mul i12 %sext_ln1494_1, i12 %sext_ln1494"   --->   Operation 92 'mul' 'ret_V' <Predicate = (!icmp_ln249)> <Delay = 1.05> <CoreInst = "DSP48">   --->   Core 119 'DSP48' <Latency = 3> <II = 1> <Delay = 2.15> <IPBlock> <Opcode : 'mul' 'add' 'sub' 'select'> <InPorts = 0> <OutPorts = 1> <Sync> <CReg>

State 4 <SV = 3> <Delay = 2.80>
ST_4 : Operation 93 [1/1] (0.00ns)   --->   "%add_i4_i338_load = load i14 %add_i4_i338" [/home/miguel_tfg/FINN-v0.9-Stable/deps/finn-hlslib/mvau.hpp:272]   --->   Operation 93 'load' 'add_i4_i338_load' <Predicate = (!icmp_ln249 & !icmp_ln272)> <Delay = 0.00>
ST_4 : Operation 94 [1/1] (0.70ns)   --->   "%select_ln272 = select i1 %icmp_ln272, i14 0, i14 %add_i4_i338_load" [/home/miguel_tfg/FINN-v0.9-Stable/deps/finn-hlslib/mvau.hpp:272]   --->   Operation 94 'select' 'select_ln272' <Predicate = (!icmp_ln249)> <Delay = 0.70> <CoreInst = "Sel">   --->   Core 73 'Sel' <Latency = 0> <II = 1> <Delay = 0.70> <FuncUnit> <Opcode : 'select'> <InPorts = 3> <OutPorts = 1>
ST_4 : Operation 95 [1/3] (0.00ns) (grouped into DSP with root node add_ln840)   --->   "%ret_V = mul i12 %sext_ln1494_1, i12 %sext_ln1494"   --->   Operation 95 'mul' 'ret_V' <Predicate = (!icmp_ln249)> <Delay = 0.00> <CoreInst = "DSP48">   --->   Core 119 'DSP48' <Latency = 3> <II = 1> <Delay = 2.15> <IPBlock> <Opcode : 'mul' 'add' 'sub' 'select'> <InPorts = 0> <OutPorts = 1> <Sync> <CReg>
ST_4 : Operation 96 [1/1] (0.00ns)   --->   "%specfucore_ln142 = specfucore void @_ssdm_op_SpecFUCore, i12 %ret_V, i64 12, i64 3, i64 18446744073709551615" [/home/miguel_tfg/FINN-v0.9-Stable/deps/finn-hlslib/mac.hpp:142]   --->   Operation 96 'specfucore' 'specfucore_ln142' <Predicate = (!icmp_ln249)> <Delay = 0.00>
ST_4 : Operation 97 [1/1] (0.00ns) (grouped into DSP with root node add_ln840)   --->   "%sext_ln840 = sext i12 %ret_V"   --->   Operation 97 'sext' 'sext_ln840' <Predicate = (!icmp_ln249)> <Delay = 0.00>
ST_4 : Operation 98 [2/2] (2.10ns) (root node of the DSP)   --->   "%add_ln840 = add i14 %select_ln272, i14 %sext_ln840"   --->   Operation 98 'add' 'add_ln840' <Predicate = (!icmp_ln249)> <Delay = 2.10> <CoreInst = "DSP48">   --->   Core 119 'DSP48' <Latency = 3> <II = 1> <Delay = 2.15> <IPBlock> <Opcode : 'mul' 'add' 'sub' 'select'> <InPorts = 0> <OutPorts = 1> <Sync> <CReg>
ST_4 : Operation 99 [1/1] (0.00ns)   --->   "%idxprom2_i = zext i32 %nf_2" [/home/miguel_tfg/FINN-v0.9-Stable/deps/finn-hlslib/mvau.hpp:302]   --->   Operation 99 'zext' 'idxprom2_i' <Predicate = (!icmp_ln249 & icmp_ln290)> <Delay = 0.00>
ST_4 : Operation 100 [1/1] (0.00ns)   --->   "%p_ZL7threshs_0_addr = getelementptr i6 %p_ZL7threshs_0, i64 0, i64 %idxprom2_i" [/home/miguel_tfg/FINN-v0.9-Stable/deps/finn-hlslib/activations.hpp:218]   --->   Operation 100 'getelementptr' 'p_ZL7threshs_0_addr' <Predicate = (!icmp_ln249 & icmp_ln290)> <Delay = 0.00>
ST_4 : Operation 101 [2/2] (2.32ns)   --->   "%p_ZL7threshs_0_load = load i4 %p_ZL7threshs_0_addr"   --->   Operation 101 'load' 'p_ZL7threshs_0_load' <Predicate = (!icmp_ln249 & icmp_ln290)> <Delay = 2.32> <CoreInst = "ROM">   --->   Core 95 'ROM' <Latency = 1> <II = 1> <Delay = 2.32> <Storage> <Opcode : 'load'> <Ports = 0> <Width = 6> <Depth = 16> <ROM>
ST_4 : Operation 102 [1/1] (0.00ns)   --->   "%p_ZL7threshs_1_addr = getelementptr i6 %p_ZL7threshs_1, i64 0, i64 %idxprom2_i" [/home/miguel_tfg/FINN-v0.9-Stable/deps/finn-hlslib/activations.hpp:218]   --->   Operation 102 'getelementptr' 'p_ZL7threshs_1_addr' <Predicate = (!icmp_ln249 & icmp_ln290)> <Delay = 0.00>
ST_4 : Operation 103 [2/2] (2.32ns)   --->   "%p_ZL7threshs_1_load = load i4 %p_ZL7threshs_1_addr"   --->   Operation 103 'load' 'p_ZL7threshs_1_load' <Predicate = (!icmp_ln249 & icmp_ln290)> <Delay = 2.32> <CoreInst = "ROM">   --->   Core 95 'ROM' <Latency = 1> <II = 1> <Delay = 2.32> <Storage> <Opcode : 'load'> <Ports = 0> <Width = 6> <Depth = 16> <ROM>
ST_4 : Operation 104 [1/1] (0.00ns)   --->   "%p_ZL7threshs_2_addr = getelementptr i8 %p_ZL7threshs_2, i64 0, i64 %idxprom2_i" [/home/miguel_tfg/FINN-v0.9-Stable/deps/finn-hlslib/activations.hpp:218]   --->   Operation 104 'getelementptr' 'p_ZL7threshs_2_addr' <Predicate = (!icmp_ln249 & icmp_ln290)> <Delay = 0.00>
ST_4 : Operation 105 [2/2] (2.32ns)   --->   "%p_ZL7threshs_2_load = load i4 %p_ZL7threshs_2_addr"   --->   Operation 105 'load' 'p_ZL7threshs_2_load' <Predicate = (!icmp_ln249 & icmp_ln290)> <Delay = 2.32> <CoreInst = "ROM">   --->   Core 95 'ROM' <Latency = 1> <II = 1> <Delay = 2.32> <Storage> <Opcode : 'load'> <Ports = 0> <Width = 8> <Depth = 16> <ROM>
ST_4 : Operation 106 [1/1] (0.00ns)   --->   "%p_ZL7threshs_3_addr = getelementptr i5 %p_ZL7threshs_3, i64 0, i64 %idxprom2_i" [/home/miguel_tfg/FINN-v0.9-Stable/deps/finn-hlslib/activations.hpp:218]   --->   Operation 106 'getelementptr' 'p_ZL7threshs_3_addr' <Predicate = (!icmp_ln249 & icmp_ln290)> <Delay = 0.00>
ST_4 : Operation 107 [2/2] (2.32ns)   --->   "%p_ZL7threshs_3_load = load i4 %p_ZL7threshs_3_addr"   --->   Operation 107 'load' 'p_ZL7threshs_3_load' <Predicate = (!icmp_ln249 & icmp_ln290)> <Delay = 2.32> <CoreInst = "ROM">   --->   Core 95 'ROM' <Latency = 1> <II = 1> <Delay = 2.32> <Storage> <Opcode : 'load'> <Ports = 0> <Width = 5> <Depth = 16> <ROM>
ST_4 : Operation 108 [1/1] (0.00ns)   --->   "%p_ZL7threshs_4_addr = getelementptr i9 %p_ZL7threshs_4, i64 0, i64 %idxprom2_i" [/home/miguel_tfg/FINN-v0.9-Stable/deps/finn-hlslib/activations.hpp:218]   --->   Operation 108 'getelementptr' 'p_ZL7threshs_4_addr' <Predicate = (!icmp_ln249 & icmp_ln290)> <Delay = 0.00>
ST_4 : Operation 109 [2/2] (2.32ns)   --->   "%p_ZL7threshs_4_load = load i4 %p_ZL7threshs_4_addr"   --->   Operation 109 'load' 'p_ZL7threshs_4_load' <Predicate = (!icmp_ln249 & icmp_ln290)> <Delay = 2.32> <CoreInst = "ROM">   --->   Core 95 'ROM' <Latency = 1> <II = 1> <Delay = 2.32> <Storage> <Opcode : 'load'> <Ports = 0> <Width = 9> <Depth = 16> <ROM>
ST_4 : Operation 110 [1/1] (0.00ns)   --->   "%p_ZL7threshs_5_addr = getelementptr i9 %p_ZL7threshs_5, i64 0, i64 %idxprom2_i" [/home/miguel_tfg/FINN-v0.9-Stable/deps/finn-hlslib/activations.hpp:218]   --->   Operation 110 'getelementptr' 'p_ZL7threshs_5_addr' <Predicate = (!icmp_ln249 & icmp_ln290)> <Delay = 0.00>
ST_4 : Operation 111 [2/2] (2.32ns)   --->   "%p_ZL7threshs_5_load = load i4 %p_ZL7threshs_5_addr"   --->   Operation 111 'load' 'p_ZL7threshs_5_load' <Predicate = (!icmp_ln249 & icmp_ln290)> <Delay = 2.32> <CoreInst = "ROM">   --->   Core 95 'ROM' <Latency = 1> <II = 1> <Delay = 2.32> <Storage> <Opcode : 'load'> <Ports = 0> <Width = 9> <Depth = 16> <ROM>
ST_4 : Operation 112 [1/1] (0.00ns)   --->   "%p_ZL7threshs_6_addr = getelementptr i8 %p_ZL7threshs_6, i64 0, i64 %idxprom2_i" [/home/miguel_tfg/FINN-v0.9-Stable/deps/finn-hlslib/activations.hpp:218]   --->   Operation 112 'getelementptr' 'p_ZL7threshs_6_addr' <Predicate = (!icmp_ln249 & icmp_ln290)> <Delay = 0.00>
ST_4 : Operation 113 [2/2] (2.32ns)   --->   "%p_ZL7threshs_6_load = load i4 %p_ZL7threshs_6_addr"   --->   Operation 113 'load' 'p_ZL7threshs_6_load' <Predicate = (!icmp_ln249 & icmp_ln290)> <Delay = 2.32> <CoreInst = "ROM">   --->   Core 95 'ROM' <Latency = 1> <II = 1> <Delay = 2.32> <Storage> <Opcode : 'load'> <Ports = 0> <Width = 8> <Depth = 16> <ROM>
ST_4 : Operation 114 [1/1] (0.00ns)   --->   "%p_ZL7threshs_7_addr = getelementptr i10 %p_ZL7threshs_7, i64 0, i64 %idxprom2_i" [/home/miguel_tfg/FINN-v0.9-Stable/deps/finn-hlslib/activations.hpp:218]   --->   Operation 114 'getelementptr' 'p_ZL7threshs_7_addr' <Predicate = (!icmp_ln249 & icmp_ln290)> <Delay = 0.00>
ST_4 : Operation 115 [2/2] (2.32ns)   --->   "%p_ZL7threshs_7_load = load i4 %p_ZL7threshs_7_addr"   --->   Operation 115 'load' 'p_ZL7threshs_7_load' <Predicate = (!icmp_ln249 & icmp_ln290)> <Delay = 2.32> <CoreInst = "ROM">   --->   Core 95 'ROM' <Latency = 1> <II = 1> <Delay = 2.32> <Storage> <Opcode : 'load'> <Ports = 0> <Width = 10> <Depth = 16> <ROM>
ST_4 : Operation 116 [1/1] (0.00ns)   --->   "%p_ZL7threshs_8_addr = getelementptr i10 %p_ZL7threshs_8, i64 0, i64 %idxprom2_i" [/home/miguel_tfg/FINN-v0.9-Stable/deps/finn-hlslib/activations.hpp:218]   --->   Operation 116 'getelementptr' 'p_ZL7threshs_8_addr' <Predicate = (!icmp_ln249 & icmp_ln290)> <Delay = 0.00>
ST_4 : Operation 117 [2/2] (2.32ns)   --->   "%p_ZL7threshs_8_load = load i4 %p_ZL7threshs_8_addr"   --->   Operation 117 'load' 'p_ZL7threshs_8_load' <Predicate = (!icmp_ln249 & icmp_ln290)> <Delay = 2.32> <CoreInst = "ROM">   --->   Core 95 'ROM' <Latency = 1> <II = 1> <Delay = 2.32> <Storage> <Opcode : 'load'> <Ports = 0> <Width = 10> <Depth = 16> <ROM>
ST_4 : Operation 118 [1/1] (0.00ns)   --->   "%p_ZL7threshs_9_addr = getelementptr i10 %p_ZL7threshs_9, i64 0, i64 %idxprom2_i" [/home/miguel_tfg/FINN-v0.9-Stable/deps/finn-hlslib/activations.hpp:218]   --->   Operation 118 'getelementptr' 'p_ZL7threshs_9_addr' <Predicate = (!icmp_ln249 & icmp_ln290)> <Delay = 0.00>
ST_4 : Operation 119 [2/2] (2.32ns)   --->   "%p_ZL7threshs_9_load = load i4 %p_ZL7threshs_9_addr"   --->   Operation 119 'load' 'p_ZL7threshs_9_load' <Predicate = (!icmp_ln249 & icmp_ln290)> <Delay = 2.32> <CoreInst = "ROM">   --->   Core 95 'ROM' <Latency = 1> <II = 1> <Delay = 2.32> <Storage> <Opcode : 'load'> <Ports = 0> <Width = 10> <Depth = 16> <ROM>
ST_4 : Operation 120 [1/1] (0.00ns)   --->   "%p_ZL7threshs_10_addr = getelementptr i10 %p_ZL7threshs_10, i64 0, i64 %idxprom2_i" [/home/miguel_tfg/FINN-v0.9-Stable/deps/finn-hlslib/activations.hpp:218]   --->   Operation 120 'getelementptr' 'p_ZL7threshs_10_addr' <Predicate = (!icmp_ln249 & icmp_ln290)> <Delay = 0.00>
ST_4 : Operation 121 [2/2] (2.32ns)   --->   "%p_ZL7threshs_10_load = load i4 %p_ZL7threshs_10_addr"   --->   Operation 121 'load' 'p_ZL7threshs_10_load' <Predicate = (!icmp_ln249 & icmp_ln290)> <Delay = 2.32> <CoreInst = "ROM">   --->   Core 95 'ROM' <Latency = 1> <II = 1> <Delay = 2.32> <Storage> <Opcode : 'load'> <Ports = 0> <Width = 10> <Depth = 16> <ROM>
ST_4 : Operation 122 [1/1] (0.00ns)   --->   "%p_ZL7threshs_11_addr = getelementptr i9 %p_ZL7threshs_11, i64 0, i64 %idxprom2_i" [/home/miguel_tfg/FINN-v0.9-Stable/deps/finn-hlslib/activations.hpp:218]   --->   Operation 122 'getelementptr' 'p_ZL7threshs_11_addr' <Predicate = (!icmp_ln249 & icmp_ln290)> <Delay = 0.00>
ST_4 : Operation 123 [2/2] (2.32ns)   --->   "%p_ZL7threshs_11_load = load i4 %p_ZL7threshs_11_addr"   --->   Operation 123 'load' 'p_ZL7threshs_11_load' <Predicate = (!icmp_ln249 & icmp_ln290)> <Delay = 2.32> <CoreInst = "ROM">   --->   Core 95 'ROM' <Latency = 1> <II = 1> <Delay = 2.32> <Storage> <Opcode : 'load'> <Ports = 0> <Width = 9> <Depth = 16> <ROM>
ST_4 : Operation 124 [1/1] (0.00ns)   --->   "%p_ZL7threshs_12_addr = getelementptr i9 %p_ZL7threshs_12, i64 0, i64 %idxprom2_i" [/home/miguel_tfg/FINN-v0.9-Stable/deps/finn-hlslib/activations.hpp:218]   --->   Operation 124 'getelementptr' 'p_ZL7threshs_12_addr' <Predicate = (!icmp_ln249 & icmp_ln290)> <Delay = 0.00>
ST_4 : Operation 125 [2/2] (2.32ns)   --->   "%p_ZL7threshs_12_load = load i4 %p_ZL7threshs_12_addr"   --->   Operation 125 'load' 'p_ZL7threshs_12_load' <Predicate = (!icmp_ln249 & icmp_ln290)> <Delay = 2.32> <CoreInst = "ROM">   --->   Core 95 'ROM' <Latency = 1> <II = 1> <Delay = 2.32> <Storage> <Opcode : 'load'> <Ports = 0> <Width = 9> <Depth = 16> <ROM>
ST_4 : Operation 126 [1/1] (0.00ns)   --->   "%p_ZL7threshs_13_addr = getelementptr i8 %p_ZL7threshs_13, i64 0, i64 %idxprom2_i" [/home/miguel_tfg/FINN-v0.9-Stable/deps/finn-hlslib/activations.hpp:218]   --->   Operation 126 'getelementptr' 'p_ZL7threshs_13_addr' <Predicate = (!icmp_ln249 & icmp_ln290)> <Delay = 0.00>
ST_4 : Operation 127 [2/2] (2.32ns)   --->   "%p_ZL7threshs_13_load = load i4 %p_ZL7threshs_13_addr"   --->   Operation 127 'load' 'p_ZL7threshs_13_load' <Predicate = (!icmp_ln249 & icmp_ln290)> <Delay = 2.32> <CoreInst = "ROM">   --->   Core 95 'ROM' <Latency = 1> <II = 1> <Delay = 2.32> <Storage> <Opcode : 'load'> <Ports = 0> <Width = 8> <Depth = 16> <ROM>
ST_4 : Operation 128 [1/1] (0.00ns)   --->   "%p_ZL7threshs_14_addr = getelementptr i7 %p_ZL7threshs_14, i64 0, i64 %idxprom2_i" [/home/miguel_tfg/FINN-v0.9-Stable/deps/finn-hlslib/activations.hpp:218]   --->   Operation 128 'getelementptr' 'p_ZL7threshs_14_addr' <Predicate = (!icmp_ln249 & icmp_ln290)> <Delay = 0.00>
ST_4 : Operation 129 [2/2] (2.32ns)   --->   "%p_ZL7threshs_14_load = load i4 %p_ZL7threshs_14_addr"   --->   Operation 129 'load' 'p_ZL7threshs_14_load' <Predicate = (!icmp_ln249 & icmp_ln290)> <Delay = 2.32> <CoreInst = "ROM">   --->   Core 95 'ROM' <Latency = 1> <II = 1> <Delay = 2.32> <Storage> <Opcode : 'load'> <Ports = 0> <Width = 7> <Depth = 16> <ROM>

State 5 <SV = 4> <Delay = 4.53>
ST_5 : Operation 130 [1/1] (0.00ns)   --->   "%rbegin = specregionbegin i32 @_ssdm_op_SpecRegionBegin, void @empty" [/home/miguel_tfg/FINN-v0.9-Stable/deps/finn-hlslib/mac.hpp:141]   --->   Operation 130 'specregionbegin' 'rbegin' <Predicate = (!icmp_ln249)> <Delay = 0.00>
ST_5 : Operation 131 [1/1] (0.00ns)   --->   "%rend = specregionend i32 @_ssdm_op_SpecRegionEnd, void @empty, i32 %rbegin" [/home/miguel_tfg/FINN-v0.9-Stable/deps/finn-hlslib/mac.hpp:141]   --->   Operation 131 'specregionend' 'rend' <Predicate = (!icmp_ln249)> <Delay = 0.00>
ST_5 : Operation 132 [1/2] (2.10ns) (root node of the DSP)   --->   "%add_ln840 = add i14 %select_ln272, i14 %sext_ln840"   --->   Operation 132 'add' 'add_ln840' <Predicate = (!icmp_ln249)> <Delay = 2.10> <CoreInst = "DSP48">   --->   Core 119 'DSP48' <Latency = 3> <II = 1> <Delay = 2.15> <IPBlock> <Opcode : 'mul' 'add' 'sub' 'select'> <InPorts = 0> <OutPorts = 1> <Sync> <CReg>
ST_5 : Operation 133 [1/2] (2.32ns)   --->   "%p_ZL7threshs_0_load = load i4 %p_ZL7threshs_0_addr"   --->   Operation 133 'load' 'p_ZL7threshs_0_load' <Predicate = (!icmp_ln249 & icmp_ln290)> <Delay = 2.32> <CoreInst = "ROM">   --->   Core 95 'ROM' <Latency = 1> <II = 1> <Delay = 2.32> <Storage> <Opcode : 'load'> <Ports = 0> <Width = 6> <Depth = 16> <ROM>
ST_5 : Operation 134 [1/1] (0.00ns)   --->   "%zext_ln1039 = zext i6 %p_ZL7threshs_0_load"   --->   Operation 134 'zext' 'zext_ln1039' <Predicate = (!icmp_ln249 & icmp_ln290)> <Delay = 0.00>
ST_5 : Operation 135 [1/1] (2.20ns)   --->   "%icmp_ln1039 = icmp_slt  i14 %add_ln840, i14 %zext_ln1039"   --->   Operation 135 'icmp' 'icmp_ln1039' <Predicate = (!icmp_ln249 & icmp_ln290)> <Delay = 2.20> <CoreInst = "Cmp">   --->   Core 9 'Cmp' <Latency = 0> <II = 1> <Delay = 2.20> <FuncUnit> <Opcode : 'icmp'> <InPorts = 2> <OutPorts = 1>
ST_5 : Operation 136 [1/2] (2.32ns)   --->   "%p_ZL7threshs_1_load = load i4 %p_ZL7threshs_1_addr"   --->   Operation 136 'load' 'p_ZL7threshs_1_load' <Predicate = (!icmp_ln249 & icmp_ln290)> <Delay = 2.32> <CoreInst = "ROM">   --->   Core 95 'ROM' <Latency = 1> <II = 1> <Delay = 2.32> <Storage> <Opcode : 'load'> <Ports = 0> <Width = 6> <Depth = 16> <ROM>
ST_5 : Operation 137 [1/1] (0.00ns)   --->   "%sext_ln1039 = sext i6 %p_ZL7threshs_1_load"   --->   Operation 137 'sext' 'sext_ln1039' <Predicate = (!icmp_ln249 & icmp_ln290)> <Delay = 0.00>
ST_5 : Operation 138 [1/1] (0.00ns)   --->   "%zext_ln1039_1 = zext i7 %sext_ln1039"   --->   Operation 138 'zext' 'zext_ln1039_1' <Predicate = (!icmp_ln249 & icmp_ln290)> <Delay = 0.00>
ST_5 : Operation 139 [1/1] (2.20ns)   --->   "%icmp_ln1039_1 = icmp_slt  i14 %add_ln840, i14 %zext_ln1039_1"   --->   Operation 139 'icmp' 'icmp_ln1039_1' <Predicate = (!icmp_ln249 & icmp_ln290)> <Delay = 2.20> <CoreInst = "Cmp">   --->   Core 9 'Cmp' <Latency = 0> <II = 1> <Delay = 2.20> <FuncUnit> <Opcode : 'icmp'> <InPorts = 2> <OutPorts = 1>
ST_5 : Operation 140 [1/2] (2.32ns)   --->   "%p_ZL7threshs_2_load = load i4 %p_ZL7threshs_2_addr"   --->   Operation 140 'load' 'p_ZL7threshs_2_load' <Predicate = (!icmp_ln249 & icmp_ln290)> <Delay = 2.32> <CoreInst = "ROM">   --->   Core 95 'ROM' <Latency = 1> <II = 1> <Delay = 2.32> <Storage> <Opcode : 'load'> <Ports = 0> <Width = 8> <Depth = 16> <ROM>
ST_5 : Operation 141 [1/1] (0.00ns)   --->   "%zext_ln1039_2 = zext i8 %p_ZL7threshs_2_load"   --->   Operation 141 'zext' 'zext_ln1039_2' <Predicate = (!icmp_ln249 & icmp_ln290)> <Delay = 0.00>
ST_5 : Operation 142 [1/1] (2.20ns)   --->   "%icmp_ln1039_2 = icmp_slt  i14 %add_ln840, i14 %zext_ln1039_2"   --->   Operation 142 'icmp' 'icmp_ln1039_2' <Predicate = (!icmp_ln249 & icmp_ln290)> <Delay = 2.20> <CoreInst = "Cmp">   --->   Core 9 'Cmp' <Latency = 0> <II = 1> <Delay = 2.20> <FuncUnit> <Opcode : 'icmp'> <InPorts = 2> <OutPorts = 1>
ST_5 : Operation 143 [1/2] (2.32ns)   --->   "%p_ZL7threshs_3_load = load i4 %p_ZL7threshs_3_addr"   --->   Operation 143 'load' 'p_ZL7threshs_3_load' <Predicate = (!icmp_ln249 & icmp_ln290)> <Delay = 2.32> <CoreInst = "ROM">   --->   Core 95 'ROM' <Latency = 1> <II = 1> <Delay = 2.32> <Storage> <Opcode : 'load'> <Ports = 0> <Width = 5> <Depth = 16> <ROM>
ST_5 : Operation 144 [1/1] (0.00ns)   --->   "%sext_ln1039_1 = sext i5 %p_ZL7threshs_3_load"   --->   Operation 144 'sext' 'sext_ln1039_1' <Predicate = (!icmp_ln249 & icmp_ln290)> <Delay = 0.00>
ST_5 : Operation 145 [1/1] (0.00ns)   --->   "%zext_ln1039_3 = zext i8 %sext_ln1039_1"   --->   Operation 145 'zext' 'zext_ln1039_3' <Predicate = (!icmp_ln249 & icmp_ln290)> <Delay = 0.00>
ST_5 : Operation 146 [1/1] (2.20ns)   --->   "%icmp_ln1039_3 = icmp_slt  i14 %add_ln840, i14 %zext_ln1039_3"   --->   Operation 146 'icmp' 'icmp_ln1039_3' <Predicate = (!icmp_ln249 & icmp_ln290)> <Delay = 2.20> <CoreInst = "Cmp">   --->   Core 9 'Cmp' <Latency = 0> <II = 1> <Delay = 2.20> <FuncUnit> <Opcode : 'icmp'> <InPorts = 2> <OutPorts = 1>
ST_5 : Operation 147 [1/2] (2.32ns)   --->   "%p_ZL7threshs_4_load = load i4 %p_ZL7threshs_4_addr"   --->   Operation 147 'load' 'p_ZL7threshs_4_load' <Predicate = (!icmp_ln249 & icmp_ln290)> <Delay = 2.32> <CoreInst = "ROM">   --->   Core 95 'ROM' <Latency = 1> <II = 1> <Delay = 2.32> <Storage> <Opcode : 'load'> <Ports = 0> <Width = 9> <Depth = 16> <ROM>
ST_5 : Operation 148 [1/1] (0.00ns)   --->   "%zext_ln1039_4 = zext i9 %p_ZL7threshs_4_load"   --->   Operation 148 'zext' 'zext_ln1039_4' <Predicate = (!icmp_ln249 & icmp_ln290)> <Delay = 0.00>
ST_5 : Operation 149 [1/1] (2.20ns)   --->   "%icmp_ln1039_4 = icmp_slt  i14 %add_ln840, i14 %zext_ln1039_4"   --->   Operation 149 'icmp' 'icmp_ln1039_4' <Predicate = (!icmp_ln249 & icmp_ln290)> <Delay = 2.20> <CoreInst = "Cmp">   --->   Core 9 'Cmp' <Latency = 0> <II = 1> <Delay = 2.20> <FuncUnit> <Opcode : 'icmp'> <InPorts = 2> <OutPorts = 1>
ST_5 : Operation 150 [1/2] (2.32ns)   --->   "%p_ZL7threshs_5_load = load i4 %p_ZL7threshs_5_addr"   --->   Operation 150 'load' 'p_ZL7threshs_5_load' <Predicate = (!icmp_ln249 & icmp_ln290)> <Delay = 2.32> <CoreInst = "ROM">   --->   Core 95 'ROM' <Latency = 1> <II = 1> <Delay = 2.32> <Storage> <Opcode : 'load'> <Ports = 0> <Width = 9> <Depth = 16> <ROM>
ST_5 : Operation 151 [1/1] (0.00ns)   --->   "%zext_ln1039_5 = zext i9 %p_ZL7threshs_5_load"   --->   Operation 151 'zext' 'zext_ln1039_5' <Predicate = (!icmp_ln249 & icmp_ln290)> <Delay = 0.00>
ST_5 : Operation 152 [1/1] (2.20ns)   --->   "%icmp_ln1039_5 = icmp_slt  i14 %add_ln840, i14 %zext_ln1039_5"   --->   Operation 152 'icmp' 'icmp_ln1039_5' <Predicate = (!icmp_ln249 & icmp_ln290)> <Delay = 2.20> <CoreInst = "Cmp">   --->   Core 9 'Cmp' <Latency = 0> <II = 1> <Delay = 2.20> <FuncUnit> <Opcode : 'icmp'> <InPorts = 2> <OutPorts = 1>
ST_5 : Operation 153 [1/2] (2.32ns)   --->   "%p_ZL7threshs_6_load = load i4 %p_ZL7threshs_6_addr"   --->   Operation 153 'load' 'p_ZL7threshs_6_load' <Predicate = (!icmp_ln249 & icmp_ln290)> <Delay = 2.32> <CoreInst = "ROM">   --->   Core 95 'ROM' <Latency = 1> <II = 1> <Delay = 2.32> <Storage> <Opcode : 'load'> <Ports = 0> <Width = 8> <Depth = 16> <ROM>
ST_5 : Operation 154 [1/1] (0.00ns)   --->   "%sext_ln1039_2 = sext i8 %p_ZL7threshs_6_load"   --->   Operation 154 'sext' 'sext_ln1039_2' <Predicate = (!icmp_ln249 & icmp_ln290)> <Delay = 0.00>
ST_5 : Operation 155 [1/1] (0.00ns)   --->   "%zext_ln1039_6 = zext i9 %sext_ln1039_2"   --->   Operation 155 'zext' 'zext_ln1039_6' <Predicate = (!icmp_ln249 & icmp_ln290)> <Delay = 0.00>
ST_5 : Operation 156 [1/1] (2.20ns)   --->   "%icmp_ln1039_6 = icmp_slt  i14 %add_ln840, i14 %zext_ln1039_6"   --->   Operation 156 'icmp' 'icmp_ln1039_6' <Predicate = (!icmp_ln249 & icmp_ln290)> <Delay = 2.20> <CoreInst = "Cmp">   --->   Core 9 'Cmp' <Latency = 0> <II = 1> <Delay = 2.20> <FuncUnit> <Opcode : 'icmp'> <InPorts = 2> <OutPorts = 1>
ST_5 : Operation 157 [1/2] (2.32ns)   --->   "%p_ZL7threshs_7_load = load i4 %p_ZL7threshs_7_addr"   --->   Operation 157 'load' 'p_ZL7threshs_7_load' <Predicate = (!icmp_ln249 & icmp_ln290)> <Delay = 2.32> <CoreInst = "ROM">   --->   Core 95 'ROM' <Latency = 1> <II = 1> <Delay = 2.32> <Storage> <Opcode : 'load'> <Ports = 0> <Width = 10> <Depth = 16> <ROM>
ST_5 : Operation 158 [1/1] (0.00ns)   --->   "%zext_ln1039_7 = zext i10 %p_ZL7threshs_7_load"   --->   Operation 158 'zext' 'zext_ln1039_7' <Predicate = (!icmp_ln249 & icmp_ln290)> <Delay = 0.00>
ST_5 : Operation 159 [1/1] (2.20ns)   --->   "%icmp_ln1039_7 = icmp_slt  i14 %add_ln840, i14 %zext_ln1039_7"   --->   Operation 159 'icmp' 'icmp_ln1039_7' <Predicate = (!icmp_ln249 & icmp_ln290)> <Delay = 2.20> <CoreInst = "Cmp">   --->   Core 9 'Cmp' <Latency = 0> <II = 1> <Delay = 2.20> <FuncUnit> <Opcode : 'icmp'> <InPorts = 2> <OutPorts = 1>
ST_5 : Operation 160 [1/2] (2.32ns)   --->   "%p_ZL7threshs_8_load = load i4 %p_ZL7threshs_8_addr"   --->   Operation 160 'load' 'p_ZL7threshs_8_load' <Predicate = (!icmp_ln249 & icmp_ln290)> <Delay = 2.32> <CoreInst = "ROM">   --->   Core 95 'ROM' <Latency = 1> <II = 1> <Delay = 2.32> <Storage> <Opcode : 'load'> <Ports = 0> <Width = 10> <Depth = 16> <ROM>
ST_5 : Operation 161 [1/1] (0.00ns)   --->   "%zext_ln1039_8 = zext i10 %p_ZL7threshs_8_load"   --->   Operation 161 'zext' 'zext_ln1039_8' <Predicate = (!icmp_ln249 & icmp_ln290)> <Delay = 0.00>
ST_5 : Operation 162 [1/1] (2.20ns)   --->   "%icmp_ln1039_8 = icmp_slt  i14 %add_ln840, i14 %zext_ln1039_8"   --->   Operation 162 'icmp' 'icmp_ln1039_8' <Predicate = (!icmp_ln249 & icmp_ln290)> <Delay = 2.20> <CoreInst = "Cmp">   --->   Core 9 'Cmp' <Latency = 0> <II = 1> <Delay = 2.20> <FuncUnit> <Opcode : 'icmp'> <InPorts = 2> <OutPorts = 1>
ST_5 : Operation 163 [1/2] (2.32ns)   --->   "%p_ZL7threshs_9_load = load i4 %p_ZL7threshs_9_addr"   --->   Operation 163 'load' 'p_ZL7threshs_9_load' <Predicate = (!icmp_ln249 & icmp_ln290)> <Delay = 2.32> <CoreInst = "ROM">   --->   Core 95 'ROM' <Latency = 1> <II = 1> <Delay = 2.32> <Storage> <Opcode : 'load'> <Ports = 0> <Width = 10> <Depth = 16> <ROM>
ST_5 : Operation 164 [1/1] (0.00ns)   --->   "%zext_ln1039_9 = zext i10 %p_ZL7threshs_9_load"   --->   Operation 164 'zext' 'zext_ln1039_9' <Predicate = (!icmp_ln249 & icmp_ln290)> <Delay = 0.00>
ST_5 : Operation 165 [1/1] (2.20ns)   --->   "%icmp_ln1039_9 = icmp_slt  i14 %add_ln840, i14 %zext_ln1039_9"   --->   Operation 165 'icmp' 'icmp_ln1039_9' <Predicate = (!icmp_ln249 & icmp_ln290)> <Delay = 2.20> <CoreInst = "Cmp">   --->   Core 9 'Cmp' <Latency = 0> <II = 1> <Delay = 2.20> <FuncUnit> <Opcode : 'icmp'> <InPorts = 2> <OutPorts = 1>
ST_5 : Operation 166 [1/2] (2.32ns)   --->   "%p_ZL7threshs_10_load = load i4 %p_ZL7threshs_10_addr"   --->   Operation 166 'load' 'p_ZL7threshs_10_load' <Predicate = (!icmp_ln249 & icmp_ln290)> <Delay = 2.32> <CoreInst = "ROM">   --->   Core 95 'ROM' <Latency = 1> <II = 1> <Delay = 2.32> <Storage> <Opcode : 'load'> <Ports = 0> <Width = 10> <Depth = 16> <ROM>
ST_5 : Operation 167 [1/1] (0.00ns)   --->   "%zext_ln1039_10 = zext i10 %p_ZL7threshs_10_load"   --->   Operation 167 'zext' 'zext_ln1039_10' <Predicate = (!icmp_ln249 & icmp_ln290)> <Delay = 0.00>
ST_5 : Operation 168 [1/1] (2.20ns)   --->   "%icmp_ln1039_10 = icmp_slt  i14 %add_ln840, i14 %zext_ln1039_10"   --->   Operation 168 'icmp' 'icmp_ln1039_10' <Predicate = (!icmp_ln249 & icmp_ln290)> <Delay = 2.20> <CoreInst = "Cmp">   --->   Core 9 'Cmp' <Latency = 0> <II = 1> <Delay = 2.20> <FuncUnit> <Opcode : 'icmp'> <InPorts = 2> <OutPorts = 1>
ST_5 : Operation 169 [1/2] (2.32ns)   --->   "%p_ZL7threshs_11_load = load i4 %p_ZL7threshs_11_addr"   --->   Operation 169 'load' 'p_ZL7threshs_11_load' <Predicate = (!icmp_ln249 & icmp_ln290)> <Delay = 2.32> <CoreInst = "ROM">   --->   Core 95 'ROM' <Latency = 1> <II = 1> <Delay = 2.32> <Storage> <Opcode : 'load'> <Ports = 0> <Width = 9> <Depth = 16> <ROM>
ST_5 : Operation 170 [1/1] (0.00ns)   --->   "%sext_ln1039_3 = sext i9 %p_ZL7threshs_11_load"   --->   Operation 170 'sext' 'sext_ln1039_3' <Predicate = (!icmp_ln249 & icmp_ln290)> <Delay = 0.00>
ST_5 : Operation 171 [1/1] (0.00ns)   --->   "%zext_ln1039_11 = zext i10 %sext_ln1039_3"   --->   Operation 171 'zext' 'zext_ln1039_11' <Predicate = (!icmp_ln249 & icmp_ln290)> <Delay = 0.00>
ST_5 : Operation 172 [1/1] (2.20ns)   --->   "%icmp_ln1039_11 = icmp_slt  i14 %add_ln840, i14 %zext_ln1039_11"   --->   Operation 172 'icmp' 'icmp_ln1039_11' <Predicate = (!icmp_ln249 & icmp_ln290)> <Delay = 2.20> <CoreInst = "Cmp">   --->   Core 9 'Cmp' <Latency = 0> <II = 1> <Delay = 2.20> <FuncUnit> <Opcode : 'icmp'> <InPorts = 2> <OutPorts = 1>
ST_5 : Operation 173 [1/2] (2.32ns)   --->   "%p_ZL7threshs_12_load = load i4 %p_ZL7threshs_12_addr"   --->   Operation 173 'load' 'p_ZL7threshs_12_load' <Predicate = (!icmp_ln249 & icmp_ln290)> <Delay = 2.32> <CoreInst = "ROM">   --->   Core 95 'ROM' <Latency = 1> <II = 1> <Delay = 2.32> <Storage> <Opcode : 'load'> <Ports = 0> <Width = 9> <Depth = 16> <ROM>
ST_5 : Operation 174 [1/1] (0.00ns)   --->   "%sext_ln1039_4 = sext i9 %p_ZL7threshs_12_load"   --->   Operation 174 'sext' 'sext_ln1039_4' <Predicate = (!icmp_ln249 & icmp_ln290)> <Delay = 0.00>
ST_5 : Operation 175 [1/1] (0.00ns)   --->   "%zext_ln1039_12 = zext i10 %sext_ln1039_4"   --->   Operation 175 'zext' 'zext_ln1039_12' <Predicate = (!icmp_ln249 & icmp_ln290)> <Delay = 0.00>
ST_5 : Operation 176 [1/1] (2.20ns)   --->   "%icmp_ln1039_12 = icmp_slt  i14 %add_ln840, i14 %zext_ln1039_12"   --->   Operation 176 'icmp' 'icmp_ln1039_12' <Predicate = (!icmp_ln249 & icmp_ln290)> <Delay = 2.20> <CoreInst = "Cmp">   --->   Core 9 'Cmp' <Latency = 0> <II = 1> <Delay = 2.20> <FuncUnit> <Opcode : 'icmp'> <InPorts = 2> <OutPorts = 1>
ST_5 : Operation 177 [1/2] (2.32ns)   --->   "%p_ZL7threshs_13_load = load i4 %p_ZL7threshs_13_addr"   --->   Operation 177 'load' 'p_ZL7threshs_13_load' <Predicate = (!icmp_ln249 & icmp_ln290)> <Delay = 2.32> <CoreInst = "ROM">   --->   Core 95 'ROM' <Latency = 1> <II = 1> <Delay = 2.32> <Storage> <Opcode : 'load'> <Ports = 0> <Width = 8> <Depth = 16> <ROM>
ST_5 : Operation 178 [1/1] (0.00ns)   --->   "%sext_ln1039_5 = sext i8 %p_ZL7threshs_13_load"   --->   Operation 178 'sext' 'sext_ln1039_5' <Predicate = (!icmp_ln249 & icmp_ln290)> <Delay = 0.00>
ST_5 : Operation 179 [1/1] (0.00ns)   --->   "%zext_ln1039_13 = zext i10 %sext_ln1039_5"   --->   Operation 179 'zext' 'zext_ln1039_13' <Predicate = (!icmp_ln249 & icmp_ln290)> <Delay = 0.00>
ST_5 : Operation 180 [1/1] (2.20ns)   --->   "%icmp_ln1039_13 = icmp_slt  i14 %add_ln840, i14 %zext_ln1039_13"   --->   Operation 180 'icmp' 'icmp_ln1039_13' <Predicate = (!icmp_ln249 & icmp_ln290)> <Delay = 2.20> <CoreInst = "Cmp">   --->   Core 9 'Cmp' <Latency = 0> <II = 1> <Delay = 2.20> <FuncUnit> <Opcode : 'icmp'> <InPorts = 2> <OutPorts = 1>
ST_5 : Operation 181 [1/2] (2.32ns)   --->   "%p_ZL7threshs_14_load = load i4 %p_ZL7threshs_14_addr"   --->   Operation 181 'load' 'p_ZL7threshs_14_load' <Predicate = (!icmp_ln249 & icmp_ln290)> <Delay = 2.32> <CoreInst = "ROM">   --->   Core 95 'ROM' <Latency = 1> <II = 1> <Delay = 2.32> <Storage> <Opcode : 'load'> <Ports = 0> <Width = 7> <Depth = 16> <ROM>
ST_5 : Operation 182 [1/1] (0.00ns)   --->   "%sext_ln1039_6 = sext i7 %p_ZL7threshs_14_load"   --->   Operation 182 'sext' 'sext_ln1039_6' <Predicate = (!icmp_ln249 & icmp_ln290)> <Delay = 0.00>
ST_5 : Operation 183 [1/1] (0.00ns)   --->   "%zext_ln1039_14 = zext i10 %sext_ln1039_6"   --->   Operation 183 'zext' 'zext_ln1039_14' <Predicate = (!icmp_ln249 & icmp_ln290)> <Delay = 0.00>
ST_5 : Operation 184 [1/1] (2.20ns)   --->   "%icmp_ln1039_14 = icmp_slt  i14 %add_ln840, i14 %zext_ln1039_14"   --->   Operation 184 'icmp' 'icmp_ln1039_14' <Predicate = (!icmp_ln249 & icmp_ln290)> <Delay = 2.20> <CoreInst = "Cmp">   --->   Core 9 'Cmp' <Latency = 0> <II = 1> <Delay = 2.20> <FuncUnit> <Opcode : 'icmp'> <InPorts = 2> <OutPorts = 1>
ST_5 : Operation 185 [1/1] (0.00ns)   --->   "%store_ln249 = store i14 %add_ln840, i14 %add_i4_i338" [/home/miguel_tfg/FINN-v0.9-Stable/deps/finn-hlslib/mvau.hpp:249]   --->   Operation 185 'store' 'store_ln249' <Predicate = (!icmp_ln249)> <Delay = 0.00>
ST_5 : Operation 186 [1/1] (0.00ns)   --->   "%br_ln249 = br void %for.body" [/home/miguel_tfg/FINN-v0.9-Stable/deps/finn-hlslib/mvau.hpp:249]   --->   Operation 186 'br' 'br_ln249' <Predicate = (!icmp_ln249)> <Delay = 0.00>

State 6 <SV = 5> <Delay = 5.74>
ST_6 : Operation 187 [1/1] (0.97ns)   --->   "%result_V = xor i1 %icmp_ln1039, i1 1"   --->   Operation 187 'xor' 'result_V' <Predicate = (!icmp_ln249 & icmp_ln290)> <Delay = 0.97> <CoreInst = "LogicGate">   --->   Core 74 'LogicGate' <Latency = 0> <II = 1> <Delay = 0.97> <FuncUnit> <Opcode : 'and' 'or' 'xor'> <InPorts = 2> <OutPorts = 1>
ST_6 : Operation 188 [1/1] (0.00ns)   --->   "%zext_ln215 = zext i1 %result_V" [/home/miguel_tfg/FINN-v0.9-Stable/deps/finn-hlslib/activations.hpp:215]   --->   Operation 188 'zext' 'zext_ln215' <Predicate = (!icmp_ln249 & icmp_ln290)> <Delay = 0.00>
ST_6 : Operation 189 [1/1] (0.97ns)   --->   "%xor_ln1039 = xor i1 %icmp_ln1039_1, i1 1"   --->   Operation 189 'xor' 'xor_ln1039' <Predicate = (!icmp_ln249 & icmp_ln290)> <Delay = 0.97> <CoreInst = "LogicGate">   --->   Core 74 'LogicGate' <Latency = 0> <II = 1> <Delay = 0.97> <FuncUnit> <Opcode : 'and' 'or' 'xor'> <InPorts = 2> <OutPorts = 1>
ST_6 : Operation 190 [1/1] (0.00ns)   --->   "%zext_ln218 = zext i1 %xor_ln1039" [/home/miguel_tfg/FINN-v0.9-Stable/deps/finn-hlslib/activations.hpp:218]   --->   Operation 190 'zext' 'zext_ln218' <Predicate = (!icmp_ln249 & icmp_ln290)> <Delay = 0.00>
ST_6 : Operation 191 [1/1] (0.97ns)   --->   "%xor_ln1039_1 = xor i1 %icmp_ln1039_2, i1 1"   --->   Operation 191 'xor' 'xor_ln1039_1' <Predicate = (!icmp_ln249 & icmp_ln290)> <Delay = 0.97> <CoreInst = "LogicGate">   --->   Core 74 'LogicGate' <Latency = 0> <II = 1> <Delay = 0.97> <FuncUnit> <Opcode : 'and' 'or' 'xor'> <InPorts = 2> <OutPorts = 1>
ST_6 : Operation 192 [1/1] (0.00ns)   --->   "%zext_ln218_1 = zext i1 %xor_ln1039_1" [/home/miguel_tfg/FINN-v0.9-Stable/deps/finn-hlslib/activations.hpp:218]   --->   Operation 192 'zext' 'zext_ln218_1' <Predicate = (!icmp_ln249 & icmp_ln290)> <Delay = 0.00>
ST_6 : Operation 193 [1/1] (0.00ns) (grouped into LUT with out node add_ln840_3)   --->   "%xor_ln1039_2 = xor i1 %icmp_ln1039_3, i1 1"   --->   Operation 193 'xor' 'xor_ln1039_2' <Predicate = (!icmp_ln249 & icmp_ln290)> <Delay = 0.00> <CoreInst = "LogicGate">   --->   Core 74 'LogicGate' <Latency = 0> <II = 1> <Delay = 0.97> <FuncUnit> <Opcode : 'and' 'or' 'xor'> <InPorts = 2> <OutPorts = 1>
ST_6 : Operation 194 [1/1] (0.00ns) (grouped into LUT with out node add_ln840_3)   --->   "%zext_ln218_2 = zext i1 %xor_ln1039_2" [/home/miguel_tfg/FINN-v0.9-Stable/deps/finn-hlslib/activations.hpp:218]   --->   Operation 194 'zext' 'zext_ln218_2' <Predicate = (!icmp_ln249 & icmp_ln290)> <Delay = 0.00>
ST_6 : Operation 195 [1/1] (0.00ns) (grouped into LUT with out node add_ln840_3)   --->   "%xor_ln1039_3 = xor i1 %icmp_ln1039_4, i1 1"   --->   Operation 195 'xor' 'xor_ln1039_3' <Predicate = (!icmp_ln249 & icmp_ln290)> <Delay = 0.00> <CoreInst = "LogicGate">   --->   Core 74 'LogicGate' <Latency = 0> <II = 1> <Delay = 0.97> <FuncUnit> <Opcode : 'and' 'or' 'xor'> <InPorts = 2> <OutPorts = 1>
ST_6 : Operation 196 [1/1] (0.00ns) (grouped into LUT with out node add_ln840_3)   --->   "%zext_ln218_3 = zext i1 %xor_ln1039_3" [/home/miguel_tfg/FINN-v0.9-Stable/deps/finn-hlslib/activations.hpp:218]   --->   Operation 196 'zext' 'zext_ln218_3' <Predicate = (!icmp_ln249 & icmp_ln290)> <Delay = 0.00>
ST_6 : Operation 197 [1/1] (0.00ns) (grouped into LUT with out node add_ln840_4)   --->   "%xor_ln1039_4 = xor i1 %icmp_ln1039_5, i1 1"   --->   Operation 197 'xor' 'xor_ln1039_4' <Predicate = (!icmp_ln249 & icmp_ln290)> <Delay = 0.00> <CoreInst = "LogicGate">   --->   Core 74 'LogicGate' <Latency = 0> <II = 1> <Delay = 0.97> <FuncUnit> <Opcode : 'and' 'or' 'xor'> <InPorts = 2> <OutPorts = 1>
ST_6 : Operation 198 [1/1] (0.00ns) (grouped into LUT with out node add_ln840_4)   --->   "%zext_ln218_4 = zext i1 %xor_ln1039_4" [/home/miguel_tfg/FINN-v0.9-Stable/deps/finn-hlslib/activations.hpp:218]   --->   Operation 198 'zext' 'zext_ln218_4' <Predicate = (!icmp_ln249 & icmp_ln290)> <Delay = 0.00>
ST_6 : Operation 199 [1/1] (0.00ns) (grouped into LUT with out node add_ln840_4)   --->   "%xor_ln1039_5 = xor i1 %icmp_ln1039_6, i1 1"   --->   Operation 199 'xor' 'xor_ln1039_5' <Predicate = (!icmp_ln249 & icmp_ln290)> <Delay = 0.00> <CoreInst = "LogicGate">   --->   Core 74 'LogicGate' <Latency = 0> <II = 1> <Delay = 0.97> <FuncUnit> <Opcode : 'and' 'or' 'xor'> <InPorts = 2> <OutPorts = 1>
ST_6 : Operation 200 [1/1] (0.00ns) (grouped into LUT with out node add_ln840_4)   --->   "%zext_ln218_5 = zext i1 %xor_ln1039_5" [/home/miguel_tfg/FINN-v0.9-Stable/deps/finn-hlslib/activations.hpp:218]   --->   Operation 200 'zext' 'zext_ln218_5' <Predicate = (!icmp_ln249 & icmp_ln290)> <Delay = 0.00>
ST_6 : Operation 201 [1/1] (0.00ns) (grouped into LUT with out node add_ln840_7)   --->   "%xor_ln1039_6 = xor i1 %icmp_ln1039_7, i1 1"   --->   Operation 201 'xor' 'xor_ln1039_6' <Predicate = (!icmp_ln249 & icmp_ln290)> <Delay = 0.00> <CoreInst = "LogicGate">   --->   Core 74 'LogicGate' <Latency = 0> <II = 1> <Delay = 0.97> <FuncUnit> <Opcode : 'and' 'or' 'xor'> <InPorts = 2> <OutPorts = 1>
ST_6 : Operation 202 [1/1] (0.00ns) (grouped into LUT with out node add_ln840_7)   --->   "%zext_ln218_6 = zext i1 %xor_ln1039_6" [/home/miguel_tfg/FINN-v0.9-Stable/deps/finn-hlslib/activations.hpp:218]   --->   Operation 202 'zext' 'zext_ln218_6' <Predicate = (!icmp_ln249 & icmp_ln290)> <Delay = 0.00>
ST_6 : Operation 203 [1/1] (0.00ns) (grouped into LUT with out node add_ln840_7)   --->   "%xor_ln1039_7 = xor i1 %icmp_ln1039_8, i1 1"   --->   Operation 203 'xor' 'xor_ln1039_7' <Predicate = (!icmp_ln249 & icmp_ln290)> <Delay = 0.00> <CoreInst = "LogicGate">   --->   Core 74 'LogicGate' <Latency = 0> <II = 1> <Delay = 0.97> <FuncUnit> <Opcode : 'and' 'or' 'xor'> <InPorts = 2> <OutPorts = 1>
ST_6 : Operation 204 [1/1] (0.00ns) (grouped into LUT with out node add_ln840_7)   --->   "%zext_ln218_7 = zext i1 %xor_ln1039_7" [/home/miguel_tfg/FINN-v0.9-Stable/deps/finn-hlslib/activations.hpp:218]   --->   Operation 204 'zext' 'zext_ln218_7' <Predicate = (!icmp_ln249 & icmp_ln290)> <Delay = 0.00>
ST_6 : Operation 205 [1/1] (0.00ns) (grouped into LUT with out node add_ln840_8)   --->   "%xor_ln1039_8 = xor i1 %icmp_ln1039_9, i1 1"   --->   Operation 205 'xor' 'xor_ln1039_8' <Predicate = (!icmp_ln249 & icmp_ln290)> <Delay = 0.00> <CoreInst = "LogicGate">   --->   Core 74 'LogicGate' <Latency = 0> <II = 1> <Delay = 0.97> <FuncUnit> <Opcode : 'and' 'or' 'xor'> <InPorts = 2> <OutPorts = 1>
ST_6 : Operation 206 [1/1] (0.00ns) (grouped into LUT with out node add_ln840_8)   --->   "%zext_ln218_8 = zext i1 %xor_ln1039_8" [/home/miguel_tfg/FINN-v0.9-Stable/deps/finn-hlslib/activations.hpp:218]   --->   Operation 206 'zext' 'zext_ln218_8' <Predicate = (!icmp_ln249 & icmp_ln290)> <Delay = 0.00>
ST_6 : Operation 207 [1/1] (0.00ns) (grouped into LUT with out node add_ln840_8)   --->   "%xor_ln1039_9 = xor i1 %icmp_ln1039_10, i1 1"   --->   Operation 207 'xor' 'xor_ln1039_9' <Predicate = (!icmp_ln249 & icmp_ln290)> <Delay = 0.00> <CoreInst = "LogicGate">   --->   Core 74 'LogicGate' <Latency = 0> <II = 1> <Delay = 0.97> <FuncUnit> <Opcode : 'and' 'or' 'xor'> <InPorts = 2> <OutPorts = 1>
ST_6 : Operation 208 [1/1] (0.00ns) (grouped into LUT with out node add_ln840_8)   --->   "%zext_ln218_9 = zext i1 %xor_ln1039_9" [/home/miguel_tfg/FINN-v0.9-Stable/deps/finn-hlslib/activations.hpp:218]   --->   Operation 208 'zext' 'zext_ln218_9' <Predicate = (!icmp_ln249 & icmp_ln290)> <Delay = 0.00>
ST_6 : Operation 209 [1/1] (0.00ns) (grouped into LUT with out node add_ln840_10)   --->   "%xor_ln1039_10 = xor i1 %icmp_ln1039_11, i1 1"   --->   Operation 209 'xor' 'xor_ln1039_10' <Predicate = (!icmp_ln249 & icmp_ln290)> <Delay = 0.00> <CoreInst = "LogicGate">   --->   Core 74 'LogicGate' <Latency = 0> <II = 1> <Delay = 0.97> <FuncUnit> <Opcode : 'and' 'or' 'xor'> <InPorts = 2> <OutPorts = 1>
ST_6 : Operation 210 [1/1] (0.00ns) (grouped into LUT with out node add_ln840_10)   --->   "%zext_ln218_10 = zext i1 %xor_ln1039_10" [/home/miguel_tfg/FINN-v0.9-Stable/deps/finn-hlslib/activations.hpp:218]   --->   Operation 210 'zext' 'zext_ln218_10' <Predicate = (!icmp_ln249 & icmp_ln290)> <Delay = 0.00>
ST_6 : Operation 211 [1/1] (0.00ns) (grouped into LUT with out node add_ln840_10)   --->   "%xor_ln1039_11 = xor i1 %icmp_ln1039_12, i1 1"   --->   Operation 211 'xor' 'xor_ln1039_11' <Predicate = (!icmp_ln249 & icmp_ln290)> <Delay = 0.00> <CoreInst = "LogicGate">   --->   Core 74 'LogicGate' <Latency = 0> <II = 1> <Delay = 0.97> <FuncUnit> <Opcode : 'and' 'or' 'xor'> <InPorts = 2> <OutPorts = 1>
ST_6 : Operation 212 [1/1] (0.00ns) (grouped into LUT with out node add_ln840_10)   --->   "%zext_ln218_11 = zext i1 %xor_ln1039_11" [/home/miguel_tfg/FINN-v0.9-Stable/deps/finn-hlslib/activations.hpp:218]   --->   Operation 212 'zext' 'zext_ln218_11' <Predicate = (!icmp_ln249 & icmp_ln290)> <Delay = 0.00>
ST_6 : Operation 213 [1/1] (0.00ns) (grouped into LUT with out node add_ln840_11)   --->   "%xor_ln1039_12 = xor i1 %icmp_ln1039_13, i1 1"   --->   Operation 213 'xor' 'xor_ln1039_12' <Predicate = (!icmp_ln249 & icmp_ln290)> <Delay = 0.00> <CoreInst = "LogicGate">   --->   Core 74 'LogicGate' <Latency = 0> <II = 1> <Delay = 0.97> <FuncUnit> <Opcode : 'and' 'or' 'xor'> <InPorts = 2> <OutPorts = 1>
ST_6 : Operation 214 [1/1] (0.00ns) (grouped into LUT with out node add_ln840_11)   --->   "%zext_ln218_12 = zext i1 %xor_ln1039_12" [/home/miguel_tfg/FINN-v0.9-Stable/deps/finn-hlslib/activations.hpp:218]   --->   Operation 214 'zext' 'zext_ln218_12' <Predicate = (!icmp_ln249 & icmp_ln290)> <Delay = 0.00>
ST_6 : Operation 215 [1/1] (0.00ns) (grouped into LUT with out node add_ln840_11)   --->   "%xor_ln1039_13 = xor i1 %icmp_ln1039_14, i1 1"   --->   Operation 215 'xor' 'xor_ln1039_13' <Predicate = (!icmp_ln249 & icmp_ln290)> <Delay = 0.00> <CoreInst = "LogicGate">   --->   Core 74 'LogicGate' <Latency = 0> <II = 1> <Delay = 0.97> <FuncUnit> <Opcode : 'and' 'or' 'xor'> <InPorts = 2> <OutPorts = 1>
ST_6 : Operation 216 [1/1] (0.00ns) (grouped into LUT with out node add_ln840_11)   --->   "%zext_ln840 = zext i1 %xor_ln1039_13"   --->   Operation 216 'zext' 'zext_ln840' <Predicate = (!icmp_ln249 & icmp_ln290)> <Delay = 0.00>
ST_6 : Operation 217 [1/1] (0.00ns) (grouped into TernaryAdder)   --->   "%add_ln840_1 = add i2 %zext_ln215, i2 %zext_ln218_1"   --->   Operation 217 'add' 'add_ln840_1' <Predicate = (!icmp_ln249 & icmp_ln290)> <Delay = 0.00> <CoreInst = "TAddSub">   --->   Core 10 'TAddSub' <Latency = 0> <II = 1> <Delay = 1.65> <IPBlock> <Opcode : 'add' 'sub'> <InPorts = 3> <OutPorts = 1> <Sync> <CReg>
ST_6 : Operation 218 [1/1] (2.07ns) (root node of TernaryAdder)   --->   "%add_ln840_2 = add i2 %add_ln840_1, i2 %zext_ln218"   --->   Operation 218 'add' 'add_ln840_2' <Predicate = (!icmp_ln249 & icmp_ln290)> <Delay = 2.07> <CoreInst = "TAddSub">   --->   Core 10 'TAddSub' <Latency = 0> <II = 1> <Delay = 1.65> <IPBlock> <Opcode : 'add' 'sub'> <InPorts = 3> <OutPorts = 1> <Sync> <CReg>
ST_6 : Operation 219 [1/1] (0.00ns)   --->   "%zext_ln840_1 = zext i2 %add_ln840_2"   --->   Operation 219 'zext' 'zext_ln840_1' <Predicate = (!icmp_ln249 & icmp_ln290)> <Delay = 0.00>
ST_6 : Operation 220 [1/1] (1.56ns) (out node of the LUT)   --->   "%add_ln840_3 = add i2 %zext_ln218_2, i2 %zext_ln218_3"   --->   Operation 220 'add' 'add_ln840_3' <Predicate = (!icmp_ln249 & icmp_ln290)> <Delay = 1.56> <CoreInst = "Adder">   --->   Core 1 'Adder' <Latency = 0> <II = 1> <Delay = 1.56> <FuncUnit> <Opcode : 'add' 'sub'> <InPorts = 2> <OutPorts = 1>
ST_6 : Operation 221 [1/1] (0.00ns)   --->   "%zext_ln840_2 = zext i2 %add_ln840_3"   --->   Operation 221 'zext' 'zext_ln840_2' <Predicate = (!icmp_ln249 & icmp_ln290)> <Delay = 0.00>
ST_6 : Operation 222 [1/1] (1.56ns) (out node of the LUT)   --->   "%add_ln840_4 = add i2 %zext_ln218_4, i2 %zext_ln218_5"   --->   Operation 222 'add' 'add_ln840_4' <Predicate = (!icmp_ln249 & icmp_ln290)> <Delay = 1.56> <CoreInst = "Adder">   --->   Core 1 'Adder' <Latency = 0> <II = 1> <Delay = 1.56> <FuncUnit> <Opcode : 'add' 'sub'> <InPorts = 2> <OutPorts = 1>
ST_6 : Operation 223 [1/1] (0.00ns)   --->   "%zext_ln840_3 = zext i2 %add_ln840_4"   --->   Operation 223 'zext' 'zext_ln840_3' <Predicate = (!icmp_ln249 & icmp_ln290)> <Delay = 0.00>
ST_6 : Operation 224 [1/1] (0.00ns) (grouped into TernaryAdder)   --->   "%add_ln840_5 = add i3 %zext_ln840_3, i3 %zext_ln840_2"   --->   Operation 224 'add' 'add_ln840_5' <Predicate = (!icmp_ln249 & icmp_ln290)> <Delay = 0.00> <CoreInst = "TAddSub">   --->   Core 10 'TAddSub' <Latency = 0> <II = 1> <Delay = 1.65> <IPBlock> <Opcode : 'add' 'sub'> <InPorts = 3> <OutPorts = 1> <Sync> <CReg>
ST_6 : Operation 225 [1/1] (2.69ns) (root node of TernaryAdder)   --->   "%add_ln840_6 = add i3 %add_ln840_5, i3 %zext_ln840_1"   --->   Operation 225 'add' 'add_ln840_6' <Predicate = (!icmp_ln249 & icmp_ln290)> <Delay = 2.69> <CoreInst = "TAddSub">   --->   Core 10 'TAddSub' <Latency = 0> <II = 1> <Delay = 1.65> <IPBlock> <Opcode : 'add' 'sub'> <InPorts = 3> <OutPorts = 1> <Sync> <CReg>
ST_6 : Operation 226 [1/1] (1.56ns) (out node of the LUT)   --->   "%add_ln840_7 = add i2 %zext_ln218_6, i2 %zext_ln218_7"   --->   Operation 226 'add' 'add_ln840_7' <Predicate = (!icmp_ln249 & icmp_ln290)> <Delay = 1.56> <CoreInst = "Adder">   --->   Core 1 'Adder' <Latency = 0> <II = 1> <Delay = 1.56> <FuncUnit> <Opcode : 'add' 'sub'> <InPorts = 2> <OutPorts = 1>
ST_6 : Operation 227 [1/1] (0.00ns)   --->   "%zext_ln840_5 = zext i2 %add_ln840_7"   --->   Operation 227 'zext' 'zext_ln840_5' <Predicate = (!icmp_ln249 & icmp_ln290)> <Delay = 0.00>
ST_6 : Operation 228 [1/1] (1.56ns) (out node of the LUT)   --->   "%add_ln840_8 = add i2 %zext_ln218_8, i2 %zext_ln218_9"   --->   Operation 228 'add' 'add_ln840_8' <Predicate = (!icmp_ln249 & icmp_ln290)> <Delay = 1.56> <CoreInst = "Adder">   --->   Core 1 'Adder' <Latency = 0> <II = 1> <Delay = 1.56> <FuncUnit> <Opcode : 'add' 'sub'> <InPorts = 2> <OutPorts = 1>
ST_6 : Operation 229 [1/1] (0.00ns)   --->   "%zext_ln840_6 = zext i2 %add_ln840_8"   --->   Operation 229 'zext' 'zext_ln840_6' <Predicate = (!icmp_ln249 & icmp_ln290)> <Delay = 0.00>
ST_6 : Operation 230 [1/1] (1.56ns)   --->   "%add_ln840_9 = add i3 %zext_ln840_6, i3 %zext_ln840_5"   --->   Operation 230 'add' 'add_ln840_9' <Predicate = (!icmp_ln249 & icmp_ln290)> <Delay = 1.56> <CoreInst = "Adder">   --->   Core 1 'Adder' <Latency = 0> <II = 1> <Delay = 1.56> <FuncUnit> <Opcode : 'add' 'sub'> <InPorts = 2> <OutPorts = 1>
ST_6 : Operation 231 [1/1] (1.56ns) (out node of the LUT)   --->   "%add_ln840_10 = add i2 %zext_ln218_10, i2 %zext_ln218_11"   --->   Operation 231 'add' 'add_ln840_10' <Predicate = (!icmp_ln249 & icmp_ln290)> <Delay = 1.56> <CoreInst = "Adder">   --->   Core 1 'Adder' <Latency = 0> <II = 1> <Delay = 1.56> <FuncUnit> <Opcode : 'add' 'sub'> <InPorts = 2> <OutPorts = 1>
ST_6 : Operation 232 [1/1] (0.00ns)   --->   "%zext_ln840_8 = zext i2 %add_ln840_10"   --->   Operation 232 'zext' 'zext_ln840_8' <Predicate = (!icmp_ln249 & icmp_ln290)> <Delay = 0.00>
ST_6 : Operation 233 [1/1] (1.56ns) (out node of the LUT)   --->   "%add_ln840_11 = add i2 %zext_ln218_12, i2 %zext_ln840"   --->   Operation 233 'add' 'add_ln840_11' <Predicate = (!icmp_ln249 & icmp_ln290)> <Delay = 1.56> <CoreInst = "Adder">   --->   Core 1 'Adder' <Latency = 0> <II = 1> <Delay = 1.56> <FuncUnit> <Opcode : 'add' 'sub'> <InPorts = 2> <OutPorts = 1>
ST_6 : Operation 234 [1/1] (0.00ns)   --->   "%zext_ln840_9 = zext i2 %add_ln840_11"   --->   Operation 234 'zext' 'zext_ln840_9' <Predicate = (!icmp_ln249 & icmp_ln290)> <Delay = 0.00>
ST_6 : Operation 235 [1/1] (1.56ns)   --->   "%add_ln840_12 = add i3 %zext_ln840_9, i3 %zext_ln840_8"   --->   Operation 235 'add' 'add_ln840_12' <Predicate = (!icmp_ln249 & icmp_ln290)> <Delay = 1.56> <CoreInst = "Adder">   --->   Core 1 'Adder' <Latency = 0> <II = 1> <Delay = 1.56> <FuncUnit> <Opcode : 'add' 'sub'> <InPorts = 2> <OutPorts = 1>

State 7 <SV = 6> <Delay = 3.31>
ST_7 : Operation 236 [1/1] (0.00ns)   --->   "%zext_ln840_4 = zext i3 %add_ln840_6"   --->   Operation 236 'zext' 'zext_ln840_4' <Predicate = (!icmp_ln249 & icmp_ln290)> <Delay = 0.00>
ST_7 : Operation 237 [1/1] (0.00ns)   --->   "%zext_ln840_7 = zext i3 %add_ln840_9"   --->   Operation 237 'zext' 'zext_ln840_7' <Predicate = (!icmp_ln249 & icmp_ln290)> <Delay = 0.00>
ST_7 : Operation 238 [1/1] (0.00ns)   --->   "%zext_ln840_10 = zext i3 %add_ln840_12"   --->   Operation 238 'zext' 'zext_ln840_10' <Predicate = (!icmp_ln249 & icmp_ln290)> <Delay = 0.00>
ST_7 : Operation 239 [1/1] (0.00ns) (grouped into TernaryAdder)   --->   "%add_ln840_13 = add i4 %zext_ln840_10, i4 %zext_ln840_7"   --->   Operation 239 'add' 'add_ln840_13' <Predicate = (!icmp_ln249 & icmp_ln290)> <Delay = 0.00> <CoreInst = "TAddSub">   --->   Core 10 'TAddSub' <Latency = 0> <II = 1> <Delay = 1.65> <IPBlock> <Opcode : 'add' 'sub'> <InPorts = 3> <OutPorts = 1> <Sync> <CReg>
ST_7 : Operation 240 [1/1] (3.31ns) (root node of TernaryAdder)   --->   "%result_V_2 = add i4 %add_ln840_13, i4 %zext_ln840_4"   --->   Operation 240 'add' 'result_V_2' <Predicate = (!icmp_ln249 & icmp_ln290)> <Delay = 3.31> <CoreInst = "TAddSub">   --->   Core 10 'TAddSub' <Latency = 0> <II = 1> <Delay = 1.65> <IPBlock> <Opcode : 'add' 'sub'> <InPorts = 3> <OutPorts = 1> <Sync> <CReg>
ST_7 : Operation 241 [1/1] (0.00ns)   --->   "%zext_ln298 = zext i4 %result_V_2" [/home/miguel_tfg/FINN-v0.9-Stable/deps/finn-hlslib/mvau.hpp:298]   --->   Operation 241 'zext' 'zext_ln298' <Predicate = (!icmp_ln249 & icmp_ln290)> <Delay = 0.00>
ST_7 : Operation 242 [1/1] (0.00ns)   --->   "%write_ln298 = write void @_ssdm_op_Write.axis.volatile.i8P128A, i8 %out_V, i8 %zext_ln298" [/home/miguel_tfg/FINN-v0.9-Stable/deps/finn-hlslib/mvau.hpp:298]   --->   Operation 242 'write' 'write_ln298' <Predicate = (!icmp_ln249 & icmp_ln290)> <Delay = 0.00> <CoreInst = "axis">   --->   Core 115 'axis' <Latency = 0> <II = 1> <Delay = 1.00> <Adapter> <Opcode : >
ST_7 : Operation 243 [1/1] (0.00ns)   --->   "%br_ln306 = br void %for.inc90" [/home/miguel_tfg/FINN-v0.9-Stable/deps/finn-hlslib/mvau.hpp:306]   --->   Operation 243 'br' 'br_ln306' <Predicate = (!icmp_ln249 & icmp_ln290)> <Delay = 0.00>
ST_7 : Operation 244 [1/1] (0.00ns)   --->   "%ret_ln308 = ret" [/home/miguel_tfg/FINN-v0.9-Stable/deps/finn-hlslib/mvau.hpp:308]   --->   Operation 244 'ret' 'ret_ln308' <Predicate = (icmp_ln249)> <Delay = 0.00>


============================================================
+ Verbose Summary: Timing violations
============================================================
Target clock period: 10ns, clock uncertainty: 2.7ns.

 <State 1>: 7.59ns
The critical path consists of the following:
	'alloca' operation ('nf') [31]  (0 ns)
	'load' operation ('nf', /home/miguel_tfg/FINN-v0.9-Stable/deps/finn-hlslib/mvau.hpp:302) on local variable 'nf' [42]  (0 ns)
	'add' operation ('nf', /home/miguel_tfg/FINN-v0.9-Stable/deps/finn-hlslib/mvau.hpp:302) [242]  (2.55 ns)
	'icmp' operation ('icmp_ln302', /home/miguel_tfg/FINN-v0.9-Stable/deps/finn-hlslib/mvau.hpp:302) [243]  (2.47 ns)
	'select' operation ('nf', /home/miguel_tfg/FINN-v0.9-Stable/deps/finn-hlslib/mvau.hpp:302) [244]  (0.698 ns)
	'store' operation ('store_ln306', /home/miguel_tfg/FINN-v0.9-Stable/deps/finn-hlslib/mvau.hpp:306) of variable 'nf', /home/miguel_tfg/FINN-v0.9-Stable/deps/finn-hlslib/mvau.hpp:302 on local variable 'nf' [245]  (1.59 ns)
	blocking operation 0.28 ns on control path)

 <State 2>: 1.05ns
The critical path consists of the following:
	'phi' operation ('inputBuf.V') with incoming values : ('tmp', /home/miguel_tfg/FINN-v0.9-Stable/deps/finn-hlslib/mvau.hpp:261) ('inElem', /home/miguel_tfg/FINN-v0.9-Stable/deps/finn-hlslib/mvau.hpp:255) [97]  (0 ns)
	'mul' operation of DSP[110] ('ret.V') [106]  (1.05 ns)

 <State 3>: 1.05ns
The critical path consists of the following:
	'mul' operation of DSP[110] ('ret.V') [106]  (1.05 ns)

 <State 4>: 2.8ns
The critical path consists of the following:
	'load' operation ('add_i4_i338_load', /home/miguel_tfg/FINN-v0.9-Stable/deps/finn-hlslib/mvau.hpp:272) on local variable 'add_i4_i338' [98]  (0 ns)
	'select' operation ('select_ln272', /home/miguel_tfg/FINN-v0.9-Stable/deps/finn-hlslib/mvau.hpp:272) [102]  (0.702 ns)
	'add' operation of DSP[110] ('add_ln840') [110]  (2.1 ns)

 <State 5>: 4.53ns
The critical path consists of the following:
	'load' operation ('p_ZL7threshs_0_load') on array 'p_ZL7threshs_0' [120]  (2.32 ns)
	'icmp' operation ('icmp_ln1039') [122]  (2.21 ns)

 <State 6>: 5.74ns
The critical path consists of the following:
	'xor' operation ('result.V') [123]  (0.978 ns)
	'add' operation ('add_ln840_1') [216]  (0 ns)
	'add' operation ('add_ln840_2') [217]  (2.07 ns)
	'add' operation ('add_ln840_6') [224]  (2.69 ns)

 <State 7>: 3.32ns
The critical path consists of the following:
	'add' operation ('result.V') [239]  (3.32 ns)


============================================================
+ Verbose Summary: Binding
============================================================
N/A
* FSMD analyzer results:
  - Output states:
 - Input state : 
  - Chain level:
	State 1
	State 2
	State 3
	State 4
	State 5
	State 6
	State 7


============================================================
+ Verbose Summary: Datapath Resource usage 
============================================================
N/A
