

================================================================
== Vitis HLS Report for 'Matrix_Vector_Activate_Stream_Batch'
================================================================
* Date:           Fri Jun 12 09:16:39 2026

* Version:        2022.2.2 (Build 3779808 on Feb 17 2023)
* Project:        project_MatrixVectorActivation_1
* Solution:       sol1 (Vivado IP Flow Target)
* Product family: zynq
* Target device:  xc7z020-clg400-1


================================================================
== Performance Estimates
================================================================
+ Timing: 
    * Summary: 
    +--------+----------+----------+------------+
    |  Clock |  Target  | Estimated| Uncertainty|
    +--------+----------+----------+------------+
    |ap_clk  |  10.00 ns|  7.591 ns|     2.70 ns|
    +--------+----------+----------+------------+

+ Latency: 
    * Summary: 
    +---------+---------+-----------+-----------+---------+---------+---------+
    |  Latency (cycles) |   Latency (absolute)  |      Interval     | Pipeline|
    |   min   |   max   |    min    |    max    |   min   |   max   |   Type  |
    +---------+---------+-----------+-----------+---------+---------+---------+
    |  4718599|  4718599|  47.186 ms|  47.186 ms|  4718599|  4718599|       no|
    +---------+---------+-----------+-----------+---------+---------+---------+

    + Detail: 
        * Instance: 
        N/A

        * Loop: 
        +--------------------+---------+---------+----------+-----------+-----------+---------+----------+
        |                    |  Latency (cycles) | Iteration|  Initiation Interval  |   Trip  |          |
        |      Loop Name     |   min   |   max   |  Latency |  achieved |   target  |  Count  | Pipelined|
        +--------------------+---------+---------+----------+-----------+-----------+---------+----------+
        |- VITIS_LOOP_249_1  |  4718597|  4718597|         7|          1|          1|  4718592|  yes(flp)|
        +--------------------+---------+---------+----------+-----------+-----------+---------+----------+



================================================================
== Utilization Estimates
================================================================
* Summary: 
+-----------------+---------+-----+--------+-------+-----+
|       Name      | BRAM_18K| DSP |   FF   |  LUT  | URAM|
+-----------------+---------+-----+--------+-------+-----+
|DSP              |        -|    1|       -|      -|    -|
|Expression       |        -|    -|       0|    568|    -|
|FIFO             |        -|    -|       -|      -|    -|
|Instance         |        -|    -|       0|    769|    -|
|Memory           |        0|    -|     137|     73|    -|
|Multiplexer      |        -|    -|       -|    215|    -|
|Register         |        -|    -|     844|      -|    -|
+-----------------+---------+-----+--------+-------+-----+
|Total            |        0|    1|     981|   1625|    0|
+-----------------+---------+-----+--------+-------+-----+
|Available        |      280|  220|  106400|  53200|    0|
+-----------------+---------+-----+--------+-------+-----+
|Utilization (%)  |        0|   ~0|      ~0|      3|    0|
+-----------------+---------+-----+--------+-------+-----+

+ Detail: 
    * Instance: 
    +-------------------+----------------+---------+----+---+-----+-----+
    |      Instance     |     Module     | BRAM_18K| DSP| FF| LUT | URAM|
    +-------------------+----------------+---------+----+---+-----+-----+
    |mux_1448_4_1_1_U1  |mux_1448_4_1_1  |        0|   0|  0|  769|    0|
    +-------------------+----------------+---------+----+---+-----+-----+
    |Total              |                |        0|   0|  0|  769|    0|
    +-------------------+----------------+---------+----+---+-----+-----+

    * DSP: 
    +---------------------------------+------------------------------+--------------+
    |             Instance            |            Module            |  Expression  |
    +---------------------------------+------------------------------+--------------+
    |mac_muladd_4ns_4s_13s_13_4_1_U2  |mac_muladd_4ns_4s_13s_13_4_1  |  i0 + i1 * i2|
    +---------------------------------+------------------------------+--------------+

    * Memory: 
    +-------------------+-----------------------------------------------------------------+---------+----+----+-----+------+-----+------+-------------+
    |       Memory      |                              Module                             | BRAM_18K| FF | LUT| URAM| Words| Bits| Banks| W*Bits*Banks|
    +-------------------+-----------------------------------------------------------------+---------+----+----+-----+------+-----+------+-------------+
    |p_ZL7threshs_0_U   |Matrix_Vector_Activate_Stream_Batch_p_ZL7threshs_0_ROM_AUTO_1R   |        0|   8|   4|    0|    32|    8|     1|          256|
    |p_ZL7threshs_10_U  |Matrix_Vector_Activate_Stream_Batch_p_ZL7threshs_10_ROM_AUTO_1R  |        0|   9|   5|    0|    32|    9|     1|          288|
    |p_ZL7threshs_11_U  |Matrix_Vector_Activate_Stream_Batch_p_ZL7threshs_11_ROM_AUTO_1R  |        0|  10|   5|    0|    32|   10|     1|          320|
    |p_ZL7threshs_12_U  |Matrix_Vector_Activate_Stream_Batch_p_ZL7threshs_12_ROM_AUTO_1R  |        0|  10|   5|    0|    32|   10|     1|          320|
    |p_ZL7threshs_13_U  |Matrix_Vector_Activate_Stream_Batch_p_ZL7threshs_13_ROM_AUTO_1R  |        0|  10|   5|    0|    32|   10|     1|          320|
    |p_ZL7threshs_14_U  |Matrix_Vector_Activate_Stream_Batch_p_ZL7threshs_14_ROM_AUTO_1R  |        0|  10|   5|    0|    32|   10|     1|          320|
    |p_ZL7threshs_1_U   |Matrix_Vector_Activate_Stream_Batch_p_ZL7threshs_1_ROM_AUTO_1R   |        0|   9|   5|    0|    32|    9|     1|          288|
    |p_ZL7threshs_2_U   |Matrix_Vector_Activate_Stream_Batch_p_ZL7threshs_2_ROM_AUTO_1R   |        0|   9|   5|    0|    32|    9|     1|          288|
    |p_ZL7threshs_3_U   |Matrix_Vector_Activate_Stream_Batch_p_ZL7threshs_3_ROM_AUTO_1R   |        0|   8|   4|    0|    32|    8|     1|          256|
    |p_ZL7threshs_4_U   |Matrix_Vector_Activate_Stream_Batch_p_ZL7threshs_4_ROM_AUTO_1R   |        0|   9|   5|    0|    32|    9|     1|          288|
    |p_ZL7threshs_5_U   |Matrix_Vector_Activate_Stream_Batch_p_ZL7threshs_5_ROM_AUTO_1R   |        0|   9|   5|    0|    32|    9|     1|          288|
    |p_ZL7threshs_6_U   |Matrix_Vector_Activate_Stream_Batch_p_ZL7threshs_6_ROM_AUTO_1R   |        0|   9|   5|    0|    32|    9|     1|          288|
    |p_ZL7threshs_7_U   |Matrix_Vector_Activate_Stream_Batch_p_ZL7threshs_7_ROM_AUTO_1R   |        0|   9|   5|    0|    32|    9|     1|          288|
    |p_ZL7threshs_8_U   |Matrix_Vector_Activate_Stream_Batch_p_ZL7threshs_8_ROM_AUTO_1R   |        0|   9|   5|    0|    32|    9|     1|          288|
    |p_ZL7threshs_9_U   |Matrix_Vector_Activate_Stream_Batch_p_ZL7threshs_9_ROM_AUTO_1R   |        0|   9|   5|    0|    32|    9|     1|          288|
    +-------------------+-----------------------------------------------------------------+---------+----+----+-----+------+-----+------+-------------+
    |Total              |                                                                 |        0| 137|  73|    0|   480|  137|    15|         4384|
    +-------------------+-----------------------------------------------------------------+---------+----+----+-----+------+-----+------+-------------+

    * FIFO: 
    N/A

    * Expression: 
    +----------------------------------+----------+----+---+----+------------+------------+
    |           Variable Name          | Operation| DSP| FF| LUT| Bitwidth P0| Bitwidth P1|
    +----------------------------------+----------+----+---+----+------------+------------+
    |add_ln840_10_fu_3144_p2           |         +|   0|  0|  10|           2|           2|
    |add_ln840_11_fu_3154_p2           |         +|   0|  0|  10|           2|           2|
    |add_ln840_12_fu_3164_p2           |         +|   0|  0|  11|           3|           3|
    |add_ln840_13_fu_3179_p2           |         +|   0|  0|   7|           4|           4|
    |add_ln840_1_fu_3070_p2            |         +|   0|  0|   2|           2|           2|
    |add_ln840_2_fu_3076_p2            |         +|   0|  0|   2|           2|           2|
    |add_ln840_3_fu_3086_p2            |         +|   0|  0|  10|           2|           2|
    |add_ln840_4_fu_3096_p2            |         +|   0|  0|  10|           2|           2|
    |add_ln840_5_fu_3106_p2            |         +|   0|  0|   4|           3|           3|
    |add_ln840_6_fu_3112_p2            |         +|   0|  0|   4|           3|           3|
    |add_ln840_7_fu_3118_p2            |         +|   0|  0|  10|           2|           2|
    |add_ln840_8_fu_3128_p2            |         +|   0|  0|  10|           2|           2|
    |add_ln840_9_fu_3138_p2            |         +|   0|  0|  11|           3|           3|
    |i_2_fu_1229_p2                    |         +|   0|  0|  30|          23|           1|
    |nf_fu_2726_p2                     |         +|   0|  0|  39|          32|           1|
    |result_V_2_fu_3185_p2             |         +|   0|  0|   7|           4|           4|
    |sf_2_fu_2709_p2                   |         +|   0|  0|  39|          32|           1|
    |ap_block_state7_io                |       and|   0|  0|   2|           1|           1|
    |ap_condition_2547                 |       and|   0|  0|   2|           1|           1|
    |ap_predicate_op323_read_state1    |       and|   0|  0|   2|           1|           1|
    |ap_predicate_op777_write_state7   |       and|   0|  0|   2|           1|           1|
    |icmp_ln1039_10_fu_2890_p2         |      icmp|   0|  0|  12|          13|          13|
    |icmp_ln1039_11_fu_2899_p2         |      icmp|   0|  0|  12|          13|          13|
    |icmp_ln1039_12_fu_2908_p2         |      icmp|   0|  0|  12|          13|          13|
    |icmp_ln1039_13_fu_2917_p2         |      icmp|   0|  0|  12|          13|          13|
    |icmp_ln1039_14_fu_2926_p2         |      icmp|   0|  0|  12|          13|          13|
    |icmp_ln1039_1_fu_2809_p2          |      icmp|   0|  0|  12|          13|          13|
    |icmp_ln1039_2_fu_2818_p2          |      icmp|   0|  0|  12|          13|          13|
    |icmp_ln1039_3_fu_2827_p2          |      icmp|   0|  0|  12|          13|          13|
    |icmp_ln1039_4_fu_2836_p2          |      icmp|   0|  0|  12|          13|          13|
    |icmp_ln1039_5_fu_2845_p2          |      icmp|   0|  0|  12|          13|          13|
    |icmp_ln1039_6_fu_2854_p2          |      icmp|   0|  0|  12|          13|          13|
    |icmp_ln1039_7_fu_2863_p2          |      icmp|   0|  0|  12|          13|          13|
    |icmp_ln1039_8_fu_2872_p2          |      icmp|   0|  0|  12|          13|          13|
    |icmp_ln1039_9_fu_2881_p2          |      icmp|   0|  0|  12|          13|          13|
    |icmp_ln1039_fu_2800_p2            |      icmp|   0|  0|  12|          13|          13|
    |icmp_ln249_fu_1223_p2             |      icmp|   0|  0|  15|          23|          23|
    |icmp_ln253_fu_1235_p2             |      icmp|   0|  0|  18|          32|           1|
    |icmp_ln272_fu_2703_p2             |      icmp|   0|  0|  18|          32|           1|
    |icmp_ln290_fu_2715_p2             |      icmp|   0|  0|  18|          32|           8|
    |icmp_ln302_fu_2732_p2             |      icmp|   0|  0|  18|          32|           6|
    |ap_block_state1_pp0_stage0_iter0  |        or|   0|  0|   2|           1|           1|
    |grp_fu_3196_p2                    |    select|   0|  0|  13|           1|           1|
    |nf_3_fu_2738_p3                   |    select|   0|  0|  32|           1|           1|
    |result_V_fu_2935_p2               |       xor|   0|  0|   2|           1|           2|
    |xor_ln1039_10_fu_3034_p2          |       xor|   0|  0|   2|           1|           2|
    |xor_ln1039_11_fu_3043_p2          |       xor|   0|  0|   2|           1|           2|
    |xor_ln1039_12_fu_3052_p2          |       xor|   0|  0|   2|           1|           2|
    |xor_ln1039_13_fu_3061_p2          |       xor|   0|  0|   2|           1|           2|
    |xor_ln1039_1_fu_2953_p2           |       xor|   0|  0|   2|           1|           2|
    |xor_ln1039_2_fu_2962_p2           |       xor|   0|  0|   2|           1|           2|
    |xor_ln1039_3_fu_2971_p2           |       xor|   0|  0|   2|           1|           2|
    |xor_ln1039_4_fu_2980_p2           |       xor|   0|  0|   2|           1|           2|
    |xor_ln1039_5_fu_2989_p2           |       xor|   0|  0|   2|           1|           2|
    |xor_ln1039_6_fu_2998_p2           |       xor|   0|  0|   2|           1|           2|
    |xor_ln1039_7_fu_3007_p2           |       xor|   0|  0|   2|           1|           2|
    |xor_ln1039_8_fu_3016_p2           |       xor|   0|  0|   2|           1|           2|
    |xor_ln1039_9_fu_3025_p2           |       xor|   0|  0|   2|           1|           2|
    |xor_ln1039_fu_2944_p2             |       xor|   0|  0|   2|           1|           2|
    +----------------------------------+----------+----+---+----+------------+------------+
    |Total                             |          |   0|  0| 568|         491|         310|
    +----------------------------------+----------+----+---+----+------------+------------+

    * Multiplexer: 
    +----------------------------------------+----+-----------+-----+-----------+
    |                  Name                  | LUT| Input Size| Bits| Total Bits|
    +----------------------------------------+----+-----------+-----+-----------+
    |ap_NS_iter1_fsm                         |  14|          3|    2|          6|
    |ap_NS_iter2_fsm                         |  14|          3|    2|          6|
    |ap_NS_iter3_fsm                         |  14|          3|    2|          6|
    |ap_NS_iter4_fsm                         |  14|          3|    2|          6|
    |ap_NS_iter5_fsm                         |  14|          3|    2|          6|
    |ap_NS_iter6_fsm                         |  14|          3|    2|          6|
    |ap_done_int                             |   9|          2|    1|          2|
    |ap_loop_exit_ready_pp0_iter6_reg        |   9|          2|    1|          2|
    |ap_phi_mux_inElem_1_phi_fu_1193_p4      |   9|          2|    4|          8|
    |ap_phi_reg_pp0_iter1_inElem_1_reg_1190  |   9|          2|    4|          8|
    |ap_sig_allocacmp_add_i4_i338_load       |   9|          2|   13|         26|
    |ap_sig_allocacmp_i_1                    |   9|          2|   23|         46|
    |ap_sig_allocacmp_nf_2                   |   9|          2|   32|         64|
    |ap_sig_allocacmp_sf_1                   |   9|          2|   32|         64|
    |i_fu_388                                |   9|          2|   23|         46|
    |in0_V_TDATA_blk_n                       |   9|          2|    1|          2|
    |nf_1_fu_972                             |   9|          2|   32|         64|
    |out_V_TDATA_blk_n                       |   9|          2|    1|          2|
    |sf_fu_384                               |  14|          3|   32|         96|
    |weights_V_TDATA_blk_n                   |   9|          2|    1|          2|
    +----------------------------------------+----+-----------+-----+-----------+
    |Total                                   | 215|         47|  212|        468|
    +----------------------------------------+----+-----------+-----+-----------+

    * Register: 
    +----------------------------------------+----+----+-----+-----------+
    |                  Name                  | FF | LUT| Bits| Const Bits|
    +----------------------------------------+----+----+-----+-----------+
    |W_packed_V_reg_4138                     |   4|   0|    4|          0|
    |add_i4_i338_fu_392                      |  13|   0|   13|          0|
    |add_ln840_12_reg_4327                   |   3|   0|    3|          0|
    |add_ln840_6_reg_4317                    |   3|   0|    3|          0|
    |add_ln840_9_reg_4322                    |   3|   0|    3|          0|
    |ap_CS_iter0_fsm                         |   1|   0|    1|          0|
    |ap_CS_iter1_fsm                         |   2|   0|    2|          0|
    |ap_CS_iter2_fsm                         |   2|   0|    2|          0|
    |ap_CS_iter3_fsm                         |   2|   0|    2|          0|
    |ap_CS_iter4_fsm                         |   2|   0|    2|          0|
    |ap_CS_iter5_fsm                         |   2|   0|    2|          0|
    |ap_CS_iter6_fsm                         |   2|   0|    2|          0|
    |ap_done_reg                             |   1|   0|    1|          0|
    |ap_loop_exit_ready_pp0_iter1_reg        |   1|   0|    1|          0|
    |ap_loop_exit_ready_pp0_iter2_reg        |   1|   0|    1|          0|
    |ap_loop_exit_ready_pp0_iter3_reg        |   1|   0|    1|          0|
    |ap_loop_exit_ready_pp0_iter4_reg        |   1|   0|    1|          0|
    |ap_loop_exit_ready_pp0_iter5_reg        |   1|   0|    1|          0|
    |ap_loop_exit_ready_pp0_iter6_reg        |   1|   0|    1|          0|
    |ap_phi_reg_pp0_iter1_inElem_1_reg_1190  |   4|   0|    4|          0|
    |i_fu_388                                |  23|   0|   23|          0|
    |icmp_ln1039_10_reg_4292                 |   1|   0|    1|          0|
    |icmp_ln1039_11_reg_4297                 |   1|   0|    1|          0|
    |icmp_ln1039_12_reg_4302                 |   1|   0|    1|          0|
    |icmp_ln1039_13_reg_4307                 |   1|   0|    1|          0|
    |icmp_ln1039_14_reg_4312                 |   1|   0|    1|          0|
    |icmp_ln1039_1_reg_4247                  |   1|   0|    1|          0|
    |icmp_ln1039_2_reg_4252                  |   1|   0|    1|          0|
    |icmp_ln1039_3_reg_4257                  |   1|   0|    1|          0|
    |icmp_ln1039_4_reg_4262                  |   1|   0|    1|          0|
    |icmp_ln1039_5_reg_4267                  |   1|   0|    1|          0|
    |icmp_ln1039_6_reg_4272                  |   1|   0|    1|          0|
    |icmp_ln1039_7_reg_4277                  |   1|   0|    1|          0|
    |icmp_ln1039_8_reg_4282                  |   1|   0|    1|          0|
    |icmp_ln1039_9_reg_4287                  |   1|   0|    1|          0|
    |icmp_ln1039_reg_4242                    |   1|   0|    1|          0|
    |icmp_ln249_reg_4117                     |   1|   0|    1|          0|
    |icmp_ln249_reg_4117_pp0_iter1_reg       |   1|   0|    1|          0|
    |icmp_ln249_reg_4117_pp0_iter2_reg       |   1|   0|    1|          0|
    |icmp_ln249_reg_4117_pp0_iter3_reg       |   1|   0|    1|          0|
    |icmp_ln249_reg_4117_pp0_iter4_reg       |   1|   0|    1|          0|
    |icmp_ln249_reg_4117_pp0_iter5_reg       |   1|   0|    1|          0|
    |icmp_ln253_reg_4121                     |   1|   0|    1|          0|
    |icmp_ln272_reg_4143                     |   1|   0|    1|          0|
    |icmp_ln272_reg_4143_pp0_iter1_reg       |   1|   0|    1|          0|
    |icmp_ln272_reg_4143_pp0_iter2_reg       |   1|   0|    1|          0|
    |icmp_ln290_reg_4148                     |   1|   0|    1|          0|
    |icmp_ln290_reg_4148_pp0_iter1_reg       |   1|   0|    1|          0|
    |icmp_ln290_reg_4148_pp0_iter2_reg       |   1|   0|    1|          0|
    |icmp_ln290_reg_4148_pp0_iter3_reg       |   1|   0|    1|          0|
    |icmp_ln290_reg_4148_pp0_iter4_reg       |   1|   0|    1|          0|
    |icmp_ln290_reg_4148_pp0_iter5_reg       |   1|   0|    1|          0|
    |inElem_reg_4130                         |   4|   0|    4|          0|
    |inputBuf_V_100_fu_796                   |   4|   0|    4|          0|
    |inputBuf_V_101_fu_800                   |   4|   0|    4|          0|
    |inputBuf_V_102_fu_804                   |   4|   0|    4|          0|
    |inputBuf_V_103_fu_808                   |   4|   0|    4|          0|
    |inputBuf_V_104_fu_812                   |   4|   0|    4|          0|
    |inputBuf_V_105_fu_816                   |   4|   0|    4|          0|
    |inputBuf_V_106_fu_820                   |   4|   0|    4|          0|
    |inputBuf_V_107_fu_824                   |   4|   0|    4|          0|
    |inputBuf_V_108_fu_828                   |   4|   0|    4|          0|
    |inputBuf_V_109_fu_832                   |   4|   0|    4|          0|
    |inputBuf_V_10_fu_436                    |   4|   0|    4|          0|
    |inputBuf_V_110_fu_836                   |   4|   0|    4|          0|
    |inputBuf_V_111_fu_840                   |   4|   0|    4|          0|
    |inputBuf_V_112_fu_844                   |   4|   0|    4|          0|
    |inputBuf_V_113_fu_848                   |   4|   0|    4|          0|
    |inputBuf_V_114_fu_852                   |   4|   0|    4|          0|
    |inputBuf_V_115_fu_856                   |   4|   0|    4|          0|
    |inputBuf_V_116_fu_860                   |   4|   0|    4|          0|
    |inputBuf_V_117_fu_864                   |   4|   0|    4|          0|
    |inputBuf_V_118_fu_868                   |   4|   0|    4|          0|
    |inputBuf_V_119_fu_872                   |   4|   0|    4|          0|
    |inputBuf_V_11_fu_440                    |   4|   0|    4|          0|
    |inputBuf_V_120_fu_876                   |   4|   0|    4|          0|
    |inputBuf_V_121_fu_880                   |   4|   0|    4|          0|
    |inputBuf_V_122_fu_884                   |   4|   0|    4|          0|
    |inputBuf_V_123_fu_888                   |   4|   0|    4|          0|
    |inputBuf_V_124_fu_892                   |   4|   0|    4|          0|
    |inputBuf_V_125_fu_896                   |   4|   0|    4|          0|
    |inputBuf_V_126_fu_900                   |   4|   0|    4|          0|
    |inputBuf_V_127_fu_904                   |   4|   0|    4|          0|
    |inputBuf_V_128_fu_908                   |   4|   0|    4|          0|
    |inputBuf_V_129_fu_912                   |   4|   0|    4|          0|
    |inputBuf_V_12_fu_444                    |   4|   0|    4|          0|
    |inputBuf_V_130_fu_916                   |   4|   0|    4|          0|
    |inputBuf_V_131_fu_920                   |   4|   0|    4|          0|
    |inputBuf_V_132_fu_924                   |   4|   0|    4|          0|
    |inputBuf_V_133_fu_928                   |   4|   0|    4|          0|
    |inputBuf_V_134_fu_932                   |   4|   0|    4|          0|
    |inputBuf_V_135_fu_936                   |   4|   0|    4|          0|
    |inputBuf_V_136_fu_940                   |   4|   0|    4|          0|
    |inputBuf_V_137_fu_944                   |   4|   0|    4|          0|
    |inputBuf_V_138_fu_948                   |   4|   0|    4|          0|
    |inputBuf_V_139_fu_952                   |   4|   0|    4|          0|
    |inputBuf_V_13_fu_448                    |   4|   0|    4|          0|
    |inputBuf_V_140_fu_956                   |   4|   0|    4|          0|
    |inputBuf_V_141_fu_960                   |   4|   0|    4|          0|
    |inputBuf_V_142_fu_964                   |   4|   0|    4|          0|
    |inputBuf_V_143_fu_968                   |   4|   0|    4|          0|
    |inputBuf_V_14_fu_452                    |   4|   0|    4|          0|
    |inputBuf_V_15_fu_456                    |   4|   0|    4|          0|
    |inputBuf_V_16_fu_460                    |   4|   0|    4|          0|
    |inputBuf_V_17_fu_464                    |   4|   0|    4|          0|
    |inputBuf_V_18_fu_468                    |   4|   0|    4|          0|
    |inputBuf_V_19_fu_472                    |   4|   0|    4|          0|
    |inputBuf_V_1_fu_400                     |   4|   0|    4|          0|
    |inputBuf_V_20_fu_476                    |   4|   0|    4|          0|
    |inputBuf_V_21_fu_480                    |   4|   0|    4|          0|
    |inputBuf_V_22_fu_484                    |   4|   0|    4|          0|
    |inputBuf_V_23_fu_488                    |   4|   0|    4|          0|
    |inputBuf_V_24_fu_492                    |   4|   0|    4|          0|
    |inputBuf_V_25_fu_496                    |   4|   0|    4|          0|
    |inputBuf_V_26_fu_500                    |   4|   0|    4|          0|
    |inputBuf_V_27_fu_504                    |   4|   0|    4|          0|
    |inputBuf_V_28_fu_508                    |   4|   0|    4|          0|
    |inputBuf_V_29_fu_512                    |   4|   0|    4|          0|
    |inputBuf_V_2_fu_404                     |   4|   0|    4|          0|
    |inputBuf_V_30_fu_516                    |   4|   0|    4|          0|
    |inputBuf_V_31_fu_520                    |   4|   0|    4|          0|
    |inputBuf_V_32_fu_524                    |   4|   0|    4|          0|
    |inputBuf_V_33_fu_528                    |   4|   0|    4|          0|
    |inputBuf_V_34_fu_532                    |   4|   0|    4|          0|
    |inputBuf_V_35_fu_536                    |   4|   0|    4|          0|
    |inputBuf_V_36_fu_540                    |   4|   0|    4|          0|
    |inputBuf_V_37_fu_544                    |   4|   0|    4|          0|
    |inputBuf_V_38_fu_548                    |   4|   0|    4|          0|
    |inputBuf_V_39_fu_552                    |   4|   0|    4|          0|
    |inputBuf_V_3_fu_408                     |   4|   0|    4|          0|
    |inputBuf_V_40_fu_556                    |   4|   0|    4|          0|
    |inputBuf_V_41_fu_560                    |   4|   0|    4|          0|
    |inputBuf_V_42_fu_564                    |   4|   0|    4|          0|
    |inputBuf_V_43_fu_568                    |   4|   0|    4|          0|
    |inputBuf_V_44_fu_572                    |   4|   0|    4|          0|
    |inputBuf_V_45_fu_576                    |   4|   0|    4|          0|
    |inputBuf_V_46_fu_580                    |   4|   0|    4|          0|
    |inputBuf_V_47_fu_584                    |   4|   0|    4|          0|
    |inputBuf_V_48_fu_588                    |   4|   0|    4|          0|
    |inputBuf_V_49_fu_592                    |   4|   0|    4|          0|
    |inputBuf_V_4_fu_412                     |   4|   0|    4|          0|
    |inputBuf_V_50_fu_596                    |   4|   0|    4|          0|
    |inputBuf_V_51_fu_600                    |   4|   0|    4|          0|
    |inputBuf_V_52_fu_604                    |   4|   0|    4|          0|
    |inputBuf_V_53_fu_608                    |   4|   0|    4|          0|
    |inputBuf_V_54_fu_612                    |   4|   0|    4|          0|
    |inputBuf_V_55_fu_616                    |   4|   0|    4|          0|
    |inputBuf_V_56_fu_620                    |   4|   0|    4|          0|
    |inputBuf_V_57_fu_624                    |   4|   0|    4|          0|
    |inputBuf_V_58_fu_628                    |   4|   0|    4|          0|
    |inputBuf_V_59_fu_632                    |   4|   0|    4|          0|
    |inputBuf_V_5_fu_416                     |   4|   0|    4|          0|
    |inputBuf_V_60_fu_636                    |   4|   0|    4|          0|
    |inputBuf_V_61_fu_640                    |   4|   0|    4|          0|
    |inputBuf_V_62_fu_644                    |   4|   0|    4|          0|
    |inputBuf_V_63_fu_648                    |   4|   0|    4|          0|
    |inputBuf_V_64_fu_652                    |   4|   0|    4|          0|
    |inputBuf_V_65_fu_656                    |   4|   0|    4|          0|
    |inputBuf_V_66_fu_660                    |   4|   0|    4|          0|
    |inputBuf_V_67_fu_664                    |   4|   0|    4|          0|
    |inputBuf_V_68_fu_668                    |   4|   0|    4|          0|
    |inputBuf_V_69_fu_672                    |   4|   0|    4|          0|
    |inputBuf_V_6_fu_420                     |   4|   0|    4|          0|
    |inputBuf_V_70_fu_676                    |   4|   0|    4|          0|
    |inputBuf_V_71_fu_680                    |   4|   0|    4|          0|
    |inputBuf_V_72_fu_684                    |   4|   0|    4|          0|
    |inputBuf_V_73_fu_688                    |   4|   0|    4|          0|
    |inputBuf_V_74_fu_692                    |   4|   0|    4|          0|
    |inputBuf_V_75_fu_696                    |   4|   0|    4|          0|
    |inputBuf_V_76_fu_700                    |   4|   0|    4|          0|
    |inputBuf_V_77_fu_704                    |   4|   0|    4|          0|
    |inputBuf_V_78_fu_708                    |   4|   0|    4|          0|
    |inputBuf_V_79_fu_712                    |   4|   0|    4|          0|
    |inputBuf_V_7_fu_424                     |   4|   0|    4|          0|
    |inputBuf_V_80_fu_716                    |   4|   0|    4|          0|
    |inputBuf_V_81_fu_720                    |   4|   0|    4|          0|
    |inputBuf_V_82_fu_724                    |   4|   0|    4|          0|
    |inputBuf_V_83_fu_728                    |   4|   0|    4|          0|
    |inputBuf_V_84_fu_732                    |   4|   0|    4|          0|
    |inputBuf_V_85_fu_736                    |   4|   0|    4|          0|
    |inputBuf_V_86_fu_740                    |   4|   0|    4|          0|
    |inputBuf_V_87_fu_744                    |   4|   0|    4|          0|
    |inputBuf_V_88_fu_748                    |   4|   0|    4|          0|
    |inputBuf_V_89_fu_752                    |   4|   0|    4|          0|
    |inputBuf_V_8_fu_428                     |   4|   0|    4|          0|
    |inputBuf_V_90_fu_756                    |   4|   0|    4|          0|
    |inputBuf_V_91_fu_760                    |   4|   0|    4|          0|
    |inputBuf_V_92_fu_764                    |   4|   0|    4|          0|
    |inputBuf_V_93_fu_768                    |   4|   0|    4|          0|
    |inputBuf_V_94_fu_772                    |   4|   0|    4|          0|
    |inputBuf_V_95_fu_776                    |   4|   0|    4|          0|
    |inputBuf_V_96_fu_780                    |   4|   0|    4|          0|
    |inputBuf_V_97_fu_784                    |   4|   0|    4|          0|
    |inputBuf_V_98_fu_788                    |   4|   0|    4|          0|
    |inputBuf_V_99_fu_792                    |   4|   0|    4|          0|
    |inputBuf_V_9_fu_432                     |   4|   0|    4|          0|
    |inputBuf_V_fu_396                       |   4|   0|    4|          0|
    |nf_1_fu_972                             |  32|   0|   32|          0|
    |nf_2_reg_4112                           |  32|   0|   32|          0|
    |nf_2_reg_4112_pp0_iter1_reg             |  32|   0|   32|          0|
    |nf_2_reg_4112_pp0_iter2_reg             |  32|   0|   32|          0|
    |sf_fu_384                               |  32|   0|   32|          0|
    +----------------------------------------+----+----+-----+-----------+
    |Total                                   | 844|   0|  844|          0|
    +----------------------------------------+----+----+-----+-----------+



================================================================
== Interface
================================================================
* Summary: 
+------------------+-----+-----+------------+-------------------------------------+--------------+
|     RTL Ports    | Dir | Bits|  Protocol  |            Source Object            |    C Type    |
+------------------+-----+-----+------------+-------------------------------------+--------------+
|ap_clk            |   in|    1|  ap_ctrl_hs|  Matrix_Vector_Activate_Stream_Batch|  return value|
|ap_rst            |   in|    1|  ap_ctrl_hs|  Matrix_Vector_Activate_Stream_Batch|  return value|
|ap_start          |   in|    1|  ap_ctrl_hs|  Matrix_Vector_Activate_Stream_Batch|  return value|
|ap_done           |  out|    1|  ap_ctrl_hs|  Matrix_Vector_Activate_Stream_Batch|  return value|
|ap_idle           |  out|    1|  ap_ctrl_hs|  Matrix_Vector_Activate_Stream_Batch|  return value|
|ap_ready          |  out|    1|  ap_ctrl_hs|  Matrix_Vector_Activate_Stream_Batch|  return value|
|in0_V_TVALID      |   in|    1|        axis|                                in0_V|       pointer|
|in0_V_TDATA       |   in|    8|        axis|                                in0_V|       pointer|
|in0_V_TREADY      |  out|    1|        axis|                                in0_V|       pointer|
|weights_V_TVALID  |   in|    1|        axis|                            weights_V|       pointer|
|weights_V_TDATA   |   in|    8|        axis|                            weights_V|       pointer|
|weights_V_TREADY  |  out|    1|        axis|                            weights_V|       pointer|
|out_V_TREADY      |   in|    1|        axis|                                out_V|       pointer|
|out_V_TDATA       |  out|    8|        axis|                                out_V|       pointer|
|out_V_TVALID      |  out|    1|        axis|                                out_V|       pointer|
+------------------+-----+-----+------------+-------------------------------------+--------------+

