

================================================================
== Synthesis Summary Report of 'StreamingDataWidthConverter_Batch_0'
================================================================
+ General Information: 
    * Date:           Fri Jun 12 09:19:35 2026
    * Version:        2022.2.2 (Build 3779808 on Feb 17 2023)
    * Project:        project_StreamingDataWidthConverter_Batch_0
    * Solution:       sol1 (Vivado IP Flow Target)
    * Product family: zynq
    * Target device:  xc7z020-clg400-1
    

+ Performance & Resource Estimates: 
    
    PS: '+' for module; 'o' for loop; '*' for dataflow
    +---------------------------------------+--------+-------+---------+-----------+----------+---------+-------+----------+------+----+-----------+-----------+-----+
    |                Modules                |  Issue |       | Latency |  Latency  | Iteration|         |  Trip |          |      |    |           |           |     |
    |                & Loops                |  Type  | Slack | (cycles)|    (ns)   |  Latency | Interval| Count | Pipelined| BRAM | DSP|     FF    |    LUT    | URAM|
    +---------------------------------------+--------+-------+---------+-----------+----------+---------+-------+----------+------+----+-----------+-----------+-----+
    |+ StreamingDataWidthConverter_Batch_0  |  Timing|  -0.29|    65539|  6.554e+05|         -|    65540|      -|        no|     -|   -|  122 (~0%)|  204 (~0%)|    -|
    | o VITIS_LOOP_481_3                    |       -|   7.30|    65537|  6.554e+05|         3|        1|  65536|  yes(flp)|     -|   -|          -|          -|    -|
    +---------------------------------------+--------+-------+---------+-----------+----------+---------+-------+----------+------+----+-----------+-----------+-----+


================================================================
== HW Interfaces
================================================================
* AXIS
+-----------+---------------+-------+--------+--------+
| Interface | Register Mode | TDATA | TREADY | TVALID |
+-----------+---------------+-------+--------+--------+
| in0_V     | both          | 8     | 1      | 1      |
| out_V     | both          | 64    | 1      | 1      |
+-----------+---------------+-------+--------+--------+

* TOP LEVEL CONTROL
+-----------+--------------+----------+
| Interface | Type         | Ports    |
+-----------+--------------+----------+
| ap_clk    | clock        | ap_clk   |
| ap_rst_n  | reset        | ap_rst_n |
| ap_ctrl   | ap_ctrl_none |          |
+-----------+--------------+----------+


================================================================
== SW I/O Information
================================================================
* Top Function Arguments
+----------+-----------+-------------------------+
| Argument | Direction | Datatype                |
+----------+-----------+-------------------------+
| in0      | in        | stream<ap_uint<4>, 0>&  |
| out      | out       | stream<ap_uint<64>, 0>& |
+----------+-----------+-------------------------+

* SW-to-HW Mapping
+----------+--------------+-----------+
| Argument | HW Interface | HW Type   |
+----------+--------------+-----------+
| in0      | in0_V        | interface |
| out      | out_V        | interface |
+----------+--------------+-----------+


================================================================
== Bind Op Report
================================================================
+---------------------------------------+-----+--------+----------+-----+--------+---------+
| Name                                  | DSP | Pragma | Variable | Op  | Impl   | Latency |
+---------------------------------------+-----+--------+----------+-----+--------+---------+
| + StreamingDataWidthConverter_Batch_0 | 0   |        |          |     |        |         |
|   t_2_fu_111_p2                       | -   |        | t_2      | add | fabric | 0       |
|   i_1_fu_124_p2                       | -   |        | i_1      | add | fabric | 0       |
+---------------------------------------+-----+--------+----------+-----+--------+---------+


================================================================
== Bind Storage Report
================================================================
  No bind storage info in design

================================================================
== Pragma Report
================================================================
* Valid Pragma Syntax
+-----------------+-----------------------------------------------+-----------------------------------------------------------------------------------------------------------------------+
| Type            | Options                                       | Location                                                                                                              |
+-----------------+-----------------------------------------------+-----------------------------------------------------------------------------------------------------------------------+
| inline          |                                               | ../../../../deps/finn-hlslib/convlayer.h:113 in convlayer_batch                                                       |
| inline          |                                               | ../../../../deps/finn-hlslib/convlayer.h:198 in convlayer_batch_tmr                                                   |
| inline          |                                               | ../../../../deps/finn-hlslib/convlayer.h:284 in convlayer_batch_mmv                                                   |
| pipeline        | style=flp II=1                                | ../../../../deps/finn-hlslib/dma.h:141 in mem2stream                                                                  |
| pipeline        | style=flp II=1                                | ../../../../deps/finn-hlslib/dma.h:154 in stream2mem                                                                  |
| pipeline        | style=flp II=1                                | ../../../../deps/finn-hlslib/dma.h:224 in genparamstream                                                              |
| inline          |                                               | ../../../../deps/finn-hlslib/interpret.hpp:62 in xnormul                                                              |
| inline          |                                               | ../../../../deps/finn-hlslib/interpret.hpp:67 in operator*                                                            |
| inline          |                                               | ../../../../deps/finn-hlslib/interpret.hpp:72 in operator*                                                            |
| inline          |                                               | ../../../../deps/finn-hlslib/interpret.hpp:80 in binary                                                               |
| inline          |                                               | ../../../../deps/finn-hlslib/interpret.hpp:89 in operator*                                                            |
| inline          |                                               | ../../../../deps/finn-hlslib/interpret.hpp:97 in operator*                                                            |
| inline          |                                               | ../../../../deps/finn-hlslib/interpret.hpp:102 in operator*                                                           |
| inline          |                                               | ../../../../deps/finn-hlslib/interpret.hpp:116 in operator()                                                          |
| inline          |                                               | ../../../../deps/finn-hlslib/interpret.hpp:122 in operator()                                                          |
| inline          |                                               | ../../../../deps/finn-hlslib/interpret.hpp:138 in container<tv>                                                       |
| inline          |                                               | ../../../../deps/finn-hlslib/interpret.hpp:143 in operator[]                                                          |
| inline          |                                               | ../../../../deps/finn-hlslib/interpret.hpp:147 in operator[]                                                          |
| inline          |                                               | ../../../../deps/finn-hlslib/interpret.hpp:151 in operator()                                                          |
| inline          |                                               | ../../../../deps/finn-hlslib/interpret.hpp:155 in operator const type-parameter-1-0 &                                 |
| inline          |                                               | ../../../../deps/finn-hlslib/interpret.hpp:163 in operator()                                                          |
| inline          |                                               | ../../../../deps/finn-hlslib/interpret.hpp:168 in operator()                                                          |
| inline          |                                               | ../../../../deps/finn-hlslib/interpret.hpp:173 in operator()                                                          |
| inline          |                                               | ../../../../deps/finn-hlslib/interpret.hpp:204 in container<tv>                                                       |
| inline          |                                               | ../../../../deps/finn-hlslib/interpret.hpp:207 in container<tv>                                                       |
| inline          |                                               | ../../../../deps/finn-hlslib/interpret.hpp:211 in operator()                                                          |
| inline          |                                               | ../../../../deps/finn-hlslib/interpret.hpp:215 in operator()                                                          |
| inline          |                                               | ../../../../deps/finn-hlslib/interpret.hpp:220 in operator[]                                                          |
| inline          |                                               | ../../../../deps/finn-hlslib/interpret.hpp:224 in operator const type-parameter-1-0 &                                 |
| inline          |                                               | ../../../../deps/finn-hlslib/interpret.hpp:232 in operator()                                                          |
| inline          |                                               | ../../../../deps/finn-hlslib/interpret.hpp:237 in operator()                                                          |
| inline          |                                               | ../../../../deps/finn-hlslib/interpret.hpp:242 in operator()                                                          |
| inline          |                                               | ../../../../deps/finn-hlslib/interpret.hpp:261 in container<tv>                                                       |
| inline          |                                               | ../../../../deps/finn-hlslib/interpret.hpp:264 in container<tv>                                                       |
| inline          |                                               | ../../../../deps/finn-hlslib/interpret.hpp:267 in container<tv>                                                       |
| inline          |                                               | ../../../../deps/finn-hlslib/interpret.hpp:271 in operator const type-parameter-1-0 &                                 |
| inline          |                                               | ../../../../deps/finn-hlslib/interpret.hpp:275 in operator()                                                          |
| inline          |                                               | ../../../../deps/finn-hlslib/interpret.hpp:279 in operator()                                                          |
| inline          |                                               | ../../../../deps/finn-hlslib/interpret.hpp:284 in operator[]                                                          |
| inline          |                                               | ../../../../deps/finn-hlslib/interpret.hpp:292 in operator()                                                          |
| inline          |                                               | ../../../../deps/finn-hlslib/interpret.hpp:297 in operator()                                                          |
| inline          |                                               | ../../../../deps/finn-hlslib/interpret.hpp:302 in operator()                                                          |
| inline          |                                               | ../../../../deps/finn-hlslib/mac.hpp:89 in mul                                                                        |
| inline          |                                               | ../../../../deps/finn-hlslib/mac.hpp:114 in mul                                                                       |
| bind_op         | variable=res op=mul impl=fabric               | ../../../../deps/finn-hlslib/mac.hpp:116 in mul, res                                                                  |
| inline          |                                               | ../../../../deps/finn-hlslib/mac.hpp:140 in mul                                                                       |
| bind_op         | variable=res op=mul impl=dsp                  | ../../../../deps/finn-hlslib/mac.hpp:142 in mul, res                                                                  |
| inline          |                                               | ../../../../deps/finn-hlslib/mac.hpp:165 in mac                                                                       |
| unroll          |                                               | ../../../../deps/finn-hlslib/mac.hpp:168 in mac                                                                       |
| inline          |                                               | ../../../../deps/finn-hlslib/mac.hpp:192 in mac                                                                       |
| unroll          |                                               | ../../../../deps/finn-hlslib/mac.hpp:195 in mac                                                                       |
| inline          |                                               | ../../../../deps/finn-hlslib/mac.hpp:202 in mac                                                                       |
| unroll          |                                               | ../../../../deps/finn-hlslib/maxpool.h:74 in streamingmaxpool                                                         |
| pipeline        | style=flp II=1                                | ../../../../deps/finn-hlslib/maxpool.h:83 in streamingmaxpool                                                         |
| pipeline        | style=flp II=1                                | ../../../../deps/finn-hlslib/maxpool.h:91 in streamingmaxpool                                                         |
| array_partition | variable=buf complete dim=2                   | ../../../../deps/finn-hlslib/maxpool.h:146 in streamingmaxpool_precision, buf                                         |
| unroll          |                                               | ../../../../deps/finn-hlslib/maxpool.h:149 in streamingmaxpool_precision                                              |
| pipeline        | style=flp II=1                                | ../../../../deps/finn-hlslib/maxpool.h:159 in streamingmaxpool_precision                                              |
| unroll          |                                               | ../../../../deps/finn-hlslib/maxpool.h:162 in streamingmaxpool_precision                                              |
| unroll          |                                               | ../../../../deps/finn-hlslib/maxpool.h:176 in streamingmaxpool_precision                                              |
| inline          |                                               | ../../../../deps/finn-hlslib/maxpool.h:210 in streamingmaxpool_precision_batch                                        |
| array_partition | variable=buf complete dim=2                   | ../../../../deps/finn-hlslib/maxpool.h:255 in streamingmaxpool_precision_1d, buf                                      |
| pipeline        | style=flp II=1                                | ../../../../deps/finn-hlslib/maxpool.h:258 in streamingmaxpool_precision_1d                                           |
| unroll          |                                               | ../../../../deps/finn-hlslib/maxpool.h:260 in streamingmaxpool_precision_1d                                           |
| pipeline        | style=flp II=1                                | ../../../../deps/finn-hlslib/maxpool.h:272 in streamingmaxpool_precision_1d                                           |
| unroll          |                                               | ../../../../deps/finn-hlslib/maxpool.h:275 in streamingmaxpool_precision_1d                                           |
| pipeline        | style=flp II=1                                | ../../../../deps/finn-hlslib/maxpool.h:288 in streamingmaxpool_precision_1d                                           |
| unroll          |                                               | ../../../../deps/finn-hlslib/maxpool.h:290 in streamingmaxpool_precision_1d                                           |
| pipeline        | style=flp II=1                                | ../../../../deps/finn-hlslib/maxpool.h:302 in streamingmaxpool_precision_1d                                           |
| inline          |                                               | ../../../../deps/finn-hlslib/maxpool.h:331 in streamingmaxpool_precision_batch_1d                                     |
| pipeline        | style=flp II=1                                | ../../../../deps/finn-hlslib/maxpool.h:370 in relu_batch                                                              |
| unroll          |                                               | ../../../../deps/finn-hlslib/maxpool.h:373 in relu_batch                                                              |
| bind_storage    | variable=accumulators type=RAM_2P impl=LUTRAM | ../../../../deps/finn-hlslib/maxpool.h:415 in accpool_batch, accumulators                                             |
| pipeline        | style=flp II=1                                | ../../../../deps/finn-hlslib/maxpool.h:421 in accpool_batch                                                           |
| unroll          |                                               | ../../../../deps/finn-hlslib/maxpool.h:425 in accpool_batch                                                           |
| array_partition | variable=topval complete dim=1                | ../../../../deps/finn-hlslib/maxpool.h:477 in labelselect_batch, topval                                               |
| array_partition | variable=toplabels complete dim=1             | ../../../../deps/finn-hlslib/maxpool.h:479 in labelselect_batch, toplabels                                            |
| unroll          |                                               | ../../../../deps/finn-hlslib/maxpool.h:484 in labelselect_batch                                                       |
| pipeline        | style=flp II=1                                | ../../../../deps/finn-hlslib/maxpool.h:489 in labelselect_batch                                                       |
| unroll          |                                               | ../../../../deps/finn-hlslib/maxpool.h:492 in labelselect_batch                                                       |
| unroll          |                                               | ../../../../deps/finn-hlslib/maxpool.h:501 in labelselect_batch                                                       |
| unroll          |                                               | ../../../../deps/finn-hlslib/maxpool.h:508 in labelselect_batch                                                       |
| array_partition | variable=accu complete dim=0                  | ../../../../deps/finn-hlslib/maxpool.h:570 in pool_batch, accu                                                        |
| pipeline        | style=flp II=1                                | ../../../../deps/finn-hlslib/maxpool.h:576 in pool_batch                                                              |
| unroll          |                                               | ../../../../deps/finn-hlslib/maxpool.h:583 in pool_batch                                                              |
| unroll          |                                               | ../../../../deps/finn-hlslib/maxpool.h:590 in pool_batch                                                              |
| unroll          |                                               | ../../../../deps/finn-hlslib/maxpool.h:599 in pool_batch                                                              |
| inline          |                                               | ../../../../deps/finn-hlslib/mmv.hpp:53 in operator[]                                                                 |
| array_partition | variable=inputBuf complete dim=0              | ../../../../deps/finn-hlslib/mvau.hpp:110 in matrix_vector_activate_batch, inputBuf                                   |
| array_partition | variable=accu complete dim=0                  | ../../../../deps/finn-hlslib/mvau.hpp:114 in matrix_vector_activate_batch, accu                                       |
| pipeline        | style=flp II=1                                | ../../../../deps/finn-hlslib/mvau.hpp:124 in matrix_vector_activate_batch                                             |
| unroll          |                                               | ../../../../deps/finn-hlslib/mvau.hpp:140 in matrix_vector_activate_batch                                             |
| unroll          |                                               | ../../../../deps/finn-hlslib/mvau.hpp:142 in matrix_vector_activate_batch                                             |
| unroll          |                                               | ../../../../deps/finn-hlslib/mvau.hpp:151 in matrix_vector_activate_batch                                             |
| unroll          |                                               | ../../../../deps/finn-hlslib/mvau.hpp:165 in matrix_vector_activate_batch                                             |
| unroll          |                                               | ../../../../deps/finn-hlslib/mvau.hpp:167 in matrix_vector_activate_batch                                             |
| array_partition | variable=inputBuf complete dim=1              | ../../../../deps/finn-hlslib/mvau.hpp:232 in matrix_vector_activate_stream_batch, inputBuf                            |
| array_partition | variable=accu complete dim=0                  | ../../../../deps/finn-hlslib/mvau.hpp:235 in matrix_vector_activate_stream_batch, accu                                |
| array_partition | variable=w.m_weights complete dim=0           | ../../../../deps/finn-hlslib/mvau.hpp:238 in matrix_vector_activate_stream_batch, w.m_weights                         |
| pipeline        | style=flp II=1                                | ../../../../deps/finn-hlslib/mvau.hpp:250 in matrix_vector_activate_stream_batch                                      |
| unroll          |                                               | ../../../../deps/finn-hlslib/mvau.hpp:267 in matrix_vector_activate_stream_batch                                      |
| unroll          |                                               | ../../../../deps/finn-hlslib/mvau.hpp:274 in matrix_vector_activate_stream_batch                                      |
| unroll          |                                               | ../../../../deps/finn-hlslib/mvau.hpp:281 in matrix_vector_activate_stream_batch                                      |
| unroll          |                                               | ../../../../deps/finn-hlslib/mvau.hpp:294 in matrix_vector_activate_stream_batch                                      |
| bind_storage    | variable=inputBuf type=RAM_2P                 | ../../../../deps/finn-hlslib/slidingwindow.h:74 in memory_resource, inputBuf                                          |
| bind_storage    | variable=inputBuf type=RAM_S2P impl=BRAM      | ../../../../deps/finn-hlslib/slidingwindow.h:95 in memory_resource, inputBuf                                          |
| bind_storage    | variable=inputBuf type=RAM_S2P impl=URAM      | ../../../../deps/finn-hlslib/slidingwindow.h:116 in memory_resource, inputBuf                                         |
| bind_storage    | variable=inputBuf type=RAM_S2P impl=LUTRAM    | ../../../../deps/finn-hlslib/slidingwindow.h:137 in memory_resource, inputBuf                                         |
| array_partition | variable=inputBuf complete dim=1              | ../../../../deps/finn-hlslib/slidingwindow.h:177 in convolutioninputgenerator, inputBuf                               |
| pipeline        | style=flp II=1                                | ../../../../deps/finn-hlslib/slidingwindow.h:192 in convolutioninputgenerator                                         |
| dependence      | variable=inputBuf intra false                 | ../../../../deps/finn-hlslib/slidingwindow.h:243 in convolutioninputgenerator, inputBuf                               |
| dependence      | variable=inputBuf inter false                 | ../../../../deps/finn-hlslib/slidingwindow.h:244 in convolutioninputgenerator, inputBuf                               |
| dependence      | variable=current_block_write intra false      | ../../../../deps/finn-hlslib/slidingwindow.h:254 in convolutioninputgenerator, current_block_write                    |
| dependence      | variable=inputBuf inter false                 | ../../../../deps/finn-hlslib/slidingwindow.h:308 in convolutioninputgenerator_mmv, inputBuf                           |
| dependence      | variable=inputBuf intra false                 | ../../../../deps/finn-hlslib/slidingwindow.h:309 in convolutioninputgenerator_mmv, inputBuf                           |
| array_partition | variable=inputBuf complete dim=1              | ../../../../deps/finn-hlslib/slidingwindow.h:310 in convolutioninputgenerator_mmv, inputBuf                           |
| array_partition | variable=inputBuf complete dim=2              | ../../../../deps/finn-hlslib/slidingwindow.h:311 in convolutioninputgenerator_mmv, inputBuf                           |
| pipeline        | style=flp II=1                                | ../../../../deps/finn-hlslib/slidingwindow.h:326 in convolutioninputgenerator_mmv                                     |
| unroll          |                                               | ../../../../deps/finn-hlslib/slidingwindow.h:333 in convolutioninputgenerator_mmv                                     |
| unroll          |                                               | ../../../../deps/finn-hlslib/slidingwindow.h:359 in convolutioninputgenerator_mmv                                     |
| unroll          |                                               | ../../../../deps/finn-hlslib/slidingwindow.h:392 in convolutioninputgenerator_mmv                                     |
| dependence      | variable=inputBuf intra false                 | ../../../../deps/finn-hlslib/slidingwindow.h:394 in convolutioninputgenerator_mmv, inputBuf                           |
| dependence      | variable=inputBuf inter false                 | ../../../../deps/finn-hlslib/slidingwindow.h:395 in convolutioninputgenerator_mmv, inputBuf                           |
| dependence      | variable=current_block_write intra false      | ../../../../deps/finn-hlslib/slidingwindow.h:406 in convolutioninputgenerator_mmv, current_block_write                |
| array_partition | variable=inputBuf complete dim=1              | ../../../../deps/finn-hlslib/slidingwindow.h:466 in convolutioninputgenerator_kernel_stride, inputBuf                 |
| dependence      | variable=inputBuf inter false                 | ../../../../deps/finn-hlslib/slidingwindow.h:467 in convolutioninputgenerator_kernel_stride, inputBuf                 |
| dependence      | variable=inputBuf intra false                 | ../../../../deps/finn-hlslib/slidingwindow.h:468 in convolutioninputgenerator_kernel_stride, inputBuf                 |
| dependence      | variable=current_block_write intra false      | ../../../../deps/finn-hlslib/slidingwindow.h:476 in convolutioninputgenerator_kernel_stride, current_block_write      |
| pipeline        | style=flp II=1                                | ../../../../deps/finn-hlslib/slidingwindow.h:479 in convolutioninputgenerator_kernel_stride                           |
| dependence      | variable=inputBuf inter false                 | ../../../../deps/finn-hlslib/slidingwindow.h:544 in convolutioninputgenerator_kernel_stride, inputBuf                 |
| dependence      | variable=inputBuf intra false                 | ../../../../deps/finn-hlslib/slidingwindow.h:545 in convolutioninputgenerator_kernel_stride, inputBuf                 |
| dependence      | variable=current_block_write intra false      | ../../../../deps/finn-hlslib/slidingwindow.h:554 in convolutioninputgenerator_kernel_stride, current_block_write      |
| dependence      | variable=inputBuf inter false                 | ../../../../deps/finn-hlslib/slidingwindow.h:610 in convolutioninputgenerator_kernel_stride_mmv, inputBuf             |
| dependence      | variable=inputBuf intra false                 | ../../../../deps/finn-hlslib/slidingwindow.h:611 in convolutioninputgenerator_kernel_stride_mmv, inputBuf             |
| array_partition | variable=inputBuf complete dim=1              | ../../../../deps/finn-hlslib/slidingwindow.h:612 in convolutioninputgenerator_kernel_stride_mmv, inputBuf             |
| array_partition | variable=inputBuf complete dim=2              | ../../../../deps/finn-hlslib/slidingwindow.h:613 in convolutioninputgenerator_kernel_stride_mmv, inputBuf             |
| dependence      | variable=current_block_write intra false      | ../../../../deps/finn-hlslib/slidingwindow.h:628 in convolutioninputgenerator_kernel_stride_mmv, current_block_write  |
| pipeline        | style=flp II=1                                | ../../../../deps/finn-hlslib/slidingwindow.h:631 in convolutioninputgenerator_kernel_stride_mmv                       |
| unroll          |                                               | ../../../../deps/finn-hlslib/slidingwindow.h:638 in convolutioninputgenerator_kernel_stride_mmv                       |
| unroll          |                                               | ../../../../deps/finn-hlslib/slidingwindow.h:672 in convolutioninputgenerator_kernel_stride_mmv                       |
| unroll          |                                               | ../../../../deps/finn-hlslib/slidingwindow.h:705 in convolutioninputgenerator_kernel_stride_mmv                       |
| dependence      | variable=current_block_write intra false      | ../../../../deps/finn-hlslib/slidingwindow.h:716 in convolutioninputgenerator_kernel_stride_mmv, current_block_write  |
| array_partition | variable=inputBuf complete dim=1              | ../../../../deps/finn-hlslib/slidingwindow.h:767 in convolutioninputgenerator_dws, inputBuf                           |
| pipeline        | style=flp II=1                                | ../../../../deps/finn-hlslib/slidingwindow.h:782 in convolutioninputgenerator_dws                                     |
| dependence      | variable=inputBuf intra false                 | ../../../../deps/finn-hlslib/slidingwindow.h:833 in convolutioninputgenerator_dws, inputBuf                           |
| dependence      | variable=inputBuf inter false                 | ../../../../deps/finn-hlslib/slidingwindow.h:834 in convolutioninputgenerator_dws, inputBuf                           |
| dependence      | variable=current_block_write intra false      | ../../../../deps/finn-hlslib/slidingwindow.h:844 in convolutioninputgenerator_dws, current_block_write                |
| array_partition | variable=inputBuf complete dim=1              | ../../../../deps/finn-hlslib/slidingwindow.h:903 in convolutioninputgenerator_kernel_stride_dws, inputBuf             |
| dependence      | variable=inputBuf inter false                 | ../../../../deps/finn-hlslib/slidingwindow.h:904 in convolutioninputgenerator_kernel_stride_dws, inputBuf             |
| dependence      | variable=inputBuf intra false                 | ../../../../deps/finn-hlslib/slidingwindow.h:905 in convolutioninputgenerator_kernel_stride_dws, inputBuf             |
| pipeline        | style=flp II=1                                | ../../../../deps/finn-hlslib/slidingwindow.h:915 in convolutioninputgenerator_kernel_stride_dws                       |
| dependence      | variable=current_block_write intra false      | ../../../../deps/finn-hlslib/slidingwindow.h:917 in convolutioninputgenerator_kernel_stride_dws, current_block_write  |
| dependence      | variable=inputBuf inter false                 | ../../../../deps/finn-hlslib/slidingwindow.h:983 in convolutioninputgenerator_kernel_stride_dws, inputBuf             |
| dependence      | variable=inputBuf intra false                 | ../../../../deps/finn-hlslib/slidingwindow.h:984 in convolutioninputgenerator_kernel_stride_dws, inputBuf             |
| dependence      | variable=current_block_write intra false      | ../../../../deps/finn-hlslib/slidingwindow.h:993 in convolutioninputgenerator_kernel_stride_dws, current_block_write  |
| dependence      | variable=inputBuf inter false                 | ../../../../deps/finn-hlslib/slidingwindow.h:1048 in convolutioninputgenerator_dws_mmv, inputBuf                      |
| dependence      | variable=inputBuf intra false                 | ../../../../deps/finn-hlslib/slidingwindow.h:1049 in convolutioninputgenerator_dws_mmv, inputBuf                      |
| array_partition | variable=inputBuf complete dim=1              | ../../../../deps/finn-hlslib/slidingwindow.h:1050 in convolutioninputgenerator_dws_mmv, inputBuf                      |
| array_partition | variable=inputBuf complete dim=2              | ../../../../deps/finn-hlslib/slidingwindow.h:1051 in convolutioninputgenerator_dws_mmv, inputBuf                      |
| pipeline        | style=flp II=1                                | ../../../../deps/finn-hlslib/slidingwindow.h:1066 in convolutioninputgenerator_dws_mmv                                |
| unroll          |                                               | ../../../../deps/finn-hlslib/slidingwindow.h:1073 in convolutioninputgenerator_dws_mmv                                |
| unroll          |                                               | ../../../../deps/finn-hlslib/slidingwindow.h:1099 in convolutioninputgenerator_dws_mmv                                |
| unroll          |                                               | ../../../../deps/finn-hlslib/slidingwindow.h:1132 in convolutioninputgenerator_dws_mmv                                |
| dependence      | variable=inputBuf intra false                 | ../../../../deps/finn-hlslib/slidingwindow.h:1134 in convolutioninputgenerator_dws_mmv, inputBuf                      |
| dependence      | variable=inputBuf inter false                 | ../../../../deps/finn-hlslib/slidingwindow.h:1135 in convolutioninputgenerator_dws_mmv, inputBuf                      |
| dependence      | variable=current_block_write intra false      | ../../../../deps/finn-hlslib/slidingwindow.h:1146 in convolutioninputgenerator_dws_mmv, current_block_write           |
| pipeline        | style=flp II=1                                | ../../../../deps/finn-hlslib/slidingwindow.h:1199 in convolutioninputgenerator_2d_kernel1                             |
| pipeline        | style=flp II=1                                | ../../../../deps/finn-hlslib/slidingwindow.h:1243 in convolutioninputgenerator_1d_kernel1                             |
| array_partition | variable=inputBuf complete dim=1              | ../../../../deps/finn-hlslib/slidingwindow.h:1298 in convolutioninputgenerator_nonsquare, inputBuf                    |
| pipeline        | style=flp II=1                                | ../../../../deps/finn-hlslib/slidingwindow.h:1313 in convolutioninputgenerator_nonsquare                              |
| dependence      | variable=inputBuf intra false                 | ../../../../deps/finn-hlslib/slidingwindow.h:1364 in convolutioninputgenerator_nonsquare, inputBuf                    |
| dependence      | variable=inputBuf inter false                 | ../../../../deps/finn-hlslib/slidingwindow.h:1365 in convolutioninputgenerator_nonsquare, inputBuf                    |
| dependence      | variable=current_block_write intra false      | ../../../../deps/finn-hlslib/slidingwindow.h:1375 in convolutioninputgenerator_nonsquare, current_block_write         |
| array_partition | variable=inputBuf complete dim=1              | ../../../../deps/finn-hlslib/slidingwindow.h:1432 in convolutioninputgenerator_nonsquare_dws, inputBuf                |
| pipeline        | style=flp II=1                                | ../../../../deps/finn-hlslib/slidingwindow.h:1447 in convolutioninputgenerator_nonsquare_dws                          |
| dependence      | variable=inputBuf intra false                 | ../../../../deps/finn-hlslib/slidingwindow.h:1498 in convolutioninputgenerator_nonsquare_dws, inputBuf                |
| dependence      | variable=inputBuf inter false                 | ../../../../deps/finn-hlslib/slidingwindow.h:1499 in convolutioninputgenerator_nonsquare_dws, inputBuf                |
| dependence      | variable=current_block_write intra false      | ../../../../deps/finn-hlslib/slidingwindow.h:1509 in convolutioninputgenerator_nonsquare_dws, current_block_write     |
| array_partition | variable=inputBuf complete dim=1              | ../../../../deps/finn-hlslib/slidingwindow.h:1573 in convolutioninputgenerator_nonsquare_dilated, inputBuf            |
| pipeline        | style=flp II=1                                | ../../../../deps/finn-hlslib/slidingwindow.h:1588 in convolutioninputgenerator_nonsquare_dilated                      |
| dependence      | variable=inputBuf intra false                 | ../../../../deps/finn-hlslib/slidingwindow.h:1640 in convolutioninputgenerator_nonsquare_dilated, inputBuf            |
| dependence      | variable=inputBuf inter false                 | ../../../../deps/finn-hlslib/slidingwindow.h:1641 in convolutioninputgenerator_nonsquare_dilated, inputBuf            |
| dependence      | variable=current_block_write intra false      | ../../../../deps/finn-hlslib/slidingwindow.h:1651 in convolutioninputgenerator_nonsquare_dilated, current_block_write |
| array_partition | variable=inputBuf complete                    | ../../../../deps/finn-hlslib/slidingwindow.h:1708 in convolutioninputgenerator_1d_parallel, inputBuf                  |
| pipeline        | style=flp II=1                                | ../../../../deps/finn-hlslib/slidingwindow.h:1716 in convolutioninputgenerator_1d_parallel                            |
| unroll          |                                               | ../../../../deps/finn-hlslib/slidingwindow.h:1737 in convolutioninputgenerator_1d_parallel                            |
| dependence      | variable=inputBuf intra false                 | ../../../../deps/finn-hlslib/slidingwindow.h:1758 in convolutioninputgenerator_1d_parallel, inputBuf                  |
| dependence      | variable=inputBuf inter false                 | ../../../../deps/finn-hlslib/slidingwindow.h:1759 in convolutioninputgenerator_1d_parallel, inputBuf                  |
| dependence      | variable=current_block_write intra false      | ../../../../deps/finn-hlslib/slidingwindow.h:1766 in convolutioninputgenerator_1d_parallel, current_block_write       |
| pipeline        | style=flp II=1                                | ../../../../deps/finn-hlslib/slidingwindow.h:1822 in convolutioninputgenerator_1d_dws_naive                           |
| pipeline        | style=flp II=1                                | ../../../../deps/finn-hlslib/slidingwindow.h:1906 in convolutioninputgenerator_1d                                     |
| pipeline        | style=flp II=1                                | ../../../../deps/finn-hlslib/slidingwindow.h:1982 in convolutioninputgenerator_1d_dws                                 |
| pipeline        | style=flp II=1                                | ../../../../deps/finn-hlslib/slidingwindow.h:2061 in convolutioninputgenerator_1d_dws_stride                          |
| pipeline        | style=flp II=1                                | ../../../../deps/finn-hlslib/streamtools.h:77 in streamlimiter                                                        |
| pipeline        | style=flp II=1                                | ../../../../deps/finn-hlslib/streamtools.h:160 in sameresize                                                          |
| pipeline        | style=flp II=1                                | ../../../../deps/finn-hlslib/streamtools.h:234 in streamingcast                                                       |
| pipeline        | style=flp II=1                                | ../../../../deps/finn-hlslib/streamtools.h:280 in fmpadding_nonsquare                                                 |
| inline          |                                               | ../../../../deps/finn-hlslib/streamtools.h:374 in fmpadding                                                           |
| pipeline        | style=flp II=1                                | ../../../../deps/finn-hlslib/streamtools.h:451 in streamingdatawidthconverter_batch                                   |
| pipeline        | style=flp II=1                                | ../../../../deps/finn-hlslib/streamtools.h:471 in streamingdatawidthconverter_batch                                   |
| pipeline        | style=flp II=1                                | ../../../../deps/finn-hlslib/streamtools.h:482 in streamingdatawidthconverter_batch                                   |
| pipeline        | style=flp II=1                                | ../../../../deps/finn-hlslib/streamtools.h:591 in duplicatestreams                                                    |
| pipeline        | style=flp II=1                                | ../../../../deps/finn-hlslib/streamtools.h:649 in addstreams                                                          |
| unroll          |                                               | ../../../../deps/finn-hlslib/streamtools.h:654 in addstreams                                                          |
| inline          |                                               | ../../../../deps/finn-hlslib/streamtools.h:723 in addstreamslayer_batch                                               |
| pipeline        | style=flp II=1                                | ../../../../deps/finn-hlslib/streamtools.h:770 in multichandatawidthconverter_batch                                   |
| unroll          |                                               | ../../../../deps/finn-hlslib/streamtools.h:777 in multichandatawidthconverter_batch                                   |
| pipeline        | style=flp II=1                                | ../../../../deps/finn-hlslib/streamtools.h:793 in multichandatawidthconverter_batch                                   |
| unroll          |                                               | ../../../../deps/finn-hlslib/streamtools.h:799 in multichandatawidthconverter_batch                                   |
| pipeline        | style=flp II=1                                | ../../../../deps/finn-hlslib/streamtools.h:811 in multichandatawidthconverter_batch                                   |
| unroll          |                                               | ../../../../deps/finn-hlslib/streamtools.h:815 in multichandatawidthconverter_batch                                   |
| pipeline        | style=flp II=1                                | ../../../../deps/finn-hlslib/streamtools.h:851 in flattenmultichandata                                                |
| unroll          |                                               | ../../../../deps/finn-hlslib/streamtools.h:855 in flattenmultichandata                                                |
| pipeline        | style=flp II=1                                | ../../../../deps/finn-hlslib/streamtools.h:882 in packmultichandata                                                   |
| unroll          |                                               | ../../../../deps/finn-hlslib/streamtools.h:886 in packmultichandata                                                   |
| pipeline        | style=flp II=1                                | ../../../../deps/finn-hlslib/streamtools.h:975 in qdma2stream_batch                                                   |
| pipeline        | style=flp II=1                                | ../../../../deps/finn-hlslib/streamtools.h:998 in stream2qdma_batch                                                   |
| array_partition | variable=red_ch_index complete dim=0          | ../../../../deps/finn-hlslib/tmrcheck.hpp:82 in tmrcheck, red_ch_index                                                |
| pipeline        | style=flp II=1                                | ../../../../deps/finn-hlslib/tmrcheck.hpp:91 in tmrcheck                                                              |
| array_partition | variable=numerrors complete dim=0             | ../../../../deps/finn-hlslib/tmrcheck.hpp:99 in tmrcheck, numerrors                                                   |
| unroll          |                                               | ../../../../deps/finn-hlslib/tmrcheck.hpp:103 in tmrcheck                                                             |
| array_partition | variable=compute complete dim=0               | ../../../../deps/finn-hlslib/tmrcheck.hpp:129 in tmrcheck, compute                                                    |
| unroll          |                                               | ../../../../deps/finn-hlslib/tmrcheck.hpp:132 in tmrcheck                                                             |
| pipeline        | style=flp II=1                                | ../../../../deps/finn-hlslib/upsample.hpp:86 in upsamplenearestneighbour                                              |
| pipeline        | II=1 style=flp                                | ../../../../deps/finn-hlslib/upsample.hpp:175 in upsamplenearestneighbour_1d                                          |
| array_partition | variable=accu complete dim=0                  | ../../../../deps/finn-hlslib/vvau.hpp:103 in vector_vector_activate_batch, accu                                       |
| pipeline        | style=flp II=1                                | ../../../../deps/finn-hlslib/vvau.hpp:112 in vector_vector_activate_batch                                             |
| unroll          |                                               | ../../../../deps/finn-hlslib/vvau.hpp:119 in vector_vector_activate_batch                                             |
| unroll          |                                               | ../../../../deps/finn-hlslib/vvau.hpp:128 in vector_vector_activate_batch                                             |
| unroll          |                                               | ../../../../deps/finn-hlslib/vvau.hpp:142 in vector_vector_activate_batch                                             |
| unroll          |                                               | ../../../../deps/finn-hlslib/vvau.hpp:144 in vector_vector_activate_batch                                             |
| array_partition | variable=accu complete dim=0                  | ../../../../deps/finn-hlslib/vvau.hpp:213 in vector_vector_activate_stream_batch, accu                                |
| pipeline        | style=flp II=1                                | ../../../../deps/finn-hlslib/vvau.hpp:223 in vector_vector_activate_stream_batch                                      |
| unroll          |                                               | ../../../../deps/finn-hlslib/vvau.hpp:230 in vector_vector_activate_stream_batch                                      |
| array_partition | variable=w.m_weights complete dim=0           | ../../../../deps/finn-hlslib/vvau.hpp:239 in vector_vector_activate_stream_batch, w.m_weights                         |
| unroll          |                                               | ../../../../deps/finn-hlslib/vvau.hpp:241 in vector_vector_activate_stream_batch                                      |
| unroll          |                                               | ../../../../deps/finn-hlslib/vvau.hpp:246 in vector_vector_activate_stream_batch                                      |
| unroll          |                                               | ../../../../deps/finn-hlslib/vvau.hpp:260 in vector_vector_activate_stream_batch                                      |
| unroll          |                                               | ../../../../deps/finn-hlslib/vvau.hpp:262 in vector_vector_activate_stream_batch                                      |
| inline          |                                               | ../../../../deps/finn-hlslib/weights.hpp:83 in tileindex                                                              |
| inline          |                                               | ../../../../deps/finn-hlslib/weights.hpp:88 in operator[]                                                             |
| inline          |                                               | ../../../../deps/finn-hlslib/weights.hpp:95 in weights                                                                |
| inline          |                                               | ../../../../deps/finn-hlslib/weights.hpp:127 in tileindex                                                             |
| inline          |                                               | ../../../../deps/finn-hlslib/weights.hpp:132 in operator[]                                                            |
| unroll          |                                               | ../../../../deps/finn-hlslib/weights.hpp:135 in operator[]                                                            |
| inline          |                                               | ../../../../deps/finn-hlslib/weights.hpp:145 in weights                                                               |
| inline          |                                               | ../../../../deps/finn-hlslib/weights.hpp:157 in operator[]                                                            |
| unroll          |                                               | ../../../../deps/finn-hlslib/weights.hpp:160 in operator[]                                                            |
| interface       | axis port=in0 name=in0_V                      | top_StreamingDataWidthConverter_Batch_0.cpp:17 in streamingdatawidthconverter_batch_0, in0                            |
| interface       | axis port=out name=out_V                      | top_StreamingDataWidthConverter_Batch_0.cpp:18 in streamingdatawidthconverter_batch_0, out                            |
| interface       | ap_ctrl_none port=return                      | top_StreamingDataWidthConverter_Batch_0.cpp:19 in streamingdatawidthconverter_batch_0, return                         |
+-----------------+-----------------------------------------------+-----------------------------------------------------------------------------------------------------------------------+


