

================================================================
== Vitis HLS Report for 'Matrix_Vector_Activate_Stream_Batch'
================================================================
* Date:           Fri Jun 12 09:16:13 2026

* Version:        2022.2.2 (Build 3779808 on Feb 17 2023)
* Project:        project_MatrixVectorActivation_2
* Solution:       sol1 (Vivado IP Flow Target)
* Product family: zynq
* Target device:  xc7z020-clg400-1


================================================================
== Performance Estimates
================================================================
+ Timing: 
    * Summary: 
    +--------+----------+----------+------------+
    |  Clock |  Target  | Estimated| Uncertainty|
    +--------+----------+----------+------------+
    |ap_clk  |  10.00 ns|  7.591 ns|     2.70 ns|
    +--------+----------+----------+------------+

+ Latency: 
    * Summary: 
    +---------+---------+-----------+-----------+---------+---------+---------+
    |  Latency (cycles) |   Latency (absolute)  |      Interval     | Pipeline|
    |   min   |   max   |    min    |    max    |   min   |   max   |   Type  |
    +---------+---------+-----------+-----------+---------+---------+---------+
    |  4718599|  4718599|  47.186 ms|  47.186 ms|  4718599|  4718599|       no|
    +---------+---------+-----------+-----------+---------+---------+---------+

    + Detail: 
        * Instance: 
        N/A

        * Loop: 
        +--------------------+---------+---------+----------+-----------+-----------+---------+----------+
        |                    |  Latency (cycles) | Iteration|  Initiation Interval  |   Trip  |          |
        |      Loop Name     |   min   |   max   |  Latency |  achieved |   target  |  Count  | Pipelined|
        +--------------------+---------+---------+----------+-----------+-----------+---------+----------+
        |- VITIS_LOOP_249_1  |  4718597|  4718597|         7|          1|          1|  4718592|  yes(flp)|
        +--------------------+---------+---------+----------+-----------+-----------+---------+----------+



================================================================
== Utilization Estimates
================================================================
* Summary: 
+-----------------+---------+-----+--------+-------+-----+
|       Name      | BRAM_18K| DSP |   FF   |  LUT  | URAM|
+-----------------+---------+-----+--------+-------+-----+
|DSP              |        -|    1|       -|      -|    -|
|Expression       |        -|    -|       0|    569|    -|
|FIFO             |        -|    -|       -|      -|    -|
|Instance         |        -|    -|       0|   1528|    -|
|Memory           |        0|    -|     143|    143|    -|
|Multiplexer      |        -|    -|       -|    215|    -|
|Register         |        -|    -|    1421|      -|    -|
+-----------------+---------+-----+--------+-------+-----+
|Total            |        0|    1|    1564|   2455|    0|
+-----------------+---------+-----+--------+-------+-----+
|Available        |      280|  220|  106400|  53200|    0|
+-----------------+---------+-----+--------+-------+-----+
|Utilization (%)  |        0|   ~0|       1|      4|    0|
+-----------------+---------+-----+--------+-------+-----+

+ Detail: 
    * Instance: 
    +-------------------+----------------+---------+----+---+------+-----+
    |      Instance     |     Module     | BRAM_18K| DSP| FF|  LUT | URAM|
    +-------------------+----------------+---------+----+---+------+-----+
    |mux_2889_4_1_1_U1  |mux_2889_4_1_1  |        0|   0|  0|  1528|    0|
    +-------------------+----------------+---------+----+---+------+-----+
    |Total              |                |        0|   0|  0|  1528|    0|
    +-------------------+----------------+---------+----+---+------+-----+

    * DSP: 
    +---------------------------------+------------------------------+--------------+
    |             Instance            |            Module            |  Expression  |
    +---------------------------------+------------------------------+--------------+
    |mac_muladd_4ns_4s_14s_14_4_1_U2  |mac_muladd_4ns_4s_14s_14_4_1  |  i0 + i1 * i2|
    +---------------------------------+------------------------------+--------------+

    * Memory: 
    +-------------------+-----------------------------------------------------------------+---------+----+----+-----+------+-----+------+-------------+
    |       Memory      |                              Module                             | BRAM_18K| FF | LUT| URAM| Words| Bits| Banks| W*Bits*Banks|
    +-------------------+-----------------------------------------------------------------+---------+----+----+-----+------+-----+------+-------------+
    |p_ZL7threshs_0_U   |Matrix_Vector_Activate_Stream_Batch_p_ZL7threshs_0_ROM_AUTO_1R   |        0|   7|   7|    0|    64|    7|     1|          448|
    |p_ZL7threshs_10_U  |Matrix_Vector_Activate_Stream_Batch_p_ZL7threshs_10_ROM_AUTO_1R  |        0|  11|  11|    0|    64|   11|     1|          704|
    |p_ZL7threshs_11_U  |Matrix_Vector_Activate_Stream_Batch_p_ZL7threshs_11_ROM_AUTO_1R  |        0|  11|  11|    0|    64|   11|     1|          704|
    |p_ZL7threshs_12_U  |Matrix_Vector_Activate_Stream_Batch_p_ZL7threshs_12_ROM_AUTO_1R  |        0|  11|  11|    0|    64|   11|     1|          704|
    |p_ZL7threshs_13_U  |Matrix_Vector_Activate_Stream_Batch_p_ZL7threshs_13_ROM_AUTO_1R  |        0|  11|  11|    0|    64|   11|     1|          704|
    |p_ZL7threshs_14_U  |Matrix_Vector_Activate_Stream_Batch_p_ZL7threshs_14_ROM_AUTO_1R  |        0|  11|  11|    0|    64|   11|     1|          704|
    |p_ZL7threshs_1_U   |Matrix_Vector_Activate_Stream_Batch_p_ZL7threshs_1_ROM_AUTO_1R   |        0|   8|   8|    0|    64|    8|     1|          512|
    |p_ZL7threshs_2_U   |Matrix_Vector_Activate_Stream_Batch_p_ZL7threshs_2_ROM_AUTO_1R   |        0|   9|   9|    0|    64|    9|     1|          576|
    |p_ZL7threshs_3_U   |Matrix_Vector_Activate_Stream_Batch_p_ZL7threshs_3_ROM_AUTO_1R   |        0|   9|   9|    0|    64|    9|     1|          576|
    |p_ZL7threshs_4_U   |Matrix_Vector_Activate_Stream_Batch_p_ZL7threshs_4_ROM_AUTO_1R   |        0|   8|   8|    0|    64|    8|     1|          512|
    |p_ZL7threshs_5_U   |Matrix_Vector_Activate_Stream_Batch_p_ZL7threshs_5_ROM_AUTO_1R   |        0|  10|  10|    0|    64|   10|     1|          640|
    |p_ZL7threshs_6_U   |Matrix_Vector_Activate_Stream_Batch_p_ZL7threshs_6_ROM_AUTO_1R   |        0|  10|  10|    0|    64|   10|     1|          640|
    |p_ZL7threshs_7_U   |Matrix_Vector_Activate_Stream_Batch_p_ZL7threshs_7_ROM_AUTO_1R   |        0|  10|  10|    0|    64|   10|     1|          640|
    |p_ZL7threshs_8_U   |Matrix_Vector_Activate_Stream_Batch_p_ZL7threshs_8_ROM_AUTO_1R   |        0|   9|   9|    0|    64|    9|     1|          576|
    |p_ZL7threshs_9_U   |Matrix_Vector_Activate_Stream_Batch_p_ZL7threshs_9_ROM_AUTO_1R   |        0|   8|   8|    0|    64|    8|     1|          512|
    +-------------------+-----------------------------------------------------------------+---------+----+----+-----+------+-----+------+-------------+
    |Total              |                                                                 |        0| 143| 143|    0|   960|  143|    15|         9152|
    +-------------------+-----------------------------------------------------------------+---------+----+----+-----+------+-----+------+-------------+

    * FIFO: 
    N/A

    * Expression: 
    +----------------------------------+----------+----+---+----+------------+------------+
    |           Variable Name          | Operation| DSP| FF| LUT| Bitwidth P0| Bitwidth P1|
    +----------------------------------+----------+----+---+----+------------+------------+
    |add_ln840_10_fu_5460_p2           |         +|   0|  0|  10|           2|           2|
    |add_ln840_11_fu_5470_p2           |         +|   0|  0|  10|           2|           2|
    |add_ln840_12_fu_5480_p2           |         +|   0|  0|  11|           3|           3|
    |add_ln840_13_fu_5495_p2           |         +|   0|  0|   7|           4|           4|
    |add_ln840_1_fu_5386_p2            |         +|   0|  0|   2|           2|           2|
    |add_ln840_2_fu_5392_p2            |         +|   0|  0|   2|           2|           2|
    |add_ln840_3_fu_5402_p2            |         +|   0|  0|  10|           2|           2|
    |add_ln840_4_fu_5412_p2            |         +|   0|  0|  10|           2|           2|
    |add_ln840_5_fu_5422_p2            |         +|   0|  0|   4|           3|           3|
    |add_ln840_6_fu_5428_p2            |         +|   0|  0|   4|           3|           3|
    |add_ln840_7_fu_5434_p2            |         +|   0|  0|  10|           2|           2|
    |add_ln840_8_fu_5444_p2            |         +|   0|  0|  10|           2|           2|
    |add_ln840_9_fu_5454_p2            |         +|   0|  0|  11|           3|           3|
    |i_2_fu_2093_p2                    |         +|   0|  0|  30|          23|           1|
    |nf_fu_5030_p2                     |         +|   0|  0|  39|          32|           1|
    |result_V_2_fu_5501_p2             |         +|   0|  0|   7|           4|           4|
    |sf_2_fu_5013_p2                   |         +|   0|  0|  39|          32|           1|
    |ap_block_state7_io                |       and|   0|  0|   2|           1|           1|
    |ap_condition_4140                 |       and|   0|  0|   2|           1|           1|
    |ap_predicate_op1356_write_state7  |       and|   0|  0|   2|           1|           1|
    |ap_predicate_op611_read_state1    |       and|   0|  0|   2|           1|           1|
    |icmp_ln1039_10_fu_5206_p2         |      icmp|   0|  0|  12|          14|          14|
    |icmp_ln1039_11_fu_5215_p2         |      icmp|   0|  0|  12|          14|          14|
    |icmp_ln1039_12_fu_5224_p2         |      icmp|   0|  0|  12|          14|          14|
    |icmp_ln1039_13_fu_5233_p2         |      icmp|   0|  0|  12|          14|          14|
    |icmp_ln1039_14_fu_5242_p2         |      icmp|   0|  0|  12|          14|          14|
    |icmp_ln1039_1_fu_5113_p2          |      icmp|   0|  0|  12|          14|          14|
    |icmp_ln1039_2_fu_5122_p2          |      icmp|   0|  0|  12|          14|          14|
    |icmp_ln1039_3_fu_5131_p2          |      icmp|   0|  0|  12|          14|          14|
    |icmp_ln1039_4_fu_5144_p2          |      icmp|   0|  0|  12|          14|          14|
    |icmp_ln1039_5_fu_5153_p2          |      icmp|   0|  0|  12|          14|          14|
    |icmp_ln1039_6_fu_5162_p2          |      icmp|   0|  0|  12|          14|          14|
    |icmp_ln1039_7_fu_5171_p2          |      icmp|   0|  0|  12|          14|          14|
    |icmp_ln1039_8_fu_5184_p2          |      icmp|   0|  0|  12|          14|          14|
    |icmp_ln1039_9_fu_5197_p2          |      icmp|   0|  0|  12|          14|          14|
    |icmp_ln1039_fu_5104_p2            |      icmp|   0|  0|  12|          14|          14|
    |icmp_ln249_fu_2087_p2             |      icmp|   0|  0|  15|          23|          23|
    |icmp_ln253_fu_2099_p2             |      icmp|   0|  0|  18|          32|           1|
    |icmp_ln272_fu_5007_p2             |      icmp|   0|  0|  18|          32|           1|
    |icmp_ln290_fu_5019_p2             |      icmp|   0|  0|  18|          32|           9|
    |icmp_ln302_fu_5036_p2             |      icmp|   0|  0|  18|          32|           7|
    |ap_block_state1_pp0_stage0_iter0  |        or|   0|  0|   2|           1|           1|
    |grp_fu_5512_p2                    |    select|   0|  0|  14|           1|           1|
    |nf_3_fu_5042_p3                   |    select|   0|  0|  32|           1|           1|
    |result_V_fu_5251_p2               |       xor|   0|  0|   2|           1|           2|
    |xor_ln1039_10_fu_5350_p2          |       xor|   0|  0|   2|           1|           2|
    |xor_ln1039_11_fu_5359_p2          |       xor|   0|  0|   2|           1|           2|
    |xor_ln1039_12_fu_5368_p2          |       xor|   0|  0|   2|           1|           2|
    |xor_ln1039_13_fu_5377_p2          |       xor|   0|  0|   2|           1|           2|
    |xor_ln1039_1_fu_5269_p2           |       xor|   0|  0|   2|           1|           2|
    |xor_ln1039_2_fu_5278_p2           |       xor|   0|  0|   2|           1|           2|
    |xor_ln1039_3_fu_5287_p2           |       xor|   0|  0|   2|           1|           2|
    |xor_ln1039_4_fu_5296_p2           |       xor|   0|  0|   2|           1|           2|
    |xor_ln1039_5_fu_5305_p2           |       xor|   0|  0|   2|           1|           2|
    |xor_ln1039_6_fu_5314_p2           |       xor|   0|  0|   2|           1|           2|
    |xor_ln1039_7_fu_5323_p2           |       xor|   0|  0|   2|           1|           2|
    |xor_ln1039_8_fu_5332_p2           |       xor|   0|  0|   2|           1|           2|
    |xor_ln1039_9_fu_5341_p2           |       xor|   0|  0|   2|           1|           2|
    |xor_ln1039_fu_5260_p2             |       xor|   0|  0|   2|           1|           2|
    +----------------------------------+----------+----+---+----+------------+------------+
    |Total                             |          |   0|  0| 569|         506|         327|
    +----------------------------------+----------+----+---+----+------------+------------+

    * Multiplexer: 
    +----------------------------------------+----+-----------+-----+-----------+
    |                  Name                  | LUT| Input Size| Bits| Total Bits|
    +----------------------------------------+----+-----------+-----+-----------+
    |ap_NS_iter1_fsm                         |  14|          3|    2|          6|
    |ap_NS_iter2_fsm                         |  14|          3|    2|          6|
    |ap_NS_iter3_fsm                         |  14|          3|    2|          6|
    |ap_NS_iter4_fsm                         |  14|          3|    2|          6|
    |ap_NS_iter5_fsm                         |  14|          3|    2|          6|
    |ap_NS_iter6_fsm                         |  14|          3|    2|          6|
    |ap_done_int                             |   9|          2|    1|          2|
    |ap_loop_exit_ready_pp0_iter6_reg        |   9|          2|    1|          2|
    |ap_phi_mux_inElem_1_phi_fu_2057_p4      |   9|          2|    4|          8|
    |ap_phi_reg_pp0_iter1_inElem_1_reg_2054  |   9|          2|    4|          8|
    |ap_sig_allocacmp_add_i4_i338_load       |   9|          2|   14|         28|
    |ap_sig_allocacmp_i_1                    |   9|          2|   23|         46|
    |ap_sig_allocacmp_nf_2                   |   9|          2|   32|         64|
    |ap_sig_allocacmp_sf_1                   |   9|          2|   32|         64|
    |i_fu_676                                |   9|          2|   23|         46|
    |in0_V_TDATA_blk_n                       |   9|          2|    1|          2|
    |nf_1_fu_1836                            |   9|          2|   32|         64|
    |out_V_TDATA_blk_n                       |   9|          2|    1|          2|
    |sf_fu_672                               |  14|          3|   32|         96|
    |weights_V_TDATA_blk_n                   |   9|          2|    1|          2|
    +----------------------------------------+----+-----------+-----+-----------+
    |Total                                   | 215|         47|  213|        470|
    +----------------------------------------+----+-----------+-----+-----------+

    * Register: 
    +----------------------------------------+----+----+-----+-----------+
    |                  Name                  | FF | LUT| Bits| Const Bits|
    +----------------------------------------+----+----+-----+-----------+
    |W_packed_V_reg_7318                     |   4|   0|    4|          0|
    |add_i4_i338_fu_680                      |  14|   0|   14|          0|
    |add_ln840_12_reg_7507                   |   3|   0|    3|          0|
    |add_ln840_6_reg_7497                    |   3|   0|    3|          0|
    |add_ln840_9_reg_7502                    |   3|   0|    3|          0|
    |ap_CS_iter0_fsm                         |   1|   0|    1|          0|
    |ap_CS_iter1_fsm                         |   2|   0|    2|          0|
    |ap_CS_iter2_fsm                         |   2|   0|    2|          0|
    |ap_CS_iter3_fsm                         |   2|   0|    2|          0|
    |ap_CS_iter4_fsm                         |   2|   0|    2|          0|
    |ap_CS_iter5_fsm                         |   2|   0|    2|          0|
    |ap_CS_iter6_fsm                         |   2|   0|    2|          0|
    |ap_done_reg                             |   1|   0|    1|          0|
    |ap_loop_exit_ready_pp0_iter1_reg        |   1|   0|    1|          0|
    |ap_loop_exit_ready_pp0_iter2_reg        |   1|   0|    1|          0|
    |ap_loop_exit_ready_pp0_iter3_reg        |   1|   0|    1|          0|
    |ap_loop_exit_ready_pp0_iter4_reg        |   1|   0|    1|          0|
    |ap_loop_exit_ready_pp0_iter5_reg        |   1|   0|    1|          0|
    |ap_loop_exit_ready_pp0_iter6_reg        |   1|   0|    1|          0|
    |ap_phi_reg_pp0_iter1_inElem_1_reg_2054  |   4|   0|    4|          0|
    |i_fu_676                                |  23|   0|   23|          0|
    |icmp_ln1039_10_reg_7472                 |   1|   0|    1|          0|
    |icmp_ln1039_11_reg_7477                 |   1|   0|    1|          0|
    |icmp_ln1039_12_reg_7482                 |   1|   0|    1|          0|
    |icmp_ln1039_13_reg_7487                 |   1|   0|    1|          0|
    |icmp_ln1039_14_reg_7492                 |   1|   0|    1|          0|
    |icmp_ln1039_1_reg_7427                  |   1|   0|    1|          0|
    |icmp_ln1039_2_reg_7432                  |   1|   0|    1|          0|
    |icmp_ln1039_3_reg_7437                  |   1|   0|    1|          0|
    |icmp_ln1039_4_reg_7442                  |   1|   0|    1|          0|
    |icmp_ln1039_5_reg_7447                  |   1|   0|    1|          0|
    |icmp_ln1039_6_reg_7452                  |   1|   0|    1|          0|
    |icmp_ln1039_7_reg_7457                  |   1|   0|    1|          0|
    |icmp_ln1039_8_reg_7462                  |   1|   0|    1|          0|
    |icmp_ln1039_9_reg_7467                  |   1|   0|    1|          0|
    |icmp_ln1039_reg_7422                    |   1|   0|    1|          0|
    |icmp_ln249_reg_7297                     |   1|   0|    1|          0|
    |icmp_ln249_reg_7297_pp0_iter1_reg       |   1|   0|    1|          0|
    |icmp_ln249_reg_7297_pp0_iter2_reg       |   1|   0|    1|          0|
    |icmp_ln249_reg_7297_pp0_iter3_reg       |   1|   0|    1|          0|
    |icmp_ln249_reg_7297_pp0_iter4_reg       |   1|   0|    1|          0|
    |icmp_ln249_reg_7297_pp0_iter5_reg       |   1|   0|    1|          0|
    |icmp_ln253_reg_7301                     |   1|   0|    1|          0|
    |icmp_ln272_reg_7323                     |   1|   0|    1|          0|
    |icmp_ln272_reg_7323_pp0_iter1_reg       |   1|   0|    1|          0|
    |icmp_ln272_reg_7323_pp0_iter2_reg       |   1|   0|    1|          0|
    |icmp_ln290_reg_7328                     |   1|   0|    1|          0|
    |icmp_ln290_reg_7328_pp0_iter1_reg       |   1|   0|    1|          0|
    |icmp_ln290_reg_7328_pp0_iter2_reg       |   1|   0|    1|          0|
    |icmp_ln290_reg_7328_pp0_iter3_reg       |   1|   0|    1|          0|
    |icmp_ln290_reg_7328_pp0_iter4_reg       |   1|   0|    1|          0|
    |icmp_ln290_reg_7328_pp0_iter5_reg       |   1|   0|    1|          0|
    |inElem_reg_7310                         |   4|   0|    4|          0|
    |inputBuf_V_100_fu_1084                  |   4|   0|    4|          0|
    |inputBuf_V_101_fu_1088                  |   4|   0|    4|          0|
    |inputBuf_V_102_fu_1092                  |   4|   0|    4|          0|
    |inputBuf_V_103_fu_1096                  |   4|   0|    4|          0|
    |inputBuf_V_104_fu_1100                  |   4|   0|    4|          0|
    |inputBuf_V_105_fu_1104                  |   4|   0|    4|          0|
    |inputBuf_V_106_fu_1108                  |   4|   0|    4|          0|
    |inputBuf_V_107_fu_1112                  |   4|   0|    4|          0|
    |inputBuf_V_108_fu_1116                  |   4|   0|    4|          0|
    |inputBuf_V_109_fu_1120                  |   4|   0|    4|          0|
    |inputBuf_V_10_fu_724                    |   4|   0|    4|          0|
    |inputBuf_V_110_fu_1124                  |   4|   0|    4|          0|
    |inputBuf_V_111_fu_1128                  |   4|   0|    4|          0|
    |inputBuf_V_112_fu_1132                  |   4|   0|    4|          0|
    |inputBuf_V_113_fu_1136                  |   4|   0|    4|          0|
    |inputBuf_V_114_fu_1140                  |   4|   0|    4|          0|
    |inputBuf_V_115_fu_1144                  |   4|   0|    4|          0|
    |inputBuf_V_116_fu_1148                  |   4|   0|    4|          0|
    |inputBuf_V_117_fu_1152                  |   4|   0|    4|          0|
    |inputBuf_V_118_fu_1156                  |   4|   0|    4|          0|
    |inputBuf_V_119_fu_1160                  |   4|   0|    4|          0|
    |inputBuf_V_11_fu_728                    |   4|   0|    4|          0|
    |inputBuf_V_120_fu_1164                  |   4|   0|    4|          0|
    |inputBuf_V_121_fu_1168                  |   4|   0|    4|          0|
    |inputBuf_V_122_fu_1172                  |   4|   0|    4|          0|
    |inputBuf_V_123_fu_1176                  |   4|   0|    4|          0|
    |inputBuf_V_124_fu_1180                  |   4|   0|    4|          0|
    |inputBuf_V_125_fu_1184                  |   4|   0|    4|          0|
    |inputBuf_V_126_fu_1188                  |   4|   0|    4|          0|
    |inputBuf_V_127_fu_1192                  |   4|   0|    4|          0|
    |inputBuf_V_128_fu_1196                  |   4|   0|    4|          0|
    |inputBuf_V_129_fu_1200                  |   4|   0|    4|          0|
    |inputBuf_V_12_fu_732                    |   4|   0|    4|          0|
    |inputBuf_V_130_fu_1204                  |   4|   0|    4|          0|
    |inputBuf_V_131_fu_1208                  |   4|   0|    4|          0|
    |inputBuf_V_132_fu_1212                  |   4|   0|    4|          0|
    |inputBuf_V_133_fu_1216                  |   4|   0|    4|          0|
    |inputBuf_V_134_fu_1220                  |   4|   0|    4|          0|
    |inputBuf_V_135_fu_1224                  |   4|   0|    4|          0|
    |inputBuf_V_136_fu_1228                  |   4|   0|    4|          0|
    |inputBuf_V_137_fu_1232                  |   4|   0|    4|          0|
    |inputBuf_V_138_fu_1236                  |   4|   0|    4|          0|
    |inputBuf_V_139_fu_1240                  |   4|   0|    4|          0|
    |inputBuf_V_13_fu_736                    |   4|   0|    4|          0|
    |inputBuf_V_140_fu_1244                  |   4|   0|    4|          0|
    |inputBuf_V_141_fu_1248                  |   4|   0|    4|          0|
    |inputBuf_V_142_fu_1252                  |   4|   0|    4|          0|
    |inputBuf_V_143_fu_1256                  |   4|   0|    4|          0|
    |inputBuf_V_144_fu_1260                  |   4|   0|    4|          0|
    |inputBuf_V_145_fu_1264                  |   4|   0|    4|          0|
    |inputBuf_V_146_fu_1268                  |   4|   0|    4|          0|
    |inputBuf_V_147_fu_1272                  |   4|   0|    4|          0|
    |inputBuf_V_148_fu_1276                  |   4|   0|    4|          0|
    |inputBuf_V_149_fu_1280                  |   4|   0|    4|          0|
    |inputBuf_V_14_fu_740                    |   4|   0|    4|          0|
    |inputBuf_V_150_fu_1284                  |   4|   0|    4|          0|
    |inputBuf_V_151_fu_1288                  |   4|   0|    4|          0|
    |inputBuf_V_152_fu_1292                  |   4|   0|    4|          0|
    |inputBuf_V_153_fu_1296                  |   4|   0|    4|          0|
    |inputBuf_V_154_fu_1300                  |   4|   0|    4|          0|
    |inputBuf_V_155_fu_1304                  |   4|   0|    4|          0|
    |inputBuf_V_156_fu_1308                  |   4|   0|    4|          0|
    |inputBuf_V_157_fu_1312                  |   4|   0|    4|          0|
    |inputBuf_V_158_fu_1316                  |   4|   0|    4|          0|
    |inputBuf_V_159_fu_1320                  |   4|   0|    4|          0|
    |inputBuf_V_15_fu_744                    |   4|   0|    4|          0|
    |inputBuf_V_160_fu_1324                  |   4|   0|    4|          0|
    |inputBuf_V_161_fu_1328                  |   4|   0|    4|          0|
    |inputBuf_V_162_fu_1332                  |   4|   0|    4|          0|
    |inputBuf_V_163_fu_1336                  |   4|   0|    4|          0|
    |inputBuf_V_164_fu_1340                  |   4|   0|    4|          0|
    |inputBuf_V_165_fu_1344                  |   4|   0|    4|          0|
    |inputBuf_V_166_fu_1348                  |   4|   0|    4|          0|
    |inputBuf_V_167_fu_1352                  |   4|   0|    4|          0|
    |inputBuf_V_168_fu_1356                  |   4|   0|    4|          0|
    |inputBuf_V_169_fu_1360                  |   4|   0|    4|          0|
    |inputBuf_V_16_fu_748                    |   4|   0|    4|          0|
    |inputBuf_V_170_fu_1364                  |   4|   0|    4|          0|
    |inputBuf_V_171_fu_1368                  |   4|   0|    4|          0|
    |inputBuf_V_172_fu_1372                  |   4|   0|    4|          0|
    |inputBuf_V_173_fu_1376                  |   4|   0|    4|          0|
    |inputBuf_V_174_fu_1380                  |   4|   0|    4|          0|
    |inputBuf_V_175_fu_1384                  |   4|   0|    4|          0|
    |inputBuf_V_176_fu_1388                  |   4|   0|    4|          0|
    |inputBuf_V_177_fu_1392                  |   4|   0|    4|          0|
    |inputBuf_V_178_fu_1396                  |   4|   0|    4|          0|
    |inputBuf_V_179_fu_1400                  |   4|   0|    4|          0|
    |inputBuf_V_17_fu_752                    |   4|   0|    4|          0|
    |inputBuf_V_180_fu_1404                  |   4|   0|    4|          0|
    |inputBuf_V_181_fu_1408                  |   4|   0|    4|          0|
    |inputBuf_V_182_fu_1412                  |   4|   0|    4|          0|
    |inputBuf_V_183_fu_1416                  |   4|   0|    4|          0|
    |inputBuf_V_184_fu_1420                  |   4|   0|    4|          0|
    |inputBuf_V_185_fu_1424                  |   4|   0|    4|          0|
    |inputBuf_V_186_fu_1428                  |   4|   0|    4|          0|
    |inputBuf_V_187_fu_1432                  |   4|   0|    4|          0|
    |inputBuf_V_188_fu_1436                  |   4|   0|    4|          0|
    |inputBuf_V_189_fu_1440                  |   4|   0|    4|          0|
    |inputBuf_V_18_fu_756                    |   4|   0|    4|          0|
    |inputBuf_V_190_fu_1444                  |   4|   0|    4|          0|
    |inputBuf_V_191_fu_1448                  |   4|   0|    4|          0|
    |inputBuf_V_192_fu_1452                  |   4|   0|    4|          0|
    |inputBuf_V_193_fu_1456                  |   4|   0|    4|          0|
    |inputBuf_V_194_fu_1460                  |   4|   0|    4|          0|
    |inputBuf_V_195_fu_1464                  |   4|   0|    4|          0|
    |inputBuf_V_196_fu_1468                  |   4|   0|    4|          0|
    |inputBuf_V_197_fu_1472                  |   4|   0|    4|          0|
    |inputBuf_V_198_fu_1476                  |   4|   0|    4|          0|
    |inputBuf_V_199_fu_1480                  |   4|   0|    4|          0|
    |inputBuf_V_19_fu_760                    |   4|   0|    4|          0|
    |inputBuf_V_1_fu_688                     |   4|   0|    4|          0|
    |inputBuf_V_200_fu_1484                  |   4|   0|    4|          0|
    |inputBuf_V_201_fu_1488                  |   4|   0|    4|          0|
    |inputBuf_V_202_fu_1492                  |   4|   0|    4|          0|
    |inputBuf_V_203_fu_1496                  |   4|   0|    4|          0|
    |inputBuf_V_204_fu_1500                  |   4|   0|    4|          0|
    |inputBuf_V_205_fu_1504                  |   4|   0|    4|          0|
    |inputBuf_V_206_fu_1508                  |   4|   0|    4|          0|
    |inputBuf_V_207_fu_1512                  |   4|   0|    4|          0|
    |inputBuf_V_208_fu_1516                  |   4|   0|    4|          0|
    |inputBuf_V_209_fu_1520                  |   4|   0|    4|          0|
    |inputBuf_V_20_fu_764                    |   4|   0|    4|          0|
    |inputBuf_V_210_fu_1524                  |   4|   0|    4|          0|
    |inputBuf_V_211_fu_1528                  |   4|   0|    4|          0|
    |inputBuf_V_212_fu_1532                  |   4|   0|    4|          0|
    |inputBuf_V_213_fu_1536                  |   4|   0|    4|          0|
    |inputBuf_V_214_fu_1540                  |   4|   0|    4|          0|
    |inputBuf_V_215_fu_1544                  |   4|   0|    4|          0|
    |inputBuf_V_216_fu_1548                  |   4|   0|    4|          0|
    |inputBuf_V_217_fu_1552                  |   4|   0|    4|          0|
    |inputBuf_V_218_fu_1556                  |   4|   0|    4|          0|
    |inputBuf_V_219_fu_1560                  |   4|   0|    4|          0|
    |inputBuf_V_21_fu_768                    |   4|   0|    4|          0|
    |inputBuf_V_220_fu_1564                  |   4|   0|    4|          0|
    |inputBuf_V_221_fu_1568                  |   4|   0|    4|          0|
    |inputBuf_V_222_fu_1572                  |   4|   0|    4|          0|
    |inputBuf_V_223_fu_1576                  |   4|   0|    4|          0|
    |inputBuf_V_224_fu_1580                  |   4|   0|    4|          0|
    |inputBuf_V_225_fu_1584                  |   4|   0|    4|          0|
    |inputBuf_V_226_fu_1588                  |   4|   0|    4|          0|
    |inputBuf_V_227_fu_1592                  |   4|   0|    4|          0|
    |inputBuf_V_228_fu_1596                  |   4|   0|    4|          0|
    |inputBuf_V_229_fu_1600                  |   4|   0|    4|          0|
    |inputBuf_V_22_fu_772                    |   4|   0|    4|          0|
    |inputBuf_V_230_fu_1604                  |   4|   0|    4|          0|
    |inputBuf_V_231_fu_1608                  |   4|   0|    4|          0|
    |inputBuf_V_232_fu_1612                  |   4|   0|    4|          0|
    |inputBuf_V_233_fu_1616                  |   4|   0|    4|          0|
    |inputBuf_V_234_fu_1620                  |   4|   0|    4|          0|
    |inputBuf_V_235_fu_1624                  |   4|   0|    4|          0|
    |inputBuf_V_236_fu_1628                  |   4|   0|    4|          0|
    |inputBuf_V_237_fu_1632                  |   4|   0|    4|          0|
    |inputBuf_V_238_fu_1636                  |   4|   0|    4|          0|
    |inputBuf_V_239_fu_1640                  |   4|   0|    4|          0|
    |inputBuf_V_23_fu_776                    |   4|   0|    4|          0|
    |inputBuf_V_240_fu_1644                  |   4|   0|    4|          0|
    |inputBuf_V_241_fu_1648                  |   4|   0|    4|          0|
    |inputBuf_V_242_fu_1652                  |   4|   0|    4|          0|
    |inputBuf_V_243_fu_1656                  |   4|   0|    4|          0|
    |inputBuf_V_244_fu_1660                  |   4|   0|    4|          0|
    |inputBuf_V_245_fu_1664                  |   4|   0|    4|          0|
    |inputBuf_V_246_fu_1668                  |   4|   0|    4|          0|
    |inputBuf_V_247_fu_1672                  |   4|   0|    4|          0|
    |inputBuf_V_248_fu_1676                  |   4|   0|    4|          0|
    |inputBuf_V_249_fu_1680                  |   4|   0|    4|          0|
    |inputBuf_V_24_fu_780                    |   4|   0|    4|          0|
    |inputBuf_V_250_fu_1684                  |   4|   0|    4|          0|
    |inputBuf_V_251_fu_1688                  |   4|   0|    4|          0|
    |inputBuf_V_252_fu_1692                  |   4|   0|    4|          0|
    |inputBuf_V_253_fu_1696                  |   4|   0|    4|          0|
    |inputBuf_V_254_fu_1700                  |   4|   0|    4|          0|
    |inputBuf_V_255_fu_1704                  |   4|   0|    4|          0|
    |inputBuf_V_256_fu_1708                  |   4|   0|    4|          0|
    |inputBuf_V_257_fu_1712                  |   4|   0|    4|          0|
    |inputBuf_V_258_fu_1716                  |   4|   0|    4|          0|
    |inputBuf_V_259_fu_1720                  |   4|   0|    4|          0|
    |inputBuf_V_25_fu_784                    |   4|   0|    4|          0|
    |inputBuf_V_260_fu_1724                  |   4|   0|    4|          0|
    |inputBuf_V_261_fu_1728                  |   4|   0|    4|          0|
    |inputBuf_V_262_fu_1732                  |   4|   0|    4|          0|
    |inputBuf_V_263_fu_1736                  |   4|   0|    4|          0|
    |inputBuf_V_264_fu_1740                  |   4|   0|    4|          0|
    |inputBuf_V_265_fu_1744                  |   4|   0|    4|          0|
    |inputBuf_V_266_fu_1748                  |   4|   0|    4|          0|
    |inputBuf_V_267_fu_1752                  |   4|   0|    4|          0|
    |inputBuf_V_268_fu_1756                  |   4|   0|    4|          0|
    |inputBuf_V_269_fu_1760                  |   4|   0|    4|          0|
    |inputBuf_V_26_fu_788                    |   4|   0|    4|          0|
    |inputBuf_V_270_fu_1764                  |   4|   0|    4|          0|
    |inputBuf_V_271_fu_1768                  |   4|   0|    4|          0|
    |inputBuf_V_272_fu_1772                  |   4|   0|    4|          0|
    |inputBuf_V_273_fu_1776                  |   4|   0|    4|          0|
    |inputBuf_V_274_fu_1780                  |   4|   0|    4|          0|
    |inputBuf_V_275_fu_1784                  |   4|   0|    4|          0|
    |inputBuf_V_276_fu_1788                  |   4|   0|    4|          0|
    |inputBuf_V_277_fu_1792                  |   4|   0|    4|          0|
    |inputBuf_V_278_fu_1796                  |   4|   0|    4|          0|
    |inputBuf_V_279_fu_1800                  |   4|   0|    4|          0|
    |inputBuf_V_27_fu_792                    |   4|   0|    4|          0|
    |inputBuf_V_280_fu_1804                  |   4|   0|    4|          0|
    |inputBuf_V_281_fu_1808                  |   4|   0|    4|          0|
    |inputBuf_V_282_fu_1812                  |   4|   0|    4|          0|
    |inputBuf_V_283_fu_1816                  |   4|   0|    4|          0|
    |inputBuf_V_284_fu_1820                  |   4|   0|    4|          0|
    |inputBuf_V_285_fu_1824                  |   4|   0|    4|          0|
    |inputBuf_V_286_fu_1828                  |   4|   0|    4|          0|
    |inputBuf_V_287_fu_1832                  |   4|   0|    4|          0|
    |inputBuf_V_28_fu_796                    |   4|   0|    4|          0|
    |inputBuf_V_29_fu_800                    |   4|   0|    4|          0|
    |inputBuf_V_2_fu_692                     |   4|   0|    4|          0|
    |inputBuf_V_30_fu_804                    |   4|   0|    4|          0|
    |inputBuf_V_31_fu_808                    |   4|   0|    4|          0|
    |inputBuf_V_32_fu_812                    |   4|   0|    4|          0|
    |inputBuf_V_33_fu_816                    |   4|   0|    4|          0|
    |inputBuf_V_34_fu_820                    |   4|   0|    4|          0|
    |inputBuf_V_35_fu_824                    |   4|   0|    4|          0|
    |inputBuf_V_36_fu_828                    |   4|   0|    4|          0|
    |inputBuf_V_37_fu_832                    |   4|   0|    4|          0|
    |inputBuf_V_38_fu_836                    |   4|   0|    4|          0|
    |inputBuf_V_39_fu_840                    |   4|   0|    4|          0|
    |inputBuf_V_3_fu_696                     |   4|   0|    4|          0|
    |inputBuf_V_40_fu_844                    |   4|   0|    4|          0|
    |inputBuf_V_41_fu_848                    |   4|   0|    4|          0|
    |inputBuf_V_42_fu_852                    |   4|   0|    4|          0|
    |inputBuf_V_43_fu_856                    |   4|   0|    4|          0|
    |inputBuf_V_44_fu_860                    |   4|   0|    4|          0|
    |inputBuf_V_45_fu_864                    |   4|   0|    4|          0|
    |inputBuf_V_46_fu_868                    |   4|   0|    4|          0|
    |inputBuf_V_47_fu_872                    |   4|   0|    4|          0|
    |inputBuf_V_48_fu_876                    |   4|   0|    4|          0|
    |inputBuf_V_49_fu_880                    |   4|   0|    4|          0|
    |inputBuf_V_4_fu_700                     |   4|   0|    4|          0|
    |inputBuf_V_50_fu_884                    |   4|   0|    4|          0|
    |inputBuf_V_51_fu_888                    |   4|   0|    4|          0|
    |inputBuf_V_52_fu_892                    |   4|   0|    4|          0|
    |inputBuf_V_53_fu_896                    |   4|   0|    4|          0|
    |inputBuf_V_54_fu_900                    |   4|   0|    4|          0|
    |inputBuf_V_55_fu_904                    |   4|   0|    4|          0|
    |inputBuf_V_56_fu_908                    |   4|   0|    4|          0|
    |inputBuf_V_57_fu_912                    |   4|   0|    4|          0|
    |inputBuf_V_58_fu_916                    |   4|   0|    4|          0|
    |inputBuf_V_59_fu_920                    |   4|   0|    4|          0|
    |inputBuf_V_5_fu_704                     |   4|   0|    4|          0|
    |inputBuf_V_60_fu_924                    |   4|   0|    4|          0|
    |inputBuf_V_61_fu_928                    |   4|   0|    4|          0|
    |inputBuf_V_62_fu_932                    |   4|   0|    4|          0|
    |inputBuf_V_63_fu_936                    |   4|   0|    4|          0|
    |inputBuf_V_64_fu_940                    |   4|   0|    4|          0|
    |inputBuf_V_65_fu_944                    |   4|   0|    4|          0|
    |inputBuf_V_66_fu_948                    |   4|   0|    4|          0|
    |inputBuf_V_67_fu_952                    |   4|   0|    4|          0|
    |inputBuf_V_68_fu_956                    |   4|   0|    4|          0|
    |inputBuf_V_69_fu_960                    |   4|   0|    4|          0|
    |inputBuf_V_6_fu_708                     |   4|   0|    4|          0|
    |inputBuf_V_70_fu_964                    |   4|   0|    4|          0|
    |inputBuf_V_71_fu_968                    |   4|   0|    4|          0|
    |inputBuf_V_72_fu_972                    |   4|   0|    4|          0|
    |inputBuf_V_73_fu_976                    |   4|   0|    4|          0|
    |inputBuf_V_74_fu_980                    |   4|   0|    4|          0|
    |inputBuf_V_75_fu_984                    |   4|   0|    4|          0|
    |inputBuf_V_76_fu_988                    |   4|   0|    4|          0|
    |inputBuf_V_77_fu_992                    |   4|   0|    4|          0|
    |inputBuf_V_78_fu_996                    |   4|   0|    4|          0|
    |inputBuf_V_79_fu_1000                   |   4|   0|    4|          0|
    |inputBuf_V_7_fu_712                     |   4|   0|    4|          0|
    |inputBuf_V_80_fu_1004                   |   4|   0|    4|          0|
    |inputBuf_V_81_fu_1008                   |   4|   0|    4|          0|
    |inputBuf_V_82_fu_1012                   |   4|   0|    4|          0|
    |inputBuf_V_83_fu_1016                   |   4|   0|    4|          0|
    |inputBuf_V_84_fu_1020                   |   4|   0|    4|          0|
    |inputBuf_V_85_fu_1024                   |   4|   0|    4|          0|
    |inputBuf_V_86_fu_1028                   |   4|   0|    4|          0|
    |inputBuf_V_87_fu_1032                   |   4|   0|    4|          0|
    |inputBuf_V_88_fu_1036                   |   4|   0|    4|          0|
    |inputBuf_V_89_fu_1040                   |   4|   0|    4|          0|
    |inputBuf_V_8_fu_716                     |   4|   0|    4|          0|
    |inputBuf_V_90_fu_1044                   |   4|   0|    4|          0|
    |inputBuf_V_91_fu_1048                   |   4|   0|    4|          0|
    |inputBuf_V_92_fu_1052                   |   4|   0|    4|          0|
    |inputBuf_V_93_fu_1056                   |   4|   0|    4|          0|
    |inputBuf_V_94_fu_1060                   |   4|   0|    4|          0|
    |inputBuf_V_95_fu_1064                   |   4|   0|    4|          0|
    |inputBuf_V_96_fu_1068                   |   4|   0|    4|          0|
    |inputBuf_V_97_fu_1072                   |   4|   0|    4|          0|
    |inputBuf_V_98_fu_1076                   |   4|   0|    4|          0|
    |inputBuf_V_99_fu_1080                   |   4|   0|    4|          0|
    |inputBuf_V_9_fu_720                     |   4|   0|    4|          0|
    |inputBuf_V_fu_684                       |   4|   0|    4|          0|
    |nf_1_fu_1836                            |  32|   0|   32|          0|
    |nf_2_reg_7292                           |  32|   0|   32|          0|
    |nf_2_reg_7292_pp0_iter1_reg             |  32|   0|   32|          0|
    |nf_2_reg_7292_pp0_iter2_reg             |  32|   0|   32|          0|
    |sf_fu_672                               |  32|   0|   32|          0|
    +----------------------------------------+----+----+-----+-----------+
    |Total                                   |1421|   0| 1421|          0|
    +----------------------------------------+----+----+-----+-----------+



================================================================
== Interface
================================================================
* Summary: 
+------------------+-----+-----+------------+-------------------------------------+--------------+
|     RTL Ports    | Dir | Bits|  Protocol  |            Source Object            |    C Type    |
+------------------+-----+-----+------------+-------------------------------------+--------------+
|ap_clk            |   in|    1|  ap_ctrl_hs|  Matrix_Vector_Activate_Stream_Batch|  return value|
|ap_rst            |   in|    1|  ap_ctrl_hs|  Matrix_Vector_Activate_Stream_Batch|  return value|
|ap_start          |   in|    1|  ap_ctrl_hs|  Matrix_Vector_Activate_Stream_Batch|  return value|
|ap_done           |  out|    1|  ap_ctrl_hs|  Matrix_Vector_Activate_Stream_Batch|  return value|
|ap_idle           |  out|    1|  ap_ctrl_hs|  Matrix_Vector_Activate_Stream_Batch|  return value|
|ap_ready          |  out|    1|  ap_ctrl_hs|  Matrix_Vector_Activate_Stream_Batch|  return value|
|in0_V_TVALID      |   in|    1|        axis|                                in0_V|       pointer|
|in0_V_TDATA       |   in|    8|        axis|                                in0_V|       pointer|
|in0_V_TREADY      |  out|    1|        axis|                                in0_V|       pointer|
|weights_V_TVALID  |   in|    1|        axis|                            weights_V|       pointer|
|weights_V_TDATA   |   in|    8|        axis|                            weights_V|       pointer|
|weights_V_TREADY  |  out|    1|        axis|                            weights_V|       pointer|
|out_V_TREADY      |   in|    1|        axis|                                out_V|       pointer|
|out_V_TDATA       |  out|    8|        axis|                                out_V|       pointer|
|out_V_TVALID      |  out|    1|        axis|                                out_V|       pointer|
+------------------+-----+-----+------------+-------------------------------------+--------------+

