

================================================================
== Vitis HLS Report for 'StreamingMaxPool_Precision_Pipeline_VITIS_LOOP_174_8'
================================================================
* Date:           Fri Jun 12 09:15:35 2026

* Version:        2022.2.2 (Build 3779808 on Feb 17 2023)
* Project:        project_StreamingMaxPool_Batch_2
* Solution:       sol1 (Vivado IP Flow Target)
* Product family: zynq
* Target device:  xc7z020-clg400-1


================================================================
== Performance Estimates
================================================================
+ Timing: 
    * Summary: 
    +--------+----------+----------+------------+
    |  Clock |  Target  | Estimated| Uncertainty|
    +--------+----------+----------+------------+
    |ap_clk  |  10.00 ns|  3.624 ns|     2.70 ns|
    +--------+----------+----------+------------+

+ Latency: 
    * Summary: 
    +---------+---------+----------+----------+-----+-----+---------+
    |  Latency (cycles) |  Latency (absolute) |  Interval | Pipeline|
    |   min   |   max   |    min   |    max   | min | max |   Type  |
    +---------+---------+----------+----------+-----+-----+---------+
    |       10|       10|  0.100 us|  0.100 us|   10|   10|       no|
    +---------+---------+----------+----------+-----+-----+---------+

    + Detail: 
        * Instance: 
        N/A

        * Loop: 
        +--------------------+---------+---------+----------+-----------+-----------+------+----------+
        |                    |  Latency (cycles) | Iteration|  Initiation Interval  | Trip |          |
        |      Loop Name     |   min   |   max   |  Latency |  achieved |   target  | Count| Pipelined|
        +--------------------+---------+---------+----------+-----------+-----------+------+----------+
        |- VITIS_LOOP_174_8  |        8|        8|         2|          1|          1|     8|  yes(flp)|
        +--------------------+---------+---------+----------+-----------+-----------+------+----------+

============================================================
+ Verbose Summary: Synthesis Manager
============================================================
InlineROM: 1
ExposeGlobal: 0
============================================================
+ Verbose Summary: CDFG Model
============================================================
IsTopModel: 0
ResetActiveHigh: 1
IsCombinational: 0
IsDatapathOnly: 0
HasWiredReturn: 1
HasMFsm: 1
HasVarLatency: 1
IsPipeline: 0
IsRtlPipelined: 0
IsInstanceOverlapped: 0
IsDontTouch: 0
HasImplIP: 0
IsGatedGlobalClock: 0

+ Individual pipeline summary: 
  * Pipeline-0: initiation interval (II) = 1, depth = 2


============================================================
+ Verbose Summary: Schedule
============================================================
* Number of FSM states : 2
* Pipeline : 1
  Pipeline-0 : II = 1, D = 2, States = { 1 2 }
* Dataflow Pipeline: 0

* FSM state transitions: 
1 --> 2 
2 --> 

* FSM state operations: 

State 1 <SV = 0> <Delay = 3.62>
ST_1 : Operation 5 [1/1] (0.00ns)   --->   "%outpix = alloca i32 1"   --->   Operation 5 'alloca' 'outpix' <Predicate = true> <Delay = 0.00>
ST_1 : Operation 6 [1/1] (0.00ns)   --->   "%specinterface_ln0 = specinterface void @_ssdm_op_SpecInterface, i256 %out_V, void @empty, i32 0, i32 0, void @empty_0, i32 0, i32 0, void @empty_1, void @empty_1, void @empty_1, i32 0, i32 0, i32 0, i32 0, void @empty_1, void @empty_1, i32 4294967295, i32 0"   --->   Operation 6 'specinterface' 'specinterface_ln0' <Predicate = true> <Delay = 0.00>
ST_1 : Operation 7 [1/1] (1.58ns)   --->   "%store_ln0 = store i4 0, i4 %outpix"   --->   Operation 7 'store' 'store_ln0' <Predicate = true> <Delay = 1.58>
ST_1 : Operation 8 [1/1] (0.00ns)   --->   "%br_ln0 = br void %for.inc87"   --->   Operation 8 'br' 'br_ln0' <Predicate = true> <Delay = 0.00>
ST_1 : Operation 9 [1/1] (0.00ns)   --->   "%outpix_1 = load i4 %outpix" [/home/miguel_tfg/FINN-v0.9-Stable/deps/finn-hlslib/maxpool.h:174]   --->   Operation 9 'load' 'outpix_1' <Predicate = true> <Delay = 0.00>
ST_1 : Operation 10 [1/1] (0.00ns)   --->   "%specpipeline_ln0 = specpipeline void @_ssdm_op_SpecPipeline, i32 4294967295, i32 0, i32 1, i32 0, void @p_str"   --->   Operation 10 'specpipeline' 'specpipeline_ln0' <Predicate = true> <Delay = 0.00>
ST_1 : Operation 11 [1/1] (1.30ns)   --->   "%icmp_ln174 = icmp_eq  i4 %outpix_1, i4 8" [/home/miguel_tfg/FINN-v0.9-Stable/deps/finn-hlslib/maxpool.h:174]   --->   Operation 11 'icmp' 'icmp_ln174' <Predicate = true> <Delay = 1.30> <CoreInst = "Cmp">   --->   Core 9 'Cmp' <Latency = 0> <II = 1> <Delay = 1.30> <FuncUnit> <Opcode : 'icmp'> <InPorts = 2> <OutPorts = 1>
ST_1 : Operation 12 [1/1] (0.00ns)   --->   "%empty = speclooptripcount i32 @_ssdm_op_SpecLoopTripCount, i64 8, i64 8, i64 8"   --->   Operation 12 'speclooptripcount' 'empty' <Predicate = true> <Delay = 0.00>
ST_1 : Operation 13 [1/1] (1.73ns)   --->   "%add_ln174 = add i4 %outpix_1, i4 1" [/home/miguel_tfg/FINN-v0.9-Stable/deps/finn-hlslib/maxpool.h:174]   --->   Operation 13 'add' 'add_ln174' <Predicate = true> <Delay = 1.73> <CoreInst = "Adder">   --->   Core 1 'Adder' <Latency = 0> <II = 1> <Delay = 1.73> <FuncUnit> <Opcode : 'add' 'sub'> <InPorts = 2> <OutPorts = 1>
ST_1 : Operation 14 [1/1] (0.00ns)   --->   "%br_ln174 = br i1 %icmp_ln174, void %for.inc87.split, void %for.inc93.exitStub" [/home/miguel_tfg/FINN-v0.9-Stable/deps/finn-hlslib/maxpool.h:174]   --->   Operation 14 'br' 'br_ln174' <Predicate = true> <Delay = 0.00>
ST_1 : Operation 15 [1/1] (0.00ns)   --->   "%outpix_cast = zext i4 %outpix_1" [/home/miguel_tfg/FINN-v0.9-Stable/deps/finn-hlslib/maxpool.h:174]   --->   Operation 15 'zext' 'outpix_cast' <Predicate = (!icmp_ln174)> <Delay = 0.00>
ST_1 : Operation 16 [1/1] (0.00ns)   --->   "%buf_V_addr = getelementptr i4 %buf_V, i64 0, i64 %outpix_cast"   --->   Operation 16 'getelementptr' 'buf_V_addr' <Predicate = (!icmp_ln174)> <Delay = 0.00>
ST_1 : Operation 17 [2/2] (2.32ns)   --->   "%buf_V_load = load i3 %buf_V_addr"   --->   Operation 17 'load' 'buf_V_load' <Predicate = (!icmp_ln174)> <Delay = 2.32> <CoreInst = "RAM">   --->   Core 82 'RAM' <Latency = 1> <II = 1> <Delay = 2.32> <Storage> <Opcode : 'load' 'store'> <Ports = 2> <Width = 4> <Depth = 8> <RAM>
ST_1 : Operation 18 [1/1] (2.32ns)   --->   "%store_ln181 = store i4 0, i3 %buf_V_addr" [/home/miguel_tfg/FINN-v0.9-Stable/deps/finn-hlslib/maxpool.h:181]   --->   Operation 18 'store' 'store_ln181' <Predicate = (!icmp_ln174)> <Delay = 2.32> <CoreInst = "RAM">   --->   Core 82 'RAM' <Latency = 1> <II = 1> <Delay = 2.32> <Storage> <Opcode : 'load' 'store'> <Ports = 2> <Width = 4> <Depth = 8> <RAM>
ST_1 : Operation 19 [1/1] (0.00ns)   --->   "%buf_V_1_addr = getelementptr i4 %buf_V_1, i64 0, i64 %outpix_cast"   --->   Operation 19 'getelementptr' 'buf_V_1_addr' <Predicate = (!icmp_ln174)> <Delay = 0.00>
ST_1 : Operation 20 [2/2] (2.32ns)   --->   "%buf_V_1_load = load i3 %buf_V_1_addr"   --->   Operation 20 'load' 'buf_V_1_load' <Predicate = (!icmp_ln174)> <Delay = 2.32> <CoreInst = "RAM">   --->   Core 82 'RAM' <Latency = 1> <II = 1> <Delay = 2.32> <Storage> <Opcode : 'load' 'store'> <Ports = 2> <Width = 4> <Depth = 8> <RAM>
ST_1 : Operation 21 [1/1] (2.32ns)   --->   "%store_ln181 = store i4 0, i3 %buf_V_1_addr" [/home/miguel_tfg/FINN-v0.9-Stable/deps/finn-hlslib/maxpool.h:181]   --->   Operation 21 'store' 'store_ln181' <Predicate = (!icmp_ln174)> <Delay = 2.32> <CoreInst = "RAM">   --->   Core 82 'RAM' <Latency = 1> <II = 1> <Delay = 2.32> <Storage> <Opcode : 'load' 'store'> <Ports = 2> <Width = 4> <Depth = 8> <RAM>
ST_1 : Operation 22 [1/1] (0.00ns)   --->   "%buf_V_2_addr = getelementptr i4 %buf_V_2, i64 0, i64 %outpix_cast"   --->   Operation 22 'getelementptr' 'buf_V_2_addr' <Predicate = (!icmp_ln174)> <Delay = 0.00>
ST_1 : Operation 23 [2/2] (2.32ns)   --->   "%buf_V_2_load = load i3 %buf_V_2_addr"   --->   Operation 23 'load' 'buf_V_2_load' <Predicate = (!icmp_ln174)> <Delay = 2.32> <CoreInst = "RAM">   --->   Core 82 'RAM' <Latency = 1> <II = 1> <Delay = 2.32> <Storage> <Opcode : 'load' 'store'> <Ports = 2> <Width = 4> <Depth = 8> <RAM>
ST_1 : Operation 24 [1/1] (2.32ns)   --->   "%store_ln181 = store i4 0, i3 %buf_V_2_addr" [/home/miguel_tfg/FINN-v0.9-Stable/deps/finn-hlslib/maxpool.h:181]   --->   Operation 24 'store' 'store_ln181' <Predicate = (!icmp_ln174)> <Delay = 2.32> <CoreInst = "RAM">   --->   Core 82 'RAM' <Latency = 1> <II = 1> <Delay = 2.32> <Storage> <Opcode : 'load' 'store'> <Ports = 2> <Width = 4> <Depth = 8> <RAM>
ST_1 : Operation 25 [1/1] (0.00ns)   --->   "%buf_V_3_addr = getelementptr i4 %buf_V_3, i64 0, i64 %outpix_cast"   --->   Operation 25 'getelementptr' 'buf_V_3_addr' <Predicate = (!icmp_ln174)> <Delay = 0.00>
ST_1 : Operation 26 [2/2] (2.32ns)   --->   "%buf_V_3_load = load i3 %buf_V_3_addr"   --->   Operation 26 'load' 'buf_V_3_load' <Predicate = (!icmp_ln174)> <Delay = 2.32> <CoreInst = "RAM">   --->   Core 82 'RAM' <Latency = 1> <II = 1> <Delay = 2.32> <Storage> <Opcode : 'load' 'store'> <Ports = 2> <Width = 4> <Depth = 8> <RAM>
ST_1 : Operation 27 [1/1] (2.32ns)   --->   "%store_ln181 = store i4 0, i3 %buf_V_3_addr" [/home/miguel_tfg/FINN-v0.9-Stable/deps/finn-hlslib/maxpool.h:181]   --->   Operation 27 'store' 'store_ln181' <Predicate = (!icmp_ln174)> <Delay = 2.32> <CoreInst = "RAM">   --->   Core 82 'RAM' <Latency = 1> <II = 1> <Delay = 2.32> <Storage> <Opcode : 'load' 'store'> <Ports = 2> <Width = 4> <Depth = 8> <RAM>
ST_1 : Operation 28 [1/1] (0.00ns)   --->   "%buf_V_4_addr = getelementptr i4 %buf_V_4, i64 0, i64 %outpix_cast"   --->   Operation 28 'getelementptr' 'buf_V_4_addr' <Predicate = (!icmp_ln174)> <Delay = 0.00>
ST_1 : Operation 29 [2/2] (2.32ns)   --->   "%buf_V_4_load = load i3 %buf_V_4_addr"   --->   Operation 29 'load' 'buf_V_4_load' <Predicate = (!icmp_ln174)> <Delay = 2.32> <CoreInst = "RAM">   --->   Core 82 'RAM' <Latency = 1> <II = 1> <Delay = 2.32> <Storage> <Opcode : 'load' 'store'> <Ports = 2> <Width = 4> <Depth = 8> <RAM>
ST_1 : Operation 30 [1/1] (2.32ns)   --->   "%store_ln181 = store i4 0, i3 %buf_V_4_addr" [/home/miguel_tfg/FINN-v0.9-Stable/deps/finn-hlslib/maxpool.h:181]   --->   Operation 30 'store' 'store_ln181' <Predicate = (!icmp_ln174)> <Delay = 2.32> <CoreInst = "RAM">   --->   Core 82 'RAM' <Latency = 1> <II = 1> <Delay = 2.32> <Storage> <Opcode : 'load' 'store'> <Ports = 2> <Width = 4> <Depth = 8> <RAM>
ST_1 : Operation 31 [1/1] (0.00ns)   --->   "%buf_V_5_addr = getelementptr i4 %buf_V_5, i64 0, i64 %outpix_cast"   --->   Operation 31 'getelementptr' 'buf_V_5_addr' <Predicate = (!icmp_ln174)> <Delay = 0.00>
ST_1 : Operation 32 [2/2] (2.32ns)   --->   "%buf_V_5_load = load i3 %buf_V_5_addr"   --->   Operation 32 'load' 'buf_V_5_load' <Predicate = (!icmp_ln174)> <Delay = 2.32> <CoreInst = "RAM">   --->   Core 82 'RAM' <Latency = 1> <II = 1> <Delay = 2.32> <Storage> <Opcode : 'load' 'store'> <Ports = 2> <Width = 4> <Depth = 8> <RAM>
ST_1 : Operation 33 [1/1] (2.32ns)   --->   "%store_ln181 = store i4 0, i3 %buf_V_5_addr" [/home/miguel_tfg/FINN-v0.9-Stable/deps/finn-hlslib/maxpool.h:181]   --->   Operation 33 'store' 'store_ln181' <Predicate = (!icmp_ln174)> <Delay = 2.32> <CoreInst = "RAM">   --->   Core 82 'RAM' <Latency = 1> <II = 1> <Delay = 2.32> <Storage> <Opcode : 'load' 'store'> <Ports = 2> <Width = 4> <Depth = 8> <RAM>
ST_1 : Operation 34 [1/1] (0.00ns)   --->   "%buf_V_6_addr = getelementptr i4 %buf_V_6, i64 0, i64 %outpix_cast"   --->   Operation 34 'getelementptr' 'buf_V_6_addr' <Predicate = (!icmp_ln174)> <Delay = 0.00>
ST_1 : Operation 35 [2/2] (2.32ns)   --->   "%buf_V_6_load = load i3 %buf_V_6_addr"   --->   Operation 35 'load' 'buf_V_6_load' <Predicate = (!icmp_ln174)> <Delay = 2.32> <CoreInst = "RAM">   --->   Core 82 'RAM' <Latency = 1> <II = 1> <Delay = 2.32> <Storage> <Opcode : 'load' 'store'> <Ports = 2> <Width = 4> <Depth = 8> <RAM>
ST_1 : Operation 36 [1/1] (2.32ns)   --->   "%store_ln181 = store i4 0, i3 %buf_V_6_addr" [/home/miguel_tfg/FINN-v0.9-Stable/deps/finn-hlslib/maxpool.h:181]   --->   Operation 36 'store' 'store_ln181' <Predicate = (!icmp_ln174)> <Delay = 2.32> <CoreInst = "RAM">   --->   Core 82 'RAM' <Latency = 1> <II = 1> <Delay = 2.32> <Storage> <Opcode : 'load' 'store'> <Ports = 2> <Width = 4> <Depth = 8> <RAM>
ST_1 : Operation 37 [1/1] (0.00ns)   --->   "%buf_V_7_addr = getelementptr i4 %buf_V_7, i64 0, i64 %outpix_cast"   --->   Operation 37 'getelementptr' 'buf_V_7_addr' <Predicate = (!icmp_ln174)> <Delay = 0.00>
ST_1 : Operation 38 [2/2] (2.32ns)   --->   "%buf_V_7_load = load i3 %buf_V_7_addr"   --->   Operation 38 'load' 'buf_V_7_load' <Predicate = (!icmp_ln174)> <Delay = 2.32> <CoreInst = "RAM">   --->   Core 82 'RAM' <Latency = 1> <II = 1> <Delay = 2.32> <Storage> <Opcode : 'load' 'store'> <Ports = 2> <Width = 4> <Depth = 8> <RAM>
ST_1 : Operation 39 [1/1] (2.32ns)   --->   "%store_ln181 = store i4 0, i3 %buf_V_7_addr" [/home/miguel_tfg/FINN-v0.9-Stable/deps/finn-hlslib/maxpool.h:181]   --->   Operation 39 'store' 'store_ln181' <Predicate = (!icmp_ln174)> <Delay = 2.32> <CoreInst = "RAM">   --->   Core 82 'RAM' <Latency = 1> <II = 1> <Delay = 2.32> <Storage> <Opcode : 'load' 'store'> <Ports = 2> <Width = 4> <Depth = 8> <RAM>
ST_1 : Operation 40 [1/1] (0.00ns)   --->   "%buf_V_8_addr = getelementptr i4 %buf_V_8, i64 0, i64 %outpix_cast"   --->   Operation 40 'getelementptr' 'buf_V_8_addr' <Predicate = (!icmp_ln174)> <Delay = 0.00>
ST_1 : Operation 41 [2/2] (2.32ns)   --->   "%buf_V_8_load = load i3 %buf_V_8_addr"   --->   Operation 41 'load' 'buf_V_8_load' <Predicate = (!icmp_ln174)> <Delay = 2.32> <CoreInst = "RAM">   --->   Core 82 'RAM' <Latency = 1> <II = 1> <Delay = 2.32> <Storage> <Opcode : 'load' 'store'> <Ports = 2> <Width = 4> <Depth = 8> <RAM>
ST_1 : Operation 42 [1/1] (2.32ns)   --->   "%store_ln181 = store i4 0, i3 %buf_V_8_addr" [/home/miguel_tfg/FINN-v0.9-Stable/deps/finn-hlslib/maxpool.h:181]   --->   Operation 42 'store' 'store_ln181' <Predicate = (!icmp_ln174)> <Delay = 2.32> <CoreInst = "RAM">   --->   Core 82 'RAM' <Latency = 1> <II = 1> <Delay = 2.32> <Storage> <Opcode : 'load' 'store'> <Ports = 2> <Width = 4> <Depth = 8> <RAM>
ST_1 : Operation 43 [1/1] (0.00ns)   --->   "%buf_V_9_addr = getelementptr i4 %buf_V_9, i64 0, i64 %outpix_cast"   --->   Operation 43 'getelementptr' 'buf_V_9_addr' <Predicate = (!icmp_ln174)> <Delay = 0.00>
ST_1 : Operation 44 [2/2] (2.32ns)   --->   "%buf_V_9_load = load i3 %buf_V_9_addr"   --->   Operation 44 'load' 'buf_V_9_load' <Predicate = (!icmp_ln174)> <Delay = 2.32> <CoreInst = "RAM">   --->   Core 82 'RAM' <Latency = 1> <II = 1> <Delay = 2.32> <Storage> <Opcode : 'load' 'store'> <Ports = 2> <Width = 4> <Depth = 8> <RAM>
ST_1 : Operation 45 [1/1] (2.32ns)   --->   "%store_ln181 = store i4 0, i3 %buf_V_9_addr" [/home/miguel_tfg/FINN-v0.9-Stable/deps/finn-hlslib/maxpool.h:181]   --->   Operation 45 'store' 'store_ln181' <Predicate = (!icmp_ln174)> <Delay = 2.32> <CoreInst = "RAM">   --->   Core 82 'RAM' <Latency = 1> <II = 1> <Delay = 2.32> <Storage> <Opcode : 'load' 'store'> <Ports = 2> <Width = 4> <Depth = 8> <RAM>
ST_1 : Operation 46 [1/1] (0.00ns)   --->   "%buf_V_10_addr = getelementptr i4 %buf_V_10, i64 0, i64 %outpix_cast"   --->   Operation 46 'getelementptr' 'buf_V_10_addr' <Predicate = (!icmp_ln174)> <Delay = 0.00>
ST_1 : Operation 47 [2/2] (2.32ns)   --->   "%buf_V_10_load = load i3 %buf_V_10_addr"   --->   Operation 47 'load' 'buf_V_10_load' <Predicate = (!icmp_ln174)> <Delay = 2.32> <CoreInst = "RAM">   --->   Core 82 'RAM' <Latency = 1> <II = 1> <Delay = 2.32> <Storage> <Opcode : 'load' 'store'> <Ports = 2> <Width = 4> <Depth = 8> <RAM>
ST_1 : Operation 48 [1/1] (2.32ns)   --->   "%store_ln181 = store i4 0, i3 %buf_V_10_addr" [/home/miguel_tfg/FINN-v0.9-Stable/deps/finn-hlslib/maxpool.h:181]   --->   Operation 48 'store' 'store_ln181' <Predicate = (!icmp_ln174)> <Delay = 2.32> <CoreInst = "RAM">   --->   Core 82 'RAM' <Latency = 1> <II = 1> <Delay = 2.32> <Storage> <Opcode : 'load' 'store'> <Ports = 2> <Width = 4> <Depth = 8> <RAM>
ST_1 : Operation 49 [1/1] (0.00ns)   --->   "%buf_V_11_addr = getelementptr i4 %buf_V_11, i64 0, i64 %outpix_cast"   --->   Operation 49 'getelementptr' 'buf_V_11_addr' <Predicate = (!icmp_ln174)> <Delay = 0.00>
ST_1 : Operation 50 [2/2] (2.32ns)   --->   "%buf_V_11_load = load i3 %buf_V_11_addr"   --->   Operation 50 'load' 'buf_V_11_load' <Predicate = (!icmp_ln174)> <Delay = 2.32> <CoreInst = "RAM">   --->   Core 82 'RAM' <Latency = 1> <II = 1> <Delay = 2.32> <Storage> <Opcode : 'load' 'store'> <Ports = 2> <Width = 4> <Depth = 8> <RAM>
ST_1 : Operation 51 [1/1] (2.32ns)   --->   "%store_ln181 = store i4 0, i3 %buf_V_11_addr" [/home/miguel_tfg/FINN-v0.9-Stable/deps/finn-hlslib/maxpool.h:181]   --->   Operation 51 'store' 'store_ln181' <Predicate = (!icmp_ln174)> <Delay = 2.32> <CoreInst = "RAM">   --->   Core 82 'RAM' <Latency = 1> <II = 1> <Delay = 2.32> <Storage> <Opcode : 'load' 'store'> <Ports = 2> <Width = 4> <Depth = 8> <RAM>
ST_1 : Operation 52 [1/1] (0.00ns)   --->   "%buf_V_12_addr = getelementptr i4 %buf_V_12, i64 0, i64 %outpix_cast"   --->   Operation 52 'getelementptr' 'buf_V_12_addr' <Predicate = (!icmp_ln174)> <Delay = 0.00>
ST_1 : Operation 53 [2/2] (2.32ns)   --->   "%buf_V_12_load = load i3 %buf_V_12_addr"   --->   Operation 53 'load' 'buf_V_12_load' <Predicate = (!icmp_ln174)> <Delay = 2.32> <CoreInst = "RAM">   --->   Core 82 'RAM' <Latency = 1> <II = 1> <Delay = 2.32> <Storage> <Opcode : 'load' 'store'> <Ports = 2> <Width = 4> <Depth = 8> <RAM>
ST_1 : Operation 54 [1/1] (2.32ns)   --->   "%store_ln181 = store i4 0, i3 %buf_V_12_addr" [/home/miguel_tfg/FINN-v0.9-Stable/deps/finn-hlslib/maxpool.h:181]   --->   Operation 54 'store' 'store_ln181' <Predicate = (!icmp_ln174)> <Delay = 2.32> <CoreInst = "RAM">   --->   Core 82 'RAM' <Latency = 1> <II = 1> <Delay = 2.32> <Storage> <Opcode : 'load' 'store'> <Ports = 2> <Width = 4> <Depth = 8> <RAM>
ST_1 : Operation 55 [1/1] (0.00ns)   --->   "%buf_V_13_addr = getelementptr i4 %buf_V_13, i64 0, i64 %outpix_cast"   --->   Operation 55 'getelementptr' 'buf_V_13_addr' <Predicate = (!icmp_ln174)> <Delay = 0.00>
ST_1 : Operation 56 [2/2] (2.32ns)   --->   "%buf_V_13_load = load i3 %buf_V_13_addr"   --->   Operation 56 'load' 'buf_V_13_load' <Predicate = (!icmp_ln174)> <Delay = 2.32> <CoreInst = "RAM">   --->   Core 82 'RAM' <Latency = 1> <II = 1> <Delay = 2.32> <Storage> <Opcode : 'load' 'store'> <Ports = 2> <Width = 4> <Depth = 8> <RAM>
ST_1 : Operation 57 [1/1] (2.32ns)   --->   "%store_ln181 = store i4 0, i3 %buf_V_13_addr" [/home/miguel_tfg/FINN-v0.9-Stable/deps/finn-hlslib/maxpool.h:181]   --->   Operation 57 'store' 'store_ln181' <Predicate = (!icmp_ln174)> <Delay = 2.32> <CoreInst = "RAM">   --->   Core 82 'RAM' <Latency = 1> <II = 1> <Delay = 2.32> <Storage> <Opcode : 'load' 'store'> <Ports = 2> <Width = 4> <Depth = 8> <RAM>
ST_1 : Operation 58 [1/1] (0.00ns)   --->   "%buf_V_14_addr = getelementptr i4 %buf_V_14, i64 0, i64 %outpix_cast"   --->   Operation 58 'getelementptr' 'buf_V_14_addr' <Predicate = (!icmp_ln174)> <Delay = 0.00>
ST_1 : Operation 59 [2/2] (2.32ns)   --->   "%buf_V_14_load = load i3 %buf_V_14_addr"   --->   Operation 59 'load' 'buf_V_14_load' <Predicate = (!icmp_ln174)> <Delay = 2.32> <CoreInst = "RAM">   --->   Core 82 'RAM' <Latency = 1> <II = 1> <Delay = 2.32> <Storage> <Opcode : 'load' 'store'> <Ports = 2> <Width = 4> <Depth = 8> <RAM>
ST_1 : Operation 60 [1/1] (2.32ns)   --->   "%store_ln181 = store i4 0, i3 %buf_V_14_addr" [/home/miguel_tfg/FINN-v0.9-Stable/deps/finn-hlslib/maxpool.h:181]   --->   Operation 60 'store' 'store_ln181' <Predicate = (!icmp_ln174)> <Delay = 2.32> <CoreInst = "RAM">   --->   Core 82 'RAM' <Latency = 1> <II = 1> <Delay = 2.32> <Storage> <Opcode : 'load' 'store'> <Ports = 2> <Width = 4> <Depth = 8> <RAM>
ST_1 : Operation 61 [1/1] (0.00ns)   --->   "%buf_V_15_addr = getelementptr i4 %buf_V_15, i64 0, i64 %outpix_cast"   --->   Operation 61 'getelementptr' 'buf_V_15_addr' <Predicate = (!icmp_ln174)> <Delay = 0.00>
ST_1 : Operation 62 [2/2] (2.32ns)   --->   "%buf_V_15_load = load i3 %buf_V_15_addr"   --->   Operation 62 'load' 'buf_V_15_load' <Predicate = (!icmp_ln174)> <Delay = 2.32> <CoreInst = "RAM">   --->   Core 82 'RAM' <Latency = 1> <II = 1> <Delay = 2.32> <Storage> <Opcode : 'load' 'store'> <Ports = 2> <Width = 4> <Depth = 8> <RAM>
ST_1 : Operation 63 [1/1] (2.32ns)   --->   "%store_ln181 = store i4 0, i3 %buf_V_15_addr" [/home/miguel_tfg/FINN-v0.9-Stable/deps/finn-hlslib/maxpool.h:181]   --->   Operation 63 'store' 'store_ln181' <Predicate = (!icmp_ln174)> <Delay = 2.32> <CoreInst = "RAM">   --->   Core 82 'RAM' <Latency = 1> <II = 1> <Delay = 2.32> <Storage> <Opcode : 'load' 'store'> <Ports = 2> <Width = 4> <Depth = 8> <RAM>
ST_1 : Operation 64 [1/1] (0.00ns)   --->   "%buf_V_16_addr = getelementptr i4 %buf_V_16, i64 0, i64 %outpix_cast"   --->   Operation 64 'getelementptr' 'buf_V_16_addr' <Predicate = (!icmp_ln174)> <Delay = 0.00>
ST_1 : Operation 65 [2/2] (2.32ns)   --->   "%buf_V_16_load = load i3 %buf_V_16_addr"   --->   Operation 65 'load' 'buf_V_16_load' <Predicate = (!icmp_ln174)> <Delay = 2.32> <CoreInst = "RAM">   --->   Core 82 'RAM' <Latency = 1> <II = 1> <Delay = 2.32> <Storage> <Opcode : 'load' 'store'> <Ports = 2> <Width = 4> <Depth = 8> <RAM>
ST_1 : Operation 66 [1/1] (2.32ns)   --->   "%store_ln181 = store i4 0, i3 %buf_V_16_addr" [/home/miguel_tfg/FINN-v0.9-Stable/deps/finn-hlslib/maxpool.h:181]   --->   Operation 66 'store' 'store_ln181' <Predicate = (!icmp_ln174)> <Delay = 2.32> <CoreInst = "RAM">   --->   Core 82 'RAM' <Latency = 1> <II = 1> <Delay = 2.32> <Storage> <Opcode : 'load' 'store'> <Ports = 2> <Width = 4> <Depth = 8> <RAM>
ST_1 : Operation 67 [1/1] (0.00ns)   --->   "%buf_V_17_addr = getelementptr i4 %buf_V_17, i64 0, i64 %outpix_cast"   --->   Operation 67 'getelementptr' 'buf_V_17_addr' <Predicate = (!icmp_ln174)> <Delay = 0.00>
ST_1 : Operation 68 [2/2] (2.32ns)   --->   "%buf_V_17_load = load i3 %buf_V_17_addr"   --->   Operation 68 'load' 'buf_V_17_load' <Predicate = (!icmp_ln174)> <Delay = 2.32> <CoreInst = "RAM">   --->   Core 82 'RAM' <Latency = 1> <II = 1> <Delay = 2.32> <Storage> <Opcode : 'load' 'store'> <Ports = 2> <Width = 4> <Depth = 8> <RAM>
ST_1 : Operation 69 [1/1] (2.32ns)   --->   "%store_ln181 = store i4 0, i3 %buf_V_17_addr" [/home/miguel_tfg/FINN-v0.9-Stable/deps/finn-hlslib/maxpool.h:181]   --->   Operation 69 'store' 'store_ln181' <Predicate = (!icmp_ln174)> <Delay = 2.32> <CoreInst = "RAM">   --->   Core 82 'RAM' <Latency = 1> <II = 1> <Delay = 2.32> <Storage> <Opcode : 'load' 'store'> <Ports = 2> <Width = 4> <Depth = 8> <RAM>
ST_1 : Operation 70 [1/1] (0.00ns)   --->   "%buf_V_18_addr = getelementptr i4 %buf_V_18, i64 0, i64 %outpix_cast"   --->   Operation 70 'getelementptr' 'buf_V_18_addr' <Predicate = (!icmp_ln174)> <Delay = 0.00>
ST_1 : Operation 71 [2/2] (2.32ns)   --->   "%buf_V_18_load = load i3 %buf_V_18_addr"   --->   Operation 71 'load' 'buf_V_18_load' <Predicate = (!icmp_ln174)> <Delay = 2.32> <CoreInst = "RAM">   --->   Core 82 'RAM' <Latency = 1> <II = 1> <Delay = 2.32> <Storage> <Opcode : 'load' 'store'> <Ports = 2> <Width = 4> <Depth = 8> <RAM>
ST_1 : Operation 72 [1/1] (2.32ns)   --->   "%store_ln181 = store i4 0, i3 %buf_V_18_addr" [/home/miguel_tfg/FINN-v0.9-Stable/deps/finn-hlslib/maxpool.h:181]   --->   Operation 72 'store' 'store_ln181' <Predicate = (!icmp_ln174)> <Delay = 2.32> <CoreInst = "RAM">   --->   Core 82 'RAM' <Latency = 1> <II = 1> <Delay = 2.32> <Storage> <Opcode : 'load' 'store'> <Ports = 2> <Width = 4> <Depth = 8> <RAM>
ST_1 : Operation 73 [1/1] (0.00ns)   --->   "%buf_V_19_addr = getelementptr i4 %buf_V_19, i64 0, i64 %outpix_cast"   --->   Operation 73 'getelementptr' 'buf_V_19_addr' <Predicate = (!icmp_ln174)> <Delay = 0.00>
ST_1 : Operation 74 [2/2] (2.32ns)   --->   "%buf_V_19_load = load i3 %buf_V_19_addr"   --->   Operation 74 'load' 'buf_V_19_load' <Predicate = (!icmp_ln174)> <Delay = 2.32> <CoreInst = "RAM">   --->   Core 82 'RAM' <Latency = 1> <II = 1> <Delay = 2.32> <Storage> <Opcode : 'load' 'store'> <Ports = 2> <Width = 4> <Depth = 8> <RAM>
ST_1 : Operation 75 [1/1] (2.32ns)   --->   "%store_ln181 = store i4 0, i3 %buf_V_19_addr" [/home/miguel_tfg/FINN-v0.9-Stable/deps/finn-hlslib/maxpool.h:181]   --->   Operation 75 'store' 'store_ln181' <Predicate = (!icmp_ln174)> <Delay = 2.32> <CoreInst = "RAM">   --->   Core 82 'RAM' <Latency = 1> <II = 1> <Delay = 2.32> <Storage> <Opcode : 'load' 'store'> <Ports = 2> <Width = 4> <Depth = 8> <RAM>
ST_1 : Operation 76 [1/1] (0.00ns)   --->   "%buf_V_20_addr = getelementptr i4 %buf_V_20, i64 0, i64 %outpix_cast"   --->   Operation 76 'getelementptr' 'buf_V_20_addr' <Predicate = (!icmp_ln174)> <Delay = 0.00>
ST_1 : Operation 77 [2/2] (2.32ns)   --->   "%buf_V_20_load = load i3 %buf_V_20_addr"   --->   Operation 77 'load' 'buf_V_20_load' <Predicate = (!icmp_ln174)> <Delay = 2.32> <CoreInst = "RAM">   --->   Core 82 'RAM' <Latency = 1> <II = 1> <Delay = 2.32> <Storage> <Opcode : 'load' 'store'> <Ports = 2> <Width = 4> <Depth = 8> <RAM>
ST_1 : Operation 78 [1/1] (2.32ns)   --->   "%store_ln181 = store i4 0, i3 %buf_V_20_addr" [/home/miguel_tfg/FINN-v0.9-Stable/deps/finn-hlslib/maxpool.h:181]   --->   Operation 78 'store' 'store_ln181' <Predicate = (!icmp_ln174)> <Delay = 2.32> <CoreInst = "RAM">   --->   Core 82 'RAM' <Latency = 1> <II = 1> <Delay = 2.32> <Storage> <Opcode : 'load' 'store'> <Ports = 2> <Width = 4> <Depth = 8> <RAM>
ST_1 : Operation 79 [1/1] (0.00ns)   --->   "%buf_V_21_addr = getelementptr i4 %buf_V_21, i64 0, i64 %outpix_cast"   --->   Operation 79 'getelementptr' 'buf_V_21_addr' <Predicate = (!icmp_ln174)> <Delay = 0.00>
ST_1 : Operation 80 [2/2] (2.32ns)   --->   "%buf_V_21_load = load i3 %buf_V_21_addr"   --->   Operation 80 'load' 'buf_V_21_load' <Predicate = (!icmp_ln174)> <Delay = 2.32> <CoreInst = "RAM">   --->   Core 82 'RAM' <Latency = 1> <II = 1> <Delay = 2.32> <Storage> <Opcode : 'load' 'store'> <Ports = 2> <Width = 4> <Depth = 8> <RAM>
ST_1 : Operation 81 [1/1] (2.32ns)   --->   "%store_ln181 = store i4 0, i3 %buf_V_21_addr" [/home/miguel_tfg/FINN-v0.9-Stable/deps/finn-hlslib/maxpool.h:181]   --->   Operation 81 'store' 'store_ln181' <Predicate = (!icmp_ln174)> <Delay = 2.32> <CoreInst = "RAM">   --->   Core 82 'RAM' <Latency = 1> <II = 1> <Delay = 2.32> <Storage> <Opcode : 'load' 'store'> <Ports = 2> <Width = 4> <Depth = 8> <RAM>
ST_1 : Operation 82 [1/1] (0.00ns)   --->   "%buf_V_22_addr = getelementptr i4 %buf_V_22, i64 0, i64 %outpix_cast"   --->   Operation 82 'getelementptr' 'buf_V_22_addr' <Predicate = (!icmp_ln174)> <Delay = 0.00>
ST_1 : Operation 83 [2/2] (2.32ns)   --->   "%buf_V_22_load = load i3 %buf_V_22_addr"   --->   Operation 83 'load' 'buf_V_22_load' <Predicate = (!icmp_ln174)> <Delay = 2.32> <CoreInst = "RAM">   --->   Core 82 'RAM' <Latency = 1> <II = 1> <Delay = 2.32> <Storage> <Opcode : 'load' 'store'> <Ports = 2> <Width = 4> <Depth = 8> <RAM>
ST_1 : Operation 84 [1/1] (2.32ns)   --->   "%store_ln181 = store i4 0, i3 %buf_V_22_addr" [/home/miguel_tfg/FINN-v0.9-Stable/deps/finn-hlslib/maxpool.h:181]   --->   Operation 84 'store' 'store_ln181' <Predicate = (!icmp_ln174)> <Delay = 2.32> <CoreInst = "RAM">   --->   Core 82 'RAM' <Latency = 1> <II = 1> <Delay = 2.32> <Storage> <Opcode : 'load' 'store'> <Ports = 2> <Width = 4> <Depth = 8> <RAM>
ST_1 : Operation 85 [1/1] (0.00ns)   --->   "%buf_V_23_addr = getelementptr i4 %buf_V_23, i64 0, i64 %outpix_cast"   --->   Operation 85 'getelementptr' 'buf_V_23_addr' <Predicate = (!icmp_ln174)> <Delay = 0.00>
ST_1 : Operation 86 [2/2] (2.32ns)   --->   "%buf_V_23_load = load i3 %buf_V_23_addr"   --->   Operation 86 'load' 'buf_V_23_load' <Predicate = (!icmp_ln174)> <Delay = 2.32> <CoreInst = "RAM">   --->   Core 82 'RAM' <Latency = 1> <II = 1> <Delay = 2.32> <Storage> <Opcode : 'load' 'store'> <Ports = 2> <Width = 4> <Depth = 8> <RAM>
ST_1 : Operation 87 [1/1] (2.32ns)   --->   "%store_ln181 = store i4 0, i3 %buf_V_23_addr" [/home/miguel_tfg/FINN-v0.9-Stable/deps/finn-hlslib/maxpool.h:181]   --->   Operation 87 'store' 'store_ln181' <Predicate = (!icmp_ln174)> <Delay = 2.32> <CoreInst = "RAM">   --->   Core 82 'RAM' <Latency = 1> <II = 1> <Delay = 2.32> <Storage> <Opcode : 'load' 'store'> <Ports = 2> <Width = 4> <Depth = 8> <RAM>
ST_1 : Operation 88 [1/1] (0.00ns)   --->   "%buf_V_24_addr = getelementptr i4 %buf_V_24, i64 0, i64 %outpix_cast"   --->   Operation 88 'getelementptr' 'buf_V_24_addr' <Predicate = (!icmp_ln174)> <Delay = 0.00>
ST_1 : Operation 89 [2/2] (2.32ns)   --->   "%buf_V_24_load = load i3 %buf_V_24_addr"   --->   Operation 89 'load' 'buf_V_24_load' <Predicate = (!icmp_ln174)> <Delay = 2.32> <CoreInst = "RAM">   --->   Core 82 'RAM' <Latency = 1> <II = 1> <Delay = 2.32> <Storage> <Opcode : 'load' 'store'> <Ports = 2> <Width = 4> <Depth = 8> <RAM>
ST_1 : Operation 90 [1/1] (2.32ns)   --->   "%store_ln181 = store i4 0, i3 %buf_V_24_addr" [/home/miguel_tfg/FINN-v0.9-Stable/deps/finn-hlslib/maxpool.h:181]   --->   Operation 90 'store' 'store_ln181' <Predicate = (!icmp_ln174)> <Delay = 2.32> <CoreInst = "RAM">   --->   Core 82 'RAM' <Latency = 1> <II = 1> <Delay = 2.32> <Storage> <Opcode : 'load' 'store'> <Ports = 2> <Width = 4> <Depth = 8> <RAM>
ST_1 : Operation 91 [1/1] (0.00ns)   --->   "%buf_V_25_addr = getelementptr i4 %buf_V_25, i64 0, i64 %outpix_cast"   --->   Operation 91 'getelementptr' 'buf_V_25_addr' <Predicate = (!icmp_ln174)> <Delay = 0.00>
ST_1 : Operation 92 [2/2] (2.32ns)   --->   "%buf_V_25_load = load i3 %buf_V_25_addr"   --->   Operation 92 'load' 'buf_V_25_load' <Predicate = (!icmp_ln174)> <Delay = 2.32> <CoreInst = "RAM">   --->   Core 82 'RAM' <Latency = 1> <II = 1> <Delay = 2.32> <Storage> <Opcode : 'load' 'store'> <Ports = 2> <Width = 4> <Depth = 8> <RAM>
ST_1 : Operation 93 [1/1] (2.32ns)   --->   "%store_ln181 = store i4 0, i3 %buf_V_25_addr" [/home/miguel_tfg/FINN-v0.9-Stable/deps/finn-hlslib/maxpool.h:181]   --->   Operation 93 'store' 'store_ln181' <Predicate = (!icmp_ln174)> <Delay = 2.32> <CoreInst = "RAM">   --->   Core 82 'RAM' <Latency = 1> <II = 1> <Delay = 2.32> <Storage> <Opcode : 'load' 'store'> <Ports = 2> <Width = 4> <Depth = 8> <RAM>
ST_1 : Operation 94 [1/1] (0.00ns)   --->   "%buf_V_26_addr = getelementptr i4 %buf_V_26, i64 0, i64 %outpix_cast"   --->   Operation 94 'getelementptr' 'buf_V_26_addr' <Predicate = (!icmp_ln174)> <Delay = 0.00>
ST_1 : Operation 95 [2/2] (2.32ns)   --->   "%buf_V_26_load = load i3 %buf_V_26_addr"   --->   Operation 95 'load' 'buf_V_26_load' <Predicate = (!icmp_ln174)> <Delay = 2.32> <CoreInst = "RAM">   --->   Core 82 'RAM' <Latency = 1> <II = 1> <Delay = 2.32> <Storage> <Opcode : 'load' 'store'> <Ports = 2> <Width = 4> <Depth = 8> <RAM>
ST_1 : Operation 96 [1/1] (2.32ns)   --->   "%store_ln181 = store i4 0, i3 %buf_V_26_addr" [/home/miguel_tfg/FINN-v0.9-Stable/deps/finn-hlslib/maxpool.h:181]   --->   Operation 96 'store' 'store_ln181' <Predicate = (!icmp_ln174)> <Delay = 2.32> <CoreInst = "RAM">   --->   Core 82 'RAM' <Latency = 1> <II = 1> <Delay = 2.32> <Storage> <Opcode : 'load' 'store'> <Ports = 2> <Width = 4> <Depth = 8> <RAM>
ST_1 : Operation 97 [1/1] (0.00ns)   --->   "%buf_V_27_addr = getelementptr i4 %buf_V_27, i64 0, i64 %outpix_cast"   --->   Operation 97 'getelementptr' 'buf_V_27_addr' <Predicate = (!icmp_ln174)> <Delay = 0.00>
ST_1 : Operation 98 [2/2] (2.32ns)   --->   "%buf_V_27_load = load i3 %buf_V_27_addr"   --->   Operation 98 'load' 'buf_V_27_load' <Predicate = (!icmp_ln174)> <Delay = 2.32> <CoreInst = "RAM">   --->   Core 82 'RAM' <Latency = 1> <II = 1> <Delay = 2.32> <Storage> <Opcode : 'load' 'store'> <Ports = 2> <Width = 4> <Depth = 8> <RAM>
ST_1 : Operation 99 [1/1] (2.32ns)   --->   "%store_ln181 = store i4 0, i3 %buf_V_27_addr" [/home/miguel_tfg/FINN-v0.9-Stable/deps/finn-hlslib/maxpool.h:181]   --->   Operation 99 'store' 'store_ln181' <Predicate = (!icmp_ln174)> <Delay = 2.32> <CoreInst = "RAM">   --->   Core 82 'RAM' <Latency = 1> <II = 1> <Delay = 2.32> <Storage> <Opcode : 'load' 'store'> <Ports = 2> <Width = 4> <Depth = 8> <RAM>
ST_1 : Operation 100 [1/1] (0.00ns)   --->   "%buf_V_28_addr = getelementptr i4 %buf_V_28, i64 0, i64 %outpix_cast"   --->   Operation 100 'getelementptr' 'buf_V_28_addr' <Predicate = (!icmp_ln174)> <Delay = 0.00>
ST_1 : Operation 101 [2/2] (2.32ns)   --->   "%buf_V_28_load = load i3 %buf_V_28_addr"   --->   Operation 101 'load' 'buf_V_28_load' <Predicate = (!icmp_ln174)> <Delay = 2.32> <CoreInst = "RAM">   --->   Core 82 'RAM' <Latency = 1> <II = 1> <Delay = 2.32> <Storage> <Opcode : 'load' 'store'> <Ports = 2> <Width = 4> <Depth = 8> <RAM>
ST_1 : Operation 102 [1/1] (2.32ns)   --->   "%store_ln181 = store i4 0, i3 %buf_V_28_addr" [/home/miguel_tfg/FINN-v0.9-Stable/deps/finn-hlslib/maxpool.h:181]   --->   Operation 102 'store' 'store_ln181' <Predicate = (!icmp_ln174)> <Delay = 2.32> <CoreInst = "RAM">   --->   Core 82 'RAM' <Latency = 1> <II = 1> <Delay = 2.32> <Storage> <Opcode : 'load' 'store'> <Ports = 2> <Width = 4> <Depth = 8> <RAM>
ST_1 : Operation 103 [1/1] (0.00ns)   --->   "%buf_V_29_addr = getelementptr i4 %buf_V_29, i64 0, i64 %outpix_cast"   --->   Operation 103 'getelementptr' 'buf_V_29_addr' <Predicate = (!icmp_ln174)> <Delay = 0.00>
ST_1 : Operation 104 [2/2] (2.32ns)   --->   "%buf_V_29_load = load i3 %buf_V_29_addr"   --->   Operation 104 'load' 'buf_V_29_load' <Predicate = (!icmp_ln174)> <Delay = 2.32> <CoreInst = "RAM">   --->   Core 82 'RAM' <Latency = 1> <II = 1> <Delay = 2.32> <Storage> <Opcode : 'load' 'store'> <Ports = 2> <Width = 4> <Depth = 8> <RAM>
ST_1 : Operation 105 [1/1] (2.32ns)   --->   "%store_ln181 = store i4 0, i3 %buf_V_29_addr" [/home/miguel_tfg/FINN-v0.9-Stable/deps/finn-hlslib/maxpool.h:181]   --->   Operation 105 'store' 'store_ln181' <Predicate = (!icmp_ln174)> <Delay = 2.32> <CoreInst = "RAM">   --->   Core 82 'RAM' <Latency = 1> <II = 1> <Delay = 2.32> <Storage> <Opcode : 'load' 'store'> <Ports = 2> <Width = 4> <Depth = 8> <RAM>
ST_1 : Operation 106 [1/1] (0.00ns)   --->   "%buf_V_30_addr = getelementptr i4 %buf_V_30, i64 0, i64 %outpix_cast"   --->   Operation 106 'getelementptr' 'buf_V_30_addr' <Predicate = (!icmp_ln174)> <Delay = 0.00>
ST_1 : Operation 107 [2/2] (2.32ns)   --->   "%buf_V_30_load = load i3 %buf_V_30_addr"   --->   Operation 107 'load' 'buf_V_30_load' <Predicate = (!icmp_ln174)> <Delay = 2.32> <CoreInst = "RAM">   --->   Core 82 'RAM' <Latency = 1> <II = 1> <Delay = 2.32> <Storage> <Opcode : 'load' 'store'> <Ports = 2> <Width = 4> <Depth = 8> <RAM>
ST_1 : Operation 108 [1/1] (2.32ns)   --->   "%store_ln181 = store i4 0, i3 %buf_V_30_addr" [/home/miguel_tfg/FINN-v0.9-Stable/deps/finn-hlslib/maxpool.h:181]   --->   Operation 108 'store' 'store_ln181' <Predicate = (!icmp_ln174)> <Delay = 2.32> <CoreInst = "RAM">   --->   Core 82 'RAM' <Latency = 1> <II = 1> <Delay = 2.32> <Storage> <Opcode : 'load' 'store'> <Ports = 2> <Width = 4> <Depth = 8> <RAM>
ST_1 : Operation 109 [1/1] (0.00ns)   --->   "%buf_V_31_addr = getelementptr i4 %buf_V_31, i64 0, i64 %outpix_cast"   --->   Operation 109 'getelementptr' 'buf_V_31_addr' <Predicate = (!icmp_ln174)> <Delay = 0.00>
ST_1 : Operation 110 [2/2] (2.32ns)   --->   "%buf_V_31_load = load i3 %buf_V_31_addr"   --->   Operation 110 'load' 'buf_V_31_load' <Predicate = (!icmp_ln174)> <Delay = 2.32> <CoreInst = "RAM">   --->   Core 82 'RAM' <Latency = 1> <II = 1> <Delay = 2.32> <Storage> <Opcode : 'load' 'store'> <Ports = 2> <Width = 4> <Depth = 8> <RAM>
ST_1 : Operation 111 [1/1] (2.32ns)   --->   "%store_ln181 = store i4 0, i3 %buf_V_31_addr" [/home/miguel_tfg/FINN-v0.9-Stable/deps/finn-hlslib/maxpool.h:181]   --->   Operation 111 'store' 'store_ln181' <Predicate = (!icmp_ln174)> <Delay = 2.32> <CoreInst = "RAM">   --->   Core 82 'RAM' <Latency = 1> <II = 1> <Delay = 2.32> <Storage> <Opcode : 'load' 'store'> <Ports = 2> <Width = 4> <Depth = 8> <RAM>
ST_1 : Operation 112 [1/1] (0.00ns)   --->   "%buf_V_32_addr = getelementptr i4 %buf_V_32, i64 0, i64 %outpix_cast"   --->   Operation 112 'getelementptr' 'buf_V_32_addr' <Predicate = (!icmp_ln174)> <Delay = 0.00>
ST_1 : Operation 113 [2/2] (2.32ns)   --->   "%buf_V_32_load = load i3 %buf_V_32_addr"   --->   Operation 113 'load' 'buf_V_32_load' <Predicate = (!icmp_ln174)> <Delay = 2.32> <CoreInst = "RAM">   --->   Core 82 'RAM' <Latency = 1> <II = 1> <Delay = 2.32> <Storage> <Opcode : 'load' 'store'> <Ports = 2> <Width = 4> <Depth = 8> <RAM>
ST_1 : Operation 114 [1/1] (2.32ns)   --->   "%store_ln181 = store i4 0, i3 %buf_V_32_addr" [/home/miguel_tfg/FINN-v0.9-Stable/deps/finn-hlslib/maxpool.h:181]   --->   Operation 114 'store' 'store_ln181' <Predicate = (!icmp_ln174)> <Delay = 2.32> <CoreInst = "RAM">   --->   Core 82 'RAM' <Latency = 1> <II = 1> <Delay = 2.32> <Storage> <Opcode : 'load' 'store'> <Ports = 2> <Width = 4> <Depth = 8> <RAM>
ST_1 : Operation 115 [1/1] (0.00ns)   --->   "%buf_V_33_addr = getelementptr i4 %buf_V_33, i64 0, i64 %outpix_cast"   --->   Operation 115 'getelementptr' 'buf_V_33_addr' <Predicate = (!icmp_ln174)> <Delay = 0.00>
ST_1 : Operation 116 [2/2] (2.32ns)   --->   "%buf_V_33_load = load i3 %buf_V_33_addr"   --->   Operation 116 'load' 'buf_V_33_load' <Predicate = (!icmp_ln174)> <Delay = 2.32> <CoreInst = "RAM">   --->   Core 82 'RAM' <Latency = 1> <II = 1> <Delay = 2.32> <Storage> <Opcode : 'load' 'store'> <Ports = 2> <Width = 4> <Depth = 8> <RAM>
ST_1 : Operation 117 [1/1] (2.32ns)   --->   "%store_ln181 = store i4 0, i3 %buf_V_33_addr" [/home/miguel_tfg/FINN-v0.9-Stable/deps/finn-hlslib/maxpool.h:181]   --->   Operation 117 'store' 'store_ln181' <Predicate = (!icmp_ln174)> <Delay = 2.32> <CoreInst = "RAM">   --->   Core 82 'RAM' <Latency = 1> <II = 1> <Delay = 2.32> <Storage> <Opcode : 'load' 'store'> <Ports = 2> <Width = 4> <Depth = 8> <RAM>
ST_1 : Operation 118 [1/1] (0.00ns)   --->   "%buf_V_34_addr = getelementptr i4 %buf_V_34, i64 0, i64 %outpix_cast"   --->   Operation 118 'getelementptr' 'buf_V_34_addr' <Predicate = (!icmp_ln174)> <Delay = 0.00>
ST_1 : Operation 119 [2/2] (2.32ns)   --->   "%buf_V_34_load = load i3 %buf_V_34_addr"   --->   Operation 119 'load' 'buf_V_34_load' <Predicate = (!icmp_ln174)> <Delay = 2.32> <CoreInst = "RAM">   --->   Core 82 'RAM' <Latency = 1> <II = 1> <Delay = 2.32> <Storage> <Opcode : 'load' 'store'> <Ports = 2> <Width = 4> <Depth = 8> <RAM>
ST_1 : Operation 120 [1/1] (2.32ns)   --->   "%store_ln181 = store i4 0, i3 %buf_V_34_addr" [/home/miguel_tfg/FINN-v0.9-Stable/deps/finn-hlslib/maxpool.h:181]   --->   Operation 120 'store' 'store_ln181' <Predicate = (!icmp_ln174)> <Delay = 2.32> <CoreInst = "RAM">   --->   Core 82 'RAM' <Latency = 1> <II = 1> <Delay = 2.32> <Storage> <Opcode : 'load' 'store'> <Ports = 2> <Width = 4> <Depth = 8> <RAM>
ST_1 : Operation 121 [1/1] (0.00ns)   --->   "%buf_V_35_addr = getelementptr i4 %buf_V_35, i64 0, i64 %outpix_cast"   --->   Operation 121 'getelementptr' 'buf_V_35_addr' <Predicate = (!icmp_ln174)> <Delay = 0.00>
ST_1 : Operation 122 [2/2] (2.32ns)   --->   "%buf_V_35_load = load i3 %buf_V_35_addr"   --->   Operation 122 'load' 'buf_V_35_load' <Predicate = (!icmp_ln174)> <Delay = 2.32> <CoreInst = "RAM">   --->   Core 82 'RAM' <Latency = 1> <II = 1> <Delay = 2.32> <Storage> <Opcode : 'load' 'store'> <Ports = 2> <Width = 4> <Depth = 8> <RAM>
ST_1 : Operation 123 [1/1] (2.32ns)   --->   "%store_ln181 = store i4 0, i3 %buf_V_35_addr" [/home/miguel_tfg/FINN-v0.9-Stable/deps/finn-hlslib/maxpool.h:181]   --->   Operation 123 'store' 'store_ln181' <Predicate = (!icmp_ln174)> <Delay = 2.32> <CoreInst = "RAM">   --->   Core 82 'RAM' <Latency = 1> <II = 1> <Delay = 2.32> <Storage> <Opcode : 'load' 'store'> <Ports = 2> <Width = 4> <Depth = 8> <RAM>
ST_1 : Operation 124 [1/1] (0.00ns)   --->   "%buf_V_36_addr = getelementptr i4 %buf_V_36, i64 0, i64 %outpix_cast"   --->   Operation 124 'getelementptr' 'buf_V_36_addr' <Predicate = (!icmp_ln174)> <Delay = 0.00>
ST_1 : Operation 125 [2/2] (2.32ns)   --->   "%buf_V_36_load = load i3 %buf_V_36_addr"   --->   Operation 125 'load' 'buf_V_36_load' <Predicate = (!icmp_ln174)> <Delay = 2.32> <CoreInst = "RAM">   --->   Core 82 'RAM' <Latency = 1> <II = 1> <Delay = 2.32> <Storage> <Opcode : 'load' 'store'> <Ports = 2> <Width = 4> <Depth = 8> <RAM>
ST_1 : Operation 126 [1/1] (2.32ns)   --->   "%store_ln181 = store i4 0, i3 %buf_V_36_addr" [/home/miguel_tfg/FINN-v0.9-Stable/deps/finn-hlslib/maxpool.h:181]   --->   Operation 126 'store' 'store_ln181' <Predicate = (!icmp_ln174)> <Delay = 2.32> <CoreInst = "RAM">   --->   Core 82 'RAM' <Latency = 1> <II = 1> <Delay = 2.32> <Storage> <Opcode : 'load' 'store'> <Ports = 2> <Width = 4> <Depth = 8> <RAM>
ST_1 : Operation 127 [1/1] (0.00ns)   --->   "%buf_V_37_addr = getelementptr i4 %buf_V_37, i64 0, i64 %outpix_cast"   --->   Operation 127 'getelementptr' 'buf_V_37_addr' <Predicate = (!icmp_ln174)> <Delay = 0.00>
ST_1 : Operation 128 [2/2] (2.32ns)   --->   "%buf_V_37_load = load i3 %buf_V_37_addr"   --->   Operation 128 'load' 'buf_V_37_load' <Predicate = (!icmp_ln174)> <Delay = 2.32> <CoreInst = "RAM">   --->   Core 82 'RAM' <Latency = 1> <II = 1> <Delay = 2.32> <Storage> <Opcode : 'load' 'store'> <Ports = 2> <Width = 4> <Depth = 8> <RAM>
ST_1 : Operation 129 [1/1] (2.32ns)   --->   "%store_ln181 = store i4 0, i3 %buf_V_37_addr" [/home/miguel_tfg/FINN-v0.9-Stable/deps/finn-hlslib/maxpool.h:181]   --->   Operation 129 'store' 'store_ln181' <Predicate = (!icmp_ln174)> <Delay = 2.32> <CoreInst = "RAM">   --->   Core 82 'RAM' <Latency = 1> <II = 1> <Delay = 2.32> <Storage> <Opcode : 'load' 'store'> <Ports = 2> <Width = 4> <Depth = 8> <RAM>
ST_1 : Operation 130 [1/1] (0.00ns)   --->   "%buf_V_38_addr = getelementptr i4 %buf_V_38, i64 0, i64 %outpix_cast"   --->   Operation 130 'getelementptr' 'buf_V_38_addr' <Predicate = (!icmp_ln174)> <Delay = 0.00>
ST_1 : Operation 131 [2/2] (2.32ns)   --->   "%buf_V_38_load = load i3 %buf_V_38_addr"   --->   Operation 131 'load' 'buf_V_38_load' <Predicate = (!icmp_ln174)> <Delay = 2.32> <CoreInst = "RAM">   --->   Core 82 'RAM' <Latency = 1> <II = 1> <Delay = 2.32> <Storage> <Opcode : 'load' 'store'> <Ports = 2> <Width = 4> <Depth = 8> <RAM>
ST_1 : Operation 132 [1/1] (2.32ns)   --->   "%store_ln181 = store i4 0, i3 %buf_V_38_addr" [/home/miguel_tfg/FINN-v0.9-Stable/deps/finn-hlslib/maxpool.h:181]   --->   Operation 132 'store' 'store_ln181' <Predicate = (!icmp_ln174)> <Delay = 2.32> <CoreInst = "RAM">   --->   Core 82 'RAM' <Latency = 1> <II = 1> <Delay = 2.32> <Storage> <Opcode : 'load' 'store'> <Ports = 2> <Width = 4> <Depth = 8> <RAM>
ST_1 : Operation 133 [1/1] (0.00ns)   --->   "%buf_V_39_addr = getelementptr i4 %buf_V_39, i64 0, i64 %outpix_cast"   --->   Operation 133 'getelementptr' 'buf_V_39_addr' <Predicate = (!icmp_ln174)> <Delay = 0.00>
ST_1 : Operation 134 [2/2] (2.32ns)   --->   "%buf_V_39_load = load i3 %buf_V_39_addr"   --->   Operation 134 'load' 'buf_V_39_load' <Predicate = (!icmp_ln174)> <Delay = 2.32> <CoreInst = "RAM">   --->   Core 82 'RAM' <Latency = 1> <II = 1> <Delay = 2.32> <Storage> <Opcode : 'load' 'store'> <Ports = 2> <Width = 4> <Depth = 8> <RAM>
ST_1 : Operation 135 [1/1] (2.32ns)   --->   "%store_ln181 = store i4 0, i3 %buf_V_39_addr" [/home/miguel_tfg/FINN-v0.9-Stable/deps/finn-hlslib/maxpool.h:181]   --->   Operation 135 'store' 'store_ln181' <Predicate = (!icmp_ln174)> <Delay = 2.32> <CoreInst = "RAM">   --->   Core 82 'RAM' <Latency = 1> <II = 1> <Delay = 2.32> <Storage> <Opcode : 'load' 'store'> <Ports = 2> <Width = 4> <Depth = 8> <RAM>
ST_1 : Operation 136 [1/1] (0.00ns)   --->   "%buf_V_40_addr = getelementptr i4 %buf_V_40, i64 0, i64 %outpix_cast"   --->   Operation 136 'getelementptr' 'buf_V_40_addr' <Predicate = (!icmp_ln174)> <Delay = 0.00>
ST_1 : Operation 137 [2/2] (2.32ns)   --->   "%buf_V_40_load = load i3 %buf_V_40_addr"   --->   Operation 137 'load' 'buf_V_40_load' <Predicate = (!icmp_ln174)> <Delay = 2.32> <CoreInst = "RAM">   --->   Core 82 'RAM' <Latency = 1> <II = 1> <Delay = 2.32> <Storage> <Opcode : 'load' 'store'> <Ports = 2> <Width = 4> <Depth = 8> <RAM>
ST_1 : Operation 138 [1/1] (2.32ns)   --->   "%store_ln181 = store i4 0, i3 %buf_V_40_addr" [/home/miguel_tfg/FINN-v0.9-Stable/deps/finn-hlslib/maxpool.h:181]   --->   Operation 138 'store' 'store_ln181' <Predicate = (!icmp_ln174)> <Delay = 2.32> <CoreInst = "RAM">   --->   Core 82 'RAM' <Latency = 1> <II = 1> <Delay = 2.32> <Storage> <Opcode : 'load' 'store'> <Ports = 2> <Width = 4> <Depth = 8> <RAM>
ST_1 : Operation 139 [1/1] (0.00ns)   --->   "%buf_V_41_addr = getelementptr i4 %buf_V_41, i64 0, i64 %outpix_cast"   --->   Operation 139 'getelementptr' 'buf_V_41_addr' <Predicate = (!icmp_ln174)> <Delay = 0.00>
ST_1 : Operation 140 [2/2] (2.32ns)   --->   "%buf_V_41_load = load i3 %buf_V_41_addr"   --->   Operation 140 'load' 'buf_V_41_load' <Predicate = (!icmp_ln174)> <Delay = 2.32> <CoreInst = "RAM">   --->   Core 82 'RAM' <Latency = 1> <II = 1> <Delay = 2.32> <Storage> <Opcode : 'load' 'store'> <Ports = 2> <Width = 4> <Depth = 8> <RAM>
ST_1 : Operation 141 [1/1] (2.32ns)   --->   "%store_ln181 = store i4 0, i3 %buf_V_41_addr" [/home/miguel_tfg/FINN-v0.9-Stable/deps/finn-hlslib/maxpool.h:181]   --->   Operation 141 'store' 'store_ln181' <Predicate = (!icmp_ln174)> <Delay = 2.32> <CoreInst = "RAM">   --->   Core 82 'RAM' <Latency = 1> <II = 1> <Delay = 2.32> <Storage> <Opcode : 'load' 'store'> <Ports = 2> <Width = 4> <Depth = 8> <RAM>
ST_1 : Operation 142 [1/1] (0.00ns)   --->   "%buf_V_42_addr = getelementptr i4 %buf_V_42, i64 0, i64 %outpix_cast"   --->   Operation 142 'getelementptr' 'buf_V_42_addr' <Predicate = (!icmp_ln174)> <Delay = 0.00>
ST_1 : Operation 143 [2/2] (2.32ns)   --->   "%buf_V_42_load = load i3 %buf_V_42_addr"   --->   Operation 143 'load' 'buf_V_42_load' <Predicate = (!icmp_ln174)> <Delay = 2.32> <CoreInst = "RAM">   --->   Core 82 'RAM' <Latency = 1> <II = 1> <Delay = 2.32> <Storage> <Opcode : 'load' 'store'> <Ports = 2> <Width = 4> <Depth = 8> <RAM>
ST_1 : Operation 144 [1/1] (2.32ns)   --->   "%store_ln181 = store i4 0, i3 %buf_V_42_addr" [/home/miguel_tfg/FINN-v0.9-Stable/deps/finn-hlslib/maxpool.h:181]   --->   Operation 144 'store' 'store_ln181' <Predicate = (!icmp_ln174)> <Delay = 2.32> <CoreInst = "RAM">   --->   Core 82 'RAM' <Latency = 1> <II = 1> <Delay = 2.32> <Storage> <Opcode : 'load' 'store'> <Ports = 2> <Width = 4> <Depth = 8> <RAM>
ST_1 : Operation 145 [1/1] (0.00ns)   --->   "%buf_V_43_addr = getelementptr i4 %buf_V_43, i64 0, i64 %outpix_cast"   --->   Operation 145 'getelementptr' 'buf_V_43_addr' <Predicate = (!icmp_ln174)> <Delay = 0.00>
ST_1 : Operation 146 [2/2] (2.32ns)   --->   "%buf_V_43_load = load i3 %buf_V_43_addr"   --->   Operation 146 'load' 'buf_V_43_load' <Predicate = (!icmp_ln174)> <Delay = 2.32> <CoreInst = "RAM">   --->   Core 82 'RAM' <Latency = 1> <II = 1> <Delay = 2.32> <Storage> <Opcode : 'load' 'store'> <Ports = 2> <Width = 4> <Depth = 8> <RAM>
ST_1 : Operation 147 [1/1] (2.32ns)   --->   "%store_ln181 = store i4 0, i3 %buf_V_43_addr" [/home/miguel_tfg/FINN-v0.9-Stable/deps/finn-hlslib/maxpool.h:181]   --->   Operation 147 'store' 'store_ln181' <Predicate = (!icmp_ln174)> <Delay = 2.32> <CoreInst = "RAM">   --->   Core 82 'RAM' <Latency = 1> <II = 1> <Delay = 2.32> <Storage> <Opcode : 'load' 'store'> <Ports = 2> <Width = 4> <Depth = 8> <RAM>
ST_1 : Operation 148 [1/1] (0.00ns)   --->   "%buf_V_44_addr = getelementptr i4 %buf_V_44, i64 0, i64 %outpix_cast"   --->   Operation 148 'getelementptr' 'buf_V_44_addr' <Predicate = (!icmp_ln174)> <Delay = 0.00>
ST_1 : Operation 149 [2/2] (2.32ns)   --->   "%buf_V_44_load = load i3 %buf_V_44_addr"   --->   Operation 149 'load' 'buf_V_44_load' <Predicate = (!icmp_ln174)> <Delay = 2.32> <CoreInst = "RAM">   --->   Core 82 'RAM' <Latency = 1> <II = 1> <Delay = 2.32> <Storage> <Opcode : 'load' 'store'> <Ports = 2> <Width = 4> <Depth = 8> <RAM>
ST_1 : Operation 150 [1/1] (2.32ns)   --->   "%store_ln181 = store i4 0, i3 %buf_V_44_addr" [/home/miguel_tfg/FINN-v0.9-Stable/deps/finn-hlslib/maxpool.h:181]   --->   Operation 150 'store' 'store_ln181' <Predicate = (!icmp_ln174)> <Delay = 2.32> <CoreInst = "RAM">   --->   Core 82 'RAM' <Latency = 1> <II = 1> <Delay = 2.32> <Storage> <Opcode : 'load' 'store'> <Ports = 2> <Width = 4> <Depth = 8> <RAM>
ST_1 : Operation 151 [1/1] (0.00ns)   --->   "%buf_V_45_addr = getelementptr i4 %buf_V_45, i64 0, i64 %outpix_cast"   --->   Operation 151 'getelementptr' 'buf_V_45_addr' <Predicate = (!icmp_ln174)> <Delay = 0.00>
ST_1 : Operation 152 [2/2] (2.32ns)   --->   "%buf_V_45_load = load i3 %buf_V_45_addr"   --->   Operation 152 'load' 'buf_V_45_load' <Predicate = (!icmp_ln174)> <Delay = 2.32> <CoreInst = "RAM">   --->   Core 82 'RAM' <Latency = 1> <II = 1> <Delay = 2.32> <Storage> <Opcode : 'load' 'store'> <Ports = 2> <Width = 4> <Depth = 8> <RAM>
ST_1 : Operation 153 [1/1] (2.32ns)   --->   "%store_ln181 = store i4 0, i3 %buf_V_45_addr" [/home/miguel_tfg/FINN-v0.9-Stable/deps/finn-hlslib/maxpool.h:181]   --->   Operation 153 'store' 'store_ln181' <Predicate = (!icmp_ln174)> <Delay = 2.32> <CoreInst = "RAM">   --->   Core 82 'RAM' <Latency = 1> <II = 1> <Delay = 2.32> <Storage> <Opcode : 'load' 'store'> <Ports = 2> <Width = 4> <Depth = 8> <RAM>
ST_1 : Operation 154 [1/1] (0.00ns)   --->   "%buf_V_46_addr = getelementptr i4 %buf_V_46, i64 0, i64 %outpix_cast"   --->   Operation 154 'getelementptr' 'buf_V_46_addr' <Predicate = (!icmp_ln174)> <Delay = 0.00>
ST_1 : Operation 155 [2/2] (2.32ns)   --->   "%buf_V_46_load = load i3 %buf_V_46_addr"   --->   Operation 155 'load' 'buf_V_46_load' <Predicate = (!icmp_ln174)> <Delay = 2.32> <CoreInst = "RAM">   --->   Core 82 'RAM' <Latency = 1> <II = 1> <Delay = 2.32> <Storage> <Opcode : 'load' 'store'> <Ports = 2> <Width = 4> <Depth = 8> <RAM>
ST_1 : Operation 156 [1/1] (2.32ns)   --->   "%store_ln181 = store i4 0, i3 %buf_V_46_addr" [/home/miguel_tfg/FINN-v0.9-Stable/deps/finn-hlslib/maxpool.h:181]   --->   Operation 156 'store' 'store_ln181' <Predicate = (!icmp_ln174)> <Delay = 2.32> <CoreInst = "RAM">   --->   Core 82 'RAM' <Latency = 1> <II = 1> <Delay = 2.32> <Storage> <Opcode : 'load' 'store'> <Ports = 2> <Width = 4> <Depth = 8> <RAM>
ST_1 : Operation 157 [1/1] (0.00ns)   --->   "%buf_V_47_addr = getelementptr i4 %buf_V_47, i64 0, i64 %outpix_cast"   --->   Operation 157 'getelementptr' 'buf_V_47_addr' <Predicate = (!icmp_ln174)> <Delay = 0.00>
ST_1 : Operation 158 [2/2] (2.32ns)   --->   "%buf_V_47_load = load i3 %buf_V_47_addr"   --->   Operation 158 'load' 'buf_V_47_load' <Predicate = (!icmp_ln174)> <Delay = 2.32> <CoreInst = "RAM">   --->   Core 82 'RAM' <Latency = 1> <II = 1> <Delay = 2.32> <Storage> <Opcode : 'load' 'store'> <Ports = 2> <Width = 4> <Depth = 8> <RAM>
ST_1 : Operation 159 [1/1] (2.32ns)   --->   "%store_ln181 = store i4 0, i3 %buf_V_47_addr" [/home/miguel_tfg/FINN-v0.9-Stable/deps/finn-hlslib/maxpool.h:181]   --->   Operation 159 'store' 'store_ln181' <Predicate = (!icmp_ln174)> <Delay = 2.32> <CoreInst = "RAM">   --->   Core 82 'RAM' <Latency = 1> <II = 1> <Delay = 2.32> <Storage> <Opcode : 'load' 'store'> <Ports = 2> <Width = 4> <Depth = 8> <RAM>
ST_1 : Operation 160 [1/1] (0.00ns)   --->   "%buf_V_48_addr = getelementptr i4 %buf_V_48, i64 0, i64 %outpix_cast"   --->   Operation 160 'getelementptr' 'buf_V_48_addr' <Predicate = (!icmp_ln174)> <Delay = 0.00>
ST_1 : Operation 161 [2/2] (2.32ns)   --->   "%buf_V_48_load = load i3 %buf_V_48_addr"   --->   Operation 161 'load' 'buf_V_48_load' <Predicate = (!icmp_ln174)> <Delay = 2.32> <CoreInst = "RAM">   --->   Core 82 'RAM' <Latency = 1> <II = 1> <Delay = 2.32> <Storage> <Opcode : 'load' 'store'> <Ports = 2> <Width = 4> <Depth = 8> <RAM>
ST_1 : Operation 162 [1/1] (2.32ns)   --->   "%store_ln181 = store i4 0, i3 %buf_V_48_addr" [/home/miguel_tfg/FINN-v0.9-Stable/deps/finn-hlslib/maxpool.h:181]   --->   Operation 162 'store' 'store_ln181' <Predicate = (!icmp_ln174)> <Delay = 2.32> <CoreInst = "RAM">   --->   Core 82 'RAM' <Latency = 1> <II = 1> <Delay = 2.32> <Storage> <Opcode : 'load' 'store'> <Ports = 2> <Width = 4> <Depth = 8> <RAM>
ST_1 : Operation 163 [1/1] (0.00ns)   --->   "%buf_V_49_addr = getelementptr i4 %buf_V_49, i64 0, i64 %outpix_cast"   --->   Operation 163 'getelementptr' 'buf_V_49_addr' <Predicate = (!icmp_ln174)> <Delay = 0.00>
ST_1 : Operation 164 [2/2] (2.32ns)   --->   "%buf_V_49_load = load i3 %buf_V_49_addr"   --->   Operation 164 'load' 'buf_V_49_load' <Predicate = (!icmp_ln174)> <Delay = 2.32> <CoreInst = "RAM">   --->   Core 82 'RAM' <Latency = 1> <II = 1> <Delay = 2.32> <Storage> <Opcode : 'load' 'store'> <Ports = 2> <Width = 4> <Depth = 8> <RAM>
ST_1 : Operation 165 [1/1] (2.32ns)   --->   "%store_ln181 = store i4 0, i3 %buf_V_49_addr" [/home/miguel_tfg/FINN-v0.9-Stable/deps/finn-hlslib/maxpool.h:181]   --->   Operation 165 'store' 'store_ln181' <Predicate = (!icmp_ln174)> <Delay = 2.32> <CoreInst = "RAM">   --->   Core 82 'RAM' <Latency = 1> <II = 1> <Delay = 2.32> <Storage> <Opcode : 'load' 'store'> <Ports = 2> <Width = 4> <Depth = 8> <RAM>
ST_1 : Operation 166 [1/1] (0.00ns)   --->   "%buf_V_50_addr = getelementptr i4 %buf_V_50, i64 0, i64 %outpix_cast"   --->   Operation 166 'getelementptr' 'buf_V_50_addr' <Predicate = (!icmp_ln174)> <Delay = 0.00>
ST_1 : Operation 167 [2/2] (2.32ns)   --->   "%buf_V_50_load = load i3 %buf_V_50_addr"   --->   Operation 167 'load' 'buf_V_50_load' <Predicate = (!icmp_ln174)> <Delay = 2.32> <CoreInst = "RAM">   --->   Core 82 'RAM' <Latency = 1> <II = 1> <Delay = 2.32> <Storage> <Opcode : 'load' 'store'> <Ports = 2> <Width = 4> <Depth = 8> <RAM>
ST_1 : Operation 168 [1/1] (2.32ns)   --->   "%store_ln181 = store i4 0, i3 %buf_V_50_addr" [/home/miguel_tfg/FINN-v0.9-Stable/deps/finn-hlslib/maxpool.h:181]   --->   Operation 168 'store' 'store_ln181' <Predicate = (!icmp_ln174)> <Delay = 2.32> <CoreInst = "RAM">   --->   Core 82 'RAM' <Latency = 1> <II = 1> <Delay = 2.32> <Storage> <Opcode : 'load' 'store'> <Ports = 2> <Width = 4> <Depth = 8> <RAM>
ST_1 : Operation 169 [1/1] (0.00ns)   --->   "%buf_V_51_addr = getelementptr i4 %buf_V_51, i64 0, i64 %outpix_cast"   --->   Operation 169 'getelementptr' 'buf_V_51_addr' <Predicate = (!icmp_ln174)> <Delay = 0.00>
ST_1 : Operation 170 [2/2] (2.32ns)   --->   "%buf_V_51_load = load i3 %buf_V_51_addr"   --->   Operation 170 'load' 'buf_V_51_load' <Predicate = (!icmp_ln174)> <Delay = 2.32> <CoreInst = "RAM">   --->   Core 82 'RAM' <Latency = 1> <II = 1> <Delay = 2.32> <Storage> <Opcode : 'load' 'store'> <Ports = 2> <Width = 4> <Depth = 8> <RAM>
ST_1 : Operation 171 [1/1] (2.32ns)   --->   "%store_ln181 = store i4 0, i3 %buf_V_51_addr" [/home/miguel_tfg/FINN-v0.9-Stable/deps/finn-hlslib/maxpool.h:181]   --->   Operation 171 'store' 'store_ln181' <Predicate = (!icmp_ln174)> <Delay = 2.32> <CoreInst = "RAM">   --->   Core 82 'RAM' <Latency = 1> <II = 1> <Delay = 2.32> <Storage> <Opcode : 'load' 'store'> <Ports = 2> <Width = 4> <Depth = 8> <RAM>
ST_1 : Operation 172 [1/1] (0.00ns)   --->   "%buf_V_52_addr = getelementptr i4 %buf_V_52, i64 0, i64 %outpix_cast"   --->   Operation 172 'getelementptr' 'buf_V_52_addr' <Predicate = (!icmp_ln174)> <Delay = 0.00>
ST_1 : Operation 173 [2/2] (2.32ns)   --->   "%buf_V_52_load = load i3 %buf_V_52_addr"   --->   Operation 173 'load' 'buf_V_52_load' <Predicate = (!icmp_ln174)> <Delay = 2.32> <CoreInst = "RAM">   --->   Core 82 'RAM' <Latency = 1> <II = 1> <Delay = 2.32> <Storage> <Opcode : 'load' 'store'> <Ports = 2> <Width = 4> <Depth = 8> <RAM>
ST_1 : Operation 174 [1/1] (2.32ns)   --->   "%store_ln181 = store i4 0, i3 %buf_V_52_addr" [/home/miguel_tfg/FINN-v0.9-Stable/deps/finn-hlslib/maxpool.h:181]   --->   Operation 174 'store' 'store_ln181' <Predicate = (!icmp_ln174)> <Delay = 2.32> <CoreInst = "RAM">   --->   Core 82 'RAM' <Latency = 1> <II = 1> <Delay = 2.32> <Storage> <Opcode : 'load' 'store'> <Ports = 2> <Width = 4> <Depth = 8> <RAM>
ST_1 : Operation 175 [1/1] (0.00ns)   --->   "%buf_V_53_addr = getelementptr i4 %buf_V_53, i64 0, i64 %outpix_cast"   --->   Operation 175 'getelementptr' 'buf_V_53_addr' <Predicate = (!icmp_ln174)> <Delay = 0.00>
ST_1 : Operation 176 [2/2] (2.32ns)   --->   "%buf_V_53_load = load i3 %buf_V_53_addr"   --->   Operation 176 'load' 'buf_V_53_load' <Predicate = (!icmp_ln174)> <Delay = 2.32> <CoreInst = "RAM">   --->   Core 82 'RAM' <Latency = 1> <II = 1> <Delay = 2.32> <Storage> <Opcode : 'load' 'store'> <Ports = 2> <Width = 4> <Depth = 8> <RAM>
ST_1 : Operation 177 [1/1] (2.32ns)   --->   "%store_ln181 = store i4 0, i3 %buf_V_53_addr" [/home/miguel_tfg/FINN-v0.9-Stable/deps/finn-hlslib/maxpool.h:181]   --->   Operation 177 'store' 'store_ln181' <Predicate = (!icmp_ln174)> <Delay = 2.32> <CoreInst = "RAM">   --->   Core 82 'RAM' <Latency = 1> <II = 1> <Delay = 2.32> <Storage> <Opcode : 'load' 'store'> <Ports = 2> <Width = 4> <Depth = 8> <RAM>
ST_1 : Operation 178 [1/1] (0.00ns)   --->   "%buf_V_54_addr = getelementptr i4 %buf_V_54, i64 0, i64 %outpix_cast"   --->   Operation 178 'getelementptr' 'buf_V_54_addr' <Predicate = (!icmp_ln174)> <Delay = 0.00>
ST_1 : Operation 179 [2/2] (2.32ns)   --->   "%buf_V_54_load = load i3 %buf_V_54_addr"   --->   Operation 179 'load' 'buf_V_54_load' <Predicate = (!icmp_ln174)> <Delay = 2.32> <CoreInst = "RAM">   --->   Core 82 'RAM' <Latency = 1> <II = 1> <Delay = 2.32> <Storage> <Opcode : 'load' 'store'> <Ports = 2> <Width = 4> <Depth = 8> <RAM>
ST_1 : Operation 180 [1/1] (2.32ns)   --->   "%store_ln181 = store i4 0, i3 %buf_V_54_addr" [/home/miguel_tfg/FINN-v0.9-Stable/deps/finn-hlslib/maxpool.h:181]   --->   Operation 180 'store' 'store_ln181' <Predicate = (!icmp_ln174)> <Delay = 2.32> <CoreInst = "RAM">   --->   Core 82 'RAM' <Latency = 1> <II = 1> <Delay = 2.32> <Storage> <Opcode : 'load' 'store'> <Ports = 2> <Width = 4> <Depth = 8> <RAM>
ST_1 : Operation 181 [1/1] (0.00ns)   --->   "%buf_V_55_addr = getelementptr i4 %buf_V_55, i64 0, i64 %outpix_cast"   --->   Operation 181 'getelementptr' 'buf_V_55_addr' <Predicate = (!icmp_ln174)> <Delay = 0.00>
ST_1 : Operation 182 [2/2] (2.32ns)   --->   "%buf_V_55_load = load i3 %buf_V_55_addr"   --->   Operation 182 'load' 'buf_V_55_load' <Predicate = (!icmp_ln174)> <Delay = 2.32> <CoreInst = "RAM">   --->   Core 82 'RAM' <Latency = 1> <II = 1> <Delay = 2.32> <Storage> <Opcode : 'load' 'store'> <Ports = 2> <Width = 4> <Depth = 8> <RAM>
ST_1 : Operation 183 [1/1] (2.32ns)   --->   "%store_ln181 = store i4 0, i3 %buf_V_55_addr" [/home/miguel_tfg/FINN-v0.9-Stable/deps/finn-hlslib/maxpool.h:181]   --->   Operation 183 'store' 'store_ln181' <Predicate = (!icmp_ln174)> <Delay = 2.32> <CoreInst = "RAM">   --->   Core 82 'RAM' <Latency = 1> <II = 1> <Delay = 2.32> <Storage> <Opcode : 'load' 'store'> <Ports = 2> <Width = 4> <Depth = 8> <RAM>
ST_1 : Operation 184 [1/1] (0.00ns)   --->   "%buf_V_56_addr = getelementptr i4 %buf_V_56, i64 0, i64 %outpix_cast"   --->   Operation 184 'getelementptr' 'buf_V_56_addr' <Predicate = (!icmp_ln174)> <Delay = 0.00>
ST_1 : Operation 185 [2/2] (2.32ns)   --->   "%buf_V_56_load = load i3 %buf_V_56_addr"   --->   Operation 185 'load' 'buf_V_56_load' <Predicate = (!icmp_ln174)> <Delay = 2.32> <CoreInst = "RAM">   --->   Core 82 'RAM' <Latency = 1> <II = 1> <Delay = 2.32> <Storage> <Opcode : 'load' 'store'> <Ports = 2> <Width = 4> <Depth = 8> <RAM>
ST_1 : Operation 186 [1/1] (2.32ns)   --->   "%store_ln181 = store i4 0, i3 %buf_V_56_addr" [/home/miguel_tfg/FINN-v0.9-Stable/deps/finn-hlslib/maxpool.h:181]   --->   Operation 186 'store' 'store_ln181' <Predicate = (!icmp_ln174)> <Delay = 2.32> <CoreInst = "RAM">   --->   Core 82 'RAM' <Latency = 1> <II = 1> <Delay = 2.32> <Storage> <Opcode : 'load' 'store'> <Ports = 2> <Width = 4> <Depth = 8> <RAM>
ST_1 : Operation 187 [1/1] (0.00ns)   --->   "%buf_V_57_addr = getelementptr i4 %buf_V_57, i64 0, i64 %outpix_cast"   --->   Operation 187 'getelementptr' 'buf_V_57_addr' <Predicate = (!icmp_ln174)> <Delay = 0.00>
ST_1 : Operation 188 [2/2] (2.32ns)   --->   "%buf_V_57_load = load i3 %buf_V_57_addr"   --->   Operation 188 'load' 'buf_V_57_load' <Predicate = (!icmp_ln174)> <Delay = 2.32> <CoreInst = "RAM">   --->   Core 82 'RAM' <Latency = 1> <II = 1> <Delay = 2.32> <Storage> <Opcode : 'load' 'store'> <Ports = 2> <Width = 4> <Depth = 8> <RAM>
ST_1 : Operation 189 [1/1] (2.32ns)   --->   "%store_ln181 = store i4 0, i3 %buf_V_57_addr" [/home/miguel_tfg/FINN-v0.9-Stable/deps/finn-hlslib/maxpool.h:181]   --->   Operation 189 'store' 'store_ln181' <Predicate = (!icmp_ln174)> <Delay = 2.32> <CoreInst = "RAM">   --->   Core 82 'RAM' <Latency = 1> <II = 1> <Delay = 2.32> <Storage> <Opcode : 'load' 'store'> <Ports = 2> <Width = 4> <Depth = 8> <RAM>
ST_1 : Operation 190 [1/1] (0.00ns)   --->   "%buf_V_58_addr = getelementptr i4 %buf_V_58, i64 0, i64 %outpix_cast"   --->   Operation 190 'getelementptr' 'buf_V_58_addr' <Predicate = (!icmp_ln174)> <Delay = 0.00>
ST_1 : Operation 191 [2/2] (2.32ns)   --->   "%buf_V_58_load = load i3 %buf_V_58_addr"   --->   Operation 191 'load' 'buf_V_58_load' <Predicate = (!icmp_ln174)> <Delay = 2.32> <CoreInst = "RAM">   --->   Core 82 'RAM' <Latency = 1> <II = 1> <Delay = 2.32> <Storage> <Opcode : 'load' 'store'> <Ports = 2> <Width = 4> <Depth = 8> <RAM>
ST_1 : Operation 192 [1/1] (2.32ns)   --->   "%store_ln181 = store i4 0, i3 %buf_V_58_addr" [/home/miguel_tfg/FINN-v0.9-Stable/deps/finn-hlslib/maxpool.h:181]   --->   Operation 192 'store' 'store_ln181' <Predicate = (!icmp_ln174)> <Delay = 2.32> <CoreInst = "RAM">   --->   Core 82 'RAM' <Latency = 1> <II = 1> <Delay = 2.32> <Storage> <Opcode : 'load' 'store'> <Ports = 2> <Width = 4> <Depth = 8> <RAM>
ST_1 : Operation 193 [1/1] (0.00ns)   --->   "%buf_V_59_addr = getelementptr i4 %buf_V_59, i64 0, i64 %outpix_cast"   --->   Operation 193 'getelementptr' 'buf_V_59_addr' <Predicate = (!icmp_ln174)> <Delay = 0.00>
ST_1 : Operation 194 [2/2] (2.32ns)   --->   "%buf_V_59_load = load i3 %buf_V_59_addr"   --->   Operation 194 'load' 'buf_V_59_load' <Predicate = (!icmp_ln174)> <Delay = 2.32> <CoreInst = "RAM">   --->   Core 82 'RAM' <Latency = 1> <II = 1> <Delay = 2.32> <Storage> <Opcode : 'load' 'store'> <Ports = 2> <Width = 4> <Depth = 8> <RAM>
ST_1 : Operation 195 [1/1] (2.32ns)   --->   "%store_ln181 = store i4 0, i3 %buf_V_59_addr" [/home/miguel_tfg/FINN-v0.9-Stable/deps/finn-hlslib/maxpool.h:181]   --->   Operation 195 'store' 'store_ln181' <Predicate = (!icmp_ln174)> <Delay = 2.32> <CoreInst = "RAM">   --->   Core 82 'RAM' <Latency = 1> <II = 1> <Delay = 2.32> <Storage> <Opcode : 'load' 'store'> <Ports = 2> <Width = 4> <Depth = 8> <RAM>
ST_1 : Operation 196 [1/1] (0.00ns)   --->   "%buf_V_60_addr = getelementptr i4 %buf_V_60, i64 0, i64 %outpix_cast"   --->   Operation 196 'getelementptr' 'buf_V_60_addr' <Predicate = (!icmp_ln174)> <Delay = 0.00>
ST_1 : Operation 197 [2/2] (2.32ns)   --->   "%buf_V_60_load = load i3 %buf_V_60_addr"   --->   Operation 197 'load' 'buf_V_60_load' <Predicate = (!icmp_ln174)> <Delay = 2.32> <CoreInst = "RAM">   --->   Core 82 'RAM' <Latency = 1> <II = 1> <Delay = 2.32> <Storage> <Opcode : 'load' 'store'> <Ports = 2> <Width = 4> <Depth = 8> <RAM>
ST_1 : Operation 198 [1/1] (2.32ns)   --->   "%store_ln181 = store i4 0, i3 %buf_V_60_addr" [/home/miguel_tfg/FINN-v0.9-Stable/deps/finn-hlslib/maxpool.h:181]   --->   Operation 198 'store' 'store_ln181' <Predicate = (!icmp_ln174)> <Delay = 2.32> <CoreInst = "RAM">   --->   Core 82 'RAM' <Latency = 1> <II = 1> <Delay = 2.32> <Storage> <Opcode : 'load' 'store'> <Ports = 2> <Width = 4> <Depth = 8> <RAM>
ST_1 : Operation 199 [1/1] (0.00ns)   --->   "%buf_V_61_addr = getelementptr i4 %buf_V_61, i64 0, i64 %outpix_cast"   --->   Operation 199 'getelementptr' 'buf_V_61_addr' <Predicate = (!icmp_ln174)> <Delay = 0.00>
ST_1 : Operation 200 [2/2] (2.32ns)   --->   "%buf_V_61_load = load i3 %buf_V_61_addr"   --->   Operation 200 'load' 'buf_V_61_load' <Predicate = (!icmp_ln174)> <Delay = 2.32> <CoreInst = "RAM">   --->   Core 82 'RAM' <Latency = 1> <II = 1> <Delay = 2.32> <Storage> <Opcode : 'load' 'store'> <Ports = 2> <Width = 4> <Depth = 8> <RAM>
ST_1 : Operation 201 [1/1] (2.32ns)   --->   "%store_ln181 = store i4 0, i3 %buf_V_61_addr" [/home/miguel_tfg/FINN-v0.9-Stable/deps/finn-hlslib/maxpool.h:181]   --->   Operation 201 'store' 'store_ln181' <Predicate = (!icmp_ln174)> <Delay = 2.32> <CoreInst = "RAM">   --->   Core 82 'RAM' <Latency = 1> <II = 1> <Delay = 2.32> <Storage> <Opcode : 'load' 'store'> <Ports = 2> <Width = 4> <Depth = 8> <RAM>
ST_1 : Operation 202 [1/1] (0.00ns)   --->   "%buf_V_62_addr = getelementptr i4 %buf_V_62, i64 0, i64 %outpix_cast"   --->   Operation 202 'getelementptr' 'buf_V_62_addr' <Predicate = (!icmp_ln174)> <Delay = 0.00>
ST_1 : Operation 203 [2/2] (2.32ns)   --->   "%buf_V_62_load = load i3 %buf_V_62_addr"   --->   Operation 203 'load' 'buf_V_62_load' <Predicate = (!icmp_ln174)> <Delay = 2.32> <CoreInst = "RAM">   --->   Core 82 'RAM' <Latency = 1> <II = 1> <Delay = 2.32> <Storage> <Opcode : 'load' 'store'> <Ports = 2> <Width = 4> <Depth = 8> <RAM>
ST_1 : Operation 204 [1/1] (2.32ns)   --->   "%store_ln181 = store i4 0, i3 %buf_V_62_addr" [/home/miguel_tfg/FINN-v0.9-Stable/deps/finn-hlslib/maxpool.h:181]   --->   Operation 204 'store' 'store_ln181' <Predicate = (!icmp_ln174)> <Delay = 2.32> <CoreInst = "RAM">   --->   Core 82 'RAM' <Latency = 1> <II = 1> <Delay = 2.32> <Storage> <Opcode : 'load' 'store'> <Ports = 2> <Width = 4> <Depth = 8> <RAM>
ST_1 : Operation 205 [1/1] (0.00ns)   --->   "%buf_V_63_addr = getelementptr i4 %buf_V_63, i64 0, i64 %outpix_cast"   --->   Operation 205 'getelementptr' 'buf_V_63_addr' <Predicate = (!icmp_ln174)> <Delay = 0.00>
ST_1 : Operation 206 [2/2] (2.32ns)   --->   "%buf_V_63_load = load i3 %buf_V_63_addr"   --->   Operation 206 'load' 'buf_V_63_load' <Predicate = (!icmp_ln174)> <Delay = 2.32> <CoreInst = "RAM">   --->   Core 82 'RAM' <Latency = 1> <II = 1> <Delay = 2.32> <Storage> <Opcode : 'load' 'store'> <Ports = 2> <Width = 4> <Depth = 8> <RAM>
ST_1 : Operation 207 [1/1] (2.32ns)   --->   "%store_ln181 = store i4 0, i3 %buf_V_63_addr" [/home/miguel_tfg/FINN-v0.9-Stable/deps/finn-hlslib/maxpool.h:181]   --->   Operation 207 'store' 'store_ln181' <Predicate = (!icmp_ln174)> <Delay = 2.32> <CoreInst = "RAM">   --->   Core 82 'RAM' <Latency = 1> <II = 1> <Delay = 2.32> <Storage> <Opcode : 'load' 'store'> <Ports = 2> <Width = 4> <Depth = 8> <RAM>
ST_1 : Operation 208 [1/1] (1.58ns)   --->   "%store_ln174 = store i4 %add_ln174, i4 %outpix" [/home/miguel_tfg/FINN-v0.9-Stable/deps/finn-hlslib/maxpool.h:174]   --->   Operation 208 'store' 'store_ln174' <Predicate = (!icmp_ln174)> <Delay = 1.58>

State 2 <SV = 1> <Delay = 2.32>
ST_2 : Operation 209 [1/1] (0.00ns)   --->   "%specloopname_ln174 = specloopname void @_ssdm_op_SpecLoopName, void @empty_6" [/home/miguel_tfg/FINN-v0.9-Stable/deps/finn-hlslib/maxpool.h:174]   --->   Operation 209 'specloopname' 'specloopname_ln174' <Predicate = (!icmp_ln174)> <Delay = 0.00>
ST_2 : Operation 210 [1/2] (2.32ns)   --->   "%buf_V_load = load i3 %buf_V_addr"   --->   Operation 210 'load' 'buf_V_load' <Predicate = (!icmp_ln174)> <Delay = 2.32> <CoreInst = "RAM">   --->   Core 82 'RAM' <Latency = 1> <II = 1> <Delay = 2.32> <Storage> <Opcode : 'load' 'store'> <Ports = 2> <Width = 4> <Depth = 8> <RAM>
ST_2 : Operation 211 [1/2] (2.32ns)   --->   "%buf_V_1_load = load i3 %buf_V_1_addr"   --->   Operation 211 'load' 'buf_V_1_load' <Predicate = (!icmp_ln174)> <Delay = 2.32> <CoreInst = "RAM">   --->   Core 82 'RAM' <Latency = 1> <II = 1> <Delay = 2.32> <Storage> <Opcode : 'load' 'store'> <Ports = 2> <Width = 4> <Depth = 8> <RAM>
ST_2 : Operation 212 [1/2] (2.32ns)   --->   "%buf_V_2_load = load i3 %buf_V_2_addr"   --->   Operation 212 'load' 'buf_V_2_load' <Predicate = (!icmp_ln174)> <Delay = 2.32> <CoreInst = "RAM">   --->   Core 82 'RAM' <Latency = 1> <II = 1> <Delay = 2.32> <Storage> <Opcode : 'load' 'store'> <Ports = 2> <Width = 4> <Depth = 8> <RAM>
ST_2 : Operation 213 [1/2] (2.32ns)   --->   "%buf_V_3_load = load i3 %buf_V_3_addr"   --->   Operation 213 'load' 'buf_V_3_load' <Predicate = (!icmp_ln174)> <Delay = 2.32> <CoreInst = "RAM">   --->   Core 82 'RAM' <Latency = 1> <II = 1> <Delay = 2.32> <Storage> <Opcode : 'load' 'store'> <Ports = 2> <Width = 4> <Depth = 8> <RAM>
ST_2 : Operation 214 [1/2] (2.32ns)   --->   "%buf_V_4_load = load i3 %buf_V_4_addr"   --->   Operation 214 'load' 'buf_V_4_load' <Predicate = (!icmp_ln174)> <Delay = 2.32> <CoreInst = "RAM">   --->   Core 82 'RAM' <Latency = 1> <II = 1> <Delay = 2.32> <Storage> <Opcode : 'load' 'store'> <Ports = 2> <Width = 4> <Depth = 8> <RAM>
ST_2 : Operation 215 [1/2] (2.32ns)   --->   "%buf_V_5_load = load i3 %buf_V_5_addr"   --->   Operation 215 'load' 'buf_V_5_load' <Predicate = (!icmp_ln174)> <Delay = 2.32> <CoreInst = "RAM">   --->   Core 82 'RAM' <Latency = 1> <II = 1> <Delay = 2.32> <Storage> <Opcode : 'load' 'store'> <Ports = 2> <Width = 4> <Depth = 8> <RAM>
ST_2 : Operation 216 [1/2] (2.32ns)   --->   "%buf_V_6_load = load i3 %buf_V_6_addr"   --->   Operation 216 'load' 'buf_V_6_load' <Predicate = (!icmp_ln174)> <Delay = 2.32> <CoreInst = "RAM">   --->   Core 82 'RAM' <Latency = 1> <II = 1> <Delay = 2.32> <Storage> <Opcode : 'load' 'store'> <Ports = 2> <Width = 4> <Depth = 8> <RAM>
ST_2 : Operation 217 [1/2] (2.32ns)   --->   "%buf_V_7_load = load i3 %buf_V_7_addr"   --->   Operation 217 'load' 'buf_V_7_load' <Predicate = (!icmp_ln174)> <Delay = 2.32> <CoreInst = "RAM">   --->   Core 82 'RAM' <Latency = 1> <II = 1> <Delay = 2.32> <Storage> <Opcode : 'load' 'store'> <Ports = 2> <Width = 4> <Depth = 8> <RAM>
ST_2 : Operation 218 [1/2] (2.32ns)   --->   "%buf_V_8_load = load i3 %buf_V_8_addr"   --->   Operation 218 'load' 'buf_V_8_load' <Predicate = (!icmp_ln174)> <Delay = 2.32> <CoreInst = "RAM">   --->   Core 82 'RAM' <Latency = 1> <II = 1> <Delay = 2.32> <Storage> <Opcode : 'load' 'store'> <Ports = 2> <Width = 4> <Depth = 8> <RAM>
ST_2 : Operation 219 [1/2] (2.32ns)   --->   "%buf_V_9_load = load i3 %buf_V_9_addr"   --->   Operation 219 'load' 'buf_V_9_load' <Predicate = (!icmp_ln174)> <Delay = 2.32> <CoreInst = "RAM">   --->   Core 82 'RAM' <Latency = 1> <II = 1> <Delay = 2.32> <Storage> <Opcode : 'load' 'store'> <Ports = 2> <Width = 4> <Depth = 8> <RAM>
ST_2 : Operation 220 [1/2] (2.32ns)   --->   "%buf_V_10_load = load i3 %buf_V_10_addr"   --->   Operation 220 'load' 'buf_V_10_load' <Predicate = (!icmp_ln174)> <Delay = 2.32> <CoreInst = "RAM">   --->   Core 82 'RAM' <Latency = 1> <II = 1> <Delay = 2.32> <Storage> <Opcode : 'load' 'store'> <Ports = 2> <Width = 4> <Depth = 8> <RAM>
ST_2 : Operation 221 [1/2] (2.32ns)   --->   "%buf_V_11_load = load i3 %buf_V_11_addr"   --->   Operation 221 'load' 'buf_V_11_load' <Predicate = (!icmp_ln174)> <Delay = 2.32> <CoreInst = "RAM">   --->   Core 82 'RAM' <Latency = 1> <II = 1> <Delay = 2.32> <Storage> <Opcode : 'load' 'store'> <Ports = 2> <Width = 4> <Depth = 8> <RAM>
ST_2 : Operation 222 [1/2] (2.32ns)   --->   "%buf_V_12_load = load i3 %buf_V_12_addr"   --->   Operation 222 'load' 'buf_V_12_load' <Predicate = (!icmp_ln174)> <Delay = 2.32> <CoreInst = "RAM">   --->   Core 82 'RAM' <Latency = 1> <II = 1> <Delay = 2.32> <Storage> <Opcode : 'load' 'store'> <Ports = 2> <Width = 4> <Depth = 8> <RAM>
ST_2 : Operation 223 [1/2] (2.32ns)   --->   "%buf_V_13_load = load i3 %buf_V_13_addr"   --->   Operation 223 'load' 'buf_V_13_load' <Predicate = (!icmp_ln174)> <Delay = 2.32> <CoreInst = "RAM">   --->   Core 82 'RAM' <Latency = 1> <II = 1> <Delay = 2.32> <Storage> <Opcode : 'load' 'store'> <Ports = 2> <Width = 4> <Depth = 8> <RAM>
ST_2 : Operation 224 [1/2] (2.32ns)   --->   "%buf_V_14_load = load i3 %buf_V_14_addr"   --->   Operation 224 'load' 'buf_V_14_load' <Predicate = (!icmp_ln174)> <Delay = 2.32> <CoreInst = "RAM">   --->   Core 82 'RAM' <Latency = 1> <II = 1> <Delay = 2.32> <Storage> <Opcode : 'load' 'store'> <Ports = 2> <Width = 4> <Depth = 8> <RAM>
ST_2 : Operation 225 [1/2] (2.32ns)   --->   "%buf_V_15_load = load i3 %buf_V_15_addr"   --->   Operation 225 'load' 'buf_V_15_load' <Predicate = (!icmp_ln174)> <Delay = 2.32> <CoreInst = "RAM">   --->   Core 82 'RAM' <Latency = 1> <II = 1> <Delay = 2.32> <Storage> <Opcode : 'load' 'store'> <Ports = 2> <Width = 4> <Depth = 8> <RAM>
ST_2 : Operation 226 [1/2] (2.32ns)   --->   "%buf_V_16_load = load i3 %buf_V_16_addr"   --->   Operation 226 'load' 'buf_V_16_load' <Predicate = (!icmp_ln174)> <Delay = 2.32> <CoreInst = "RAM">   --->   Core 82 'RAM' <Latency = 1> <II = 1> <Delay = 2.32> <Storage> <Opcode : 'load' 'store'> <Ports = 2> <Width = 4> <Depth = 8> <RAM>
ST_2 : Operation 227 [1/2] (2.32ns)   --->   "%buf_V_17_load = load i3 %buf_V_17_addr"   --->   Operation 227 'load' 'buf_V_17_load' <Predicate = (!icmp_ln174)> <Delay = 2.32> <CoreInst = "RAM">   --->   Core 82 'RAM' <Latency = 1> <II = 1> <Delay = 2.32> <Storage> <Opcode : 'load' 'store'> <Ports = 2> <Width = 4> <Depth = 8> <RAM>
ST_2 : Operation 228 [1/2] (2.32ns)   --->   "%buf_V_18_load = load i3 %buf_V_18_addr"   --->   Operation 228 'load' 'buf_V_18_load' <Predicate = (!icmp_ln174)> <Delay = 2.32> <CoreInst = "RAM">   --->   Core 82 'RAM' <Latency = 1> <II = 1> <Delay = 2.32> <Storage> <Opcode : 'load' 'store'> <Ports = 2> <Width = 4> <Depth = 8> <RAM>
ST_2 : Operation 229 [1/2] (2.32ns)   --->   "%buf_V_19_load = load i3 %buf_V_19_addr"   --->   Operation 229 'load' 'buf_V_19_load' <Predicate = (!icmp_ln174)> <Delay = 2.32> <CoreInst = "RAM">   --->   Core 82 'RAM' <Latency = 1> <II = 1> <Delay = 2.32> <Storage> <Opcode : 'load' 'store'> <Ports = 2> <Width = 4> <Depth = 8> <RAM>
ST_2 : Operation 230 [1/2] (2.32ns)   --->   "%buf_V_20_load = load i3 %buf_V_20_addr"   --->   Operation 230 'load' 'buf_V_20_load' <Predicate = (!icmp_ln174)> <Delay = 2.32> <CoreInst = "RAM">   --->   Core 82 'RAM' <Latency = 1> <II = 1> <Delay = 2.32> <Storage> <Opcode : 'load' 'store'> <Ports = 2> <Width = 4> <Depth = 8> <RAM>
ST_2 : Operation 231 [1/2] (2.32ns)   --->   "%buf_V_21_load = load i3 %buf_V_21_addr"   --->   Operation 231 'load' 'buf_V_21_load' <Predicate = (!icmp_ln174)> <Delay = 2.32> <CoreInst = "RAM">   --->   Core 82 'RAM' <Latency = 1> <II = 1> <Delay = 2.32> <Storage> <Opcode : 'load' 'store'> <Ports = 2> <Width = 4> <Depth = 8> <RAM>
ST_2 : Operation 232 [1/2] (2.32ns)   --->   "%buf_V_22_load = load i3 %buf_V_22_addr"   --->   Operation 232 'load' 'buf_V_22_load' <Predicate = (!icmp_ln174)> <Delay = 2.32> <CoreInst = "RAM">   --->   Core 82 'RAM' <Latency = 1> <II = 1> <Delay = 2.32> <Storage> <Opcode : 'load' 'store'> <Ports = 2> <Width = 4> <Depth = 8> <RAM>
ST_2 : Operation 233 [1/2] (2.32ns)   --->   "%buf_V_23_load = load i3 %buf_V_23_addr"   --->   Operation 233 'load' 'buf_V_23_load' <Predicate = (!icmp_ln174)> <Delay = 2.32> <CoreInst = "RAM">   --->   Core 82 'RAM' <Latency = 1> <II = 1> <Delay = 2.32> <Storage> <Opcode : 'load' 'store'> <Ports = 2> <Width = 4> <Depth = 8> <RAM>
ST_2 : Operation 234 [1/2] (2.32ns)   --->   "%buf_V_24_load = load i3 %buf_V_24_addr"   --->   Operation 234 'load' 'buf_V_24_load' <Predicate = (!icmp_ln174)> <Delay = 2.32> <CoreInst = "RAM">   --->   Core 82 'RAM' <Latency = 1> <II = 1> <Delay = 2.32> <Storage> <Opcode : 'load' 'store'> <Ports = 2> <Width = 4> <Depth = 8> <RAM>
ST_2 : Operation 235 [1/2] (2.32ns)   --->   "%buf_V_25_load = load i3 %buf_V_25_addr"   --->   Operation 235 'load' 'buf_V_25_load' <Predicate = (!icmp_ln174)> <Delay = 2.32> <CoreInst = "RAM">   --->   Core 82 'RAM' <Latency = 1> <II = 1> <Delay = 2.32> <Storage> <Opcode : 'load' 'store'> <Ports = 2> <Width = 4> <Depth = 8> <RAM>
ST_2 : Operation 236 [1/2] (2.32ns)   --->   "%buf_V_26_load = load i3 %buf_V_26_addr"   --->   Operation 236 'load' 'buf_V_26_load' <Predicate = (!icmp_ln174)> <Delay = 2.32> <CoreInst = "RAM">   --->   Core 82 'RAM' <Latency = 1> <II = 1> <Delay = 2.32> <Storage> <Opcode : 'load' 'store'> <Ports = 2> <Width = 4> <Depth = 8> <RAM>
ST_2 : Operation 237 [1/2] (2.32ns)   --->   "%buf_V_27_load = load i3 %buf_V_27_addr"   --->   Operation 237 'load' 'buf_V_27_load' <Predicate = (!icmp_ln174)> <Delay = 2.32> <CoreInst = "RAM">   --->   Core 82 'RAM' <Latency = 1> <II = 1> <Delay = 2.32> <Storage> <Opcode : 'load' 'store'> <Ports = 2> <Width = 4> <Depth = 8> <RAM>
ST_2 : Operation 238 [1/2] (2.32ns)   --->   "%buf_V_28_load = load i3 %buf_V_28_addr"   --->   Operation 238 'load' 'buf_V_28_load' <Predicate = (!icmp_ln174)> <Delay = 2.32> <CoreInst = "RAM">   --->   Core 82 'RAM' <Latency = 1> <II = 1> <Delay = 2.32> <Storage> <Opcode : 'load' 'store'> <Ports = 2> <Width = 4> <Depth = 8> <RAM>
ST_2 : Operation 239 [1/2] (2.32ns)   --->   "%buf_V_29_load = load i3 %buf_V_29_addr"   --->   Operation 239 'load' 'buf_V_29_load' <Predicate = (!icmp_ln174)> <Delay = 2.32> <CoreInst = "RAM">   --->   Core 82 'RAM' <Latency = 1> <II = 1> <Delay = 2.32> <Storage> <Opcode : 'load' 'store'> <Ports = 2> <Width = 4> <Depth = 8> <RAM>
ST_2 : Operation 240 [1/2] (2.32ns)   --->   "%buf_V_30_load = load i3 %buf_V_30_addr"   --->   Operation 240 'load' 'buf_V_30_load' <Predicate = (!icmp_ln174)> <Delay = 2.32> <CoreInst = "RAM">   --->   Core 82 'RAM' <Latency = 1> <II = 1> <Delay = 2.32> <Storage> <Opcode : 'load' 'store'> <Ports = 2> <Width = 4> <Depth = 8> <RAM>
ST_2 : Operation 241 [1/2] (2.32ns)   --->   "%buf_V_31_load = load i3 %buf_V_31_addr"   --->   Operation 241 'load' 'buf_V_31_load' <Predicate = (!icmp_ln174)> <Delay = 2.32> <CoreInst = "RAM">   --->   Core 82 'RAM' <Latency = 1> <II = 1> <Delay = 2.32> <Storage> <Opcode : 'load' 'store'> <Ports = 2> <Width = 4> <Depth = 8> <RAM>
ST_2 : Operation 242 [1/2] (2.32ns)   --->   "%buf_V_32_load = load i3 %buf_V_32_addr"   --->   Operation 242 'load' 'buf_V_32_load' <Predicate = (!icmp_ln174)> <Delay = 2.32> <CoreInst = "RAM">   --->   Core 82 'RAM' <Latency = 1> <II = 1> <Delay = 2.32> <Storage> <Opcode : 'load' 'store'> <Ports = 2> <Width = 4> <Depth = 8> <RAM>
ST_2 : Operation 243 [1/2] (2.32ns)   --->   "%buf_V_33_load = load i3 %buf_V_33_addr"   --->   Operation 243 'load' 'buf_V_33_load' <Predicate = (!icmp_ln174)> <Delay = 2.32> <CoreInst = "RAM">   --->   Core 82 'RAM' <Latency = 1> <II = 1> <Delay = 2.32> <Storage> <Opcode : 'load' 'store'> <Ports = 2> <Width = 4> <Depth = 8> <RAM>
ST_2 : Operation 244 [1/2] (2.32ns)   --->   "%buf_V_34_load = load i3 %buf_V_34_addr"   --->   Operation 244 'load' 'buf_V_34_load' <Predicate = (!icmp_ln174)> <Delay = 2.32> <CoreInst = "RAM">   --->   Core 82 'RAM' <Latency = 1> <II = 1> <Delay = 2.32> <Storage> <Opcode : 'load' 'store'> <Ports = 2> <Width = 4> <Depth = 8> <RAM>
ST_2 : Operation 245 [1/2] (2.32ns)   --->   "%buf_V_35_load = load i3 %buf_V_35_addr"   --->   Operation 245 'load' 'buf_V_35_load' <Predicate = (!icmp_ln174)> <Delay = 2.32> <CoreInst = "RAM">   --->   Core 82 'RAM' <Latency = 1> <II = 1> <Delay = 2.32> <Storage> <Opcode : 'load' 'store'> <Ports = 2> <Width = 4> <Depth = 8> <RAM>
ST_2 : Operation 246 [1/2] (2.32ns)   --->   "%buf_V_36_load = load i3 %buf_V_36_addr"   --->   Operation 246 'load' 'buf_V_36_load' <Predicate = (!icmp_ln174)> <Delay = 2.32> <CoreInst = "RAM">   --->   Core 82 'RAM' <Latency = 1> <II = 1> <Delay = 2.32> <Storage> <Opcode : 'load' 'store'> <Ports = 2> <Width = 4> <Depth = 8> <RAM>
ST_2 : Operation 247 [1/2] (2.32ns)   --->   "%buf_V_37_load = load i3 %buf_V_37_addr"   --->   Operation 247 'load' 'buf_V_37_load' <Predicate = (!icmp_ln174)> <Delay = 2.32> <CoreInst = "RAM">   --->   Core 82 'RAM' <Latency = 1> <II = 1> <Delay = 2.32> <Storage> <Opcode : 'load' 'store'> <Ports = 2> <Width = 4> <Depth = 8> <RAM>
ST_2 : Operation 248 [1/2] (2.32ns)   --->   "%buf_V_38_load = load i3 %buf_V_38_addr"   --->   Operation 248 'load' 'buf_V_38_load' <Predicate = (!icmp_ln174)> <Delay = 2.32> <CoreInst = "RAM">   --->   Core 82 'RAM' <Latency = 1> <II = 1> <Delay = 2.32> <Storage> <Opcode : 'load' 'store'> <Ports = 2> <Width = 4> <Depth = 8> <RAM>
ST_2 : Operation 249 [1/2] (2.32ns)   --->   "%buf_V_39_load = load i3 %buf_V_39_addr"   --->   Operation 249 'load' 'buf_V_39_load' <Predicate = (!icmp_ln174)> <Delay = 2.32> <CoreInst = "RAM">   --->   Core 82 'RAM' <Latency = 1> <II = 1> <Delay = 2.32> <Storage> <Opcode : 'load' 'store'> <Ports = 2> <Width = 4> <Depth = 8> <RAM>
ST_2 : Operation 250 [1/2] (2.32ns)   --->   "%buf_V_40_load = load i3 %buf_V_40_addr"   --->   Operation 250 'load' 'buf_V_40_load' <Predicate = (!icmp_ln174)> <Delay = 2.32> <CoreInst = "RAM">   --->   Core 82 'RAM' <Latency = 1> <II = 1> <Delay = 2.32> <Storage> <Opcode : 'load' 'store'> <Ports = 2> <Width = 4> <Depth = 8> <RAM>
ST_2 : Operation 251 [1/2] (2.32ns)   --->   "%buf_V_41_load = load i3 %buf_V_41_addr"   --->   Operation 251 'load' 'buf_V_41_load' <Predicate = (!icmp_ln174)> <Delay = 2.32> <CoreInst = "RAM">   --->   Core 82 'RAM' <Latency = 1> <II = 1> <Delay = 2.32> <Storage> <Opcode : 'load' 'store'> <Ports = 2> <Width = 4> <Depth = 8> <RAM>
ST_2 : Operation 252 [1/2] (2.32ns)   --->   "%buf_V_42_load = load i3 %buf_V_42_addr"   --->   Operation 252 'load' 'buf_V_42_load' <Predicate = (!icmp_ln174)> <Delay = 2.32> <CoreInst = "RAM">   --->   Core 82 'RAM' <Latency = 1> <II = 1> <Delay = 2.32> <Storage> <Opcode : 'load' 'store'> <Ports = 2> <Width = 4> <Depth = 8> <RAM>
ST_2 : Operation 253 [1/2] (2.32ns)   --->   "%buf_V_43_load = load i3 %buf_V_43_addr"   --->   Operation 253 'load' 'buf_V_43_load' <Predicate = (!icmp_ln174)> <Delay = 2.32> <CoreInst = "RAM">   --->   Core 82 'RAM' <Latency = 1> <II = 1> <Delay = 2.32> <Storage> <Opcode : 'load' 'store'> <Ports = 2> <Width = 4> <Depth = 8> <RAM>
ST_2 : Operation 254 [1/2] (2.32ns)   --->   "%buf_V_44_load = load i3 %buf_V_44_addr"   --->   Operation 254 'load' 'buf_V_44_load' <Predicate = (!icmp_ln174)> <Delay = 2.32> <CoreInst = "RAM">   --->   Core 82 'RAM' <Latency = 1> <II = 1> <Delay = 2.32> <Storage> <Opcode : 'load' 'store'> <Ports = 2> <Width = 4> <Depth = 8> <RAM>
ST_2 : Operation 255 [1/2] (2.32ns)   --->   "%buf_V_45_load = load i3 %buf_V_45_addr"   --->   Operation 255 'load' 'buf_V_45_load' <Predicate = (!icmp_ln174)> <Delay = 2.32> <CoreInst = "RAM">   --->   Core 82 'RAM' <Latency = 1> <II = 1> <Delay = 2.32> <Storage> <Opcode : 'load' 'store'> <Ports = 2> <Width = 4> <Depth = 8> <RAM>
ST_2 : Operation 256 [1/2] (2.32ns)   --->   "%buf_V_46_load = load i3 %buf_V_46_addr"   --->   Operation 256 'load' 'buf_V_46_load' <Predicate = (!icmp_ln174)> <Delay = 2.32> <CoreInst = "RAM">   --->   Core 82 'RAM' <Latency = 1> <II = 1> <Delay = 2.32> <Storage> <Opcode : 'load' 'store'> <Ports = 2> <Width = 4> <Depth = 8> <RAM>
ST_2 : Operation 257 [1/2] (2.32ns)   --->   "%buf_V_47_load = load i3 %buf_V_47_addr"   --->   Operation 257 'load' 'buf_V_47_load' <Predicate = (!icmp_ln174)> <Delay = 2.32> <CoreInst = "RAM">   --->   Core 82 'RAM' <Latency = 1> <II = 1> <Delay = 2.32> <Storage> <Opcode : 'load' 'store'> <Ports = 2> <Width = 4> <Depth = 8> <RAM>
ST_2 : Operation 258 [1/2] (2.32ns)   --->   "%buf_V_48_load = load i3 %buf_V_48_addr"   --->   Operation 258 'load' 'buf_V_48_load' <Predicate = (!icmp_ln174)> <Delay = 2.32> <CoreInst = "RAM">   --->   Core 82 'RAM' <Latency = 1> <II = 1> <Delay = 2.32> <Storage> <Opcode : 'load' 'store'> <Ports = 2> <Width = 4> <Depth = 8> <RAM>
ST_2 : Operation 259 [1/2] (2.32ns)   --->   "%buf_V_49_load = load i3 %buf_V_49_addr"   --->   Operation 259 'load' 'buf_V_49_load' <Predicate = (!icmp_ln174)> <Delay = 2.32> <CoreInst = "RAM">   --->   Core 82 'RAM' <Latency = 1> <II = 1> <Delay = 2.32> <Storage> <Opcode : 'load' 'store'> <Ports = 2> <Width = 4> <Depth = 8> <RAM>
ST_2 : Operation 260 [1/2] (2.32ns)   --->   "%buf_V_50_load = load i3 %buf_V_50_addr"   --->   Operation 260 'load' 'buf_V_50_load' <Predicate = (!icmp_ln174)> <Delay = 2.32> <CoreInst = "RAM">   --->   Core 82 'RAM' <Latency = 1> <II = 1> <Delay = 2.32> <Storage> <Opcode : 'load' 'store'> <Ports = 2> <Width = 4> <Depth = 8> <RAM>
ST_2 : Operation 261 [1/2] (2.32ns)   --->   "%buf_V_51_load = load i3 %buf_V_51_addr"   --->   Operation 261 'load' 'buf_V_51_load' <Predicate = (!icmp_ln174)> <Delay = 2.32> <CoreInst = "RAM">   --->   Core 82 'RAM' <Latency = 1> <II = 1> <Delay = 2.32> <Storage> <Opcode : 'load' 'store'> <Ports = 2> <Width = 4> <Depth = 8> <RAM>
ST_2 : Operation 262 [1/2] (2.32ns)   --->   "%buf_V_52_load = load i3 %buf_V_52_addr"   --->   Operation 262 'load' 'buf_V_52_load' <Predicate = (!icmp_ln174)> <Delay = 2.32> <CoreInst = "RAM">   --->   Core 82 'RAM' <Latency = 1> <II = 1> <Delay = 2.32> <Storage> <Opcode : 'load' 'store'> <Ports = 2> <Width = 4> <Depth = 8> <RAM>
ST_2 : Operation 263 [1/2] (2.32ns)   --->   "%buf_V_53_load = load i3 %buf_V_53_addr"   --->   Operation 263 'load' 'buf_V_53_load' <Predicate = (!icmp_ln174)> <Delay = 2.32> <CoreInst = "RAM">   --->   Core 82 'RAM' <Latency = 1> <II = 1> <Delay = 2.32> <Storage> <Opcode : 'load' 'store'> <Ports = 2> <Width = 4> <Depth = 8> <RAM>
ST_2 : Operation 264 [1/2] (2.32ns)   --->   "%buf_V_54_load = load i3 %buf_V_54_addr"   --->   Operation 264 'load' 'buf_V_54_load' <Predicate = (!icmp_ln174)> <Delay = 2.32> <CoreInst = "RAM">   --->   Core 82 'RAM' <Latency = 1> <II = 1> <Delay = 2.32> <Storage> <Opcode : 'load' 'store'> <Ports = 2> <Width = 4> <Depth = 8> <RAM>
ST_2 : Operation 265 [1/2] (2.32ns)   --->   "%buf_V_55_load = load i3 %buf_V_55_addr"   --->   Operation 265 'load' 'buf_V_55_load' <Predicate = (!icmp_ln174)> <Delay = 2.32> <CoreInst = "RAM">   --->   Core 82 'RAM' <Latency = 1> <II = 1> <Delay = 2.32> <Storage> <Opcode : 'load' 'store'> <Ports = 2> <Width = 4> <Depth = 8> <RAM>
ST_2 : Operation 266 [1/2] (2.32ns)   --->   "%buf_V_56_load = load i3 %buf_V_56_addr"   --->   Operation 266 'load' 'buf_V_56_load' <Predicate = (!icmp_ln174)> <Delay = 2.32> <CoreInst = "RAM">   --->   Core 82 'RAM' <Latency = 1> <II = 1> <Delay = 2.32> <Storage> <Opcode : 'load' 'store'> <Ports = 2> <Width = 4> <Depth = 8> <RAM>
ST_2 : Operation 267 [1/2] (2.32ns)   --->   "%buf_V_57_load = load i3 %buf_V_57_addr"   --->   Operation 267 'load' 'buf_V_57_load' <Predicate = (!icmp_ln174)> <Delay = 2.32> <CoreInst = "RAM">   --->   Core 82 'RAM' <Latency = 1> <II = 1> <Delay = 2.32> <Storage> <Opcode : 'load' 'store'> <Ports = 2> <Width = 4> <Depth = 8> <RAM>
ST_2 : Operation 268 [1/2] (2.32ns)   --->   "%buf_V_58_load = load i3 %buf_V_58_addr"   --->   Operation 268 'load' 'buf_V_58_load' <Predicate = (!icmp_ln174)> <Delay = 2.32> <CoreInst = "RAM">   --->   Core 82 'RAM' <Latency = 1> <II = 1> <Delay = 2.32> <Storage> <Opcode : 'load' 'store'> <Ports = 2> <Width = 4> <Depth = 8> <RAM>
ST_2 : Operation 269 [1/2] (2.32ns)   --->   "%buf_V_59_load = load i3 %buf_V_59_addr"   --->   Operation 269 'load' 'buf_V_59_load' <Predicate = (!icmp_ln174)> <Delay = 2.32> <CoreInst = "RAM">   --->   Core 82 'RAM' <Latency = 1> <II = 1> <Delay = 2.32> <Storage> <Opcode : 'load' 'store'> <Ports = 2> <Width = 4> <Depth = 8> <RAM>
ST_2 : Operation 270 [1/2] (2.32ns)   --->   "%buf_V_60_load = load i3 %buf_V_60_addr"   --->   Operation 270 'load' 'buf_V_60_load' <Predicate = (!icmp_ln174)> <Delay = 2.32> <CoreInst = "RAM">   --->   Core 82 'RAM' <Latency = 1> <II = 1> <Delay = 2.32> <Storage> <Opcode : 'load' 'store'> <Ports = 2> <Width = 4> <Depth = 8> <RAM>
ST_2 : Operation 271 [1/2] (2.32ns)   --->   "%buf_V_61_load = load i3 %buf_V_61_addr"   --->   Operation 271 'load' 'buf_V_61_load' <Predicate = (!icmp_ln174)> <Delay = 2.32> <CoreInst = "RAM">   --->   Core 82 'RAM' <Latency = 1> <II = 1> <Delay = 2.32> <Storage> <Opcode : 'load' 'store'> <Ports = 2> <Width = 4> <Depth = 8> <RAM>
ST_2 : Operation 272 [1/2] (2.32ns)   --->   "%buf_V_62_load = load i3 %buf_V_62_addr"   --->   Operation 272 'load' 'buf_V_62_load' <Predicate = (!icmp_ln174)> <Delay = 2.32> <CoreInst = "RAM">   --->   Core 82 'RAM' <Latency = 1> <II = 1> <Delay = 2.32> <Storage> <Opcode : 'load' 'store'> <Ports = 2> <Width = 4> <Depth = 8> <RAM>
ST_2 : Operation 273 [1/2] (2.32ns)   --->   "%buf_V_63_load = load i3 %buf_V_63_addr"   --->   Operation 273 'load' 'buf_V_63_load' <Predicate = (!icmp_ln174)> <Delay = 2.32> <CoreInst = "RAM">   --->   Core 82 'RAM' <Latency = 1> <II = 1> <Delay = 2.32> <Storage> <Opcode : 'load' 'store'> <Ports = 2> <Width = 4> <Depth = 8> <RAM>
ST_2 : Operation 274 [1/1] (0.00ns)   --->   "%p_Result_s = bitconcatenate i256 @_ssdm_op_BitConcatenate.i256.i4.i4.i4.i4.i4.i4.i4.i4.i4.i4.i4.i4.i4.i4.i4.i4.i4.i4.i4.i4.i4.i4.i4.i4.i4.i4.i4.i4.i4.i4.i4.i4.i4.i4.i4.i4.i4.i4.i4.i4.i4.i4.i4.i4.i4.i4.i4.i4.i4.i4.i4.i4.i4.i4.i4.i4.i4.i4.i4.i4.i4.i4.i4.i4, i4 %buf_V_63_load, i4 %buf_V_62_load, i4 %buf_V_61_load, i4 %buf_V_60_load, i4 %buf_V_59_load, i4 %buf_V_58_load, i4 %buf_V_57_load, i4 %buf_V_56_load, i4 %buf_V_55_load, i4 %buf_V_54_load, i4 %buf_V_53_load, i4 %buf_V_52_load, i4 %buf_V_51_load, i4 %buf_V_50_load, i4 %buf_V_49_load, i4 %buf_V_48_load, i4 %buf_V_47_load, i4 %buf_V_46_load, i4 %buf_V_45_load, i4 %buf_V_44_load, i4 %buf_V_43_load, i4 %buf_V_42_load, i4 %buf_V_41_load, i4 %buf_V_40_load, i4 %buf_V_39_load, i4 %buf_V_38_load, i4 %buf_V_37_load, i4 %buf_V_36_load, i4 %buf_V_35_load, i4 %buf_V_34_load, i4 %buf_V_33_load, i4 %buf_V_32_load, i4 %buf_V_31_load, i4 %buf_V_30_load, i4 %buf_V_29_load, i4 %buf_V_28_load, i4 %buf_V_27_load, i4 %buf_V_26_load, i4 %buf_V_25_load, i4 %buf_V_24_load, i4 %buf_V_23_load, i4 %buf_V_22_load, i4 %buf_V_21_load, i4 %buf_V_20_load, i4 %buf_V_19_load, i4 %buf_V_18_load, i4 %buf_V_17_load, i4 %buf_V_16_load, i4 %buf_V_15_load, i4 %buf_V_14_load, i4 %buf_V_13_load, i4 %buf_V_12_load, i4 %buf_V_11_load, i4 %buf_V_10_load, i4 %buf_V_9_load, i4 %buf_V_8_load, i4 %buf_V_7_load, i4 %buf_V_6_load, i4 %buf_V_5_load, i4 %buf_V_4_load, i4 %buf_V_3_load, i4 %buf_V_2_load, i4 %buf_V_1_load, i4 %buf_V_load"   --->   Operation 274 'bitconcatenate' 'p_Result_s' <Predicate = (!icmp_ln174)> <Delay = 0.00>
ST_2 : Operation 275 [1/1] (0.00ns)   --->   "%write_ln183 = write void @_ssdm_op_Write.axis.volatile.i256P128A, i256 %out_V, i256 %p_Result_s" [/home/miguel_tfg/FINN-v0.9-Stable/deps/finn-hlslib/maxpool.h:183]   --->   Operation 275 'write' 'write_ln183' <Predicate = (!icmp_ln174)> <Delay = 0.00> <CoreInst = "axis">   --->   Core 115 'axis' <Latency = 0> <II = 1> <Delay = 1.00> <Adapter> <Opcode : >
ST_2 : Operation 276 [1/1] (0.00ns)   --->   "%br_ln174 = br void %for.inc87" [/home/miguel_tfg/FINN-v0.9-Stable/deps/finn-hlslib/maxpool.h:174]   --->   Operation 276 'br' 'br_ln174' <Predicate = (!icmp_ln174)> <Delay = 0.00>
ST_2 : Operation 277 [1/1] (0.00ns)   --->   "%ret_ln0 = ret"   --->   Operation 277 'ret' 'ret_ln0' <Predicate = (icmp_ln174)> <Delay = 0.00>


============================================================
+ Verbose Summary: Timing violations
============================================================
Target clock period: 10ns, clock uncertainty: 2.7ns.

 <State 1>: 3.62ns
The critical path consists of the following:
	'alloca' operation ('outpix') [66]  (0 ns)
	'load' operation ('outpix', /home/miguel_tfg/FINN-v0.9-Stable/deps/finn-hlslib/maxpool.h:174) on local variable 'outpix' [71]  (0 ns)
	'add' operation ('add_ln174', /home/miguel_tfg/FINN-v0.9-Stable/deps/finn-hlslib/maxpool.h:174) [75]  (1.74 ns)
	'store' operation ('store_ln174', /home/miguel_tfg/FINN-v0.9-Stable/deps/finn-hlslib/maxpool.h:174) of variable 'add_ln174', /home/miguel_tfg/FINN-v0.9-Stable/deps/finn-hlslib/maxpool.h:174 on local variable 'outpix' [274]  (1.59 ns)
	blocking operation 0.301 ns on control path)

 <State 2>: 2.32ns
The critical path consists of the following:
	'load' operation ('buf_V_load') on array 'buf_V' [81]  (2.32 ns)


============================================================
+ Verbose Summary: Binding
============================================================
N/A
* FSMD analyzer results:
  - Output states:
 - Input state : 
  - Chain level:
	State 1
	State 2


============================================================
+ Verbose Summary: Datapath Resource usage 
============================================================
N/A
