Tue Jun 16 08:32:53 2026: Running xcd server. This server was built by gradle.
Tue Jun 16 08:32:53 2026: Server was asked to start on port: '33607'
Tue Jun 16 08:32:53 2026: Server is using token UUID: 'b3234817-2c1b-4043-a422-51e1cd44bab4'
Tue Jun 16 08:32:53 2026: SESSION_MGR: creating session with session uuid: '6d04a3e9-ade5-4ab9-8d63-1f78fcd2ec76' and name 'default'
Tue Jun 16 08:32:53 2026: Attempting to start server on port '33607'
Tue Jun 16 08:32:53 2026: XCD main fifo: created main fifo '/tmp/xcdmainb3234817-2c1b-4043-a422-51e1cd44bab4', fd read = 12
Tue Jun 16 08:32:53 2026: Running Dispatch Server
Tue Jun 16 08:32:53 2026: Version 2.2.0
Tue Jun 16 08:33:02 2026: Dispatch Server: Accepted socket connection from client
Tue Jun 16 08:33:02 2026: Starting Socket connection
Tue Jun 16 08:33:02 2026: EXCHANGE_TOKEN received, server token: b3234817-2c1b-4043-a422-51e1cd44bab4, passed token: b3234817-2c1b-4043-a422-51e1cd44bab4
Tue Jun 16 08:33:02 2026: SESSION_MGR: creating session with session uuid: 'c9670a9a-4586-4d1f-8acd-6ecde9da0d5e' and name 'vitis_hls'
Tue Jun 16 08:33:02 2026: KERNEL_SVC: creating session with uuid: 'c9670a9a-4586-4d1f-8acd-6ecde9da0d5e' and name 'vitis_hls'
Tue Jun 16 08:33:02 2026: GUIDANCE_SMGR: creating guidance session with uuid: 'c9670a9a-4586-4d1f-8acd-6ecde9da0d5e' and name 'vitis_hls'
Tue Jun 16 08:33:51 2026: STOP_SERVER received, server token: b3234817-2c1b-4043-a422-51e1cd44bab4, passed token: b3234817-2c1b-4043-a422-51e1cd44bab4
Tue Jun 16 08:33:51 2026: Socket received request to stop server.
Tue Jun 16 08:33:51 2026: Dispatch Server: do_await_stop
Tue Jun 16 08:33:51 2026: Dispatch Server: stopping mainFifo_
Tue Jun 16 08:33:51 2026: XCD main fifo: Stopping
Tue Jun 16 08:33:51 2026: XCD main fifo: do_read error code: Operation canceled
Tue Jun 16 08:33:51 2026: XCD main fifo: bytes_transferred: 0
Tue Jun 16 08:33:51 2026: SERVER: destructor for server bound to port 33607
Tue Jun 16 08:33:51 2026: XCD main fifo: Good unlink of /tmp/xcdmainb3234817-2c1b-4043-a422-51e1cd44bab4
Tue Jun 16 08:33:51 2026: Server exiting with status 0.
Tue Jun 16 08:33:51 2026: Closing log file.
