Fri Jun 12 10:38:51 2026: Running xcd server. This server was built by gradle.
Fri Jun 12 10:38:51 2026: Server was asked to start on port: '39339'
Fri Jun 12 10:38:51 2026: Server is using token UUID: 'e5fc6b11-7db9-4774-b5db-af32631d8682'
Fri Jun 12 10:38:51 2026: SESSION_MGR: creating session with session uuid: '6d04a3e9-ade5-4ab9-8d63-1f78fcd2ec76' and name 'default'
Fri Jun 12 10:38:51 2026: Attempting to start server on port '39339'
Fri Jun 12 10:38:51 2026: XCD main fifo: created main fifo '/tmp/xcdmaine5fc6b11-7db9-4774-b5db-af32631d8682', fd read = 12
Fri Jun 12 10:38:51 2026: Running Dispatch Server
Fri Jun 12 10:38:51 2026: Version 2.2.0
Fri Jun 12 10:39:01 2026: Dispatch Server: Accepted socket connection from client
Fri Jun 12 10:39:01 2026: Starting Socket connection
Fri Jun 12 10:39:01 2026: EXCHANGE_TOKEN received, server token: e5fc6b11-7db9-4774-b5db-af32631d8682, passed token: e5fc6b11-7db9-4774-b5db-af32631d8682
Fri Jun 12 10:39:01 2026: SESSION_MGR: creating session with session uuid: 'f2564e64-08f1-4796-abac-ba3e832c2fb5' and name 'vitis_hls'
Fri Jun 12 10:39:01 2026: KERNEL_SVC: creating session with uuid: 'f2564e64-08f1-4796-abac-ba3e832c2fb5' and name 'vitis_hls'
Fri Jun 12 10:39:01 2026: GUIDANCE_SMGR: creating guidance session with uuid: 'f2564e64-08f1-4796-abac-ba3e832c2fb5' and name 'vitis_hls'
Fri Jun 12 10:39:26 2026: STOP_SERVER received, server token: e5fc6b11-7db9-4774-b5db-af32631d8682, passed token: e5fc6b11-7db9-4774-b5db-af32631d8682
Fri Jun 12 10:39:26 2026: Socket received request to stop server.
Fri Jun 12 10:39:26 2026: Dispatch Server: do_await_stop
Fri Jun 12 10:39:26 2026: Dispatch Server: stopping mainFifo_
Fri Jun 12 10:39:26 2026: XCD main fifo: Stopping
Fri Jun 12 10:39:26 2026: XCD main fifo: do_read error code: Operation canceled
Fri Jun 12 10:39:26 2026: XCD main fifo: bytes_transferred: 0
Fri Jun 12 10:39:26 2026: SERVER: destructor for server bound to port 39339
Fri Jun 12 10:39:26 2026: XCD main fifo: Good unlink of /tmp/xcdmaine5fc6b11-7db9-4774-b5db-af32631d8682
Fri Jun 12 10:39:26 2026: Server exiting with status 0.
Fri Jun 12 10:39:26 2026: Closing log file.
