

================================================================
== Vitis HLS Report for 'Matrix_Vector_Activate_Stream_Batch'
================================================================
* Date:           Tue Jun 16 08:26:37 2026

* Version:        2022.2.2 (Build 3779808 on Feb 17 2023)
* Project:        project_MatrixVectorActivation_3
* Solution:       sol1 (Vivado IP Flow Target)
* Product family: zynq
* Target device:  xc7z020-clg400-1


================================================================
== Performance Estimates
================================================================
+ Timing: 
    * Summary: 
    +--------+----------+----------+------------+
    |  Clock |  Target  | Estimated| Uncertainty|
    +--------+----------+----------+------------+
    |ap_clk  |  10.00 ns|  7.591 ns|     2.70 ns|
    +--------+----------+----------+------------+

+ Latency: 
    * Summary: 
    +---------+---------+----------+----------+-----+-----+---------+
    |  Latency (cycles) |  Latency (absolute) |  Interval | Pipeline|
    |   min   |   max   |    min   |    max   | min | max |   Type  |
    +---------+---------+----------+----------+-----+-----+---------+
    |       14|       14|  0.140 us|  0.140 us|   14|   14|       no|
    +---------+---------+----------+----------+-----+-----+---------+

    + Detail: 
        * Instance: 
        N/A

        * Loop: 
        +--------------------+---------+---------+----------+-----------+-----------+------+----------+
        |                    |  Latency (cycles) | Iteration|  Initiation Interval  | Trip |          |
        |      Loop Name     |   min   |   max   |  Latency |  achieved |   target  | Count| Pipelined|
        +--------------------+---------+---------+----------+-----------+-----------+------+----------+
        |- VITIS_LOOP_249_1  |       12|       12|        10|          1|          1|     4|  yes(flp)|
        +--------------------+---------+---------+----------+-----------+-----------+------+----------+



================================================================
== Utilization Estimates
================================================================
* Summary: 
+-----------------+---------+-----+--------+-------+-----+
|       Name      | BRAM_18K| DSP |   FF   |  LUT  | URAM|
+-----------------+---------+-----+--------+-------+-----+
|DSP              |        -|    5|       -|      -|    -|
|Expression       |        -|    -|       0|   5824|    -|
|FIFO             |        -|    -|       -|      -|    -|
|Instance         |        -|    0|       0|     48|    -|
|Memory           |        -|    -|       -|      -|    -|
|Multiplexer      |        -|    -|       -|    262|    -|
|Register         |        -|    -|     606|      -|    -|
+-----------------+---------+-----+--------+-------+-----+
|Total            |        0|    5|     606|   6134|    0|
+-----------------+---------+-----+--------+-------+-----+
|Available        |      280|  220|  106400|  53200|    0|
+-----------------+---------+-----+--------+-------+-----+
|Utilization (%)  |        0|    2|      ~0|     11|    0|
+-----------------+---------+-----+--------+-------+-----+

+ Detail: 
    * Instance: 
    +---------------------+------------------+---------+----+---+----+-----+
    |       Instance      |      Module      | BRAM_18K| DSP| FF| LUT| URAM|
    +---------------------+------------------+---------+----+---+----+-----+
    |mul_4ns_4s_8_1_1_U2  |mul_4ns_4s_8_1_1  |        0|   0|  0|  13|    0|
    |mul_4ns_4s_8_1_1_U3  |mul_4ns_4s_8_1_1  |        0|   0|  0|  13|    0|
    |mul_4ns_4s_8_1_1_U4  |mul_4ns_4s_8_1_1  |        0|   0|  0|  13|    0|
    |mux_21_32_1_1_U1     |mux_21_32_1_1     |        0|   0|  0|   9|    0|
    +---------------------+------------------+---------+----+---+----+-----+
    |Total                |                  |        0|   0|  0|  48|    0|
    +---------------------+------------------+---------+----+---+----+-----+

    * DSP: 
    +---------------------------------+------------------------------+--------------+
    |             Instance            |            Module            |  Expression  |
    +---------------------------------+------------------------------+--------------+
    |mac_muladd_4ns_4s_12s_12_4_1_U9  |mac_muladd_4ns_4s_12s_12_4_1  |  i0 + i1 * i2|
    |mac_muladd_4ns_4s_8s_9_4_1_U5    |mac_muladd_4ns_4s_8s_9_4_1    |  i0 + i1 * i2|
    |mac_muladd_4ns_4s_8s_9_4_1_U6    |mac_muladd_4ns_4s_8s_9_4_1    |  i0 + i1 * i2|
    |mac_muladd_4ns_4s_8s_9_4_1_U7    |mac_muladd_4ns_4s_8s_9_4_1    |  i0 + i1 * i2|
    |mac_muladd_4ns_4s_9s_10_4_1_U8   |mac_muladd_4ns_4s_9s_10_4_1   |  i0 + i1 * i2|
    +---------------------------------+------------------------------+--------------+

    * Memory: 
    N/A

    * FIFO: 
    N/A

    * Expression: 
    +-----------------------------------+----------+----+---+----+------------+------------+
    |           Variable Name           | Operation| DSP| FF| LUT| Bitwidth P0| Bitwidth P1|
    +-----------------------------------+----------+----+---+----+------------+------------+
    |accu_V_2_fu_928_p2                 |         +|   0|  0|  12|          12|          12|
    |add_ln840_100_fu_4543_p2           |         +|   0|  0|  10|           2|           2|
    |add_ln840_101_fu_4565_p2           |         +|   0|  0|  11|           3|           3|
    |add_ln840_102_fu_4583_p2           |         +|   0|  0|  10|           2|           2|
    |add_ln840_103_fu_4593_p2           |         +|   0|  0|  11|           3|           3|
    |add_ln840_104_fu_6234_p2           |         +|   0|  0|  13|           4|           4|
    |add_ln840_105_fu_6244_p2           |         +|   0|  0|  13|           5|           5|
    |add_ln840_106_fu_6254_p2           |         +|   0|  0|  14|           6|           6|
    |add_ln840_107_fu_6264_p2           |         +|   0|  0|  14|           7|           7|
    |add_ln840_108_fu_6678_p2           |         +|   0|  0|   8|           8|           8|
    |add_ln840_109_fu_4599_p2           |         +|   0|  0|  10|           2|           2|
    |add_ln840_10_fu_5648_p2            |         +|   0|  0|  11|           3|           3|
    |add_ln840_110_fu_4609_p2           |         +|   0|  0|  10|           2|           2|
    |add_ln840_111_fu_4619_p2           |         +|   0|  0|  11|           3|           3|
    |add_ln840_112_fu_4649_p2           |         +|   0|  0|  11|           3|           3|
    |add_ln840_113_fu_6276_p2           |         +|   0|  0|  13|           4|           4|
    |add_ln840_114_fu_4655_p2           |         +|   0|  0|  10|           2|           2|
    |add_ln840_115_fu_4665_p2           |         +|   0|  0|  10|           2|           2|
    |add_ln840_116_fu_4675_p2           |         +|   0|  0|  11|           3|           3|
    |add_ln840_117_fu_4705_p2           |         +|   0|  0|  11|           3|           3|
    |add_ln840_118_fu_6292_p2           |         +|   0|  0|  13|           4|           4|
    |add_ln840_119_fu_6302_p2           |         +|   0|  0|  13|           5|           5|
    |add_ln840_11_fu_5658_p2            |         +|   0|  0|   8|           8|           8|
    |add_ln840_120_fu_4711_p2           |         +|   0|  0|  10|           2|           2|
    |add_ln840_121_fu_4721_p2           |         +|   0|  0|  10|           2|           2|
    |add_ln840_122_fu_4731_p2           |         +|   0|  0|  11|           3|           3|
    |add_ln840_123_fu_4737_p2           |         +|   0|  0|  10|           2|           2|
    |add_ln840_124_fu_4759_p2           |         +|   0|  0|  11|           3|           3|
    |add_ln840_125_fu_6318_p2           |         +|   0|  0|  13|           4|           4|
    |add_ln840_126_fu_4777_p2           |         +|   0|  0|  10|           2|           2|
    |add_ln840_127_fu_4787_p2           |         +|   0|  0|  11|           3|           3|
    |add_ln840_128_fu_4793_p2           |         +|   0|  0|  10|           2|           2|
    |add_ln840_129_fu_4803_p2           |         +|   0|  0|  10|           2|           2|
    |add_ln840_12_fu_4029_p2            |         +|   0|  0|  10|           2|           2|
    |add_ln840_130_fu_4813_p2           |         +|   0|  0|  11|           3|           3|
    |add_ln840_131_fu_6334_p2           |         +|   0|  0|  13|           4|           4|
    |add_ln840_132_fu_6344_p2           |         +|   0|  0|  13|           5|           5|
    |add_ln840_133_fu_6354_p2           |         +|   0|  0|  14|           6|           6|
    |add_ln840_134_fu_4831_p2           |         +|   0|  0|  10|           2|           2|
    |add_ln840_135_fu_4841_p2           |         +|   0|  0|  11|           3|           3|
    |add_ln840_136_fu_4847_p2           |         +|   0|  0|  10|           2|           2|
    |add_ln840_137_fu_4857_p2           |         +|   0|  0|  10|           2|           2|
    |add_ln840_138_fu_4867_p2           |         +|   0|  0|  11|           3|           3|
    |add_ln840_139_fu_6370_p2           |         +|   0|  0|  13|           4|           4|
    |add_ln840_13_fu_4039_p2            |         +|   0|  0|  10|           2|           2|
    |add_ln840_140_fu_4897_p2           |         +|   0|  0|  11|           3|           3|
    |add_ln840_141_fu_4903_p2           |         +|   0|  0|  10|           2|           2|
    |add_ln840_142_fu_4913_p2           |         +|   0|  0|  10|           2|           2|
    |add_ln840_143_fu_4923_p2           |         +|   0|  0|  11|           3|           3|
    |add_ln840_144_fu_6386_p2           |         +|   0|  0|  13|           4|           4|
    |add_ln840_145_fu_6396_p2           |         +|   0|  0|  13|           5|           5|
    |add_ln840_146_fu_4929_p2           |         +|   0|  0|  10|           2|           2|
    |add_ln840_147_fu_4951_p2           |         +|   0|  0|  11|           3|           3|
    |add_ln840_148_fu_4969_p2           |         +|   0|  0|  10|           2|           2|
    |add_ln840_149_fu_4979_p2           |         +|   0|  0|  11|           3|           3|
    |add_ln840_14_fu_4049_p2            |         +|   0|  0|  11|           3|           3|
    |add_ln840_150_fu_6412_p2           |         +|   0|  0|  13|           4|           4|
    |add_ln840_151_fu_4985_p2           |         +|   0|  0|  10|           2|           2|
    |add_ln840_152_fu_5007_p2           |         +|   0|  0|  11|           3|           3|
    |add_ln840_153_fu_5025_p2           |         +|   0|  0|  10|           2|           2|
    |add_ln840_154_fu_5035_p2           |         +|   0|  0|  11|           3|           3|
    |add_ln840_155_fu_6428_p2           |         +|   0|  0|  13|           4|           4|
    |add_ln840_156_fu_6438_p2           |         +|   0|  0|  13|           5|           5|
    |add_ln840_157_fu_6448_p2           |         +|   0|  0|  14|           6|           6|
    |add_ln840_158_fu_6458_p2           |         +|   0|  0|  14|           7|           7|
    |add_ln840_159_fu_5041_p2           |         +|   0|  0|  10|           2|           2|
    |add_ln840_15_fu_5691_p2            |         +|   0|  0|  11|           3|           3|
    |add_ln840_160_fu_5051_p2           |         +|   0|  0|  10|           2|           2|
    |add_ln840_161_fu_5061_p2           |         +|   0|  0|  11|           3|           3|
    |add_ln840_162_fu_5091_p2           |         +|   0|  0|  11|           3|           3|
    |add_ln840_163_fu_6470_p2           |         +|   0|  0|  13|           4|           4|
    |add_ln840_164_fu_5097_p2           |         +|   0|  0|  10|           2|           2|
    |add_ln840_165_fu_5107_p2           |         +|   0|  0|  10|           2|           2|
    |add_ln840_166_fu_5117_p2           |         +|   0|  0|  11|           3|           3|
    |add_ln840_167_fu_5123_p2           |         +|   0|  0|  10|           2|           2|
    |add_ln840_168_fu_5145_p2           |         +|   0|  0|  11|           3|           3|
    |add_ln840_169_fu_6486_p2           |         +|   0|  0|  13|           4|           4|
    |add_ln840_16_fu_5701_p2            |         +|   0|  0|  13|           4|           4|
    |add_ln840_170_fu_6496_p2           |         +|   0|  0|  13|           5|           5|
    |add_ln840_171_fu_5151_p2           |         +|   0|  0|  10|           2|           2|
    |add_ln840_172_fu_5161_p2           |         +|   0|  0|  10|           2|           2|
    |add_ln840_173_fu_5171_p2           |         +|   0|  0|  11|           3|           3|
    |add_ln840_174_fu_5177_p2           |         +|   0|  0|  10|           2|           2|
    |add_ln840_175_fu_5199_p2           |         +|   0|  0|  11|           3|           3|
    |add_ln840_176_fu_6512_p2           |         +|   0|  0|  13|           4|           4|
    |add_ln840_177_fu_5217_p2           |         +|   0|  0|  10|           2|           2|
    |add_ln840_178_fu_5227_p2           |         +|   0|  0|  11|           3|           3|
    |add_ln840_179_fu_5233_p2           |         +|   0|  0|  10|           2|           2|
    |add_ln840_17_fu_5711_p2            |         +|   0|  0|   8|           8|           8|
    |add_ln840_180_fu_5243_p2           |         +|   0|  0|  10|           2|           2|
    |add_ln840_181_fu_5253_p2           |         +|   0|  0|  11|           3|           3|
    |add_ln840_182_fu_6528_p2           |         +|   0|  0|  13|           4|           4|
    |add_ln840_183_fu_6538_p2           |         +|   0|  0|  13|           5|           5|
    |add_ln840_184_fu_6548_p2           |         +|   0|  0|  14|           6|           6|
    |add_ln840_185_fu_5271_p2           |         +|   0|  0|  10|           2|           2|
    |add_ln840_186_fu_5281_p2           |         +|   0|  0|  11|           3|           3|
    |add_ln840_187_fu_5287_p2           |         +|   0|  0|  10|           2|           2|
    |add_ln840_188_fu_5297_p2           |         +|   0|  0|  10|           2|           2|
    |add_ln840_189_fu_5307_p2           |         +|   0|  0|  11|           3|           3|
    |add_ln840_18_fu_5717_p2            |         +|   0|  0|  10|           2|           2|
    |add_ln840_190_fu_6564_p2           |         +|   0|  0|  13|           4|           4|
    |add_ln840_191_fu_5337_p2           |         +|   0|  0|  11|           3|           3|
    |add_ln840_192_fu_5343_p2           |         +|   0|  0|  10|           2|           2|
    |add_ln840_193_fu_5353_p2           |         +|   0|  0|  10|           2|           2|
    |add_ln840_194_fu_5363_p2           |         +|   0|  0|  11|           3|           3|
    |add_ln840_195_fu_6580_p2           |         +|   0|  0|  13|           4|           4|
    |add_ln840_196_fu_6590_p2           |         +|   0|  0|  13|           5|           5|
    |add_ln840_197_fu_5369_p2           |         +|   0|  0|  10|           2|           2|
    |add_ln840_198_fu_5391_p2           |         +|   0|  0|  11|           3|           3|
    |add_ln840_199_fu_5409_p2           |         +|   0|  0|  10|           2|           2|
    |add_ln840_19_fu_5727_p2            |         +|   0|  0|  10|           2|           2|
    |add_ln840_200_fu_5419_p2           |         +|   0|  0|  11|           3|           3|
    |add_ln840_201_fu_6606_p2           |         +|   0|  0|  13|           4|           4|
    |add_ln840_202_fu_5425_p2           |         +|   0|  0|  10|           2|           2|
    |add_ln840_203_fu_5447_p2           |         +|   0|  0|  11|           3|           3|
    |add_ln840_204_fu_5465_p2           |         +|   0|  0|  10|           2|           2|
    |add_ln840_205_fu_5475_p2           |         +|   0|  0|  11|           3|           3|
    |add_ln840_206_fu_6622_p2           |         +|   0|  0|  13|           4|           4|
    |add_ln840_207_fu_6632_p2           |         +|   0|  0|  13|           5|           5|
    |add_ln840_208_fu_6642_p2           |         +|   0|  0|  14|           6|           6|
    |add_ln840_209_fu_6652_p2           |         +|   0|  0|  14|           7|           7|
    |add_ln840_20_fu_5737_p2            |         +|   0|  0|  11|           3|           3|
    |add_ln840_210_fu_6690_p2           |         +|   0|  0|  15|           8|           8|
    |add_ln840_21_fu_5747_p2            |         +|   0|  0|  10|           2|           2|
    |add_ln840_22_fu_5769_p2            |         +|   0|  0|  11|           3|           3|
    |add_ln840_23_fu_5779_p2            |         +|   0|  0|  13|           4|           4|
    |add_ln840_24_fu_5801_p2            |         +|   0|  0|  10|           2|           2|
    |add_ln840_25_fu_5811_p2            |         +|   0|  0|  11|           3|           3|
    |add_ln840_26_fu_5821_p2            |         +|   0|  0|  10|           2|           2|
    |add_ln840_27_fu_5831_p2            |         +|   0|  0|  10|           2|           2|
    |add_ln840_28_fu_5841_p2            |         +|   0|  0|  11|           3|           3|
    |add_ln840_29_fu_5851_p2            |         +|   0|  0|  13|           4|           4|
    |add_ln840_2_fu_920_p2              |         +|   0|  0|  12|          12|          12|
    |add_ln840_30_fu_5861_p2            |         +|   0|  0|  13|           5|           5|
    |add_ln840_31_fu_6661_p2            |         +|   0|  0|   8|           8|           8|
    |add_ln840_32_fu_4055_p2            |         +|   0|  0|  10|           2|           2|
    |add_ln840_33_fu_5882_p2            |         +|   0|  0|  11|           3|           3|
    |add_ln840_34_fu_4061_p2            |         +|   0|  0|  10|           2|           2|
    |add_ln840_35_fu_4071_p2            |         +|   0|  0|  10|           2|           2|
    |add_ln840_36_fu_4081_p2            |         +|   0|  0|  11|           3|           3|
    |add_ln840_37_fu_5895_p2            |         +|   0|  0|  13|           4|           4|
    |add_ln840_38_fu_5929_p2            |         +|   0|  0|  11|           3|           3|
    |add_ln840_39_fu_4087_p2            |         +|   0|  0|  10|           2|           2|
    |add_ln840_40_fu_4097_p2            |         +|   0|  0|  10|           2|           2|
    |add_ln840_41_fu_4107_p2            |         +|   0|  0|  11|           3|           3|
    |add_ln840_42_fu_5942_p2            |         +|   0|  0|  13|           4|           4|
    |add_ln840_43_fu_5952_p2            |         +|   0|  0|  13|           5|           5|
    |add_ln840_44_fu_4113_p2            |         +|   0|  0|  10|           2|           2|
    |add_ln840_45_fu_5977_p2            |         +|   0|  0|  11|           3|           3|
    |add_ln840_46_fu_4119_p2            |         +|   0|  0|  10|           2|           2|
    |add_ln840_47_fu_4129_p2            |         +|   0|  0|  10|           2|           2|
    |add_ln840_48_fu_4139_p2            |         +|   0|  0|  11|           3|           3|
    |add_ln840_49_fu_5990_p2            |         +|   0|  0|  13|           4|           4|
    |add_ln840_50_fu_4145_p2            |         +|   0|  0|  10|           2|           2|
    |add_ln840_51_fu_6015_p2            |         +|   0|  0|  11|           3|           3|
    |add_ln840_52_fu_4151_p2            |         +|   0|  0|  10|           2|           2|
    |add_ln840_53_fu_6040_p2            |         +|   0|  0|  11|           3|           3|
    |add_ln840_54_fu_6050_p2            |         +|   0|  0|  13|           4|           4|
    |add_ln840_55_fu_6060_p2            |         +|   0|  0|  13|           5|           5|
    |add_ln840_56_fu_6070_p2            |         +|   0|  0|  14|           6|           6|
    |add_ln840_57_fu_6669_p2            |         +|   0|  0|   8|           8|           8|
    |add_ln840_58_fu_4157_p2            |         +|   0|  0|  10|           2|           2|
    |add_ln840_59_fu_4167_p2            |         +|   0|  0|  10|           2|           2|
    |add_ln840_60_fu_4177_p2            |         +|   0|  0|  11|           3|           3|
    |add_ln840_61_fu_4207_p2            |         +|   0|  0|  11|           3|           3|
    |add_ln840_62_fu_6082_p2            |         +|   0|  0|  13|           4|           4|
    |add_ln840_63_fu_4213_p2            |         +|   0|  0|  10|           2|           2|
    |add_ln840_64_fu_4223_p2            |         +|   0|  0|  10|           2|           2|
    |add_ln840_65_fu_4233_p2            |         +|   0|  0|  11|           3|           3|
    |add_ln840_66_fu_4263_p2            |         +|   0|  0|  11|           3|           3|
    |add_ln840_67_fu_6098_p2            |         +|   0|  0|  13|           4|           4|
    |add_ln840_68_fu_6108_p2            |         +|   0|  0|  13|           5|           5|
    |add_ln840_69_fu_4269_p2            |         +|   0|  0|  10|           2|           2|
    |add_ln840_6_fu_911_p2              |         +|   0|  0|  12|          11|          11|
    |add_ln840_70_fu_4279_p2            |         +|   0|  0|  10|           2|           2|
    |add_ln840_71_fu_4289_p2            |         +|   0|  0|  11|           3|           3|
    |add_ln840_72_fu_4295_p2            |         +|   0|  0|  10|           2|           2|
    |add_ln840_73_fu_4317_p2            |         +|   0|  0|  11|           3|           3|
    |add_ln840_74_fu_6124_p2            |         +|   0|  0|  13|           4|           4|
    |add_ln840_75_fu_4335_p2            |         +|   0|  0|  10|           2|           2|
    |add_ln840_76_fu_4345_p2            |         +|   0|  0|  11|           3|           3|
    |add_ln840_77_fu_4351_p2            |         +|   0|  0|  10|           2|           2|
    |add_ln840_78_fu_4361_p2            |         +|   0|  0|  10|           2|           2|
    |add_ln840_79_fu_4371_p2            |         +|   0|  0|  11|           3|           3|
    |add_ln840_80_fu_6140_p2            |         +|   0|  0|  13|           4|           4|
    |add_ln840_81_fu_6150_p2            |         +|   0|  0|  13|           5|           5|
    |add_ln840_82_fu_6160_p2            |         +|   0|  0|  14|           6|           6|
    |add_ln840_83_fu_4389_p2            |         +|   0|  0|  10|           2|           2|
    |add_ln840_84_fu_4399_p2            |         +|   0|  0|  11|           3|           3|
    |add_ln840_85_fu_4405_p2            |         +|   0|  0|  10|           2|           2|
    |add_ln840_86_fu_4415_p2            |         +|   0|  0|  10|           2|           2|
    |add_ln840_87_fu_4425_p2            |         +|   0|  0|  11|           3|           3|
    |add_ln840_88_fu_6176_p2            |         +|   0|  0|  13|           4|           4|
    |add_ln840_89_fu_4455_p2            |         +|   0|  0|  11|           3|           3|
    |add_ln840_8_fu_5608_p2             |         +|   0|  0|  10|           2|           2|
    |add_ln840_90_fu_4461_p2            |         +|   0|  0|  10|           2|           2|
    |add_ln840_91_fu_4471_p2            |         +|   0|  0|  10|           2|           2|
    |add_ln840_92_fu_4481_p2            |         +|   0|  0|  11|           3|           3|
    |add_ln840_93_fu_6192_p2            |         +|   0|  0|  13|           4|           4|
    |add_ln840_94_fu_6202_p2            |         +|   0|  0|  13|           5|           5|
    |add_ln840_95_fu_4487_p2            |         +|   0|  0|  10|           2|           2|
    |add_ln840_96_fu_4509_p2            |         +|   0|  0|  11|           3|           3|
    |add_ln840_97_fu_4527_p2            |         +|   0|  0|  10|           2|           2|
    |add_ln840_98_fu_4537_p2            |         +|   0|  0|  11|           3|           3|
    |add_ln840_99_fu_6218_p2            |         +|   0|  0|  13|           4|           4|
    |add_ln840_9_fu_5618_p2             |         +|   0|  0|  15|           8|           8|
    |i_2_fu_533_p2                      |         +|   0|  0|  11|           3|           1|
    |nf_fu_702_p2                       |         +|   0|  0|  39|          32|           1|
    |out_V_TDATA                        |         +|   0|  0|   8|           8|           8|
    |sf_1_fu_681_p2                     |         +|   0|  0|  39|          32|           1|
    |ap_block_state10_io                |       and|   0|  0|   2|           1|           1|
    |ap_condition_5369                  |       and|   0|  0|   2|           1|           1|
    |ap_predicate_op1220_write_state10  |       and|   0|  0|   2|           1|           1|
    |ap_predicate_op42_read_state1      |       and|   0|  0|   2|           1|           1|
    |icmp_ln1039_100_fu_2876_p2         |      icmp|   0|  0|  12|          12|          12|
    |icmp_ln1039_101_fu_2898_p2         |      icmp|   0|  0|  12|          12|          12|
    |icmp_ln1039_102_fu_2920_p2         |      icmp|   0|  0|  12|          12|          12|
    |icmp_ln1039_103_fu_2938_p2         |      icmp|   0|  0|  12|          12|          12|
    |icmp_ln1039_104_fu_2956_p2         |      icmp|   0|  0|  12|          12|          12|
    |icmp_ln1039_105_fu_2978_p2         |      icmp|   0|  0|  12|          12|          12|
    |icmp_ln1039_106_fu_3000_p2         |      icmp|   0|  0|  12|          12|          12|
    |icmp_ln1039_107_fu_3022_p2         |      icmp|   0|  0|  12|          12|          12|
    |icmp_ln1039_108_fu_3044_p2         |      icmp|   0|  0|  12|          12|          12|
    |icmp_ln1039_109_fu_3062_p2         |      icmp|   0|  0|  12|          12|          12|
    |icmp_ln1039_10_fu_1102_p2          |      icmp|   0|  0|  12|          12|          12|
    |icmp_ln1039_110_fu_3080_p2         |      icmp|   0|  0|  12|          12|          12|
    |icmp_ln1039_111_fu_3102_p2         |      icmp|   0|  0|  12|          12|          12|
    |icmp_ln1039_112_fu_3124_p2         |      icmp|   0|  0|  12|          12|          12|
    |icmp_ln1039_113_fu_3146_p2         |      icmp|   0|  0|  12|          12|          12|
    |icmp_ln1039_114_fu_3164_p2         |      icmp|   0|  0|  12|          12|          12|
    |icmp_ln1039_115_fu_3182_p2         |      icmp|   0|  0|  12|          12|          12|
    |icmp_ln1039_116_fu_3204_p2         |      icmp|   0|  0|  12|          12|          12|
    |icmp_ln1039_117_fu_3226_p2         |      icmp|   0|  0|  12|          12|          12|
    |icmp_ln1039_118_fu_3248_p2         |      icmp|   0|  0|  12|          12|          12|
    |icmp_ln1039_119_fu_3270_p2         |      icmp|   0|  0|  12|          12|          12|
    |icmp_ln1039_11_fu_1120_p2          |      icmp|   0|  0|  12|          12|          12|
    |icmp_ln1039_120_fu_3288_p2         |      icmp|   0|  0|  12|          12|          12|
    |icmp_ln1039_121_fu_3306_p2         |      icmp|   0|  0|  12|          12|          12|
    |icmp_ln1039_122_fu_3328_p2         |      icmp|   0|  0|  12|          12|          12|
    |icmp_ln1039_123_fu_3350_p2         |      icmp|   0|  0|  12|          12|          12|
    |icmp_ln1039_124_fu_3372_p2         |      icmp|   0|  0|  12|          12|          12|
    |icmp_ln1039_125_fu_3394_p2         |      icmp|   0|  0|  12|          12|          12|
    |icmp_ln1039_126_fu_3412_p2         |      icmp|   0|  0|  12|          12|          12|
    |icmp_ln1039_127_fu_3434_p2         |      icmp|   0|  0|  12|          12|          12|
    |icmp_ln1039_128_fu_3456_p2         |      icmp|   0|  0|  12|          12|          12|
    |icmp_ln1039_129_fu_3478_p2         |      icmp|   0|  0|  12|          12|          12|
    |icmp_ln1039_12_fu_1138_p2          |      icmp|   0|  0|  12|          12|          12|
    |icmp_ln1039_130_fu_3500_p2         |      icmp|   0|  0|  12|          12|          12|
    |icmp_ln1039_131_fu_3518_p2         |      icmp|   0|  0|  12|          12|          12|
    |icmp_ln1039_132_fu_3536_p2         |      icmp|   0|  0|  12|          12|          12|
    |icmp_ln1039_133_fu_3558_p2         |      icmp|   0|  0|  12|          12|          12|
    |icmp_ln1039_134_fu_3580_p2         |      icmp|   0|  0|  12|          12|          12|
    |icmp_ln1039_135_fu_3602_p2         |      icmp|   0|  0|  12|          12|          12|
    |icmp_ln1039_136_fu_3624_p2         |      icmp|   0|  0|  12|          12|          12|
    |icmp_ln1039_137_fu_3642_p2         |      icmp|   0|  0|  12|          12|          12|
    |icmp_ln1039_138_fu_3664_p2         |      icmp|   0|  0|  12|          12|          12|
    |icmp_ln1039_139_fu_3686_p2         |      icmp|   0|  0|  12|          12|          12|
    |icmp_ln1039_13_fu_1150_p2          |      icmp|   0|  0|  12|          12|          12|
    |icmp_ln1039_140_fu_3708_p2         |      icmp|   0|  0|  12|          12|          12|
    |icmp_ln1039_141_fu_3730_p2         |      icmp|   0|  0|  12|          12|          12|
    |icmp_ln1039_142_fu_3748_p2         |      icmp|   0|  0|  12|          12|          12|
    |icmp_ln1039_143_fu_3766_p2         |      icmp|   0|  0|  12|          12|          12|
    |icmp_ln1039_144_fu_3788_p2         |      icmp|   0|  0|  12|          12|          12|
    |icmp_ln1039_145_fu_3810_p2         |      icmp|   0|  0|  12|          12|          12|
    |icmp_ln1039_146_fu_3832_p2         |      icmp|   0|  0|  12|          12|          12|
    |icmp_ln1039_147_fu_3854_p2         |      icmp|   0|  0|  12|          12|          12|
    |icmp_ln1039_148_fu_3872_p2         |      icmp|   0|  0|  12|          12|          12|
    |icmp_ln1039_149_fu_3890_p2         |      icmp|   0|  0|  12|          12|          12|
    |icmp_ln1039_14_fu_1162_p2          |      icmp|   0|  0|  12|          12|          12|
    |icmp_ln1039_150_fu_3912_p2         |      icmp|   0|  0|  12|          12|          12|
    |icmp_ln1039_151_fu_3934_p2         |      icmp|   0|  0|  12|          12|          12|
    |icmp_ln1039_152_fu_3956_p2         |      icmp|   0|  0|  12|          12|          12|
    |icmp_ln1039_153_fu_3974_p2         |      icmp|   0|  0|  12|          12|          12|
    |icmp_ln1039_154_fu_3992_p2         |      icmp|   0|  0|  12|          12|          12|
    |icmp_ln1039_155_fu_4014_p2         |      icmp|   0|  0|  12|          12|          12|
    |icmp_ln1039_15_fu_1174_p2          |      icmp|   0|  0|  12|          12|          12|
    |icmp_ln1039_16_fu_1186_p2          |      icmp|   0|  0|  12|          12|          12|
    |icmp_ln1039_17_fu_1204_p2          |      icmp|   0|  0|  12|          12|          12|
    |icmp_ln1039_18_fu_1222_p2          |      icmp|   0|  0|  12|          12|          12|
    |icmp_ln1039_19_fu_1234_p2          |      icmp|   0|  0|  12|          12|          12|
    |icmp_ln1039_1_fu_964_p2            |      icmp|   0|  0|  12|          12|          12|
    |icmp_ln1039_20_fu_1246_p2          |      icmp|   0|  0|  12|          12|          12|
    |icmp_ln1039_21_fu_1268_p2          |      icmp|   0|  0|  12|          12|          12|
    |icmp_ln1039_22_fu_1290_p2          |      icmp|   0|  0|  12|          12|          12|
    |icmp_ln1039_23_fu_1312_p2          |      icmp|   0|  0|  12|          12|          12|
    |icmp_ln1039_24_fu_1334_p2          |      icmp|   0|  0|  12|          12|          12|
    |icmp_ln1039_25_fu_1346_p2          |      icmp|   0|  0|  12|          12|          12|
    |icmp_ln1039_26_fu_1358_p2          |      icmp|   0|  0|  12|          12|          12|
    |icmp_ln1039_27_fu_1380_p2          |      icmp|   0|  0|  12|          12|          12|
    |icmp_ln1039_28_fu_1402_p2          |      icmp|   0|  0|  12|          12|          12|
    |icmp_ln1039_29_fu_1424_p2          |      icmp|   0|  0|  12|          12|          12|
    |icmp_ln1039_2_fu_976_p2            |      icmp|   0|  0|  12|          12|          12|
    |icmp_ln1039_30_fu_1446_p2          |      icmp|   0|  0|  12|          12|          12|
    |icmp_ln1039_31_fu_1458_p2          |      icmp|   0|  0|  12|          12|          12|
    |icmp_ln1039_32_fu_1480_p2          |      icmp|   0|  0|  12|          12|          12|
    |icmp_ln1039_33_fu_1502_p2          |      icmp|   0|  0|  12|          12|          12|
    |icmp_ln1039_34_fu_1524_p2          |      icmp|   0|  0|  12|          12|          12|
    |icmp_ln1039_35_fu_1546_p2          |      icmp|   0|  0|  12|          12|          12|
    |icmp_ln1039_36_fu_1558_p2          |      icmp|   0|  0|  12|          12|          12|
    |icmp_ln1039_37_fu_1570_p2          |      icmp|   0|  0|  12|          12|          12|
    |icmp_ln1039_38_fu_1592_p2          |      icmp|   0|  0|  12|          12|          12|
    |icmp_ln1039_39_fu_1614_p2          |      icmp|   0|  0|  12|          12|          12|
    |icmp_ln1039_3_fu_988_p2            |      icmp|   0|  0|  12|          12|          12|
    |icmp_ln1039_40_fu_1636_p2          |      icmp|   0|  0|  12|          12|          12|
    |icmp_ln1039_41_fu_1658_p2          |      icmp|   0|  0|  12|          12|          12|
    |icmp_ln1039_42_fu_1676_p2          |      icmp|   0|  0|  12|          12|          12|
    |icmp_ln1039_43_fu_1694_p2          |      icmp|   0|  0|  12|          12|          12|
    |icmp_ln1039_44_fu_1716_p2          |      icmp|   0|  0|  12|          12|          12|
    |icmp_ln1039_45_fu_1738_p2          |      icmp|   0|  0|  12|          12|          12|
    |icmp_ln1039_46_fu_1760_p2          |      icmp|   0|  0|  12|          12|          12|
    |icmp_ln1039_47_fu_1778_p2          |      icmp|   0|  0|  12|          12|          12|
    |icmp_ln1039_48_fu_1796_p2          |      icmp|   0|  0|  12|          12|          12|
    |icmp_ln1039_49_fu_1818_p2          |      icmp|   0|  0|  12|          12|          12|
    |icmp_ln1039_4_fu_1000_p2           |      icmp|   0|  0|  12|          12|          12|
    |icmp_ln1039_50_fu_1840_p2          |      icmp|   0|  0|  12|          12|          12|
    |icmp_ln1039_51_fu_1862_p2          |      icmp|   0|  0|  12|          12|          12|
    |icmp_ln1039_52_fu_1884_p2          |      icmp|   0|  0|  12|          12|          12|
    |icmp_ln1039_53_fu_1902_p2          |      icmp|   0|  0|  12|          12|          12|
    |icmp_ln1039_54_fu_1920_p2          |      icmp|   0|  0|  12|          12|          12|
    |icmp_ln1039_55_fu_1942_p2          |      icmp|   0|  0|  12|          12|          12|
    |icmp_ln1039_56_fu_1964_p2          |      icmp|   0|  0|  12|          12|          12|
    |icmp_ln1039_57_fu_1986_p2          |      icmp|   0|  0|  12|          12|          12|
    |icmp_ln1039_58_fu_2008_p2          |      icmp|   0|  0|  12|          12|          12|
    |icmp_ln1039_59_fu_2026_p2          |      icmp|   0|  0|  12|          12|          12|
    |icmp_ln1039_5_fu_1022_p2           |      icmp|   0|  0|  12|          12|          12|
    |icmp_ln1039_60_fu_2048_p2          |      icmp|   0|  0|  12|          12|          12|
    |icmp_ln1039_61_fu_2070_p2          |      icmp|   0|  0|  12|          12|          12|
    |icmp_ln1039_62_fu_2092_p2          |      icmp|   0|  0|  12|          12|          12|
    |icmp_ln1039_63_fu_2114_p2          |      icmp|   0|  0|  12|          12|          12|
    |icmp_ln1039_64_fu_2132_p2          |      icmp|   0|  0|  12|          12|          12|
    |icmp_ln1039_65_fu_2150_p2          |      icmp|   0|  0|  12|          12|          12|
    |icmp_ln1039_66_fu_2172_p2          |      icmp|   0|  0|  12|          12|          12|
    |icmp_ln1039_67_fu_2194_p2          |      icmp|   0|  0|  12|          12|          12|
    |icmp_ln1039_68_fu_2216_p2          |      icmp|   0|  0|  12|          12|          12|
    |icmp_ln1039_69_fu_2238_p2          |      icmp|   0|  0|  12|          12|          12|
    |icmp_ln1039_6_fu_1044_p2           |      icmp|   0|  0|  12|          12|          12|
    |icmp_ln1039_70_fu_2256_p2          |      icmp|   0|  0|  12|          12|          12|
    |icmp_ln1039_71_fu_2274_p2          |      icmp|   0|  0|  12|          12|          12|
    |icmp_ln1039_72_fu_2296_p2          |      icmp|   0|  0|  12|          12|          12|
    |icmp_ln1039_73_fu_2318_p2          |      icmp|   0|  0|  12|          12|          12|
    |icmp_ln1039_74_fu_2340_p2          |      icmp|   0|  0|  12|          12|          12|
    |icmp_ln1039_75_fu_2358_p2          |      icmp|   0|  0|  12|          12|          12|
    |icmp_ln1039_76_fu_2376_p2          |      icmp|   0|  0|  12|          12|          12|
    |icmp_ln1039_77_fu_2398_p2          |      icmp|   0|  0|  12|          12|          12|
    |icmp_ln1039_78_fu_2420_p2          |      icmp|   0|  0|  12|          12|          12|
    |icmp_ln1039_79_fu_2442_p2          |      icmp|   0|  0|  12|          12|          12|
    |icmp_ln1039_7_fu_1066_p2           |      icmp|   0|  0|  12|          12|          12|
    |icmp_ln1039_80_fu_2464_p2          |      icmp|   0|  0|  12|          12|          12|
    |icmp_ln1039_81_fu_2482_p2          |      icmp|   0|  0|  12|          12|          12|
    |icmp_ln1039_82_fu_2500_p2          |      icmp|   0|  0|  12|          12|          12|
    |icmp_ln1039_83_fu_2522_p2          |      icmp|   0|  0|  12|          12|          12|
    |icmp_ln1039_84_fu_2544_p2          |      icmp|   0|  0|  12|          12|          12|
    |icmp_ln1039_85_fu_2566_p2          |      icmp|   0|  0|  12|          12|          12|
    |icmp_ln1039_86_fu_2584_p2          |      icmp|   0|  0|  12|          12|          12|
    |icmp_ln1039_87_fu_2602_p2          |      icmp|   0|  0|  12|          12|          12|
    |icmp_ln1039_88_fu_2624_p2          |      icmp|   0|  0|  12|          12|          12|
    |icmp_ln1039_89_fu_2646_p2          |      icmp|   0|  0|  12|          12|          12|
    |icmp_ln1039_8_fu_1078_p2           |      icmp|   0|  0|  12|          12|          12|
    |icmp_ln1039_90_fu_2668_p2          |      icmp|   0|  0|  12|          12|          12|
    |icmp_ln1039_91_fu_2690_p2          |      icmp|   0|  0|  12|          12|          12|
    |icmp_ln1039_92_fu_2708_p2          |      icmp|   0|  0|  12|          12|          12|
    |icmp_ln1039_93_fu_2726_p2          |      icmp|   0|  0|  12|          12|          12|
    |icmp_ln1039_94_fu_2748_p2          |      icmp|   0|  0|  12|          12|          12|
    |icmp_ln1039_95_fu_2770_p2          |      icmp|   0|  0|  12|          12|          12|
    |icmp_ln1039_96_fu_2792_p2          |      icmp|   0|  0|  12|          12|          12|
    |icmp_ln1039_97_fu_2814_p2          |      icmp|   0|  0|  12|          12|          12|
    |icmp_ln1039_98_fu_2832_p2          |      icmp|   0|  0|  12|          12|          12|
    |icmp_ln1039_99_fu_2854_p2          |      icmp|   0|  0|  12|          12|          12|
    |icmp_ln1039_9_fu_1090_p2           |      icmp|   0|  0|  12|          12|          12|
    |icmp_ln1039_fu_946_p2              |      icmp|   0|  0|  12|          12|          12|
    |icmp_ln249_fu_527_p2               |      icmp|   0|  0|   9|           3|           4|
    |icmp_ln253_fu_539_p2               |      icmp|   0|  0|  18|          32|           1|
    |icmp_ln272_fu_601_p2               |      icmp|   0|  0|  18|          32|           1|
    |icmp_ln290_fu_687_p2               |      icmp|   0|  0|  18|          32|           2|
    |icmp_ln302_fu_708_p2               |      icmp|   0|  0|  18|          32|           2|
    |ap_block_state1_pp0_stage0_iter0   |        or|   0|  0|   2|           1|           1|
    |grp_fu_6737_p2                     |    select|   0|  0|  12|           1|           1|
    |nf_3_fu_714_p3                     |    select|   0|  0|  32|           1|           1|
    |select_ln1039_100_fu_2869_p3       |    select|   0|  0|   6|           1|           4|
    |select_ln1039_101_fu_2891_p3       |    select|   0|  0|   6|           1|           4|
    |select_ln1039_102_fu_2913_p3       |    select|   0|  0|   6|           1|           4|
    |select_ln1039_103_fu_2931_p3       |    select|   0|  0|   6|           1|           4|
    |select_ln1039_104_fu_2949_p3       |    select|   0|  0|   6|           1|           4|
    |select_ln1039_105_fu_2971_p3       |    select|   0|  0|   6|           1|           4|
    |select_ln1039_106_fu_2993_p3       |    select|   0|  0|   6|           1|           4|
    |select_ln1039_107_fu_3015_p3       |    select|   0|  0|   6|           1|           4|
    |select_ln1039_108_fu_3037_p3       |    select|   0|  0|   6|           1|           5|
    |select_ln1039_109_fu_3055_p3       |    select|   0|  0|   6|           1|           5|
    |select_ln1039_10_fu_1095_p3        |    select|   0|  0|   8|           1|           8|
    |select_ln1039_110_fu_3073_p3       |    select|   0|  0|   6|           1|           5|
    |select_ln1039_111_fu_3095_p3       |    select|   0|  0|   6|           1|           5|
    |select_ln1039_112_fu_3117_p3       |    select|   0|  0|   6|           1|           5|
    |select_ln1039_113_fu_3139_p3       |    select|   0|  0|   6|           1|           5|
    |select_ln1039_114_fu_3157_p3       |    select|   0|  0|   6|           1|           5|
    |select_ln1039_115_fu_3175_p3       |    select|   0|  0|   6|           1|           5|
    |select_ln1039_116_fu_3197_p3       |    select|   0|  0|   6|           1|           5|
    |select_ln1039_117_fu_3219_p3       |    select|   0|  0|   6|           1|           5|
    |select_ln1039_118_fu_3241_p3       |    select|   0|  0|   6|           1|           5|
    |select_ln1039_119_fu_3263_p3       |    select|   0|  0|   6|           1|           5|
    |select_ln1039_11_fu_1113_p3        |    select|   0|  0|   8|           1|           8|
    |select_ln1039_120_fu_3281_p3       |    select|   0|  0|   6|           1|           5|
    |select_ln1039_121_fu_3299_p3       |    select|   0|  0|   6|           1|           5|
    |select_ln1039_122_fu_3321_p3       |    select|   0|  0|   6|           1|           5|
    |select_ln1039_123_fu_3343_p3       |    select|   0|  0|   6|           1|           5|
    |select_ln1039_124_fu_3365_p3       |    select|   0|  0|   6|           1|           6|
    |select_ln1039_125_fu_3387_p3       |    select|   0|  0|   6|           1|           6|
    |select_ln1039_126_fu_3405_p3       |    select|   0|  0|   6|           1|           6|
    |select_ln1039_127_fu_3427_p3       |    select|   0|  0|   7|           1|           6|
    |select_ln1039_128_fu_3449_p3       |    select|   0|  0|   7|           1|           6|
    |select_ln1039_129_fu_3471_p3       |    select|   0|  0|   7|           1|           6|
    |select_ln1039_12_fu_1131_p3        |    select|   0|  0|   8|           1|           8|
    |select_ln1039_130_fu_3493_p3       |    select|   0|  0|   7|           1|           6|
    |select_ln1039_131_fu_3511_p3       |    select|   0|  0|   7|           1|           6|
    |select_ln1039_132_fu_3529_p3       |    select|   0|  0|   7|           1|           6|
    |select_ln1039_133_fu_3551_p3       |    select|   0|  0|   7|           1|           6|
    |select_ln1039_134_fu_3573_p3       |    select|   0|  0|   7|           1|           6|
    |select_ln1039_135_fu_3595_p3       |    select|   0|  0|   7|           1|           6|
    |select_ln1039_136_fu_3617_p3       |    select|   0|  0|   7|           1|           6|
    |select_ln1039_137_fu_3635_p3       |    select|   0|  0|   7|           1|           6|
    |select_ln1039_138_fu_3657_p3       |    select|   0|  0|   7|           1|           6|
    |select_ln1039_139_fu_3679_p3       |    select|   0|  0|   7|           1|           6|
    |select_ln1039_13_fu_1143_p3        |    select|   0|  0|   8|           1|           8|
    |select_ln1039_140_fu_3701_p3       |    select|   0|  0|   7|           1|           6|
    |select_ln1039_141_fu_3723_p3       |    select|   0|  0|   7|           1|           6|
    |select_ln1039_142_fu_3741_p3       |    select|   0|  0|   7|           1|           6|
    |select_ln1039_143_fu_3759_p3       |    select|   0|  0|   7|           1|           6|
    |select_ln1039_144_fu_3781_p3       |    select|   0|  0|   7|           1|           6|
    |select_ln1039_145_fu_3803_p3       |    select|   0|  0|   7|           1|           6|
    |select_ln1039_146_fu_3825_p3       |    select|   0|  0|   7|           1|           6|
    |select_ln1039_147_fu_3847_p3       |    select|   0|  0|   7|           1|           6|
    |select_ln1039_148_fu_3865_p3       |    select|   0|  0|   7|           1|           6|
    |select_ln1039_149_fu_3883_p3       |    select|   0|  0|   7|           1|           6|
    |select_ln1039_14_fu_1155_p3        |    select|   0|  0|   8|           1|           8|
    |select_ln1039_150_fu_3905_p3       |    select|   0|  0|   7|           1|           6|
    |select_ln1039_151_fu_3927_p3       |    select|   0|  0|   7|           1|           6|
    |select_ln1039_152_fu_3949_p3       |    select|   0|  0|   7|           1|           6|
    |select_ln1039_153_fu_3967_p3       |    select|   0|  0|   7|           1|           6|
    |select_ln1039_154_fu_3985_p3       |    select|   0|  0|   7|           1|           6|
    |select_ln1039_155_fu_4007_p3       |    select|   0|  0|   7|           1|           6|
    |select_ln1039_15_fu_1167_p3        |    select|   0|  0|   8|           1|           8|
    |select_ln1039_16_fu_1179_p3        |    select|   0|  0|   8|           1|           8|
    |select_ln1039_17_fu_1197_p3        |    select|   0|  0|   8|           1|           8|
    |select_ln1039_18_fu_1215_p3        |    select|   0|  0|   8|           1|           8|
    |select_ln1039_19_fu_1227_p3        |    select|   0|  0|   8|           1|           8|
    |select_ln1039_1_fu_957_p3          |    select|   0|  0|   8|           1|           8|
    |select_ln1039_20_fu_1239_p3        |    select|   0|  0|   8|           1|           8|
    |select_ln1039_21_fu_1261_p3        |    select|   0|  0|   8|           1|           8|
    |select_ln1039_22_fu_1283_p3        |    select|   0|  0|   8|           1|           8|
    |select_ln1039_23_fu_1305_p3        |    select|   0|  0|   8|           1|           8|
    |select_ln1039_24_fu_1327_p3        |    select|   0|  0|   8|           1|           8|
    |select_ln1039_25_fu_1339_p3        |    select|   0|  0|   8|           1|           8|
    |select_ln1039_26_fu_1351_p3        |    select|   0|  0|   8|           1|           8|
    |select_ln1039_27_fu_1373_p3        |    select|   0|  0|   8|           1|           8|
    |select_ln1039_28_fu_1395_p3        |    select|   0|  0|   8|           1|           8|
    |select_ln1039_29_fu_1417_p3        |    select|   0|  0|   7|           1|           7|
    |select_ln1039_2_fu_969_p3          |    select|   0|  0|   8|           1|           8|
    |select_ln1039_30_fu_1439_p3        |    select|   0|  0|   7|           1|           7|
    |select_ln1039_31_fu_1451_p3        |    select|   0|  0|   7|           1|           7|
    |select_ln1039_32_fu_1473_p3        |    select|   0|  0|   7|           1|           7|
    |select_ln1039_33_fu_1495_p3        |    select|   0|  0|   7|           1|           7|
    |select_ln1039_34_fu_1517_p3        |    select|   0|  0|   7|           1|           7|
    |select_ln1039_35_fu_1539_p3        |    select|   0|  0|   7|           1|           7|
    |select_ln1039_36_fu_1551_p3        |    select|   0|  0|   7|           1|           7|
    |select_ln1039_37_fu_1563_p3        |    select|   0|  0|   7|           1|           7|
    |select_ln1039_38_fu_1585_p3        |    select|   0|  0|   7|           1|           7|
    |select_ln1039_39_fu_1607_p3        |    select|   0|  0|   7|           1|           7|
    |select_ln1039_3_fu_981_p3          |    select|   0|  0|   8|           1|           8|
    |select_ln1039_40_fu_1629_p3        |    select|   0|  0|   7|           1|           7|
    |select_ln1039_41_fu_1651_p3        |    select|   0|  0|   7|           1|           7|
    |select_ln1039_42_fu_1669_p3        |    select|   0|  0|   7|           1|           7|
    |select_ln1039_43_fu_1687_p3        |    select|   0|  0|   7|           1|           7|
    |select_ln1039_44_fu_1709_p3        |    select|   0|  0|   7|           1|           7|
    |select_ln1039_45_fu_1731_p3        |    select|   0|  0|   7|           1|           7|
    |select_ln1039_46_fu_1753_p3        |    select|   0|  0|   7|           1|           7|
    |select_ln1039_47_fu_1771_p3        |    select|   0|  0|   7|           1|           7|
    |select_ln1039_48_fu_1789_p3        |    select|   0|  0|   7|           1|           7|
    |select_ln1039_49_fu_1811_p3        |    select|   0|  0|   7|           1|           7|
    |select_ln1039_4_fu_993_p3          |    select|   0|  0|   8|           1|           8|
    |select_ln1039_50_fu_1833_p3        |    select|   0|  0|   7|           1|           7|
    |select_ln1039_51_fu_1855_p3        |    select|   0|  0|   7|           1|           7|
    |select_ln1039_52_fu_1877_p3        |    select|   0|  0|   7|           1|           7|
    |select_ln1039_53_fu_1895_p3        |    select|   0|  0|   7|           1|           7|
    |select_ln1039_54_fu_1913_p3        |    select|   0|  0|   7|           1|           7|
    |select_ln1039_55_fu_1935_p3        |    select|   0|  0|   7|           1|           7|
    |select_ln1039_56_fu_1957_p3        |    select|   0|  0|   7|           1|           7|
    |select_ln1039_57_fu_1979_p3        |    select|   0|  0|   7|           1|           7|
    |select_ln1039_58_fu_2001_p3        |    select|   0|  0|   7|           1|           7|
    |select_ln1039_59_fu_2019_p3        |    select|   0|  0|   7|           1|           7|
    |select_ln1039_5_fu_1015_p3         |    select|   0|  0|   8|           1|           8|
    |select_ln1039_60_fu_2041_p3        |    select|   0|  0|   7|           1|           7|
    |select_ln1039_61_fu_2063_p3        |    select|   0|  0|   6|           1|           6|
    |select_ln1039_62_fu_2085_p3        |    select|   0|  0|   6|           1|           6|
    |select_ln1039_63_fu_2107_p3        |    select|   0|  0|   6|           1|           6|
    |select_ln1039_64_fu_2125_p3        |    select|   0|  0|   6|           1|           6|
    |select_ln1039_65_fu_2143_p3        |    select|   0|  0|   6|           1|           6|
    |select_ln1039_66_fu_2165_p3        |    select|   0|  0|   6|           1|           6|
    |select_ln1039_67_fu_2187_p3        |    select|   0|  0|   6|           1|           6|
    |select_ln1039_68_fu_2209_p3        |    select|   0|  0|   6|           1|           6|
    |select_ln1039_69_fu_2231_p3        |    select|   0|  0|   6|           1|           6|
    |select_ln1039_6_fu_1037_p3         |    select|   0|  0|   8|           1|           8|
    |select_ln1039_70_fu_2249_p3        |    select|   0|  0|   6|           1|           6|
    |select_ln1039_71_fu_2267_p3        |    select|   0|  0|   6|           1|           6|
    |select_ln1039_72_fu_2289_p3        |    select|   0|  0|   6|           1|           6|
    |select_ln1039_73_fu_2311_p3        |    select|   0|  0|   6|           1|           6|
    |select_ln1039_74_fu_2333_p3        |    select|   0|  0|   6|           1|           6|
    |select_ln1039_75_fu_2351_p3        |    select|   0|  0|   6|           1|           6|
    |select_ln1039_76_fu_2369_p3        |    select|   0|  0|   6|           1|           6|
    |select_ln1039_77_fu_2391_p3        |    select|   0|  0|   5|           1|           5|
    |select_ln1039_78_fu_2413_p3        |    select|   0|  0|   5|           1|           5|
    |select_ln1039_79_fu_2435_p3        |    select|   0|  0|   5|           1|           5|
    |select_ln1039_7_fu_1059_p3         |    select|   0|  0|   8|           1|           8|
    |select_ln1039_80_fu_2457_p3        |    select|   0|  0|   5|           1|           5|
    |select_ln1039_81_fu_2475_p3        |    select|   0|  0|   5|           1|           5|
    |select_ln1039_82_fu_2493_p3        |    select|   0|  0|   5|           1|           5|
    |select_ln1039_83_fu_2515_p3        |    select|   0|  0|   5|           1|           5|
    |select_ln1039_84_fu_2537_p3        |    select|   0|  0|   5|           1|           5|
    |select_ln1039_85_fu_2559_p3        |    select|   0|  0|   5|           1|           4|
    |select_ln1039_86_fu_2577_p3        |    select|   0|  0|   5|           1|           4|
    |select_ln1039_87_fu_2595_p3        |    select|   0|  0|   5|           1|           4|
    |select_ln1039_88_fu_2617_p3        |    select|   0|  0|   5|           1|           4|
    |select_ln1039_89_fu_2639_p3        |    select|   0|  0|   5|           1|           3|
    |select_ln1039_8_fu_1071_p3         |    select|   0|  0|   8|           1|           8|
    |select_ln1039_90_fu_2661_p3        |    select|   0|  0|   5|           1|           3|
    |select_ln1039_91_fu_2683_p3        |    select|   0|  0|   5|           1|           2|
    |select_ln1039_92_fu_2701_p3        |    select|   0|  0|   5|           1|           1|
    |select_ln1039_93_fu_2719_p3        |    select|   0|  0|   5|           1|           1|
    |select_ln1039_94_fu_2741_p3        |    select|   0|  0|   5|           1|           2|
    |select_ln1039_95_fu_2763_p3        |    select|   0|  0|   6|           1|           2|
    |select_ln1039_96_fu_2785_p3        |    select|   0|  0|   6|           1|           3|
    |select_ln1039_97_fu_2807_p3        |    select|   0|  0|   6|           1|           3|
    |select_ln1039_98_fu_2825_p3        |    select|   0|  0|   6|           1|           3|
    |select_ln1039_99_fu_2847_p3        |    select|   0|  0|   6|           1|           3|
    |select_ln1039_9_fu_1083_p3         |    select|   0|  0|   8|           1|           8|
    |select_ln1039_fu_939_p3            |    select|   0|  0|   8|           1|           8|
    |select_ln257_1_fu_580_p3           |    select|   0|  0|  32|           1|          32|
    |select_ln257_fu_572_p3             |    select|   0|  0|  32|           1|          32|
    |xor_ln1039_100_fu_2881_p2          |       xor|   0|  0|   2|           1|           2|
    |xor_ln1039_101_fu_2903_p2          |       xor|   0|  0|   2|           1|           2|
    |xor_ln1039_102_fu_2925_p2          |       xor|   0|  0|   2|           1|           2|
    |xor_ln1039_103_fu_2943_p2          |       xor|   0|  0|   2|           1|           2|
    |xor_ln1039_104_fu_2961_p2          |       xor|   0|  0|   2|           1|           2|
    |xor_ln1039_105_fu_2983_p2          |       xor|   0|  0|   2|           1|           2|
    |xor_ln1039_106_fu_3005_p2          |       xor|   0|  0|   2|           1|           2|
    |xor_ln1039_107_fu_3027_p2          |       xor|   0|  0|   2|           1|           2|
    |xor_ln1039_108_fu_3049_p2          |       xor|   0|  0|   2|           1|           2|
    |xor_ln1039_109_fu_3067_p2          |       xor|   0|  0|   2|           1|           2|
    |xor_ln1039_10_fu_1107_p2           |       xor|   0|  0|   2|           1|           2|
    |xor_ln1039_110_fu_3085_p2          |       xor|   0|  0|   2|           1|           2|
    |xor_ln1039_111_fu_3107_p2          |       xor|   0|  0|   2|           1|           2|
    |xor_ln1039_112_fu_3129_p2          |       xor|   0|  0|   2|           1|           2|
    |xor_ln1039_113_fu_3151_p2          |       xor|   0|  0|   2|           1|           2|
    |xor_ln1039_114_fu_3169_p2          |       xor|   0|  0|   2|           1|           2|
    |xor_ln1039_115_fu_3187_p2          |       xor|   0|  0|   2|           1|           2|
    |xor_ln1039_116_fu_3209_p2          |       xor|   0|  0|   2|           1|           2|
    |xor_ln1039_117_fu_3231_p2          |       xor|   0|  0|   2|           1|           2|
    |xor_ln1039_118_fu_3253_p2          |       xor|   0|  0|   2|           1|           2|
    |xor_ln1039_119_fu_3275_p2          |       xor|   0|  0|   2|           1|           2|
    |xor_ln1039_11_fu_1125_p2           |       xor|   0|  0|   2|           1|           2|
    |xor_ln1039_120_fu_3293_p2          |       xor|   0|  0|   2|           1|           2|
    |xor_ln1039_121_fu_3311_p2          |       xor|   0|  0|   2|           1|           2|
    |xor_ln1039_122_fu_3333_p2          |       xor|   0|  0|   2|           1|           2|
    |xor_ln1039_123_fu_3355_p2          |       xor|   0|  0|   2|           1|           2|
    |xor_ln1039_124_fu_3377_p2          |       xor|   0|  0|   2|           1|           2|
    |xor_ln1039_125_fu_3399_p2          |       xor|   0|  0|   2|           1|           2|
    |xor_ln1039_126_fu_3417_p2          |       xor|   0|  0|   2|           1|           2|
    |xor_ln1039_127_fu_3439_p2          |       xor|   0|  0|   2|           1|           2|
    |xor_ln1039_128_fu_3461_p2          |       xor|   0|  0|   2|           1|           2|
    |xor_ln1039_129_fu_3483_p2          |       xor|   0|  0|   2|           1|           2|
    |xor_ln1039_12_fu_5535_p2           |       xor|   0|  0|   2|           1|           2|
    |xor_ln1039_130_fu_3505_p2          |       xor|   0|  0|   2|           1|           2|
    |xor_ln1039_131_fu_3523_p2          |       xor|   0|  0|   2|           1|           2|
    |xor_ln1039_132_fu_3541_p2          |       xor|   0|  0|   2|           1|           2|
    |xor_ln1039_133_fu_3563_p2          |       xor|   0|  0|   2|           1|           2|
    |xor_ln1039_134_fu_3585_p2          |       xor|   0|  0|   2|           1|           2|
    |xor_ln1039_135_fu_3607_p2          |       xor|   0|  0|   2|           1|           2|
    |xor_ln1039_136_fu_3629_p2          |       xor|   0|  0|   2|           1|           2|
    |xor_ln1039_137_fu_3647_p2          |       xor|   0|  0|   2|           1|           2|
    |xor_ln1039_138_fu_3669_p2          |       xor|   0|  0|   2|           1|           2|
    |xor_ln1039_139_fu_3691_p2          |       xor|   0|  0|   2|           1|           2|
    |xor_ln1039_13_fu_5544_p2           |       xor|   0|  0|   2|           1|           2|
    |xor_ln1039_140_fu_3713_p2          |       xor|   0|  0|   2|           1|           2|
    |xor_ln1039_141_fu_3735_p2          |       xor|   0|  0|   2|           1|           2|
    |xor_ln1039_142_fu_3753_p2          |       xor|   0|  0|   2|           1|           2|
    |xor_ln1039_143_fu_3771_p2          |       xor|   0|  0|   2|           1|           2|
    |xor_ln1039_144_fu_3793_p2          |       xor|   0|  0|   2|           1|           2|
    |xor_ln1039_145_fu_3815_p2          |       xor|   0|  0|   2|           1|           2|
    |xor_ln1039_146_fu_3837_p2          |       xor|   0|  0|   2|           1|           2|
    |xor_ln1039_147_fu_3859_p2          |       xor|   0|  0|   2|           1|           2|
    |xor_ln1039_148_fu_3877_p2          |       xor|   0|  0|   2|           1|           2|
    |xor_ln1039_149_fu_3895_p2          |       xor|   0|  0|   2|           1|           2|
    |xor_ln1039_14_fu_5549_p2           |       xor|   0|  0|   2|           1|           2|
    |xor_ln1039_150_fu_3917_p2          |       xor|   0|  0|   2|           1|           2|
    |xor_ln1039_151_fu_3939_p2          |       xor|   0|  0|   2|           1|           2|
    |xor_ln1039_152_fu_3961_p2          |       xor|   0|  0|   2|           1|           2|
    |xor_ln1039_153_fu_3979_p2          |       xor|   0|  0|   2|           1|           2|
    |xor_ln1039_154_fu_3997_p2          |       xor|   0|  0|   2|           1|           2|
    |xor_ln1039_155_fu_4019_p2          |       xor|   0|  0|   2|           1|           2|
    |xor_ln1039_15_fu_5554_p2           |       xor|   0|  0|   2|           1|           2|
    |xor_ln1039_16_fu_1191_p2           |       xor|   0|  0|   2|           1|           2|
    |xor_ln1039_17_fu_1209_p2           |       xor|   0|  0|   2|           1|           2|
    |xor_ln1039_18_fu_5569_p2           |       xor|   0|  0|   2|           1|           2|
    |xor_ln1039_19_fu_5578_p2           |       xor|   0|  0|   2|           1|           2|
    |xor_ln1039_1_fu_5491_p2            |       xor|   0|  0|   2|           1|           2|
    |xor_ln1039_20_fu_1251_p2           |       xor|   0|  0|   2|           1|           2|
    |xor_ln1039_21_fu_1273_p2           |       xor|   0|  0|   2|           1|           2|
    |xor_ln1039_22_fu_1295_p2           |       xor|   0|  0|   2|           1|           2|
    |xor_ln1039_23_fu_1317_p2           |       xor|   0|  0|   2|           1|           2|
    |xor_ln1039_24_fu_5583_p2           |       xor|   0|  0|   2|           1|           2|
    |xor_ln1039_25_fu_5588_p2           |       xor|   0|  0|   2|           1|           2|
    |xor_ln1039_26_fu_1363_p2           |       xor|   0|  0|   2|           1|           2|
    |xor_ln1039_27_fu_1385_p2           |       xor|   0|  0|   2|           1|           2|
    |xor_ln1039_28_fu_1407_p2           |       xor|   0|  0|   2|           1|           2|
    |xor_ln1039_29_fu_1429_p2           |       xor|   0|  0|   2|           1|           2|
    |xor_ln1039_2_fu_5500_p2            |       xor|   0|  0|   2|           1|           2|
    |xor_ln1039_30_fu_5593_p2           |       xor|   0|  0|   2|           1|           2|
    |xor_ln1039_31_fu_1463_p2           |       xor|   0|  0|   2|           1|           2|
    |xor_ln1039_32_fu_1485_p2           |       xor|   0|  0|   2|           1|           2|
    |xor_ln1039_33_fu_1507_p2           |       xor|   0|  0|   2|           1|           2|
    |xor_ln1039_34_fu_1529_p2           |       xor|   0|  0|   2|           1|           2|
    |xor_ln1039_35_fu_5598_p2           |       xor|   0|  0|   2|           1|           2|
    |xor_ln1039_36_fu_5603_p2           |       xor|   0|  0|   2|           1|           2|
    |xor_ln1039_37_fu_1575_p2           |       xor|   0|  0|   2|           1|           2|
    |xor_ln1039_38_fu_1597_p2           |       xor|   0|  0|   2|           1|           2|
    |xor_ln1039_39_fu_1619_p2           |       xor|   0|  0|   2|           1|           2|
    |xor_ln1039_3_fu_5505_p2            |       xor|   0|  0|   2|           1|           2|
    |xor_ln1039_40_fu_1641_p2           |       xor|   0|  0|   2|           1|           2|
    |xor_ln1039_41_fu_1663_p2           |       xor|   0|  0|   2|           1|           2|
    |xor_ln1039_42_fu_1681_p2           |       xor|   0|  0|   2|           1|           2|
    |xor_ln1039_43_fu_1699_p2           |       xor|   0|  0|   2|           1|           2|
    |xor_ln1039_44_fu_1721_p2           |       xor|   0|  0|   2|           1|           2|
    |xor_ln1039_45_fu_1743_p2           |       xor|   0|  0|   2|           1|           2|
    |xor_ln1039_46_fu_1765_p2           |       xor|   0|  0|   2|           1|           2|
    |xor_ln1039_47_fu_1783_p2           |       xor|   0|  0|   2|           1|           2|
    |xor_ln1039_48_fu_1801_p2           |       xor|   0|  0|   2|           1|           2|
    |xor_ln1039_49_fu_1823_p2           |       xor|   0|  0|   2|           1|           2|
    |xor_ln1039_4_fu_1005_p2            |       xor|   0|  0|   2|           1|           2|
    |xor_ln1039_50_fu_1845_p2           |       xor|   0|  0|   2|           1|           2|
    |xor_ln1039_51_fu_1867_p2           |       xor|   0|  0|   2|           1|           2|
    |xor_ln1039_52_fu_1889_p2           |       xor|   0|  0|   2|           1|           2|
    |xor_ln1039_53_fu_1907_p2           |       xor|   0|  0|   2|           1|           2|
    |xor_ln1039_54_fu_1925_p2           |       xor|   0|  0|   2|           1|           2|
    |xor_ln1039_55_fu_1947_p2           |       xor|   0|  0|   2|           1|           2|
    |xor_ln1039_56_fu_1969_p2           |       xor|   0|  0|   2|           1|           2|
    |xor_ln1039_57_fu_1991_p2           |       xor|   0|  0|   2|           1|           2|
    |xor_ln1039_58_fu_2013_p2           |       xor|   0|  0|   2|           1|           2|
    |xor_ln1039_59_fu_2031_p2           |       xor|   0|  0|   2|           1|           2|
    |xor_ln1039_5_fu_1027_p2            |       xor|   0|  0|   2|           1|           2|
    |xor_ln1039_60_fu_2053_p2           |       xor|   0|  0|   2|           1|           2|
    |xor_ln1039_61_fu_2075_p2           |       xor|   0|  0|   2|           1|           2|
    |xor_ln1039_62_fu_2097_p2           |       xor|   0|  0|   2|           1|           2|
    |xor_ln1039_63_fu_2119_p2           |       xor|   0|  0|   2|           1|           2|
    |xor_ln1039_64_fu_2137_p2           |       xor|   0|  0|   2|           1|           2|
    |xor_ln1039_65_fu_2155_p2           |       xor|   0|  0|   2|           1|           2|
    |xor_ln1039_66_fu_2177_p2           |       xor|   0|  0|   2|           1|           2|
    |xor_ln1039_67_fu_2199_p2           |       xor|   0|  0|   2|           1|           2|
    |xor_ln1039_68_fu_2221_p2           |       xor|   0|  0|   2|           1|           2|
    |xor_ln1039_69_fu_2243_p2           |       xor|   0|  0|   2|           1|           2|
    |xor_ln1039_6_fu_1049_p2            |       xor|   0|  0|   2|           1|           2|
    |xor_ln1039_70_fu_2261_p2           |       xor|   0|  0|   2|           1|           2|
    |xor_ln1039_71_fu_2279_p2           |       xor|   0|  0|   2|           1|           2|
    |xor_ln1039_72_fu_2301_p2           |       xor|   0|  0|   2|           1|           2|
    |xor_ln1039_73_fu_2323_p2           |       xor|   0|  0|   2|           1|           2|
    |xor_ln1039_74_fu_2345_p2           |       xor|   0|  0|   2|           1|           2|
    |xor_ln1039_75_fu_2363_p2           |       xor|   0|  0|   2|           1|           2|
    |xor_ln1039_76_fu_2381_p2           |       xor|   0|  0|   2|           1|           2|
    |xor_ln1039_77_fu_2403_p2           |       xor|   0|  0|   2|           1|           2|
    |xor_ln1039_78_fu_2425_p2           |       xor|   0|  0|   2|           1|           2|
    |xor_ln1039_79_fu_2447_p2           |       xor|   0|  0|   2|           1|           2|
    |xor_ln1039_7_fu_5510_p2            |       xor|   0|  0|   2|           1|           2|
    |xor_ln1039_80_fu_2469_p2           |       xor|   0|  0|   2|           1|           2|
    |xor_ln1039_81_fu_2487_p2           |       xor|   0|  0|   2|           1|           2|
    |xor_ln1039_82_fu_2505_p2           |       xor|   0|  0|   2|           1|           2|
    |xor_ln1039_83_fu_2527_p2           |       xor|   0|  0|   2|           1|           2|
    |xor_ln1039_84_fu_2549_p2           |       xor|   0|  0|   2|           1|           2|
    |xor_ln1039_85_fu_2571_p2           |       xor|   0|  0|   2|           1|           2|
    |xor_ln1039_86_fu_2589_p2           |       xor|   0|  0|   2|           1|           2|
    |xor_ln1039_87_fu_2607_p2           |       xor|   0|  0|   2|           1|           2|
    |xor_ln1039_88_fu_2629_p2           |       xor|   0|  0|   2|           1|           2|
    |xor_ln1039_89_fu_2651_p2           |       xor|   0|  0|   2|           1|           2|
    |xor_ln1039_8_fu_5515_p2            |       xor|   0|  0|   2|           1|           2|
    |xor_ln1039_90_fu_2673_p2           |       xor|   0|  0|   2|           1|           2|
    |xor_ln1039_91_fu_2695_p2           |       xor|   0|  0|   2|           1|           2|
    |xor_ln1039_92_fu_2713_p2           |       xor|   0|  0|   2|           1|           2|
    |xor_ln1039_93_fu_2731_p2           |       xor|   0|  0|   2|           1|           2|
    |xor_ln1039_94_fu_2753_p2           |       xor|   0|  0|   2|           1|           2|
    |xor_ln1039_95_fu_2775_p2           |       xor|   0|  0|   2|           1|           2|
    |xor_ln1039_96_fu_2797_p2           |       xor|   0|  0|   2|           1|           2|
    |xor_ln1039_97_fu_2819_p2           |       xor|   0|  0|   2|           1|           2|
    |xor_ln1039_98_fu_2837_p2           |       xor|   0|  0|   2|           1|           2|
    |xor_ln1039_99_fu_2859_p2           |       xor|   0|  0|   2|           1|           2|
    |xor_ln1039_9_fu_5520_p2            |       xor|   0|  0|   2|           1|           2|
    |xor_ln1039_fu_951_p2               |       xor|   0|  0|   2|           1|           2|
    +-----------------------------------+----------+----+---+----+------------+------------+
    |Total                              |          |   0|  0|5824|        3095|        3910|
    +-----------------------------------+----------+----+---+----+------------+------------+

    * Multiplexer: 
    +-------------------------------------+----+-----------+-----+-----------+
    |                 Name                | LUT| Input Size| Bits| Total Bits|
    +-------------------------------------+----+-----------+-----+-----------+
    |ap_NS_iter1_fsm                      |  14|          3|    2|          6|
    |ap_NS_iter2_fsm                      |  14|          3|    2|          6|
    |ap_NS_iter3_fsm                      |  14|          3|    2|          6|
    |ap_NS_iter4_fsm                      |  14|          3|    2|          6|
    |ap_NS_iter5_fsm                      |  14|          3|    2|          6|
    |ap_NS_iter6_fsm                      |  14|          3|    2|          6|
    |ap_NS_iter7_fsm                      |  14|          3|    2|          6|
    |ap_NS_iter8_fsm                      |  14|          3|    2|          6|
    |ap_NS_iter9_fsm                      |  14|          3|    2|          6|
    |ap_done_int                          |   9|          2|    1|          2|
    |ap_loop_exit_ready_pp0_iter9_reg     |   9|          2|    1|          2|
    |ap_phi_reg_pp0_iter1_inElem_reg_497  |  14|          3|   32|         96|
    |ap_sig_allocacmp_accu_V_load         |   9|          2|   12|         24|
    |ap_sig_allocacmp_i_1                 |   9|          2|    3|          6|
    |ap_sig_allocacmp_nf_2                |   9|          2|   32|         64|
    |ap_sig_allocacmp_sf_load             |   9|          2|   32|         64|
    |ap_sig_allocacmp_sf_load_1           |   9|          2|   32|         64|
    |i_fu_458                             |   9|          2|    3|          6|
    |in0_V_TDATA_blk_n                    |   9|          2|    1|          2|
    |nf_1_fu_466                          |   9|          2|   32|         64|
    |out_V_TDATA_blk_n                    |   9|          2|    1|          2|
    |sf_fu_454                            |  14|          3|   32|         96|
    |weights_V_TDATA_blk_n                |   9|          2|    1|          2|
    +-------------------------------------+----+-----------+-----+-----------+
    |Total                                | 262|         57|  233|        548|
    +-------------------------------------+----+-----------+-----+-----------+

    * Register: 
    +----------------------------------------+----+----+-----+-----------+
    |                  Name                  | FF | LUT| Bits| Const Bits|
    +----------------------------------------+----+----+-----+-----------+
    |accu_V_2_reg_7129                       |  12|   0|   12|          0|
    |accu_V_fu_462                           |  12|   0|   12|          0|
    |add_ln840_101_reg_7510                  |   3|   0|    3|          0|
    |add_ln840_103_reg_7515                  |   3|   0|    3|          0|
    |add_ln840_107_reg_7695                  |   7|   0|    7|          0|
    |add_ln840_111_reg_7520                  |   3|   0|    3|          0|
    |add_ln840_112_reg_7525                  |   2|   0|    3|          1|
    |add_ln840_116_reg_7530                  |   3|   0|    3|          0|
    |add_ln840_117_reg_7535                  |   2|   0|    3|          1|
    |add_ln840_122_reg_7540                  |   3|   0|    3|          0|
    |add_ln840_124_reg_7545                  |   3|   0|    3|          0|
    |add_ln840_127_reg_7550                  |   3|   0|    3|          0|
    |add_ln840_130_reg_7555                  |   3|   0|    3|          0|
    |add_ln840_135_reg_7560                  |   3|   0|    3|          0|
    |add_ln840_138_reg_7565                  |   3|   0|    3|          0|
    |add_ln840_140_reg_7570                  |   2|   0|    3|          1|
    |add_ln840_143_reg_7575                  |   3|   0|    3|          0|
    |add_ln840_147_reg_7580                  |   3|   0|    3|          0|
    |add_ln840_149_reg_7585                  |   3|   0|    3|          0|
    |add_ln840_14_reg_7400                   |   3|   0|    3|          0|
    |add_ln840_152_reg_7590                  |   3|   0|    3|          0|
    |add_ln840_154_reg_7595                  |   3|   0|    3|          0|
    |add_ln840_158_reg_7700                  |   7|   0|    7|          0|
    |add_ln840_161_reg_7600                  |   3|   0|    3|          0|
    |add_ln840_162_reg_7605                  |   2|   0|    3|          1|
    |add_ln840_166_reg_7610                  |   3|   0|    3|          0|
    |add_ln840_168_reg_7615                  |   3|   0|    3|          0|
    |add_ln840_173_reg_7620                  |   3|   0|    3|          0|
    |add_ln840_175_reg_7625                  |   3|   0|    3|          0|
    |add_ln840_178_reg_7630                  |   3|   0|    3|          0|
    |add_ln840_17_reg_7680                   |   8|   0|    8|          0|
    |add_ln840_181_reg_7635                  |   3|   0|    3|          0|
    |add_ln840_186_reg_7640                  |   3|   0|    3|          0|
    |add_ln840_189_reg_7645                  |   3|   0|    3|          0|
    |add_ln840_191_reg_7650                  |   2|   0|    3|          1|
    |add_ln840_194_reg_7655                  |   3|   0|    3|          0|
    |add_ln840_198_reg_7660                  |   3|   0|    3|          0|
    |add_ln840_1_reg_7104                    |   9|   0|    9|          0|
    |add_ln840_1_reg_7104_pp0_iter5_reg      |   9|   0|    9|          0|
    |add_ln840_200_reg_7665                  |   3|   0|    3|          0|
    |add_ln840_203_reg_7670                  |   3|   0|    3|          0|
    |add_ln840_205_reg_7675                  |   3|   0|    3|          0|
    |add_ln840_209_reg_7705                  |   7|   0|    7|          0|
    |add_ln840_30_reg_7685                   |   5|   0|    5|          0|
    |add_ln840_32_reg_7405                   |   2|   0|    2|          0|
    |add_ln840_36_reg_7410                   |   3|   0|    3|          0|
    |add_ln840_3_reg_7109                    |   9|   0|    9|          0|
    |add_ln840_41_reg_7415                   |   3|   0|    3|          0|
    |add_ln840_44_reg_7420                   |   2|   0|    2|          0|
    |add_ln840_48_reg_7425                   |   3|   0|    3|          0|
    |add_ln840_50_reg_7430                   |   2|   0|    2|          0|
    |add_ln840_52_reg_7435                   |   2|   0|    2|          0|
    |add_ln840_56_reg_7690                   |   6|   0|    6|          0|
    |add_ln840_60_reg_7440                   |   3|   0|    3|          0|
    |add_ln840_61_reg_7445                   |   2|   0|    3|          1|
    |add_ln840_65_reg_7450                   |   3|   0|    3|          0|
    |add_ln840_66_reg_7455                   |   2|   0|    3|          1|
    |add_ln840_6_reg_7124                    |  11|   0|   11|          0|
    |add_ln840_71_reg_7460                   |   3|   0|    3|          0|
    |add_ln840_73_reg_7465                   |   3|   0|    3|          0|
    |add_ln840_76_reg_7470                   |   3|   0|    3|          0|
    |add_ln840_79_reg_7475                   |   3|   0|    3|          0|
    |add_ln840_84_reg_7480                   |   3|   0|    3|          0|
    |add_ln840_87_reg_7485                   |   3|   0|    3|          0|
    |add_ln840_89_reg_7490                   |   2|   0|    3|          1|
    |add_ln840_92_reg_7495                   |   3|   0|    3|          0|
    |add_ln840_96_reg_7500                   |   3|   0|    3|          0|
    |add_ln840_98_reg_7505                   |   3|   0|    3|          0|
    |ap_CS_iter0_fsm                         |   1|   0|    1|          0|
    |ap_CS_iter1_fsm                         |   2|   0|    2|          0|
    |ap_CS_iter2_fsm                         |   2|   0|    2|          0|
    |ap_CS_iter3_fsm                         |   2|   0|    2|          0|
    |ap_CS_iter4_fsm                         |   2|   0|    2|          0|
    |ap_CS_iter5_fsm                         |   2|   0|    2|          0|
    |ap_CS_iter6_fsm                         |   2|   0|    2|          0|
    |ap_CS_iter7_fsm                         |   2|   0|    2|          0|
    |ap_CS_iter8_fsm                         |   2|   0|    2|          0|
    |ap_CS_iter9_fsm                         |   2|   0|    2|          0|
    |ap_done_reg                             |   1|   0|    1|          0|
    |ap_loop_exit_ready_pp0_iter1_reg        |   1|   0|    1|          0|
    |ap_loop_exit_ready_pp0_iter2_reg        |   1|   0|    1|          0|
    |ap_loop_exit_ready_pp0_iter3_reg        |   1|   0|    1|          0|
    |ap_loop_exit_ready_pp0_iter4_reg        |   1|   0|    1|          0|
    |ap_loop_exit_ready_pp0_iter5_reg        |   1|   0|    1|          0|
    |ap_loop_exit_ready_pp0_iter6_reg        |   1|   0|    1|          0|
    |ap_loop_exit_ready_pp0_iter7_reg        |   1|   0|    1|          0|
    |ap_loop_exit_ready_pp0_iter8_reg        |   1|   0|    1|          0|
    |ap_loop_exit_ready_pp0_iter9_reg        |   1|   0|    1|          0|
    |ap_phi_reg_pp0_iter1_inElem_reg_497     |  32|   0|   32|          0|
    |i_fu_458                                |   3|   0|    3|          0|
    |icmp_ln1039_12_reg_7335                 |   1|   0|    1|          0|
    |icmp_ln1039_13_reg_7340                 |   1|   0|    1|          0|
    |icmp_ln1039_14_reg_7345                 |   1|   0|    1|          0|
    |icmp_ln1039_15_reg_7350                 |   1|   0|    1|          0|
    |icmp_ln1039_18_reg_7365                 |   1|   0|    1|          0|
    |icmp_ln1039_19_reg_7370                 |   1|   0|    1|          0|
    |icmp_ln1039_1_reg_7295                  |   1|   0|    1|          0|
    |icmp_ln1039_24_reg_7375                 |   1|   0|    1|          0|
    |icmp_ln1039_25_reg_7380                 |   1|   0|    1|          0|
    |icmp_ln1039_2_reg_7300                  |   1|   0|    1|          0|
    |icmp_ln1039_30_reg_7385                 |   1|   0|    1|          0|
    |icmp_ln1039_35_reg_7390                 |   1|   0|    1|          0|
    |icmp_ln1039_36_reg_7395                 |   1|   0|    1|          0|
    |icmp_ln1039_3_reg_7305                  |   1|   0|    1|          0|
    |icmp_ln1039_7_reg_7310                  |   1|   0|    1|          0|
    |icmp_ln1039_8_reg_7315                  |   1|   0|    1|          0|
    |icmp_ln1039_9_reg_7320                  |   1|   0|    1|          0|
    |icmp_ln249_reg_6787                     |   1|   0|    1|          0|
    |icmp_ln249_reg_6787_pp0_iter1_reg       |   1|   0|    1|          0|
    |icmp_ln249_reg_6787_pp0_iter2_reg       |   1|   0|    1|          0|
    |icmp_ln249_reg_6787_pp0_iter3_reg       |   1|   0|    1|          0|
    |icmp_ln249_reg_6787_pp0_iter4_reg       |   1|   0|    1|          0|
    |icmp_ln249_reg_6787_pp0_iter5_reg       |   1|   0|    1|          0|
    |icmp_ln249_reg_6787_pp0_iter6_reg       |   1|   0|    1|          0|
    |icmp_ln249_reg_6787_pp0_iter7_reg       |   1|   0|    1|          0|
    |icmp_ln249_reg_6787_pp0_iter8_reg       |   1|   0|    1|          0|
    |icmp_ln272_reg_6805                     |   1|   0|    1|          0|
    |icmp_ln272_reg_6805_pp0_iter1_reg       |   1|   0|    1|          0|
    |icmp_ln272_reg_6805_pp0_iter2_reg       |   1|   0|    1|          0|
    |icmp_ln272_reg_6805_pp0_iter3_reg       |   1|   0|    1|          0|
    |icmp_ln272_reg_6805_pp0_iter4_reg       |   1|   0|    1|          0|
    |icmp_ln290_reg_6850                     |   1|   0|    1|          0|
    |icmp_ln290_reg_6850_pp0_iter1_reg       |   1|   0|    1|          0|
    |icmp_ln290_reg_6850_pp0_iter2_reg       |   1|   0|    1|          0|
    |icmp_ln290_reg_6850_pp0_iter3_reg       |   1|   0|    1|          0|
    |icmp_ln290_reg_6850_pp0_iter4_reg       |   1|   0|    1|          0|
    |icmp_ln290_reg_6850_pp0_iter5_reg       |   1|   0|    1|          0|
    |icmp_ln290_reg_6850_pp0_iter6_reg       |   1|   0|    1|          0|
    |icmp_ln290_reg_6850_pp0_iter7_reg       |   1|   0|    1|          0|
    |icmp_ln290_reg_6850_pp0_iter8_reg       |   1|   0|    1|          0|
    |inputBuf_V_1_fu_474                     |  32|   0|   32|          0|
    |inputBuf_V_fu_470                       |  32|   0|   32|          0|
    |local_temp_V_10_reg_6825                |   4|   0|    4|          0|
    |local_temp_V_10_reg_6825_pp0_iter1_reg  |   4|   0|    4|          0|
    |local_temp_V_10_reg_6825_pp0_iter2_reg  |   4|   0|    4|          0|
    |local_temp_V_11_reg_6830                |   4|   0|    4|          0|
    |local_temp_V_12_reg_6835                |   4|   0|    4|          0|
    |local_temp_V_12_reg_6835_pp0_iter1_reg  |   4|   0|    4|          0|
    |local_temp_V_12_reg_6835_pp0_iter2_reg  |   4|   0|    4|          0|
    |local_temp_V_13_reg_6840                |   4|   0|    4|          0|
    |local_temp_V_13_reg_6840_pp0_iter1_reg  |   4|   0|    4|          0|
    |local_temp_V_13_reg_6840_pp0_iter2_reg  |   4|   0|    4|          0|
    |local_temp_V_14_reg_6845                |   4|   0|    4|          0|
    |local_temp_V_8_reg_6815                 |   4|   0|    4|          0|
    |local_temp_V_8_reg_6815_pp0_iter1_reg   |   4|   0|    4|          0|
    |local_temp_V_8_reg_6815_pp0_iter2_reg   |   4|   0|    4|          0|
    |local_temp_V_9_reg_6820                 |   4|   0|    4|          0|
    |local_temp_V_9_reg_6820_pp0_iter1_reg   |   4|   0|    4|          0|
    |local_temp_V_reg_6810                   |   4|   0|    4|          0|
    |nf_1_fu_466                             |  32|   0|   32|          0|
    |r_V_1_reg_7024                          |   4|   0|    4|          0|
    |r_V_1_reg_7024_pp0_iter2_reg            |   4|   0|    4|          0|
    |r_V_2_reg_7029                          |   4|   0|    4|          0|
    |r_V_3_reg_7034                          |   4|   0|    4|          0|
    |r_V_3_reg_7034_pp0_iter2_reg            |   4|   0|    4|          0|
    |r_V_5_reg_7049                          |   4|   0|    4|          0|
    |r_V_5_reg_7049_pp0_iter2_reg            |   4|   0|    4|          0|
    |r_V_6_reg_7054                          |   4|   0|    4|          0|
    |r_V_6_reg_7054_pp0_iter2_reg            |   4|   0|    4|          0|
    |sf_fu_454                               |  32|   0|   32|          0|
    |trunc_ln218_reg_6854                    |   1|   0|    1|          0|
    |trunc_ln218_reg_6854_pp0_iter1_reg      |   1|   0|    1|          0|
    |trunc_ln218_reg_6854_pp0_iter2_reg      |   1|   0|    1|          0|
    |trunc_ln218_reg_6854_pp0_iter3_reg      |   1|   0|    1|          0|
    |trunc_ln218_reg_6854_pp0_iter4_reg      |   1|   0|    1|          0|
    |trunc_ln218_reg_6854_pp0_iter5_reg      |   1|   0|    1|          0|
    |trunc_ln218_reg_6854_pp0_iter6_reg      |   1|   0|    1|          0|
    |xor_ln1039_10_reg_7325                  |   1|   0|    1|          0|
    |xor_ln1039_11_reg_7330                  |   1|   0|    1|          0|
    |xor_ln1039_16_reg_7355                  |   1|   0|    1|          0|
    |xor_ln1039_17_reg_7360                  |   1|   0|    1|          0|
    |xor_ln1039_reg_7289                     |   1|   0|    1|          0|
    +----------------------------------------+----+----+-----+-----------+
    |Total                                   | 606|   0|  614|          8|
    +----------------------------------------+----+----+-----+-----------+



================================================================
== Interface
================================================================
* Summary: 
+------------------+-----+-----+------------+-------------------------------------+--------------+
|     RTL Ports    | Dir | Bits|  Protocol  |            Source Object            |    C Type    |
+------------------+-----+-----+------------+-------------------------------------+--------------+
|ap_clk            |   in|    1|  ap_ctrl_hs|  Matrix_Vector_Activate_Stream_Batch|  return value|
|ap_rst            |   in|    1|  ap_ctrl_hs|  Matrix_Vector_Activate_Stream_Batch|  return value|
|ap_start          |   in|    1|  ap_ctrl_hs|  Matrix_Vector_Activate_Stream_Batch|  return value|
|ap_done           |  out|    1|  ap_ctrl_hs|  Matrix_Vector_Activate_Stream_Batch|  return value|
|ap_idle           |  out|    1|  ap_ctrl_hs|  Matrix_Vector_Activate_Stream_Batch|  return value|
|ap_ready          |  out|    1|  ap_ctrl_hs|  Matrix_Vector_Activate_Stream_Batch|  return value|
|in0_V_TVALID      |   in|    1|        axis|                                in0_V|       pointer|
|in0_V_TDATA       |   in|   32|        axis|                                in0_V|       pointer|
|in0_V_TREADY      |  out|    1|        axis|                                in0_V|       pointer|
|weights_V_TVALID  |   in|    1|        axis|                            weights_V|       pointer|
|weights_V_TDATA   |   in|   32|        axis|                            weights_V|       pointer|
|weights_V_TREADY  |  out|    1|        axis|                            weights_V|       pointer|
|out_V_TREADY      |   in|    1|        axis|                                out_V|       pointer|
|out_V_TDATA       |  out|    8|        axis|                                out_V|       pointer|
|out_V_TVALID      |  out|    1|        axis|                                out_V|       pointer|
+------------------+-----+-----+------------+-------------------------------------+--------------+

