

================================================================
== Vitis HLS Report for 'StreamingMaxPool_Precision_Pipeline_VITIS_LOOP_158_6'
================================================================
* Date:           Fri Jun 12 09:15:36 2026

* Version:        2022.2.2 (Build 3779808 on Feb 17 2023)
* Project:        project_StreamingMaxPool_Batch_2
* Solution:       sol1 (Vivado IP Flow Target)
* Product family: zynq
* Target device:  xc7z020-clg400-1


================================================================
== Performance Estimates
================================================================
+ Timing: 
    * Summary: 
    +--------+----------+----------+------------+
    |  Clock |  Target  | Estimated| Uncertainty|
    +--------+----------+----------+------------+
    |ap_clk  |  10.00 ns|  5.824 ns|     2.70 ns|
    +--------+----------+----------+------------+

+ Latency: 
    * Summary: 
    +---------+---------+-----------+-----------+-----+-----+---------+
    |  Latency (cycles) |   Latency (absolute)  |  Interval | Pipeline|
    |   min   |   max   |    min    |    max    | min | max |   Type  |
    +---------+---------+-----------+-----------+-----+-----+---------+
    |        4|        4|  40.000 ns|  40.000 ns|    4|    4|       no|
    +---------+---------+-----------+-----------+-----+-----+---------+

    + Detail: 
        * Instance: 
        N/A

        * Loop: 
        +--------------------+---------+---------+----------+-----------+-----------+------+----------+
        |                    |  Latency (cycles) | Iteration|  Initiation Interval  | Trip |          |
        |      Loop Name     |   min   |   max   |  Latency |  achieved |   target  | Count| Pipelined|
        +--------------------+---------+---------+----------+-----------+-----------+------+----------+
        |- VITIS_LOOP_158_6  |        2|        2|         1|          1|          1|     2|  yes(flp)|
        +--------------------+---------+---------+----------+-----------+-----------+------+----------+



================================================================
== Utilization Estimates
================================================================
* Summary: 
+-----------------+---------+-----+--------+-------+-----+
|       Name      | BRAM_18K| DSP |   FF   |  LUT  | URAM|
+-----------------+---------+-----+--------+-------+-----+
|DSP              |        -|    -|       -|      -|    -|
|Expression       |        -|    -|       0|    862|    -|
|FIFO             |        -|    -|       -|      -|    -|
|Instance         |        -|    -|       -|      -|    -|
|Memory           |        -|    -|       -|      -|    -|
|Multiplexer      |        -|    -|       -|   1188|    -|
|Register         |        -|    -|     260|      -|    -|
+-----------------+---------+-----+--------+-------+-----+
|Total            |        0|    0|     260|   2050|    0|
+-----------------+---------+-----+--------+-------+-----+
|Available        |      280|  220|  106400|  53200|    0|
+-----------------+---------+-----+--------+-------+-----+
|Utilization (%)  |        0|    0|      ~0|      3|    0|
+-----------------+---------+-----+--------+-------+-----+

+ Detail: 
    * Instance: 
    N/A

    * DSP: 
    N/A

    * Memory: 
    N/A

    * FIFO: 
    N/A

    * Expression: 
    +----------------------------------+----------+----+---+----+------------+------------+
    |           Variable Name          | Operation| DSP| FF| LUT| Bitwidth P0| Bitwidth P1|
    +----------------------------------+----------+----+---+----+------------+------------+
    |kx_2_fu_2444_p2                   |         +|   0|  0|  10|           2|           1|
    |ap_condition_2013                 |       and|   0|  0|   2|           1|           1|
    |icmp_ln1035_10_fu_2896_p2         |      icmp|   0|  0|   9|           4|           4|
    |icmp_ln1035_11_fu_2921_p2         |      icmp|   0|  0|   9|           4|           4|
    |icmp_ln1035_12_fu_2946_p2         |      icmp|   0|  0|   9|           4|           4|
    |icmp_ln1035_13_fu_2971_p2         |      icmp|   0|  0|   9|           4|           4|
    |icmp_ln1035_14_fu_2996_p2         |      icmp|   0|  0|   9|           4|           4|
    |icmp_ln1035_15_fu_3021_p2         |      icmp|   0|  0|   9|           4|           4|
    |icmp_ln1035_16_fu_3046_p2         |      icmp|   0|  0|   9|           4|           4|
    |icmp_ln1035_17_fu_3071_p2         |      icmp|   0|  0|   9|           4|           4|
    |icmp_ln1035_18_fu_3096_p2         |      icmp|   0|  0|   9|           4|           4|
    |icmp_ln1035_19_fu_3121_p2         |      icmp|   0|  0|   9|           4|           4|
    |icmp_ln1035_1_fu_2671_p2          |      icmp|   0|  0|   9|           4|           4|
    |icmp_ln1035_20_fu_3146_p2         |      icmp|   0|  0|   9|           4|           4|
    |icmp_ln1035_21_fu_3171_p2         |      icmp|   0|  0|   9|           4|           4|
    |icmp_ln1035_22_fu_3196_p2         |      icmp|   0|  0|   9|           4|           4|
    |icmp_ln1035_23_fu_3221_p2         |      icmp|   0|  0|   9|           4|           4|
    |icmp_ln1035_24_fu_3246_p2         |      icmp|   0|  0|   9|           4|           4|
    |icmp_ln1035_25_fu_3271_p2         |      icmp|   0|  0|   9|           4|           4|
    |icmp_ln1035_26_fu_3296_p2         |      icmp|   0|  0|   9|           4|           4|
    |icmp_ln1035_27_fu_3321_p2         |      icmp|   0|  0|   9|           4|           4|
    |icmp_ln1035_28_fu_3346_p2         |      icmp|   0|  0|   9|           4|           4|
    |icmp_ln1035_29_fu_3371_p2         |      icmp|   0|  0|   9|           4|           4|
    |icmp_ln1035_2_fu_2696_p2          |      icmp|   0|  0|   9|           4|           4|
    |icmp_ln1035_30_fu_3396_p2         |      icmp|   0|  0|   9|           4|           4|
    |icmp_ln1035_31_fu_3421_p2         |      icmp|   0|  0|   9|           4|           4|
    |icmp_ln1035_32_fu_3446_p2         |      icmp|   0|  0|   9|           4|           4|
    |icmp_ln1035_33_fu_3471_p2         |      icmp|   0|  0|   9|           4|           4|
    |icmp_ln1035_34_fu_3496_p2         |      icmp|   0|  0|   9|           4|           4|
    |icmp_ln1035_35_fu_3521_p2         |      icmp|   0|  0|   9|           4|           4|
    |icmp_ln1035_36_fu_3546_p2         |      icmp|   0|  0|   9|           4|           4|
    |icmp_ln1035_37_fu_3571_p2         |      icmp|   0|  0|   9|           4|           4|
    |icmp_ln1035_38_fu_3596_p2         |      icmp|   0|  0|   9|           4|           4|
    |icmp_ln1035_39_fu_3621_p2         |      icmp|   0|  0|   9|           4|           4|
    |icmp_ln1035_3_fu_2721_p2          |      icmp|   0|  0|   9|           4|           4|
    |icmp_ln1035_40_fu_3646_p2         |      icmp|   0|  0|   9|           4|           4|
    |icmp_ln1035_41_fu_3671_p2         |      icmp|   0|  0|   9|           4|           4|
    |icmp_ln1035_42_fu_3696_p2         |      icmp|   0|  0|   9|           4|           4|
    |icmp_ln1035_43_fu_3721_p2         |      icmp|   0|  0|   9|           4|           4|
    |icmp_ln1035_44_fu_3746_p2         |      icmp|   0|  0|   9|           4|           4|
    |icmp_ln1035_45_fu_3771_p2         |      icmp|   0|  0|   9|           4|           4|
    |icmp_ln1035_46_fu_3796_p2         |      icmp|   0|  0|   9|           4|           4|
    |icmp_ln1035_47_fu_3821_p2         |      icmp|   0|  0|   9|           4|           4|
    |icmp_ln1035_48_fu_3846_p2         |      icmp|   0|  0|   9|           4|           4|
    |icmp_ln1035_49_fu_3871_p2         |      icmp|   0|  0|   9|           4|           4|
    |icmp_ln1035_4_fu_2746_p2          |      icmp|   0|  0|   9|           4|           4|
    |icmp_ln1035_50_fu_3896_p2         |      icmp|   0|  0|   9|           4|           4|
    |icmp_ln1035_51_fu_3921_p2         |      icmp|   0|  0|   9|           4|           4|
    |icmp_ln1035_52_fu_3946_p2         |      icmp|   0|  0|   9|           4|           4|
    |icmp_ln1035_53_fu_3971_p2         |      icmp|   0|  0|   9|           4|           4|
    |icmp_ln1035_54_fu_3996_p2         |      icmp|   0|  0|   9|           4|           4|
    |icmp_ln1035_55_fu_4021_p2         |      icmp|   0|  0|   9|           4|           4|
    |icmp_ln1035_56_fu_4046_p2         |      icmp|   0|  0|   9|           4|           4|
    |icmp_ln1035_57_fu_4071_p2         |      icmp|   0|  0|   9|           4|           4|
    |icmp_ln1035_58_fu_4096_p2         |      icmp|   0|  0|   9|           4|           4|
    |icmp_ln1035_59_fu_4121_p2         |      icmp|   0|  0|   9|           4|           4|
    |icmp_ln1035_5_fu_2771_p2          |      icmp|   0|  0|   9|           4|           4|
    |icmp_ln1035_60_fu_4146_p2         |      icmp|   0|  0|   9|           4|           4|
    |icmp_ln1035_61_fu_4171_p2         |      icmp|   0|  0|   9|           4|           4|
    |icmp_ln1035_62_fu_4196_p2         |      icmp|   0|  0|   9|           4|           4|
    |icmp_ln1035_63_fu_4221_p2         |      icmp|   0|  0|   9|           4|           4|
    |icmp_ln1035_6_fu_2796_p2          |      icmp|   0|  0|   9|           4|           4|
    |icmp_ln1035_7_fu_2821_p2          |      icmp|   0|  0|   9|           4|           4|
    |icmp_ln1035_8_fu_2846_p2          |      icmp|   0|  0|   9|           4|           4|
    |icmp_ln1035_9_fu_2871_p2          |      icmp|   0|  0|   9|           4|           4|
    |icmp_ln1035_fu_2646_p2            |      icmp|   0|  0|   9|           4|           4|
    |icmp_ln158_1_fu_4236_p2           |      icmp|   0|  0|   8|           2|           3|
    |icmp_ln158_fu_2438_p2             |      icmp|   0|  0|   8|           2|           3|
    |ap_block_state1_pp0_stage0_iter0  |        or|   0|  0|   2|           1|           1|
    |buf_V_10_d0                       |    select|   0|  0|   4|           1|           4|
    |buf_V_11_d0                       |    select|   0|  0|   4|           1|           4|
    |buf_V_12_d0                       |    select|   0|  0|   4|           1|           4|
    |buf_V_13_d0                       |    select|   0|  0|   4|           1|           4|
    |buf_V_14_d0                       |    select|   0|  0|   4|           1|           4|
    |buf_V_15_d0                       |    select|   0|  0|   4|           1|           4|
    |buf_V_16_d0                       |    select|   0|  0|   4|           1|           4|
    |buf_V_17_d0                       |    select|   0|  0|   4|           1|           4|
    |buf_V_18_d0                       |    select|   0|  0|   4|           1|           4|
    |buf_V_19_d0                       |    select|   0|  0|   4|           1|           4|
    |buf_V_1_d0                        |    select|   0|  0|   4|           1|           4|
    |buf_V_20_d0                       |    select|   0|  0|   4|           1|           4|
    |buf_V_21_d0                       |    select|   0|  0|   4|           1|           4|
    |buf_V_22_d0                       |    select|   0|  0|   4|           1|           4|
    |buf_V_23_d0                       |    select|   0|  0|   4|           1|           4|
    |buf_V_24_d0                       |    select|   0|  0|   4|           1|           4|
    |buf_V_25_d0                       |    select|   0|  0|   4|           1|           4|
    |buf_V_26_d0                       |    select|   0|  0|   4|           1|           4|
    |buf_V_27_d0                       |    select|   0|  0|   4|           1|           4|
    |buf_V_28_d0                       |    select|   0|  0|   4|           1|           4|
    |buf_V_29_d0                       |    select|   0|  0|   4|           1|           4|
    |buf_V_2_d0                        |    select|   0|  0|   4|           1|           4|
    |buf_V_30_d0                       |    select|   0|  0|   4|           1|           4|
    |buf_V_31_d0                       |    select|   0|  0|   4|           1|           4|
    |buf_V_32_d0                       |    select|   0|  0|   4|           1|           4|
    |buf_V_33_d0                       |    select|   0|  0|   4|           1|           4|
    |buf_V_34_d0                       |    select|   0|  0|   4|           1|           4|
    |buf_V_35_d0                       |    select|   0|  0|   4|           1|           4|
    |buf_V_36_d0                       |    select|   0|  0|   4|           1|           4|
    |buf_V_37_d0                       |    select|   0|  0|   4|           1|           4|
    |buf_V_38_d0                       |    select|   0|  0|   4|           1|           4|
    |buf_V_39_d0                       |    select|   0|  0|   4|           1|           4|
    |buf_V_3_d0                        |    select|   0|  0|   4|           1|           4|
    |buf_V_40_d0                       |    select|   0|  0|   4|           1|           4|
    |buf_V_41_d0                       |    select|   0|  0|   4|           1|           4|
    |buf_V_42_d0                       |    select|   0|  0|   4|           1|           4|
    |buf_V_43_d0                       |    select|   0|  0|   4|           1|           4|
    |buf_V_44_d0                       |    select|   0|  0|   4|           1|           4|
    |buf_V_45_d0                       |    select|   0|  0|   4|           1|           4|
    |buf_V_46_d0                       |    select|   0|  0|   4|           1|           4|
    |buf_V_47_d0                       |    select|   0|  0|   4|           1|           4|
    |buf_V_48_d0                       |    select|   0|  0|   4|           1|           4|
    |buf_V_49_d0                       |    select|   0|  0|   4|           1|           4|
    |buf_V_4_d0                        |    select|   0|  0|   4|           1|           4|
    |buf_V_50_d0                       |    select|   0|  0|   4|           1|           4|
    |buf_V_51_d0                       |    select|   0|  0|   4|           1|           4|
    |buf_V_52_d0                       |    select|   0|  0|   4|           1|           4|
    |buf_V_53_d0                       |    select|   0|  0|   4|           1|           4|
    |buf_V_54_d0                       |    select|   0|  0|   4|           1|           4|
    |buf_V_55_d0                       |    select|   0|  0|   4|           1|           4|
    |buf_V_56_d0                       |    select|   0|  0|   4|           1|           4|
    |buf_V_57_d0                       |    select|   0|  0|   4|           1|           4|
    |buf_V_58_d0                       |    select|   0|  0|   4|           1|           4|
    |buf_V_59_d0                       |    select|   0|  0|   4|           1|           4|
    |buf_V_5_d0                        |    select|   0|  0|   4|           1|           4|
    |buf_V_60_d0                       |    select|   0|  0|   4|           1|           4|
    |buf_V_61_d0                       |    select|   0|  0|   4|           1|           4|
    |buf_V_62_d0                       |    select|   0|  0|   4|           1|           4|
    |buf_V_63_d0                       |    select|   0|  0|   4|           1|           4|
    |buf_V_6_d0                        |    select|   0|  0|   4|           1|           4|
    |buf_V_7_d0                        |    select|   0|  0|   4|           1|           4|
    |buf_V_8_d0                        |    select|   0|  0|   4|           1|           4|
    |buf_V_9_d0                        |    select|   0|  0|   4|           1|           4|
    |buf_V_d0                          |    select|   0|  0|   4|           1|           4|
    +----------------------------------+----------+----+---+----+------------+------------+
    |Total                             |          |   0|  0| 862|         328|         521|
    +----------------------------------+----------+----+---+----+------------+------------+

    * Multiplexer: 
    +-----------------------------------+----+-----------+-----+-----------+
    |                Name               | LUT| Input Size| Bits| Total Bits|
    +-----------------------------------+----+-----------+-----+-----------+
    |ap_done_int                        |   9|          2|    1|          2|
    |ap_sig_allocacmp_kx_1              |   9|          2|    2|          4|
    |ap_sig_allocacmp_oldMax_V_10_load  |   9|          2|    4|          8|
    |ap_sig_allocacmp_oldMax_V_11_load  |   9|          2|    4|          8|
    |ap_sig_allocacmp_oldMax_V_12_load  |   9|          2|    4|          8|
    |ap_sig_allocacmp_oldMax_V_13_load  |   9|          2|    4|          8|
    |ap_sig_allocacmp_oldMax_V_14_load  |   9|          2|    4|          8|
    |ap_sig_allocacmp_oldMax_V_15_load  |   9|          2|    4|          8|
    |ap_sig_allocacmp_oldMax_V_16_load  |   9|          2|    4|          8|
    |ap_sig_allocacmp_oldMax_V_17_load  |   9|          2|    4|          8|
    |ap_sig_allocacmp_oldMax_V_18_load  |   9|          2|    4|          8|
    |ap_sig_allocacmp_oldMax_V_19_load  |   9|          2|    4|          8|
    |ap_sig_allocacmp_oldMax_V_1_load   |   9|          2|    4|          8|
    |ap_sig_allocacmp_oldMax_V_20_load  |   9|          2|    4|          8|
    |ap_sig_allocacmp_oldMax_V_21_load  |   9|          2|    4|          8|
    |ap_sig_allocacmp_oldMax_V_22_load  |   9|          2|    4|          8|
    |ap_sig_allocacmp_oldMax_V_23_load  |   9|          2|    4|          8|
    |ap_sig_allocacmp_oldMax_V_24_load  |   9|          2|    4|          8|
    |ap_sig_allocacmp_oldMax_V_25_load  |   9|          2|    4|          8|
    |ap_sig_allocacmp_oldMax_V_26_load  |   9|          2|    4|          8|
    |ap_sig_allocacmp_oldMax_V_27_load  |   9|          2|    4|          8|
    |ap_sig_allocacmp_oldMax_V_28_load  |   9|          2|    4|          8|
    |ap_sig_allocacmp_oldMax_V_29_load  |   9|          2|    4|          8|
    |ap_sig_allocacmp_oldMax_V_2_load   |   9|          2|    4|          8|
    |ap_sig_allocacmp_oldMax_V_30_load  |   9|          2|    4|          8|
    |ap_sig_allocacmp_oldMax_V_31_load  |   9|          2|    4|          8|
    |ap_sig_allocacmp_oldMax_V_32_load  |   9|          2|    4|          8|
    |ap_sig_allocacmp_oldMax_V_33_load  |   9|          2|    4|          8|
    |ap_sig_allocacmp_oldMax_V_34_load  |   9|          2|    4|          8|
    |ap_sig_allocacmp_oldMax_V_35_load  |   9|          2|    4|          8|
    |ap_sig_allocacmp_oldMax_V_36_load  |   9|          2|    4|          8|
    |ap_sig_allocacmp_oldMax_V_37_load  |   9|          2|    4|          8|
    |ap_sig_allocacmp_oldMax_V_38_load  |   9|          2|    4|          8|
    |ap_sig_allocacmp_oldMax_V_39_load  |   9|          2|    4|          8|
    |ap_sig_allocacmp_oldMax_V_3_load   |   9|          2|    4|          8|
    |ap_sig_allocacmp_oldMax_V_40_load  |   9|          2|    4|          8|
    |ap_sig_allocacmp_oldMax_V_41_load  |   9|          2|    4|          8|
    |ap_sig_allocacmp_oldMax_V_42_load  |   9|          2|    4|          8|
    |ap_sig_allocacmp_oldMax_V_43_load  |   9|          2|    4|          8|
    |ap_sig_allocacmp_oldMax_V_44_load  |   9|          2|    4|          8|
    |ap_sig_allocacmp_oldMax_V_45_load  |   9|          2|    4|          8|
    |ap_sig_allocacmp_oldMax_V_46_load  |   9|          2|    4|          8|
    |ap_sig_allocacmp_oldMax_V_47_load  |   9|          2|    4|          8|
    |ap_sig_allocacmp_oldMax_V_48_load  |   9|          2|    4|          8|
    |ap_sig_allocacmp_oldMax_V_49_load  |   9|          2|    4|          8|
    |ap_sig_allocacmp_oldMax_V_4_load   |   9|          2|    4|          8|
    |ap_sig_allocacmp_oldMax_V_50_load  |   9|          2|    4|          8|
    |ap_sig_allocacmp_oldMax_V_51_load  |   9|          2|    4|          8|
    |ap_sig_allocacmp_oldMax_V_52_load  |   9|          2|    4|          8|
    |ap_sig_allocacmp_oldMax_V_53_load  |   9|          2|    4|          8|
    |ap_sig_allocacmp_oldMax_V_54_load  |   9|          2|    4|          8|
    |ap_sig_allocacmp_oldMax_V_55_load  |   9|          2|    4|          8|
    |ap_sig_allocacmp_oldMax_V_56_load  |   9|          2|    4|          8|
    |ap_sig_allocacmp_oldMax_V_57_load  |   9|          2|    4|          8|
    |ap_sig_allocacmp_oldMax_V_58_load  |   9|          2|    4|          8|
    |ap_sig_allocacmp_oldMax_V_59_load  |   9|          2|    4|          8|
    |ap_sig_allocacmp_oldMax_V_5_load   |   9|          2|    4|          8|
    |ap_sig_allocacmp_oldMax_V_60_load  |   9|          2|    4|          8|
    |ap_sig_allocacmp_oldMax_V_61_load  |   9|          2|    4|          8|
    |ap_sig_allocacmp_oldMax_V_62_load  |   9|          2|    4|          8|
    |ap_sig_allocacmp_oldMax_V_63_load  |   9|          2|    4|          8|
    |ap_sig_allocacmp_oldMax_V_6_load   |   9|          2|    4|          8|
    |ap_sig_allocacmp_oldMax_V_7_load   |   9|          2|    4|          8|
    |ap_sig_allocacmp_oldMax_V_8_load   |   9|          2|    4|          8|
    |ap_sig_allocacmp_oldMax_V_9_load   |   9|          2|    4|          8|
    |ap_sig_allocacmp_oldMax_V_load     |   9|          2|    4|          8|
    |in0_V_TDATA_blk_n                  |   9|          2|    1|          2|
    |kx_fu_554                          |   9|          2|    2|          4|
    |oldMax_V_10_fu_598                 |   9|          2|    4|          8|
    |oldMax_V_11_fu_602                 |   9|          2|    4|          8|
    |oldMax_V_12_fu_606                 |   9|          2|    4|          8|
    |oldMax_V_13_fu_610                 |   9|          2|    4|          8|
    |oldMax_V_14_fu_614                 |   9|          2|    4|          8|
    |oldMax_V_15_fu_618                 |   9|          2|    4|          8|
    |oldMax_V_16_fu_622                 |   9|          2|    4|          8|
    |oldMax_V_17_fu_626                 |   9|          2|    4|          8|
    |oldMax_V_18_fu_630                 |   9|          2|    4|          8|
    |oldMax_V_19_fu_634                 |   9|          2|    4|          8|
    |oldMax_V_1_fu_562                  |   9|          2|    4|          8|
    |oldMax_V_20_fu_638                 |   9|          2|    4|          8|
    |oldMax_V_21_fu_642                 |   9|          2|    4|          8|
    |oldMax_V_22_fu_646                 |   9|          2|    4|          8|
    |oldMax_V_23_fu_650                 |   9|          2|    4|          8|
    |oldMax_V_24_fu_654                 |   9|          2|    4|          8|
    |oldMax_V_25_fu_658                 |   9|          2|    4|          8|
    |oldMax_V_26_fu_662                 |   9|          2|    4|          8|
    |oldMax_V_27_fu_666                 |   9|          2|    4|          8|
    |oldMax_V_28_fu_670                 |   9|          2|    4|          8|
    |oldMax_V_29_fu_674                 |   9|          2|    4|          8|
    |oldMax_V_2_fu_566                  |   9|          2|    4|          8|
    |oldMax_V_30_fu_678                 |   9|          2|    4|          8|
    |oldMax_V_31_fu_682                 |   9|          2|    4|          8|
    |oldMax_V_32_fu_686                 |   9|          2|    4|          8|
    |oldMax_V_33_fu_690                 |   9|          2|    4|          8|
    |oldMax_V_34_fu_694                 |   9|          2|    4|          8|
    |oldMax_V_35_fu_698                 |   9|          2|    4|          8|
    |oldMax_V_36_fu_702                 |   9|          2|    4|          8|
    |oldMax_V_37_fu_706                 |   9|          2|    4|          8|
    |oldMax_V_38_fu_710                 |   9|          2|    4|          8|
    |oldMax_V_39_fu_714                 |   9|          2|    4|          8|
    |oldMax_V_3_fu_570                  |   9|          2|    4|          8|
    |oldMax_V_40_fu_718                 |   9|          2|    4|          8|
    |oldMax_V_41_fu_722                 |   9|          2|    4|          8|
    |oldMax_V_42_fu_726                 |   9|          2|    4|          8|
    |oldMax_V_43_fu_730                 |   9|          2|    4|          8|
    |oldMax_V_44_fu_734                 |   9|          2|    4|          8|
    |oldMax_V_45_fu_738                 |   9|          2|    4|          8|
    |oldMax_V_46_fu_742                 |   9|          2|    4|          8|
    |oldMax_V_47_fu_746                 |   9|          2|    4|          8|
    |oldMax_V_48_fu_750                 |   9|          2|    4|          8|
    |oldMax_V_49_fu_754                 |   9|          2|    4|          8|
    |oldMax_V_4_fu_574                  |   9|          2|    4|          8|
    |oldMax_V_50_fu_758                 |   9|          2|    4|          8|
    |oldMax_V_51_fu_762                 |   9|          2|    4|          8|
    |oldMax_V_52_fu_766                 |   9|          2|    4|          8|
    |oldMax_V_53_fu_770                 |   9|          2|    4|          8|
    |oldMax_V_54_fu_774                 |   9|          2|    4|          8|
    |oldMax_V_55_fu_778                 |   9|          2|    4|          8|
    |oldMax_V_56_fu_782                 |   9|          2|    4|          8|
    |oldMax_V_57_fu_786                 |   9|          2|    4|          8|
    |oldMax_V_58_fu_790                 |   9|          2|    4|          8|
    |oldMax_V_59_fu_794                 |   9|          2|    4|          8|
    |oldMax_V_5_fu_578                  |   9|          2|    4|          8|
    |oldMax_V_60_fu_798                 |   9|          2|    4|          8|
    |oldMax_V_61_fu_802                 |   9|          2|    4|          8|
    |oldMax_V_62_fu_806                 |   9|          2|    4|          8|
    |oldMax_V_63_fu_810                 |   9|          2|    4|          8|
    |oldMax_V_6_fu_582                  |   9|          2|    4|          8|
    |oldMax_V_7_fu_586                  |   9|          2|    4|          8|
    |oldMax_V_8_fu_590                  |   9|          2|    4|          8|
    |oldMax_V_9_fu_594                  |   9|          2|    4|          8|
    |oldMax_V_fu_558                    |   9|          2|    4|          8|
    +-----------------------------------+----+-----------+-----+-----------+
    |Total                              |1188|        264|  518|       1036|
    +-----------------------------------+----+-----------+-----+-----------+

    * Register: 
    +--------------------+---+----+-----+-----------+
    |        Name        | FF| LUT| Bits| Const Bits|
    +--------------------+---+----+-----+-----------+
    |ap_CS_fsm           |  1|   0|    1|          0|
    |ap_done_reg         |  1|   0|    1|          0|
    |kx_fu_554           |  2|   0|    2|          0|
    |oldMax_V_10_fu_598  |  4|   0|    4|          0|
    |oldMax_V_11_fu_602  |  4|   0|    4|          0|
    |oldMax_V_12_fu_606  |  4|   0|    4|          0|
    |oldMax_V_13_fu_610  |  4|   0|    4|          0|
    |oldMax_V_14_fu_614  |  4|   0|    4|          0|
    |oldMax_V_15_fu_618  |  4|   0|    4|          0|
    |oldMax_V_16_fu_622  |  4|   0|    4|          0|
    |oldMax_V_17_fu_626  |  4|   0|    4|          0|
    |oldMax_V_18_fu_630  |  4|   0|    4|          0|
    |oldMax_V_19_fu_634  |  4|   0|    4|          0|
    |oldMax_V_1_fu_562   |  4|   0|    4|          0|
    |oldMax_V_20_fu_638  |  4|   0|    4|          0|
    |oldMax_V_21_fu_642  |  4|   0|    4|          0|
    |oldMax_V_22_fu_646  |  4|   0|    4|          0|
    |oldMax_V_23_fu_650  |  4|   0|    4|          0|
    |oldMax_V_24_fu_654  |  4|   0|    4|          0|
    |oldMax_V_25_fu_658  |  4|   0|    4|          0|
    |oldMax_V_26_fu_662  |  4|   0|    4|          0|
    |oldMax_V_27_fu_666  |  4|   0|    4|          0|
    |oldMax_V_28_fu_670  |  4|   0|    4|          0|
    |oldMax_V_29_fu_674  |  4|   0|    4|          0|
    |oldMax_V_2_fu_566   |  4|   0|    4|          0|
    |oldMax_V_30_fu_678  |  4|   0|    4|          0|
    |oldMax_V_31_fu_682  |  4|   0|    4|          0|
    |oldMax_V_32_fu_686  |  4|   0|    4|          0|
    |oldMax_V_33_fu_690  |  4|   0|    4|          0|
    |oldMax_V_34_fu_694  |  4|   0|    4|          0|
    |oldMax_V_35_fu_698  |  4|   0|    4|          0|
    |oldMax_V_36_fu_702  |  4|   0|    4|          0|
    |oldMax_V_37_fu_706  |  4|   0|    4|          0|
    |oldMax_V_38_fu_710  |  4|   0|    4|          0|
    |oldMax_V_39_fu_714  |  4|   0|    4|          0|
    |oldMax_V_3_fu_570   |  4|   0|    4|          0|
    |oldMax_V_40_fu_718  |  4|   0|    4|          0|
    |oldMax_V_41_fu_722  |  4|   0|    4|          0|
    |oldMax_V_42_fu_726  |  4|   0|    4|          0|
    |oldMax_V_43_fu_730  |  4|   0|    4|          0|
    |oldMax_V_44_fu_734  |  4|   0|    4|          0|
    |oldMax_V_45_fu_738  |  4|   0|    4|          0|
    |oldMax_V_46_fu_742  |  4|   0|    4|          0|
    |oldMax_V_47_fu_746  |  4|   0|    4|          0|
    |oldMax_V_48_fu_750  |  4|   0|    4|          0|
    |oldMax_V_49_fu_754  |  4|   0|    4|          0|
    |oldMax_V_4_fu_574   |  4|   0|    4|          0|
    |oldMax_V_50_fu_758  |  4|   0|    4|          0|
    |oldMax_V_51_fu_762  |  4|   0|    4|          0|
    |oldMax_V_52_fu_766  |  4|   0|    4|          0|
    |oldMax_V_53_fu_770  |  4|   0|    4|          0|
    |oldMax_V_54_fu_774  |  4|   0|    4|          0|
    |oldMax_V_55_fu_778  |  4|   0|    4|          0|
    |oldMax_V_56_fu_782  |  4|   0|    4|          0|
    |oldMax_V_57_fu_786  |  4|   0|    4|          0|
    |oldMax_V_58_fu_790  |  4|   0|    4|          0|
    |oldMax_V_59_fu_794  |  4|   0|    4|          0|
    |oldMax_V_5_fu_578   |  4|   0|    4|          0|
    |oldMax_V_60_fu_798  |  4|   0|    4|          0|
    |oldMax_V_61_fu_802  |  4|   0|    4|          0|
    |oldMax_V_62_fu_806  |  4|   0|    4|          0|
    |oldMax_V_63_fu_810  |  4|   0|    4|          0|
    |oldMax_V_6_fu_582   |  4|   0|    4|          0|
    |oldMax_V_7_fu_586   |  4|   0|    4|          0|
    |oldMax_V_8_fu_590   |  4|   0|    4|          0|
    |oldMax_V_9_fu_594   |  4|   0|    4|          0|
    |oldMax_V_fu_558     |  4|   0|    4|          0|
    +--------------------+---+----+-----+-----------+
    |Total               |260|   0|  260|          0|
    +--------------------+---+----+-----+-----------+



================================================================
== Interface
================================================================
* Summary: 
+-------------------+-----+-----+------------+------------------------------------------------------+--------------+
|     RTL Ports     | Dir | Bits|  Protocol  |                     Source Object                    |    C Type    |
+-------------------+-----+-----+------------+------------------------------------------------------+--------------+
|ap_clk             |   in|    1|  ap_ctrl_hs|  StreamingMaxPool_Precision_Pipeline_VITIS_LOOP_158_6|  return value|
|ap_rst             |   in|    1|  ap_ctrl_hs|  StreamingMaxPool_Precision_Pipeline_VITIS_LOOP_158_6|  return value|
|ap_start           |   in|    1|  ap_ctrl_hs|  StreamingMaxPool_Precision_Pipeline_VITIS_LOOP_158_6|  return value|
|ap_done            |  out|    1|  ap_ctrl_hs|  StreamingMaxPool_Precision_Pipeline_VITIS_LOOP_158_6|  return value|
|ap_idle            |  out|    1|  ap_ctrl_hs|  StreamingMaxPool_Precision_Pipeline_VITIS_LOOP_158_6|  return value|
|ap_ready           |  out|    1|  ap_ctrl_hs|  StreamingMaxPool_Precision_Pipeline_VITIS_LOOP_158_6|  return value|
|in0_V_TVALID       |   in|    1|        axis|                                                 in0_V|       pointer|
|in0_V_TDATA        |   in|  256|        axis|                                                 in0_V|       pointer|
|in0_V_TREADY       |  out|    1|        axis|                                                 in0_V|       pointer|
|buf_V_63_load_1    |   in|    4|     ap_none|                                       buf_V_63_load_1|        scalar|
|buf_V_62_load_1    |   in|    4|     ap_none|                                       buf_V_62_load_1|        scalar|
|buf_V_61_load_1    |   in|    4|     ap_none|                                       buf_V_61_load_1|        scalar|
|buf_V_60_load_1    |   in|    4|     ap_none|                                       buf_V_60_load_1|        scalar|
|buf_V_59_load_1    |   in|    4|     ap_none|                                       buf_V_59_load_1|        scalar|
|buf_V_58_load_1    |   in|    4|     ap_none|                                       buf_V_58_load_1|        scalar|
|buf_V_57_load_1    |   in|    4|     ap_none|                                       buf_V_57_load_1|        scalar|
|buf_V_56_load_1    |   in|    4|     ap_none|                                       buf_V_56_load_1|        scalar|
|buf_V_55_load_1    |   in|    4|     ap_none|                                       buf_V_55_load_1|        scalar|
|buf_V_54_load_1    |   in|    4|     ap_none|                                       buf_V_54_load_1|        scalar|
|buf_V_53_load_1    |   in|    4|     ap_none|                                       buf_V_53_load_1|        scalar|
|buf_V_52_load_1    |   in|    4|     ap_none|                                       buf_V_52_load_1|        scalar|
|buf_V_51_load_1    |   in|    4|     ap_none|                                       buf_V_51_load_1|        scalar|
|buf_V_50_load_1    |   in|    4|     ap_none|                                       buf_V_50_load_1|        scalar|
|buf_V_49_load_1    |   in|    4|     ap_none|                                       buf_V_49_load_1|        scalar|
|buf_V_48_load_1    |   in|    4|     ap_none|                                       buf_V_48_load_1|        scalar|
|buf_V_47_load_1    |   in|    4|     ap_none|                                       buf_V_47_load_1|        scalar|
|buf_V_46_load_1    |   in|    4|     ap_none|                                       buf_V_46_load_1|        scalar|
|buf_V_45_load_1    |   in|    4|     ap_none|                                       buf_V_45_load_1|        scalar|
|buf_V_44_load_1    |   in|    4|     ap_none|                                       buf_V_44_load_1|        scalar|
|buf_V_43_load_1    |   in|    4|     ap_none|                                       buf_V_43_load_1|        scalar|
|buf_V_42_load_1    |   in|    4|     ap_none|                                       buf_V_42_load_1|        scalar|
|buf_V_41_load_1    |   in|    4|     ap_none|                                       buf_V_41_load_1|        scalar|
|buf_V_40_load_1    |   in|    4|     ap_none|                                       buf_V_40_load_1|        scalar|
|buf_V_39_load_1    |   in|    4|     ap_none|                                       buf_V_39_load_1|        scalar|
|buf_V_38_load_1    |   in|    4|     ap_none|                                       buf_V_38_load_1|        scalar|
|buf_V_37_load_1    |   in|    4|     ap_none|                                       buf_V_37_load_1|        scalar|
|buf_V_36_load_1    |   in|    4|     ap_none|                                       buf_V_36_load_1|        scalar|
|buf_V_35_load_1    |   in|    4|     ap_none|                                       buf_V_35_load_1|        scalar|
|buf_V_34_load_1    |   in|    4|     ap_none|                                       buf_V_34_load_1|        scalar|
|buf_V_33_load_1    |   in|    4|     ap_none|                                       buf_V_33_load_1|        scalar|
|buf_V_32_load_1    |   in|    4|     ap_none|                                       buf_V_32_load_1|        scalar|
|buf_V_31_load_1    |   in|    4|     ap_none|                                       buf_V_31_load_1|        scalar|
|buf_V_30_load_1    |   in|    4|     ap_none|                                       buf_V_30_load_1|        scalar|
|buf_V_29_load_1    |   in|    4|     ap_none|                                       buf_V_29_load_1|        scalar|
|buf_V_28_load_1    |   in|    4|     ap_none|                                       buf_V_28_load_1|        scalar|
|buf_V_27_load_1    |   in|    4|     ap_none|                                       buf_V_27_load_1|        scalar|
|buf_V_26_load_1    |   in|    4|     ap_none|                                       buf_V_26_load_1|        scalar|
|buf_V_25_load_1    |   in|    4|     ap_none|                                       buf_V_25_load_1|        scalar|
|buf_V_24_load_1    |   in|    4|     ap_none|                                       buf_V_24_load_1|        scalar|
|buf_V_23_load_1    |   in|    4|     ap_none|                                       buf_V_23_load_1|        scalar|
|buf_V_22_load_1    |   in|    4|     ap_none|                                       buf_V_22_load_1|        scalar|
|buf_V_21_load_1    |   in|    4|     ap_none|                                       buf_V_21_load_1|        scalar|
|buf_V_20_load_1    |   in|    4|     ap_none|                                       buf_V_20_load_1|        scalar|
|buf_V_19_load_1    |   in|    4|     ap_none|                                       buf_V_19_load_1|        scalar|
|buf_V_18_load_1    |   in|    4|     ap_none|                                       buf_V_18_load_1|        scalar|
|buf_V_17_load_1    |   in|    4|     ap_none|                                       buf_V_17_load_1|        scalar|
|buf_V_16_load_1    |   in|    4|     ap_none|                                       buf_V_16_load_1|        scalar|
|buf_V_15_load_1    |   in|    4|     ap_none|                                       buf_V_15_load_1|        scalar|
|buf_V_14_load_1    |   in|    4|     ap_none|                                       buf_V_14_load_1|        scalar|
|buf_V_13_load_1    |   in|    4|     ap_none|                                       buf_V_13_load_1|        scalar|
|buf_V_12_load_1    |   in|    4|     ap_none|                                       buf_V_12_load_1|        scalar|
|buf_V_11_load_1    |   in|    4|     ap_none|                                       buf_V_11_load_1|        scalar|
|buf_V_10_load_1    |   in|    4|     ap_none|                                       buf_V_10_load_1|        scalar|
|buf_V_9_load_1     |   in|    4|     ap_none|                                        buf_V_9_load_1|        scalar|
|buf_V_8_load_1     |   in|    4|     ap_none|                                        buf_V_8_load_1|        scalar|
|buf_V_7_load_1     |   in|    4|     ap_none|                                        buf_V_7_load_1|        scalar|
|buf_V_6_load_1     |   in|    4|     ap_none|                                        buf_V_6_load_1|        scalar|
|buf_V_5_load_1     |   in|    4|     ap_none|                                        buf_V_5_load_1|        scalar|
|buf_V_4_load_1     |   in|    4|     ap_none|                                        buf_V_4_load_1|        scalar|
|buf_V_3_load_1     |   in|    4|     ap_none|                                        buf_V_3_load_1|        scalar|
|buf_V_2_load_1     |   in|    4|     ap_none|                                        buf_V_2_load_1|        scalar|
|buf_V_1_load_1     |   in|    4|     ap_none|                                        buf_V_1_load_1|        scalar|
|buf_V_load_1       |   in|    4|     ap_none|                                          buf_V_load_1|        scalar|
|buf_V_63_address0  |  out|    3|   ap_memory|                                              buf_V_63|         array|
|buf_V_63_ce0       |  out|    1|   ap_memory|                                              buf_V_63|         array|
|buf_V_63_we0       |  out|    1|   ap_memory|                                              buf_V_63|         array|
|buf_V_63_d0        |  out|    4|   ap_memory|                                              buf_V_63|         array|
|zext_ln156         |   in|    3|     ap_none|                                            zext_ln156|        scalar|
|buf_V_62_address0  |  out|    3|   ap_memory|                                              buf_V_62|         array|
|buf_V_62_ce0       |  out|    1|   ap_memory|                                              buf_V_62|         array|
|buf_V_62_we0       |  out|    1|   ap_memory|                                              buf_V_62|         array|
|buf_V_62_d0        |  out|    4|   ap_memory|                                              buf_V_62|         array|
|buf_V_61_address0  |  out|    3|   ap_memory|                                              buf_V_61|         array|
|buf_V_61_ce0       |  out|    1|   ap_memory|                                              buf_V_61|         array|
|buf_V_61_we0       |  out|    1|   ap_memory|                                              buf_V_61|         array|
|buf_V_61_d0        |  out|    4|   ap_memory|                                              buf_V_61|         array|
|buf_V_60_address0  |  out|    3|   ap_memory|                                              buf_V_60|         array|
|buf_V_60_ce0       |  out|    1|   ap_memory|                                              buf_V_60|         array|
|buf_V_60_we0       |  out|    1|   ap_memory|                                              buf_V_60|         array|
|buf_V_60_d0        |  out|    4|   ap_memory|                                              buf_V_60|         array|
|buf_V_59_address0  |  out|    3|   ap_memory|                                              buf_V_59|         array|
|buf_V_59_ce0       |  out|    1|   ap_memory|                                              buf_V_59|         array|
|buf_V_59_we0       |  out|    1|   ap_memory|                                              buf_V_59|         array|
|buf_V_59_d0        |  out|    4|   ap_memory|                                              buf_V_59|         array|
|buf_V_58_address0  |  out|    3|   ap_memory|                                              buf_V_58|         array|
|buf_V_58_ce0       |  out|    1|   ap_memory|                                              buf_V_58|         array|
|buf_V_58_we0       |  out|    1|   ap_memory|                                              buf_V_58|         array|
|buf_V_58_d0        |  out|    4|   ap_memory|                                              buf_V_58|         array|
|buf_V_57_address0  |  out|    3|   ap_memory|                                              buf_V_57|         array|
|buf_V_57_ce0       |  out|    1|   ap_memory|                                              buf_V_57|         array|
|buf_V_57_we0       |  out|    1|   ap_memory|                                              buf_V_57|         array|
|buf_V_57_d0        |  out|    4|   ap_memory|                                              buf_V_57|         array|
|buf_V_56_address0  |  out|    3|   ap_memory|                                              buf_V_56|         array|
|buf_V_56_ce0       |  out|    1|   ap_memory|                                              buf_V_56|         array|
|buf_V_56_we0       |  out|    1|   ap_memory|                                              buf_V_56|         array|
|buf_V_56_d0        |  out|    4|   ap_memory|                                              buf_V_56|         array|
|buf_V_55_address0  |  out|    3|   ap_memory|                                              buf_V_55|         array|
|buf_V_55_ce0       |  out|    1|   ap_memory|                                              buf_V_55|         array|
|buf_V_55_we0       |  out|    1|   ap_memory|                                              buf_V_55|         array|
|buf_V_55_d0        |  out|    4|   ap_memory|                                              buf_V_55|         array|
|buf_V_54_address0  |  out|    3|   ap_memory|                                              buf_V_54|         array|
|buf_V_54_ce0       |  out|    1|   ap_memory|                                              buf_V_54|         array|
|buf_V_54_we0       |  out|    1|   ap_memory|                                              buf_V_54|         array|
|buf_V_54_d0        |  out|    4|   ap_memory|                                              buf_V_54|         array|
|buf_V_53_address0  |  out|    3|   ap_memory|                                              buf_V_53|         array|
|buf_V_53_ce0       |  out|    1|   ap_memory|                                              buf_V_53|         array|
|buf_V_53_we0       |  out|    1|   ap_memory|                                              buf_V_53|         array|
|buf_V_53_d0        |  out|    4|   ap_memory|                                              buf_V_53|         array|
|buf_V_52_address0  |  out|    3|   ap_memory|                                              buf_V_52|         array|
|buf_V_52_ce0       |  out|    1|   ap_memory|                                              buf_V_52|         array|
|buf_V_52_we0       |  out|    1|   ap_memory|                                              buf_V_52|         array|
|buf_V_52_d0        |  out|    4|   ap_memory|                                              buf_V_52|         array|
|buf_V_51_address0  |  out|    3|   ap_memory|                                              buf_V_51|         array|
|buf_V_51_ce0       |  out|    1|   ap_memory|                                              buf_V_51|         array|
|buf_V_51_we0       |  out|    1|   ap_memory|                                              buf_V_51|         array|
|buf_V_51_d0        |  out|    4|   ap_memory|                                              buf_V_51|         array|
|buf_V_50_address0  |  out|    3|   ap_memory|                                              buf_V_50|         array|
|buf_V_50_ce0       |  out|    1|   ap_memory|                                              buf_V_50|         array|
|buf_V_50_we0       |  out|    1|   ap_memory|                                              buf_V_50|         array|
|buf_V_50_d0        |  out|    4|   ap_memory|                                              buf_V_50|         array|
|buf_V_49_address0  |  out|    3|   ap_memory|                                              buf_V_49|         array|
|buf_V_49_ce0       |  out|    1|   ap_memory|                                              buf_V_49|         array|
|buf_V_49_we0       |  out|    1|   ap_memory|                                              buf_V_49|         array|
|buf_V_49_d0        |  out|    4|   ap_memory|                                              buf_V_49|         array|
|buf_V_48_address0  |  out|    3|   ap_memory|                                              buf_V_48|         array|
|buf_V_48_ce0       |  out|    1|   ap_memory|                                              buf_V_48|         array|
|buf_V_48_we0       |  out|    1|   ap_memory|                                              buf_V_48|         array|
|buf_V_48_d0        |  out|    4|   ap_memory|                                              buf_V_48|         array|
|buf_V_47_address0  |  out|    3|   ap_memory|                                              buf_V_47|         array|
|buf_V_47_ce0       |  out|    1|   ap_memory|                                              buf_V_47|         array|
|buf_V_47_we0       |  out|    1|   ap_memory|                                              buf_V_47|         array|
|buf_V_47_d0        |  out|    4|   ap_memory|                                              buf_V_47|         array|
|buf_V_46_address0  |  out|    3|   ap_memory|                                              buf_V_46|         array|
|buf_V_46_ce0       |  out|    1|   ap_memory|                                              buf_V_46|         array|
|buf_V_46_we0       |  out|    1|   ap_memory|                                              buf_V_46|         array|
|buf_V_46_d0        |  out|    4|   ap_memory|                                              buf_V_46|         array|
|buf_V_45_address0  |  out|    3|   ap_memory|                                              buf_V_45|         array|
|buf_V_45_ce0       |  out|    1|   ap_memory|                                              buf_V_45|         array|
|buf_V_45_we0       |  out|    1|   ap_memory|                                              buf_V_45|         array|
|buf_V_45_d0        |  out|    4|   ap_memory|                                              buf_V_45|         array|
|buf_V_44_address0  |  out|    3|   ap_memory|                                              buf_V_44|         array|
|buf_V_44_ce0       |  out|    1|   ap_memory|                                              buf_V_44|         array|
|buf_V_44_we0       |  out|    1|   ap_memory|                                              buf_V_44|         array|
|buf_V_44_d0        |  out|    4|   ap_memory|                                              buf_V_44|         array|
|buf_V_43_address0  |  out|    3|   ap_memory|                                              buf_V_43|         array|
|buf_V_43_ce0       |  out|    1|   ap_memory|                                              buf_V_43|         array|
|buf_V_43_we0       |  out|    1|   ap_memory|                                              buf_V_43|         array|
|buf_V_43_d0        |  out|    4|   ap_memory|                                              buf_V_43|         array|
|buf_V_42_address0  |  out|    3|   ap_memory|                                              buf_V_42|         array|
|buf_V_42_ce0       |  out|    1|   ap_memory|                                              buf_V_42|         array|
|buf_V_42_we0       |  out|    1|   ap_memory|                                              buf_V_42|         array|
|buf_V_42_d0        |  out|    4|   ap_memory|                                              buf_V_42|         array|
|buf_V_41_address0  |  out|    3|   ap_memory|                                              buf_V_41|         array|
|buf_V_41_ce0       |  out|    1|   ap_memory|                                              buf_V_41|         array|
|buf_V_41_we0       |  out|    1|   ap_memory|                                              buf_V_41|         array|
|buf_V_41_d0        |  out|    4|   ap_memory|                                              buf_V_41|         array|
|buf_V_40_address0  |  out|    3|   ap_memory|                                              buf_V_40|         array|
|buf_V_40_ce0       |  out|    1|   ap_memory|                                              buf_V_40|         array|
|buf_V_40_we0       |  out|    1|   ap_memory|                                              buf_V_40|         array|
|buf_V_40_d0        |  out|    4|   ap_memory|                                              buf_V_40|         array|
|buf_V_39_address0  |  out|    3|   ap_memory|                                              buf_V_39|         array|
|buf_V_39_ce0       |  out|    1|   ap_memory|                                              buf_V_39|         array|
|buf_V_39_we0       |  out|    1|   ap_memory|                                              buf_V_39|         array|
|buf_V_39_d0        |  out|    4|   ap_memory|                                              buf_V_39|         array|
|buf_V_38_address0  |  out|    3|   ap_memory|                                              buf_V_38|         array|
|buf_V_38_ce0       |  out|    1|   ap_memory|                                              buf_V_38|         array|
|buf_V_38_we0       |  out|    1|   ap_memory|                                              buf_V_38|         array|
|buf_V_38_d0        |  out|    4|   ap_memory|                                              buf_V_38|         array|
|buf_V_37_address0  |  out|    3|   ap_memory|                                              buf_V_37|         array|
|buf_V_37_ce0       |  out|    1|   ap_memory|                                              buf_V_37|         array|
|buf_V_37_we0       |  out|    1|   ap_memory|                                              buf_V_37|         array|
|buf_V_37_d0        |  out|    4|   ap_memory|                                              buf_V_37|         array|
|buf_V_36_address0  |  out|    3|   ap_memory|                                              buf_V_36|         array|
|buf_V_36_ce0       |  out|    1|   ap_memory|                                              buf_V_36|         array|
|buf_V_36_we0       |  out|    1|   ap_memory|                                              buf_V_36|         array|
|buf_V_36_d0        |  out|    4|   ap_memory|                                              buf_V_36|         array|
|buf_V_35_address0  |  out|    3|   ap_memory|                                              buf_V_35|         array|
|buf_V_35_ce0       |  out|    1|   ap_memory|                                              buf_V_35|         array|
|buf_V_35_we0       |  out|    1|   ap_memory|                                              buf_V_35|         array|
|buf_V_35_d0        |  out|    4|   ap_memory|                                              buf_V_35|         array|
|buf_V_34_address0  |  out|    3|   ap_memory|                                              buf_V_34|         array|
|buf_V_34_ce0       |  out|    1|   ap_memory|                                              buf_V_34|         array|
|buf_V_34_we0       |  out|    1|   ap_memory|                                              buf_V_34|         array|
|buf_V_34_d0        |  out|    4|   ap_memory|                                              buf_V_34|         array|
|buf_V_33_address0  |  out|    3|   ap_memory|                                              buf_V_33|         array|
|buf_V_33_ce0       |  out|    1|   ap_memory|                                              buf_V_33|         array|
|buf_V_33_we0       |  out|    1|   ap_memory|                                              buf_V_33|         array|
|buf_V_33_d0        |  out|    4|   ap_memory|                                              buf_V_33|         array|
|buf_V_32_address0  |  out|    3|   ap_memory|                                              buf_V_32|         array|
|buf_V_32_ce0       |  out|    1|   ap_memory|                                              buf_V_32|         array|
|buf_V_32_we0       |  out|    1|   ap_memory|                                              buf_V_32|         array|
|buf_V_32_d0        |  out|    4|   ap_memory|                                              buf_V_32|         array|
|buf_V_31_address0  |  out|    3|   ap_memory|                                              buf_V_31|         array|
|buf_V_31_ce0       |  out|    1|   ap_memory|                                              buf_V_31|         array|
|buf_V_31_we0       |  out|    1|   ap_memory|                                              buf_V_31|         array|
|buf_V_31_d0        |  out|    4|   ap_memory|                                              buf_V_31|         array|
|buf_V_30_address0  |  out|    3|   ap_memory|                                              buf_V_30|         array|
|buf_V_30_ce0       |  out|    1|   ap_memory|                                              buf_V_30|         array|
|buf_V_30_we0       |  out|    1|   ap_memory|                                              buf_V_30|         array|
|buf_V_30_d0        |  out|    4|   ap_memory|                                              buf_V_30|         array|
|buf_V_29_address0  |  out|    3|   ap_memory|                                              buf_V_29|         array|
|buf_V_29_ce0       |  out|    1|   ap_memory|                                              buf_V_29|         array|
|buf_V_29_we0       |  out|    1|   ap_memory|                                              buf_V_29|         array|
|buf_V_29_d0        |  out|    4|   ap_memory|                                              buf_V_29|         array|
|buf_V_28_address0  |  out|    3|   ap_memory|                                              buf_V_28|         array|
|buf_V_28_ce0       |  out|    1|   ap_memory|                                              buf_V_28|         array|
|buf_V_28_we0       |  out|    1|   ap_memory|                                              buf_V_28|         array|
|buf_V_28_d0        |  out|    4|   ap_memory|                                              buf_V_28|         array|
|buf_V_27_address0  |  out|    3|   ap_memory|                                              buf_V_27|         array|
|buf_V_27_ce0       |  out|    1|   ap_memory|                                              buf_V_27|         array|
|buf_V_27_we0       |  out|    1|   ap_memory|                                              buf_V_27|         array|
|buf_V_27_d0        |  out|    4|   ap_memory|                                              buf_V_27|         array|
|buf_V_26_address0  |  out|    3|   ap_memory|                                              buf_V_26|         array|
|buf_V_26_ce0       |  out|    1|   ap_memory|                                              buf_V_26|         array|
|buf_V_26_we0       |  out|    1|   ap_memory|                                              buf_V_26|         array|
|buf_V_26_d0        |  out|    4|   ap_memory|                                              buf_V_26|         array|
|buf_V_25_address0  |  out|    3|   ap_memory|                                              buf_V_25|         array|
|buf_V_25_ce0       |  out|    1|   ap_memory|                                              buf_V_25|         array|
|buf_V_25_we0       |  out|    1|   ap_memory|                                              buf_V_25|         array|
|buf_V_25_d0        |  out|    4|   ap_memory|                                              buf_V_25|         array|
|buf_V_24_address0  |  out|    3|   ap_memory|                                              buf_V_24|         array|
|buf_V_24_ce0       |  out|    1|   ap_memory|                                              buf_V_24|         array|
|buf_V_24_we0       |  out|    1|   ap_memory|                                              buf_V_24|         array|
|buf_V_24_d0        |  out|    4|   ap_memory|                                              buf_V_24|         array|
|buf_V_23_address0  |  out|    3|   ap_memory|                                              buf_V_23|         array|
|buf_V_23_ce0       |  out|    1|   ap_memory|                                              buf_V_23|         array|
|buf_V_23_we0       |  out|    1|   ap_memory|                                              buf_V_23|         array|
|buf_V_23_d0        |  out|    4|   ap_memory|                                              buf_V_23|         array|
|buf_V_22_address0  |  out|    3|   ap_memory|                                              buf_V_22|         array|
|buf_V_22_ce0       |  out|    1|   ap_memory|                                              buf_V_22|         array|
|buf_V_22_we0       |  out|    1|   ap_memory|                                              buf_V_22|         array|
|buf_V_22_d0        |  out|    4|   ap_memory|                                              buf_V_22|         array|
|buf_V_21_address0  |  out|    3|   ap_memory|                                              buf_V_21|         array|
|buf_V_21_ce0       |  out|    1|   ap_memory|                                              buf_V_21|         array|
|buf_V_21_we0       |  out|    1|   ap_memory|                                              buf_V_21|         array|
|buf_V_21_d0        |  out|    4|   ap_memory|                                              buf_V_21|         array|
|buf_V_20_address0  |  out|    3|   ap_memory|                                              buf_V_20|         array|
|buf_V_20_ce0       |  out|    1|   ap_memory|                                              buf_V_20|         array|
|buf_V_20_we0       |  out|    1|   ap_memory|                                              buf_V_20|         array|
|buf_V_20_d0        |  out|    4|   ap_memory|                                              buf_V_20|         array|
|buf_V_19_address0  |  out|    3|   ap_memory|                                              buf_V_19|         array|
|buf_V_19_ce0       |  out|    1|   ap_memory|                                              buf_V_19|         array|
|buf_V_19_we0       |  out|    1|   ap_memory|                                              buf_V_19|         array|
|buf_V_19_d0        |  out|    4|   ap_memory|                                              buf_V_19|         array|
|buf_V_18_address0  |  out|    3|   ap_memory|                                              buf_V_18|         array|
|buf_V_18_ce0       |  out|    1|   ap_memory|                                              buf_V_18|         array|
|buf_V_18_we0       |  out|    1|   ap_memory|                                              buf_V_18|         array|
|buf_V_18_d0        |  out|    4|   ap_memory|                                              buf_V_18|         array|
|buf_V_17_address0  |  out|    3|   ap_memory|                                              buf_V_17|         array|
|buf_V_17_ce0       |  out|    1|   ap_memory|                                              buf_V_17|         array|
|buf_V_17_we0       |  out|    1|   ap_memory|                                              buf_V_17|         array|
|buf_V_17_d0        |  out|    4|   ap_memory|                                              buf_V_17|         array|
|buf_V_16_address0  |  out|    3|   ap_memory|                                              buf_V_16|         array|
|buf_V_16_ce0       |  out|    1|   ap_memory|                                              buf_V_16|         array|
|buf_V_16_we0       |  out|    1|   ap_memory|                                              buf_V_16|         array|
|buf_V_16_d0        |  out|    4|   ap_memory|                                              buf_V_16|         array|
|buf_V_15_address0  |  out|    3|   ap_memory|                                              buf_V_15|         array|
|buf_V_15_ce0       |  out|    1|   ap_memory|                                              buf_V_15|         array|
|buf_V_15_we0       |  out|    1|   ap_memory|                                              buf_V_15|         array|
|buf_V_15_d0        |  out|    4|   ap_memory|                                              buf_V_15|         array|
|buf_V_14_address0  |  out|    3|   ap_memory|                                              buf_V_14|         array|
|buf_V_14_ce0       |  out|    1|   ap_memory|                                              buf_V_14|         array|
|buf_V_14_we0       |  out|    1|   ap_memory|                                              buf_V_14|         array|
|buf_V_14_d0        |  out|    4|   ap_memory|                                              buf_V_14|         array|
|buf_V_13_address0  |  out|    3|   ap_memory|                                              buf_V_13|         array|
|buf_V_13_ce0       |  out|    1|   ap_memory|                                              buf_V_13|         array|
|buf_V_13_we0       |  out|    1|   ap_memory|                                              buf_V_13|         array|
|buf_V_13_d0        |  out|    4|   ap_memory|                                              buf_V_13|         array|
|buf_V_12_address0  |  out|    3|   ap_memory|                                              buf_V_12|         array|
|buf_V_12_ce0       |  out|    1|   ap_memory|                                              buf_V_12|         array|
|buf_V_12_we0       |  out|    1|   ap_memory|                                              buf_V_12|         array|
|buf_V_12_d0        |  out|    4|   ap_memory|                                              buf_V_12|         array|
|buf_V_11_address0  |  out|    3|   ap_memory|                                              buf_V_11|         array|
|buf_V_11_ce0       |  out|    1|   ap_memory|                                              buf_V_11|         array|
|buf_V_11_we0       |  out|    1|   ap_memory|                                              buf_V_11|         array|
|buf_V_11_d0        |  out|    4|   ap_memory|                                              buf_V_11|         array|
|buf_V_10_address0  |  out|    3|   ap_memory|                                              buf_V_10|         array|
|buf_V_10_ce0       |  out|    1|   ap_memory|                                              buf_V_10|         array|
|buf_V_10_we0       |  out|    1|   ap_memory|                                              buf_V_10|         array|
|buf_V_10_d0        |  out|    4|   ap_memory|                                              buf_V_10|         array|
|buf_V_9_address0   |  out|    3|   ap_memory|                                               buf_V_9|         array|
|buf_V_9_ce0        |  out|    1|   ap_memory|                                               buf_V_9|         array|
|buf_V_9_we0        |  out|    1|   ap_memory|                                               buf_V_9|         array|
|buf_V_9_d0         |  out|    4|   ap_memory|                                               buf_V_9|         array|
|buf_V_8_address0   |  out|    3|   ap_memory|                                               buf_V_8|         array|
|buf_V_8_ce0        |  out|    1|   ap_memory|                                               buf_V_8|         array|
|buf_V_8_we0        |  out|    1|   ap_memory|                                               buf_V_8|         array|
|buf_V_8_d0         |  out|    4|   ap_memory|                                               buf_V_8|         array|
|buf_V_7_address0   |  out|    3|   ap_memory|                                               buf_V_7|         array|
|buf_V_7_ce0        |  out|    1|   ap_memory|                                               buf_V_7|         array|
|buf_V_7_we0        |  out|    1|   ap_memory|                                               buf_V_7|         array|
|buf_V_7_d0         |  out|    4|   ap_memory|                                               buf_V_7|         array|
|buf_V_6_address0   |  out|    3|   ap_memory|                                               buf_V_6|         array|
|buf_V_6_ce0        |  out|    1|   ap_memory|                                               buf_V_6|         array|
|buf_V_6_we0        |  out|    1|   ap_memory|                                               buf_V_6|         array|
|buf_V_6_d0         |  out|    4|   ap_memory|                                               buf_V_6|         array|
|buf_V_5_address0   |  out|    3|   ap_memory|                                               buf_V_5|         array|
|buf_V_5_ce0        |  out|    1|   ap_memory|                                               buf_V_5|         array|
|buf_V_5_we0        |  out|    1|   ap_memory|                                               buf_V_5|         array|
|buf_V_5_d0         |  out|    4|   ap_memory|                                               buf_V_5|         array|
|buf_V_4_address0   |  out|    3|   ap_memory|                                               buf_V_4|         array|
|buf_V_4_ce0        |  out|    1|   ap_memory|                                               buf_V_4|         array|
|buf_V_4_we0        |  out|    1|   ap_memory|                                               buf_V_4|         array|
|buf_V_4_d0         |  out|    4|   ap_memory|                                               buf_V_4|         array|
|buf_V_3_address0   |  out|    3|   ap_memory|                                               buf_V_3|         array|
|buf_V_3_ce0        |  out|    1|   ap_memory|                                               buf_V_3|         array|
|buf_V_3_we0        |  out|    1|   ap_memory|                                               buf_V_3|         array|
|buf_V_3_d0         |  out|    4|   ap_memory|                                               buf_V_3|         array|
|buf_V_2_address0   |  out|    3|   ap_memory|                                               buf_V_2|         array|
|buf_V_2_ce0        |  out|    1|   ap_memory|                                               buf_V_2|         array|
|buf_V_2_we0        |  out|    1|   ap_memory|                                               buf_V_2|         array|
|buf_V_2_d0         |  out|    4|   ap_memory|                                               buf_V_2|         array|
|buf_V_1_address0   |  out|    3|   ap_memory|                                               buf_V_1|         array|
|buf_V_1_ce0        |  out|    1|   ap_memory|                                               buf_V_1|         array|
|buf_V_1_we0        |  out|    1|   ap_memory|                                               buf_V_1|         array|
|buf_V_1_d0         |  out|    4|   ap_memory|                                               buf_V_1|         array|
|buf_V_address0     |  out|    3|   ap_memory|                                                 buf_V|         array|
|buf_V_ce0          |  out|    1|   ap_memory|                                                 buf_V|         array|
|buf_V_we0          |  out|    1|   ap_memory|                                                 buf_V|         array|
|buf_V_d0           |  out|    4|   ap_memory|                                                 buf_V|         array|
+-------------------+-----+-----+------------+------------------------------------------------------+--------------+

