

================================================================
== Vitis HLS Report for 'StreamingMaxPool_Precision_16u_2u_64u_ap_uint_4_0_256_s'
================================================================
* Date:           Fri Jun 12 09:15:37 2026

* Version:        2022.2.2 (Build 3779808 on Feb 17 2023)
* Project:        project_StreamingMaxPool_Batch_2
* Solution:       sol1 (Vivado IP Flow Target)
* Product family: zynq
* Target device:  xc7z020-clg400-1


================================================================
== Performance Estimates
================================================================
+ Timing: 
    * Summary: 
    +--------+----------+----------+------------+
    |  Clock |  Target  | Estimated| Uncertainty|
    +--------+----------+----------+------------+
    |ap_clk  |  10.00 ns|  6.236 ns|     2.70 ns|
    +--------+----------+----------+------------+

+ Latency: 
    * Summary: 
    +---------+---------+-----------+-----------+------+------+---------+
    |  Latency (cycles) |   Latency (absolute)  |   Interval  | Pipeline|
    |   min   |   max   |    min    |    max    |  min |  max |   Type  |
    +---------+---------+-----------+-----------+------+------+---------+
    |     1140|     1140|  11.400 us|  11.400 us|  1140|  1140|       no|
    +---------+---------+-----------+-----------+------+------+---------+

    + Detail: 
        * Instance: 
        +------------------------------------------------------------------+------------------------------------------------------+---------+---------+-----------+-----------+-----+-----+---------+
        |                                                                  |                                                      |  Latency (cycles) |   Latency (absolute)  |  Interval | Pipeline|
        |                             Instance                             |                        Module                        |   min   |   max   |    min    |    max    | min | max |   Type  |
        +------------------------------------------------------------------+------------------------------------------------------+---------+---------+-----------+-----------+-----+-----+---------+
        |grp_StreamingMaxPool_Precision_Pipeline_VITIS_LOOP_147_1_fu_1106  |StreamingMaxPool_Precision_Pipeline_VITIS_LOOP_147_1  |       10|       10|   0.100 us|   0.100 us|   10|   10|       no|
        |grp_StreamingMaxPool_Precision_Pipeline_VITIS_LOOP_174_8_fu_1238  |StreamingMaxPool_Precision_Pipeline_VITIS_LOOP_174_8  |       10|       10|   0.100 us|   0.100 us|   10|   10|       no|
        |grp_StreamingMaxPool_Precision_Pipeline_VITIS_LOOP_158_6_fu_1308  |StreamingMaxPool_Precision_Pipeline_VITIS_LOOP_158_6  |        4|        4|  40.000 ns|  40.000 ns|    4|    4|       no|
        +------------------------------------------------------------------+------------------------------------------------------+---------+---------+-----------+-----------+-----+-----+---------+

        * Loop: 
        +--------------------------------------+---------+---------+----------+-----------+-----------+------+----------+
        |                                      |  Latency (cycles) | Iteration|  Initiation Interval  | Trip |          |
        |               Loop Name              |   min   |   max   |  Latency |  achieved |   target  | Count| Pipelined|
        +--------------------------------------+---------+---------+----------+-----------+-----------+------+----------+
        |- VITIS_LOOP_154_3                    |     1128|     1128|       141|          -|          -|     8|        no|
        | + VITIS_LOOP_155_4_VITIS_LOOP_156_5  |      128|      128|         8|          -|          -|    16|        no|
        +--------------------------------------+---------+---------+----------+-----------+-----------+------+----------+



================================================================
== Utilization Estimates
================================================================
* Summary: 
+-----------------+---------+-----+--------+-------+-----+
|       Name      | BRAM_18K| DSP |   FF   |  LUT  | URAM|
+-----------------+---------+-----+--------+-------+-----+
|DSP              |        -|    -|       -|      -|    -|
|Expression       |        -|    -|       0|     73|    -|
|FIFO             |        -|    -|       -|      -|    -|
|Instance         |        -|    -|     276|   2184|    -|
|Memory           |        0|    -|     256|     64|    0|
|Multiplexer      |        -|    -|       -|   5844|    -|
|Register         |        -|    -|     296|      -|    -|
+-----------------+---------+-----+--------+-------+-----+
|Total            |        0|    0|     828|   8165|    0|
+-----------------+---------+-----+--------+-------+-----+
|Available        |      280|  220|  106400|  53200|    0|
+-----------------+---------+-----+--------+-------+-----+
|Utilization (%)  |        0|    0|      ~0|     15|    0|
+-----------------+---------+-----+--------+-------+-----+

+ Detail: 
    * Instance: 
    +------------------------------------------------------------------+------------------------------------------------------+---------+----+-----+------+-----+
    |                             Instance                             |                        Module                        | BRAM_18K| DSP|  FF |  LUT | URAM|
    +------------------------------------------------------------------+------------------------------------------------------+---------+----+-----+------+-----+
    |grp_StreamingMaxPool_Precision_Pipeline_VITIS_LOOP_147_1_fu_1106  |StreamingMaxPool_Precision_Pipeline_VITIS_LOOP_147_1  |        0|   0|    6|    49|    0|
    |grp_StreamingMaxPool_Precision_Pipeline_VITIS_LOOP_158_6_fu_1308  |StreamingMaxPool_Precision_Pipeline_VITIS_LOOP_158_6  |        0|   0|  260|  2050|    0|
    |grp_StreamingMaxPool_Precision_Pipeline_VITIS_LOOP_174_8_fu_1238  |StreamingMaxPool_Precision_Pipeline_VITIS_LOOP_174_8  |        0|   0|   10|    85|    0|
    +------------------------------------------------------------------+------------------------------------------------------+---------+----+-----+------+-----+
    |Total                                                             |                                                      |        0|   0|  276|  2184|    0|
    +------------------------------------------------------------------+------------------------------------------------------+---------+----+-----+------+-----+

    * DSP: 
    N/A

    * Memory: 
    +------------+-----------------------------------------------------------------------------+---------+---+----+-----+------+-----+------+-------------+
    |   Memory   |                                    Module                                   | BRAM_18K| FF| LUT| URAM| Words| Bits| Banks| W*Bits*Banks|
    +------------+-----------------------------------------------------------------------------+---------+---+----+-----+------+-----+------+-------------+
    |buf_V_U     |StreamingMaxPool_Precision_16u_2u_64u_ap_uint_4_0_256_s_buf_V_RAM_AUTO_1R1W  |        0|  4|   1|    0|     8|    4|     1|           32|
    |buf_V_1_U   |StreamingMaxPool_Precision_16u_2u_64u_ap_uint_4_0_256_s_buf_V_RAM_AUTO_1R1W  |        0|  4|   1|    0|     8|    4|     1|           32|
    |buf_V_2_U   |StreamingMaxPool_Precision_16u_2u_64u_ap_uint_4_0_256_s_buf_V_RAM_AUTO_1R1W  |        0|  4|   1|    0|     8|    4|     1|           32|
    |buf_V_3_U   |StreamingMaxPool_Precision_16u_2u_64u_ap_uint_4_0_256_s_buf_V_RAM_AUTO_1R1W  |        0|  4|   1|    0|     8|    4|     1|           32|
    |buf_V_4_U   |StreamingMaxPool_Precision_16u_2u_64u_ap_uint_4_0_256_s_buf_V_RAM_AUTO_1R1W  |        0|  4|   1|    0|     8|    4|     1|           32|
    |buf_V_5_U   |StreamingMaxPool_Precision_16u_2u_64u_ap_uint_4_0_256_s_buf_V_RAM_AUTO_1R1W  |        0|  4|   1|    0|     8|    4|     1|           32|
    |buf_V_6_U   |StreamingMaxPool_Precision_16u_2u_64u_ap_uint_4_0_256_s_buf_V_RAM_AUTO_1R1W  |        0|  4|   1|    0|     8|    4|     1|           32|
    |buf_V_7_U   |StreamingMaxPool_Precision_16u_2u_64u_ap_uint_4_0_256_s_buf_V_RAM_AUTO_1R1W  |        0|  4|   1|    0|     8|    4|     1|           32|
    |buf_V_8_U   |StreamingMaxPool_Precision_16u_2u_64u_ap_uint_4_0_256_s_buf_V_RAM_AUTO_1R1W  |        0|  4|   1|    0|     8|    4|     1|           32|
    |buf_V_9_U   |StreamingMaxPool_Precision_16u_2u_64u_ap_uint_4_0_256_s_buf_V_RAM_AUTO_1R1W  |        0|  4|   1|    0|     8|    4|     1|           32|
    |buf_V_10_U  |StreamingMaxPool_Precision_16u_2u_64u_ap_uint_4_0_256_s_buf_V_RAM_AUTO_1R1W  |        0|  4|   1|    0|     8|    4|     1|           32|
    |buf_V_11_U  |StreamingMaxPool_Precision_16u_2u_64u_ap_uint_4_0_256_s_buf_V_RAM_AUTO_1R1W  |        0|  4|   1|    0|     8|    4|     1|           32|
    |buf_V_12_U  |StreamingMaxPool_Precision_16u_2u_64u_ap_uint_4_0_256_s_buf_V_RAM_AUTO_1R1W  |        0|  4|   1|    0|     8|    4|     1|           32|
    |buf_V_13_U  |StreamingMaxPool_Precision_16u_2u_64u_ap_uint_4_0_256_s_buf_V_RAM_AUTO_1R1W  |        0|  4|   1|    0|     8|    4|     1|           32|
    |buf_V_14_U  |StreamingMaxPool_Precision_16u_2u_64u_ap_uint_4_0_256_s_buf_V_RAM_AUTO_1R1W  |        0|  4|   1|    0|     8|    4|     1|           32|
    |buf_V_15_U  |StreamingMaxPool_Precision_16u_2u_64u_ap_uint_4_0_256_s_buf_V_RAM_AUTO_1R1W  |        0|  4|   1|    0|     8|    4|     1|           32|
    |buf_V_16_U  |StreamingMaxPool_Precision_16u_2u_64u_ap_uint_4_0_256_s_buf_V_RAM_AUTO_1R1W  |        0|  4|   1|    0|     8|    4|     1|           32|
    |buf_V_17_U  |StreamingMaxPool_Precision_16u_2u_64u_ap_uint_4_0_256_s_buf_V_RAM_AUTO_1R1W  |        0|  4|   1|    0|     8|    4|     1|           32|
    |buf_V_18_U  |StreamingMaxPool_Precision_16u_2u_64u_ap_uint_4_0_256_s_buf_V_RAM_AUTO_1R1W  |        0|  4|   1|    0|     8|    4|     1|           32|
    |buf_V_19_U  |StreamingMaxPool_Precision_16u_2u_64u_ap_uint_4_0_256_s_buf_V_RAM_AUTO_1R1W  |        0|  4|   1|    0|     8|    4|     1|           32|
    |buf_V_20_U  |StreamingMaxPool_Precision_16u_2u_64u_ap_uint_4_0_256_s_buf_V_RAM_AUTO_1R1W  |        0|  4|   1|    0|     8|    4|     1|           32|
    |buf_V_21_U  |StreamingMaxPool_Precision_16u_2u_64u_ap_uint_4_0_256_s_buf_V_RAM_AUTO_1R1W  |        0|  4|   1|    0|     8|    4|     1|           32|
    |buf_V_22_U  |StreamingMaxPool_Precision_16u_2u_64u_ap_uint_4_0_256_s_buf_V_RAM_AUTO_1R1W  |        0|  4|   1|    0|     8|    4|     1|           32|
    |buf_V_23_U  |StreamingMaxPool_Precision_16u_2u_64u_ap_uint_4_0_256_s_buf_V_RAM_AUTO_1R1W  |        0|  4|   1|    0|     8|    4|     1|           32|
    |buf_V_24_U  |StreamingMaxPool_Precision_16u_2u_64u_ap_uint_4_0_256_s_buf_V_RAM_AUTO_1R1W  |        0|  4|   1|    0|     8|    4|     1|           32|
    |buf_V_25_U  |StreamingMaxPool_Precision_16u_2u_64u_ap_uint_4_0_256_s_buf_V_RAM_AUTO_1R1W  |        0|  4|   1|    0|     8|    4|     1|           32|
    |buf_V_26_U  |StreamingMaxPool_Precision_16u_2u_64u_ap_uint_4_0_256_s_buf_V_RAM_AUTO_1R1W  |        0|  4|   1|    0|     8|    4|     1|           32|
    |buf_V_27_U  |StreamingMaxPool_Precision_16u_2u_64u_ap_uint_4_0_256_s_buf_V_RAM_AUTO_1R1W  |        0|  4|   1|    0|     8|    4|     1|           32|
    |buf_V_28_U  |StreamingMaxPool_Precision_16u_2u_64u_ap_uint_4_0_256_s_buf_V_RAM_AUTO_1R1W  |        0|  4|   1|    0|     8|    4|     1|           32|
    |buf_V_29_U  |StreamingMaxPool_Precision_16u_2u_64u_ap_uint_4_0_256_s_buf_V_RAM_AUTO_1R1W  |        0|  4|   1|    0|     8|    4|     1|           32|
    |buf_V_30_U  |StreamingMaxPool_Precision_16u_2u_64u_ap_uint_4_0_256_s_buf_V_RAM_AUTO_1R1W  |        0|  4|   1|    0|     8|    4|     1|           32|
    |buf_V_31_U  |StreamingMaxPool_Precision_16u_2u_64u_ap_uint_4_0_256_s_buf_V_RAM_AUTO_1R1W  |        0|  4|   1|    0|     8|    4|     1|           32|
    |buf_V_32_U  |StreamingMaxPool_Precision_16u_2u_64u_ap_uint_4_0_256_s_buf_V_RAM_AUTO_1R1W  |        0|  4|   1|    0|     8|    4|     1|           32|
    |buf_V_33_U  |StreamingMaxPool_Precision_16u_2u_64u_ap_uint_4_0_256_s_buf_V_RAM_AUTO_1R1W  |        0|  4|   1|    0|     8|    4|     1|           32|
    |buf_V_34_U  |StreamingMaxPool_Precision_16u_2u_64u_ap_uint_4_0_256_s_buf_V_RAM_AUTO_1R1W  |        0|  4|   1|    0|     8|    4|     1|           32|
    |buf_V_35_U  |StreamingMaxPool_Precision_16u_2u_64u_ap_uint_4_0_256_s_buf_V_RAM_AUTO_1R1W  |        0|  4|   1|    0|     8|    4|     1|           32|
    |buf_V_36_U  |StreamingMaxPool_Precision_16u_2u_64u_ap_uint_4_0_256_s_buf_V_RAM_AUTO_1R1W  |        0|  4|   1|    0|     8|    4|     1|           32|
    |buf_V_37_U  |StreamingMaxPool_Precision_16u_2u_64u_ap_uint_4_0_256_s_buf_V_RAM_AUTO_1R1W  |        0|  4|   1|    0|     8|    4|     1|           32|
    |buf_V_38_U  |StreamingMaxPool_Precision_16u_2u_64u_ap_uint_4_0_256_s_buf_V_RAM_AUTO_1R1W  |        0|  4|   1|    0|     8|    4|     1|           32|
    |buf_V_39_U  |StreamingMaxPool_Precision_16u_2u_64u_ap_uint_4_0_256_s_buf_V_RAM_AUTO_1R1W  |        0|  4|   1|    0|     8|    4|     1|           32|
    |buf_V_40_U  |StreamingMaxPool_Precision_16u_2u_64u_ap_uint_4_0_256_s_buf_V_RAM_AUTO_1R1W  |        0|  4|   1|    0|     8|    4|     1|           32|
    |buf_V_41_U  |StreamingMaxPool_Precision_16u_2u_64u_ap_uint_4_0_256_s_buf_V_RAM_AUTO_1R1W  |        0|  4|   1|    0|     8|    4|     1|           32|
    |buf_V_42_U  |StreamingMaxPool_Precision_16u_2u_64u_ap_uint_4_0_256_s_buf_V_RAM_AUTO_1R1W  |        0|  4|   1|    0|     8|    4|     1|           32|
    |buf_V_43_U  |StreamingMaxPool_Precision_16u_2u_64u_ap_uint_4_0_256_s_buf_V_RAM_AUTO_1R1W  |        0|  4|   1|    0|     8|    4|     1|           32|
    |buf_V_44_U  |StreamingMaxPool_Precision_16u_2u_64u_ap_uint_4_0_256_s_buf_V_RAM_AUTO_1R1W  |        0|  4|   1|    0|     8|    4|     1|           32|
    |buf_V_45_U  |StreamingMaxPool_Precision_16u_2u_64u_ap_uint_4_0_256_s_buf_V_RAM_AUTO_1R1W  |        0|  4|   1|    0|     8|    4|     1|           32|
    |buf_V_46_U  |StreamingMaxPool_Precision_16u_2u_64u_ap_uint_4_0_256_s_buf_V_RAM_AUTO_1R1W  |        0|  4|   1|    0|     8|    4|     1|           32|
    |buf_V_47_U  |StreamingMaxPool_Precision_16u_2u_64u_ap_uint_4_0_256_s_buf_V_RAM_AUTO_1R1W  |        0|  4|   1|    0|     8|    4|     1|           32|
    |buf_V_48_U  |StreamingMaxPool_Precision_16u_2u_64u_ap_uint_4_0_256_s_buf_V_RAM_AUTO_1R1W  |        0|  4|   1|    0|     8|    4|     1|           32|
    |buf_V_49_U  |StreamingMaxPool_Precision_16u_2u_64u_ap_uint_4_0_256_s_buf_V_RAM_AUTO_1R1W  |        0|  4|   1|    0|     8|    4|     1|           32|
    |buf_V_50_U  |StreamingMaxPool_Precision_16u_2u_64u_ap_uint_4_0_256_s_buf_V_RAM_AUTO_1R1W  |        0|  4|   1|    0|     8|    4|     1|           32|
    |buf_V_51_U  |StreamingMaxPool_Precision_16u_2u_64u_ap_uint_4_0_256_s_buf_V_RAM_AUTO_1R1W  |        0|  4|   1|    0|     8|    4|     1|           32|
    |buf_V_52_U  |StreamingMaxPool_Precision_16u_2u_64u_ap_uint_4_0_256_s_buf_V_RAM_AUTO_1R1W  |        0|  4|   1|    0|     8|    4|     1|           32|
    |buf_V_53_U  |StreamingMaxPool_Precision_16u_2u_64u_ap_uint_4_0_256_s_buf_V_RAM_AUTO_1R1W  |        0|  4|   1|    0|     8|    4|     1|           32|
    |buf_V_54_U  |StreamingMaxPool_Precision_16u_2u_64u_ap_uint_4_0_256_s_buf_V_RAM_AUTO_1R1W  |        0|  4|   1|    0|     8|    4|     1|           32|
    |buf_V_55_U  |StreamingMaxPool_Precision_16u_2u_64u_ap_uint_4_0_256_s_buf_V_RAM_AUTO_1R1W  |        0|  4|   1|    0|     8|    4|     1|           32|
    |buf_V_56_U  |StreamingMaxPool_Precision_16u_2u_64u_ap_uint_4_0_256_s_buf_V_RAM_AUTO_1R1W  |        0|  4|   1|    0|     8|    4|     1|           32|
    |buf_V_57_U  |StreamingMaxPool_Precision_16u_2u_64u_ap_uint_4_0_256_s_buf_V_RAM_AUTO_1R1W  |        0|  4|   1|    0|     8|    4|     1|           32|
    |buf_V_58_U  |StreamingMaxPool_Precision_16u_2u_64u_ap_uint_4_0_256_s_buf_V_RAM_AUTO_1R1W  |        0|  4|   1|    0|     8|    4|     1|           32|
    |buf_V_59_U  |StreamingMaxPool_Precision_16u_2u_64u_ap_uint_4_0_256_s_buf_V_RAM_AUTO_1R1W  |        0|  4|   1|    0|     8|    4|     1|           32|
    |buf_V_60_U  |StreamingMaxPool_Precision_16u_2u_64u_ap_uint_4_0_256_s_buf_V_RAM_AUTO_1R1W  |        0|  4|   1|    0|     8|    4|     1|           32|
    |buf_V_61_U  |StreamingMaxPool_Precision_16u_2u_64u_ap_uint_4_0_256_s_buf_V_RAM_AUTO_1R1W  |        0|  4|   1|    0|     8|    4|     1|           32|
    |buf_V_62_U  |StreamingMaxPool_Precision_16u_2u_64u_ap_uint_4_0_256_s_buf_V_RAM_AUTO_1R1W  |        0|  4|   1|    0|     8|    4|     1|           32|
    |buf_V_63_U  |StreamingMaxPool_Precision_16u_2u_64u_ap_uint_4_0_256_s_buf_V_RAM_AUTO_1R1W  |        0|  4|   1|    0|     8|    4|     1|           32|
    +------------+-----------------------------------------------------------------------------+---------+---+----+-----+------+-----+------+-------------+
    |Total       |                                                                             |        0|256|  64|    0|   512|  256|    64|         2048|
    +------------+-----------------------------------------------------------------------------+---------+---+----+-----+------+-----+------+-------------+

    * FIFO: 
    N/A

    * Expression: 
    +-------------------------------------------------------------------------------+----------+----+---+----+------------+------------+
    |                                 Variable Name                                 | Operation| DSP| FF| LUT| Bitwidth P0| Bitwidth P1|
    +-------------------------------------------------------------------------------+----------+----+---+----+------------+------------+
    |add_ln155_fu_1469_p2                                                           |         +|   0|  0|  13|           5|           1|
    |add_ln156_fu_1561_p2                                                           |         +|   0|  0|  13|           4|           1|
    |yp_2_fu_1457_p2                                                                |         +|   0|  0|  13|           4|           1|
    |grp_StreamingMaxPool_Precision_Pipeline_VITIS_LOOP_174_8_fu_1238_out_V_TREADY  |       and|   0|  0|   2|           1|           1|
    |icmp_ln154_fu_1451_p2                                                          |      icmp|   0|  0|   9|           4|           5|
    |icmp_ln155_fu_1463_p2                                                          |      icmp|   0|  0|  10|           5|           6|
    |icmp_ln156_fu_1475_p2                                                          |      icmp|   0|  0|   9|           4|           5|
    |select_ln155_fu_1481_p3                                                        |    select|   0|  0|   4|           1|           1|
    +-------------------------------------------------------------------------------+----------+----+---+----+------------+------------+
    |Total                                                                          |          |   0|  0|  73|          28|          21|
    +-------------------------------------------------------------------------------+----------+----+---+----+------------+------------+

    * Multiplexer: 
    +-------------------------+----+-----------+-----+-----------+
    |           Name          | LUT| Input Size| Bits| Total Bits|
    +-------------------------+----+-----------+-----+-----------+
    |ap_NS_fsm                |  48|          9|    1|          9|
    |buf_V_10_address0        |  25|          5|    3|         15|
    |buf_V_10_ce0             |  25|          5|    1|          5|
    |buf_V_10_d0              |  20|          4|    4|         16|
    |buf_V_10_we0             |  20|          4|    1|          4|
    |buf_V_11_address0        |  25|          5|    3|         15|
    |buf_V_11_ce0             |  25|          5|    1|          5|
    |buf_V_11_d0              |  20|          4|    4|         16|
    |buf_V_11_we0             |  20|          4|    1|          4|
    |buf_V_12_address0        |  25|          5|    3|         15|
    |buf_V_12_ce0             |  25|          5|    1|          5|
    |buf_V_12_d0              |  20|          4|    4|         16|
    |buf_V_12_we0             |  20|          4|    1|          4|
    |buf_V_13_address0        |  25|          5|    3|         15|
    |buf_V_13_ce0             |  25|          5|    1|          5|
    |buf_V_13_d0              |  20|          4|    4|         16|
    |buf_V_13_we0             |  20|          4|    1|          4|
    |buf_V_14_address0        |  25|          5|    3|         15|
    |buf_V_14_ce0             |  25|          5|    1|          5|
    |buf_V_14_d0              |  20|          4|    4|         16|
    |buf_V_14_we0             |  20|          4|    1|          4|
    |buf_V_15_address0        |  25|          5|    3|         15|
    |buf_V_15_ce0             |  25|          5|    1|          5|
    |buf_V_15_d0              |  20|          4|    4|         16|
    |buf_V_15_we0             |  20|          4|    1|          4|
    |buf_V_16_address0        |  25|          5|    3|         15|
    |buf_V_16_ce0             |  25|          5|    1|          5|
    |buf_V_16_d0              |  20|          4|    4|         16|
    |buf_V_16_we0             |  20|          4|    1|          4|
    |buf_V_17_address0        |  25|          5|    3|         15|
    |buf_V_17_ce0             |  25|          5|    1|          5|
    |buf_V_17_d0              |  20|          4|    4|         16|
    |buf_V_17_we0             |  20|          4|    1|          4|
    |buf_V_18_address0        |  25|          5|    3|         15|
    |buf_V_18_ce0             |  25|          5|    1|          5|
    |buf_V_18_d0              |  20|          4|    4|         16|
    |buf_V_18_we0             |  20|          4|    1|          4|
    |buf_V_19_address0        |  25|          5|    3|         15|
    |buf_V_19_ce0             |  25|          5|    1|          5|
    |buf_V_19_d0              |  20|          4|    4|         16|
    |buf_V_19_we0             |  20|          4|    1|          4|
    |buf_V_1_address0         |  25|          5|    3|         15|
    |buf_V_1_ce0              |  25|          5|    1|          5|
    |buf_V_1_d0               |  20|          4|    4|         16|
    |buf_V_1_we0              |  20|          4|    1|          4|
    |buf_V_20_address0        |  25|          5|    3|         15|
    |buf_V_20_ce0             |  25|          5|    1|          5|
    |buf_V_20_d0              |  20|          4|    4|         16|
    |buf_V_20_we0             |  20|          4|    1|          4|
    |buf_V_21_address0        |  25|          5|    3|         15|
    |buf_V_21_ce0             |  25|          5|    1|          5|
    |buf_V_21_d0              |  20|          4|    4|         16|
    |buf_V_21_we0             |  20|          4|    1|          4|
    |buf_V_22_address0        |  25|          5|    3|         15|
    |buf_V_22_ce0             |  25|          5|    1|          5|
    |buf_V_22_d0              |  20|          4|    4|         16|
    |buf_V_22_we0             |  20|          4|    1|          4|
    |buf_V_23_address0        |  25|          5|    3|         15|
    |buf_V_23_ce0             |  25|          5|    1|          5|
    |buf_V_23_d0              |  20|          4|    4|         16|
    |buf_V_23_we0             |  20|          4|    1|          4|
    |buf_V_24_address0        |  25|          5|    3|         15|
    |buf_V_24_ce0             |  25|          5|    1|          5|
    |buf_V_24_d0              |  20|          4|    4|         16|
    |buf_V_24_we0             |  20|          4|    1|          4|
    |buf_V_25_address0        |  25|          5|    3|         15|
    |buf_V_25_ce0             |  25|          5|    1|          5|
    |buf_V_25_d0              |  20|          4|    4|         16|
    |buf_V_25_we0             |  20|          4|    1|          4|
    |buf_V_26_address0        |  25|          5|    3|         15|
    |buf_V_26_ce0             |  25|          5|    1|          5|
    |buf_V_26_d0              |  20|          4|    4|         16|
    |buf_V_26_we0             |  20|          4|    1|          4|
    |buf_V_27_address0        |  25|          5|    3|         15|
    |buf_V_27_ce0             |  25|          5|    1|          5|
    |buf_V_27_d0              |  20|          4|    4|         16|
    |buf_V_27_we0             |  20|          4|    1|          4|
    |buf_V_28_address0        |  25|          5|    3|         15|
    |buf_V_28_ce0             |  25|          5|    1|          5|
    |buf_V_28_d0              |  20|          4|    4|         16|
    |buf_V_28_we0             |  20|          4|    1|          4|
    |buf_V_29_address0        |  25|          5|    3|         15|
    |buf_V_29_ce0             |  25|          5|    1|          5|
    |buf_V_29_d0              |  20|          4|    4|         16|
    |buf_V_29_we0             |  20|          4|    1|          4|
    |buf_V_2_address0         |  25|          5|    3|         15|
    |buf_V_2_ce0              |  25|          5|    1|          5|
    |buf_V_2_d0               |  20|          4|    4|         16|
    |buf_V_2_we0              |  20|          4|    1|          4|
    |buf_V_30_address0        |  25|          5|    3|         15|
    |buf_V_30_ce0             |  25|          5|    1|          5|
    |buf_V_30_d0              |  20|          4|    4|         16|
    |buf_V_30_we0             |  20|          4|    1|          4|
    |buf_V_31_address0        |  25|          5|    3|         15|
    |buf_V_31_ce0             |  25|          5|    1|          5|
    |buf_V_31_d0              |  20|          4|    4|         16|
    |buf_V_31_we0             |  20|          4|    1|          4|
    |buf_V_32_address0        |  25|          5|    3|         15|
    |buf_V_32_ce0             |  25|          5|    1|          5|
    |buf_V_32_d0              |  20|          4|    4|         16|
    |buf_V_32_we0             |  20|          4|    1|          4|
    |buf_V_33_address0        |  25|          5|    3|         15|
    |buf_V_33_ce0             |  25|          5|    1|          5|
    |buf_V_33_d0              |  20|          4|    4|         16|
    |buf_V_33_we0             |  20|          4|    1|          4|
    |buf_V_34_address0        |  25|          5|    3|         15|
    |buf_V_34_ce0             |  25|          5|    1|          5|
    |buf_V_34_d0              |  20|          4|    4|         16|
    |buf_V_34_we0             |  20|          4|    1|          4|
    |buf_V_35_address0        |  25|          5|    3|         15|
    |buf_V_35_ce0             |  25|          5|    1|          5|
    |buf_V_35_d0              |  20|          4|    4|         16|
    |buf_V_35_we0             |  20|          4|    1|          4|
    |buf_V_36_address0        |  25|          5|    3|         15|
    |buf_V_36_ce0             |  25|          5|    1|          5|
    |buf_V_36_d0              |  20|          4|    4|         16|
    |buf_V_36_we0             |  20|          4|    1|          4|
    |buf_V_37_address0        |  25|          5|    3|         15|
    |buf_V_37_ce0             |  25|          5|    1|          5|
    |buf_V_37_d0              |  20|          4|    4|         16|
    |buf_V_37_we0             |  20|          4|    1|          4|
    |buf_V_38_address0        |  25|          5|    3|         15|
    |buf_V_38_ce0             |  25|          5|    1|          5|
    |buf_V_38_d0              |  20|          4|    4|         16|
    |buf_V_38_we0             |  20|          4|    1|          4|
    |buf_V_39_address0        |  25|          5|    3|         15|
    |buf_V_39_ce0             |  25|          5|    1|          5|
    |buf_V_39_d0              |  20|          4|    4|         16|
    |buf_V_39_we0             |  20|          4|    1|          4|
    |buf_V_3_address0         |  25|          5|    3|         15|
    |buf_V_3_ce0              |  25|          5|    1|          5|
    |buf_V_3_d0               |  20|          4|    4|         16|
    |buf_V_3_we0              |  20|          4|    1|          4|
    |buf_V_40_address0        |  25|          5|    3|         15|
    |buf_V_40_ce0             |  25|          5|    1|          5|
    |buf_V_40_d0              |  20|          4|    4|         16|
    |buf_V_40_we0             |  20|          4|    1|          4|
    |buf_V_41_address0        |  25|          5|    3|         15|
    |buf_V_41_ce0             |  25|          5|    1|          5|
    |buf_V_41_d0              |  20|          4|    4|         16|
    |buf_V_41_we0             |  20|          4|    1|          4|
    |buf_V_42_address0        |  25|          5|    3|         15|
    |buf_V_42_ce0             |  25|          5|    1|          5|
    |buf_V_42_d0              |  20|          4|    4|         16|
    |buf_V_42_we0             |  20|          4|    1|          4|
    |buf_V_43_address0        |  25|          5|    3|         15|
    |buf_V_43_ce0             |  25|          5|    1|          5|
    |buf_V_43_d0              |  20|          4|    4|         16|
    |buf_V_43_we0             |  20|          4|    1|          4|
    |buf_V_44_address0        |  25|          5|    3|         15|
    |buf_V_44_ce0             |  25|          5|    1|          5|
    |buf_V_44_d0              |  20|          4|    4|         16|
    |buf_V_44_we0             |  20|          4|    1|          4|
    |buf_V_45_address0        |  25|          5|    3|         15|
    |buf_V_45_ce0             |  25|          5|    1|          5|
    |buf_V_45_d0              |  20|          4|    4|         16|
    |buf_V_45_we0             |  20|          4|    1|          4|
    |buf_V_46_address0        |  25|          5|    3|         15|
    |buf_V_46_ce0             |  25|          5|    1|          5|
    |buf_V_46_d0              |  20|          4|    4|         16|
    |buf_V_46_we0             |  20|          4|    1|          4|
    |buf_V_47_address0        |  25|          5|    3|         15|
    |buf_V_47_ce0             |  25|          5|    1|          5|
    |buf_V_47_d0              |  20|          4|    4|         16|
    |buf_V_47_we0             |  20|          4|    1|          4|
    |buf_V_48_address0        |  25|          5|    3|         15|
    |buf_V_48_ce0             |  25|          5|    1|          5|
    |buf_V_48_d0              |  20|          4|    4|         16|
    |buf_V_48_we0             |  20|          4|    1|          4|
    |buf_V_49_address0        |  25|          5|    3|         15|
    |buf_V_49_ce0             |  25|          5|    1|          5|
    |buf_V_49_d0              |  20|          4|    4|         16|
    |buf_V_49_we0             |  20|          4|    1|          4|
    |buf_V_4_address0         |  25|          5|    3|         15|
    |buf_V_4_ce0              |  25|          5|    1|          5|
    |buf_V_4_d0               |  20|          4|    4|         16|
    |buf_V_4_we0              |  20|          4|    1|          4|
    |buf_V_50_address0        |  25|          5|    3|         15|
    |buf_V_50_ce0             |  25|          5|    1|          5|
    |buf_V_50_d0              |  20|          4|    4|         16|
    |buf_V_50_we0             |  20|          4|    1|          4|
    |buf_V_51_address0        |  25|          5|    3|         15|
    |buf_V_51_ce0             |  25|          5|    1|          5|
    |buf_V_51_d0              |  20|          4|    4|         16|
    |buf_V_51_we0             |  20|          4|    1|          4|
    |buf_V_52_address0        |  25|          5|    3|         15|
    |buf_V_52_ce0             |  25|          5|    1|          5|
    |buf_V_52_d0              |  20|          4|    4|         16|
    |buf_V_52_we0             |  20|          4|    1|          4|
    |buf_V_53_address0        |  25|          5|    3|         15|
    |buf_V_53_ce0             |  25|          5|    1|          5|
    |buf_V_53_d0              |  20|          4|    4|         16|
    |buf_V_53_we0             |  20|          4|    1|          4|
    |buf_V_54_address0        |  25|          5|    3|         15|
    |buf_V_54_ce0             |  25|          5|    1|          5|
    |buf_V_54_d0              |  20|          4|    4|         16|
    |buf_V_54_we0             |  20|          4|    1|          4|
    |buf_V_55_address0        |  25|          5|    3|         15|
    |buf_V_55_ce0             |  25|          5|    1|          5|
    |buf_V_55_d0              |  20|          4|    4|         16|
    |buf_V_55_we0             |  20|          4|    1|          4|
    |buf_V_56_address0        |  25|          5|    3|         15|
    |buf_V_56_ce0             |  25|          5|    1|          5|
    |buf_V_56_d0              |  20|          4|    4|         16|
    |buf_V_56_we0             |  20|          4|    1|          4|
    |buf_V_57_address0        |  25|          5|    3|         15|
    |buf_V_57_ce0             |  25|          5|    1|          5|
    |buf_V_57_d0              |  20|          4|    4|         16|
    |buf_V_57_we0             |  20|          4|    1|          4|
    |buf_V_58_address0        |  25|          5|    3|         15|
    |buf_V_58_ce0             |  25|          5|    1|          5|
    |buf_V_58_d0              |  20|          4|    4|         16|
    |buf_V_58_we0             |  20|          4|    1|          4|
    |buf_V_59_address0        |  25|          5|    3|         15|
    |buf_V_59_ce0             |  25|          5|    1|          5|
    |buf_V_59_d0              |  20|          4|    4|         16|
    |buf_V_59_we0             |  20|          4|    1|          4|
    |buf_V_5_address0         |  25|          5|    3|         15|
    |buf_V_5_ce0              |  25|          5|    1|          5|
    |buf_V_5_d0               |  20|          4|    4|         16|
    |buf_V_5_we0              |  20|          4|    1|          4|
    |buf_V_60_address0        |  25|          5|    3|         15|
    |buf_V_60_ce0             |  25|          5|    1|          5|
    |buf_V_60_d0              |  20|          4|    4|         16|
    |buf_V_60_we0             |  20|          4|    1|          4|
    |buf_V_61_address0        |  25|          5|    3|         15|
    |buf_V_61_ce0             |  25|          5|    1|          5|
    |buf_V_61_d0              |  20|          4|    4|         16|
    |buf_V_61_we0             |  20|          4|    1|          4|
    |buf_V_62_address0        |  25|          5|    3|         15|
    |buf_V_62_ce0             |  25|          5|    1|          5|
    |buf_V_62_d0              |  20|          4|    4|         16|
    |buf_V_62_we0             |  20|          4|    1|          4|
    |buf_V_63_address0        |  25|          5|    3|         15|
    |buf_V_63_ce0             |  25|          5|    1|          5|
    |buf_V_63_d0              |  20|          4|    4|         16|
    |buf_V_63_we0             |  20|          4|    1|          4|
    |buf_V_6_address0         |  25|          5|    3|         15|
    |buf_V_6_ce0              |  25|          5|    1|          5|
    |buf_V_6_d0               |  20|          4|    4|         16|
    |buf_V_6_we0              |  20|          4|    1|          4|
    |buf_V_7_address0         |  25|          5|    3|         15|
    |buf_V_7_ce0              |  25|          5|    1|          5|
    |buf_V_7_d0               |  20|          4|    4|         16|
    |buf_V_7_we0              |  20|          4|    1|          4|
    |buf_V_8_address0         |  25|          5|    3|         15|
    |buf_V_8_ce0              |  25|          5|    1|          5|
    |buf_V_8_d0               |  20|          4|    4|         16|
    |buf_V_8_we0              |  20|          4|    1|          4|
    |buf_V_9_address0         |  25|          5|    3|         15|
    |buf_V_9_ce0              |  25|          5|    1|          5|
    |buf_V_9_d0               |  20|          4|    4|         16|
    |buf_V_9_we0              |  20|          4|    1|          4|
    |buf_V_address0           |  25|          5|    3|         15|
    |buf_V_ce0                |  25|          5|    1|          5|
    |buf_V_d0                 |  20|          4|    4|         16|
    |buf_V_we0                |  20|          4|    1|          4|
    |in0_V_TREADY             |   9|          2|    1|          2|
    |indvar_flatten_reg_1084  |   9|          2|    5|         10|
    |xp_reg_1095              |   9|          2|    4|          8|
    |yp_fu_56                 |   9|          2|    4|          8|
    +-------------------------+----+-----------+-----+-----------+
    |Total                    |5844|       1169|  591|       2597|
    +-------------------------+----+-----------+-----+-----------+

    * Register: 
    +-------------------------------------------------------------------------------+---+----+-----+-----------+
    |                                      Name                                     | FF| LUT| Bits| Const Bits|
    +-------------------------------------------------------------------------------+---+----+-----+-----------+
    |add_ln155_reg_1589                                                             |  5|   0|    5|          0|
    |add_ln156_reg_1919                                                             |  4|   0|    4|          0|
    |ap_CS_fsm                                                                      |  8|   0|    8|          0|
    |buf_V_10_load_reg_1974                                                         |  4|   0|    4|          0|
    |buf_V_11_load_reg_1979                                                         |  4|   0|    4|          0|
    |buf_V_12_load_reg_1984                                                         |  4|   0|    4|          0|
    |buf_V_13_load_reg_1989                                                         |  4|   0|    4|          0|
    |buf_V_14_load_reg_1994                                                         |  4|   0|    4|          0|
    |buf_V_15_load_reg_1999                                                         |  4|   0|    4|          0|
    |buf_V_16_load_reg_2004                                                         |  4|   0|    4|          0|
    |buf_V_17_load_reg_2009                                                         |  4|   0|    4|          0|
    |buf_V_18_load_reg_2014                                                         |  4|   0|    4|          0|
    |buf_V_19_load_reg_2019                                                         |  4|   0|    4|          0|
    |buf_V_1_load_reg_1929                                                          |  4|   0|    4|          0|
    |buf_V_20_load_reg_2024                                                         |  4|   0|    4|          0|
    |buf_V_21_load_reg_2029                                                         |  4|   0|    4|          0|
    |buf_V_22_load_reg_2034                                                         |  4|   0|    4|          0|
    |buf_V_23_load_reg_2039                                                         |  4|   0|    4|          0|
    |buf_V_24_load_reg_2044                                                         |  4|   0|    4|          0|
    |buf_V_25_load_reg_2049                                                         |  4|   0|    4|          0|
    |buf_V_26_load_reg_2054                                                         |  4|   0|    4|          0|
    |buf_V_27_load_reg_2059                                                         |  4|   0|    4|          0|
    |buf_V_28_load_reg_2064                                                         |  4|   0|    4|          0|
    |buf_V_29_load_reg_2069                                                         |  4|   0|    4|          0|
    |buf_V_2_load_reg_1934                                                          |  4|   0|    4|          0|
    |buf_V_30_load_reg_2074                                                         |  4|   0|    4|          0|
    |buf_V_31_load_reg_2079                                                         |  4|   0|    4|          0|
    |buf_V_32_load_reg_2084                                                         |  4|   0|    4|          0|
    |buf_V_33_load_reg_2089                                                         |  4|   0|    4|          0|
    |buf_V_34_load_reg_2094                                                         |  4|   0|    4|          0|
    |buf_V_35_load_reg_2099                                                         |  4|   0|    4|          0|
    |buf_V_36_load_reg_2104                                                         |  4|   0|    4|          0|
    |buf_V_37_load_reg_2109                                                         |  4|   0|    4|          0|
    |buf_V_38_load_reg_2114                                                         |  4|   0|    4|          0|
    |buf_V_39_load_reg_2119                                                         |  4|   0|    4|          0|
    |buf_V_3_load_reg_1939                                                          |  4|   0|    4|          0|
    |buf_V_40_load_reg_2124                                                         |  4|   0|    4|          0|
    |buf_V_41_load_reg_2129                                                         |  4|   0|    4|          0|
    |buf_V_42_load_reg_2134                                                         |  4|   0|    4|          0|
    |buf_V_43_load_reg_2139                                                         |  4|   0|    4|          0|
    |buf_V_44_load_reg_2144                                                         |  4|   0|    4|          0|
    |buf_V_45_load_reg_2149                                                         |  4|   0|    4|          0|
    |buf_V_46_load_reg_2154                                                         |  4|   0|    4|          0|
    |buf_V_47_load_reg_2159                                                         |  4|   0|    4|          0|
    |buf_V_48_load_reg_2164                                                         |  4|   0|    4|          0|
    |buf_V_49_load_reg_2169                                                         |  4|   0|    4|          0|
    |buf_V_4_load_reg_1944                                                          |  4|   0|    4|          0|
    |buf_V_50_load_reg_2174                                                         |  4|   0|    4|          0|
    |buf_V_51_load_reg_2179                                                         |  4|   0|    4|          0|
    |buf_V_52_load_reg_2184                                                         |  4|   0|    4|          0|
    |buf_V_53_load_reg_2189                                                         |  4|   0|    4|          0|
    |buf_V_54_load_reg_2194                                                         |  4|   0|    4|          0|
    |buf_V_55_load_reg_2199                                                         |  4|   0|    4|          0|
    |buf_V_56_load_reg_2204                                                         |  4|   0|    4|          0|
    |buf_V_57_load_reg_2209                                                         |  4|   0|    4|          0|
    |buf_V_58_load_reg_2214                                                         |  4|   0|    4|          0|
    |buf_V_59_load_reg_2219                                                         |  4|   0|    4|          0|
    |buf_V_5_load_reg_1949                                                          |  4|   0|    4|          0|
    |buf_V_60_load_reg_2224                                                         |  4|   0|    4|          0|
    |buf_V_61_load_reg_2229                                                         |  4|   0|    4|          0|
    |buf_V_62_load_reg_2234                                                         |  4|   0|    4|          0|
    |buf_V_63_load_reg_2239                                                         |  4|   0|    4|          0|
    |buf_V_6_load_reg_1954                                                          |  4|   0|    4|          0|
    |buf_V_7_load_reg_1959                                                          |  4|   0|    4|          0|
    |buf_V_8_load_reg_1964                                                          |  4|   0|    4|          0|
    |buf_V_9_load_reg_1969                                                          |  4|   0|    4|          0|
    |buf_V_load_reg_1924                                                            |  4|   0|    4|          0|
    |grp_StreamingMaxPool_Precision_Pipeline_VITIS_LOOP_147_1_fu_1106_ap_start_reg  |  1|   0|    1|          0|
    |grp_StreamingMaxPool_Precision_Pipeline_VITIS_LOOP_158_6_fu_1308_ap_start_reg  |  1|   0|    1|          0|
    |grp_StreamingMaxPool_Precision_Pipeline_VITIS_LOOP_174_8_fu_1238_ap_start_reg  |  1|   0|    1|          0|
    |indvar_flatten_reg_1084                                                        |  5|   0|    5|          0|
    |trunc_ln156_reg_1594                                                           |  3|   0|    3|          0|
    |xp_reg_1095                                                                    |  4|   0|    4|          0|
    |yp_2_reg_1581                                                                  |  4|   0|    4|          0|
    |yp_fu_56                                                                       |  4|   0|    4|          0|
    +-------------------------------------------------------------------------------+---+----+-----+-----------+
    |Total                                                                          |296|   0|  296|          0|
    +-------------------------------------------------------------------------------+---+----+-----+-----------+



================================================================
== Interface
================================================================
* Summary: 
+--------------+-----+-----+------------+--------------------------------------------------------------+--------------+
|   RTL Ports  | Dir | Bits|  Protocol  |                         Source Object                        |    C Type    |
+--------------+-----+-----+------------+--------------------------------------------------------------+--------------+
|ap_clk        |   in|    1|  ap_ctrl_hs|  StreamingMaxPool_Precision<16u, 2u, 64u, ap_uint<4>, 0, 256>|  return value|
|ap_rst        |   in|    1|  ap_ctrl_hs|  StreamingMaxPool_Precision<16u, 2u, 64u, ap_uint<4>, 0, 256>|  return value|
|ap_start      |   in|    1|  ap_ctrl_hs|  StreamingMaxPool_Precision<16u, 2u, 64u, ap_uint<4>, 0, 256>|  return value|
|ap_done       |  out|    1|  ap_ctrl_hs|  StreamingMaxPool_Precision<16u, 2u, 64u, ap_uint<4>, 0, 256>|  return value|
|ap_idle       |  out|    1|  ap_ctrl_hs|  StreamingMaxPool_Precision<16u, 2u, 64u, ap_uint<4>, 0, 256>|  return value|
|ap_ready      |  out|    1|  ap_ctrl_hs|  StreamingMaxPool_Precision<16u, 2u, 64u, ap_uint<4>, 0, 256>|  return value|
|in0_V_TDATA   |   in|  256|        axis|                                                         in0_V|       pointer|
|in0_V_TVALID  |   in|    1|        axis|                                                         in0_V|       pointer|
|in0_V_TREADY  |  out|    1|        axis|                                                         in0_V|       pointer|
|out_V_TDATA   |  out|  256|        axis|                                                         out_V|       pointer|
|out_V_TVALID  |  out|    1|        axis|                                                         out_V|       pointer|
|out_V_TREADY  |   in|    1|        axis|                                                         out_V|       pointer|
+--------------+-----+-----+------------+--------------------------------------------------------------+--------------+

