#-----------------------------------------------------------
# Vivado v2022.2.2 (64-bit)
# SW Build 3788238 on Tue Feb 21 19:59:23 MST 2023
# IP Build 3783773 on Tue Feb 21 23:41:56 MST 2023
# Start of session at: Wed Jul  8 10:43:22 2026
# Process ID: 43047
# Current directory: /tmp/FINN_build_mlp27k_w4a8_ft_clean/vivado_stitch_proj_8ba8a6h2
# Command line: vivado -mode batch -source make_project.tcl
# Log file: /tmp/FINN_build_mlp27k_w4a8_ft_clean/vivado_stitch_proj_8ba8a6h2/vivado.log
# Journal file: /tmp/FINN_build_mlp27k_w4a8_ft_clean/vivado_stitch_proj_8ba8a6h2/vivado.jou
# Running On: finn_dev_miguel_tfg, OS: Linux, CPU Frequency: 800.000 MHz, CPU Physical cores: 24, Host memory: 67180 MB
#-----------------------------------------------------------
source make_project.tcl
# create_project finn_vivado_stitch_proj /tmp/FINN_build_mlp27k_w4a8_ft_clean/vivado_stitch_proj_8ba8a6h2 -part xc7z020clg400-1
CRITICAL WARNING: [Board 49-4] Problem parsing board_part file - /tools/Xilinx/Vivado/2022.2/data/boards/board_files/TE0727_10_1C/1.0/board.xml
Resolution: Check that the file is valid using an XML validation tool such as xmllint.
CRITICAL WARNING: [Board 49-4] Problem parsing board_part file - /tools/Xilinx/Vivado/2022.2/data/xhub/boards/XilinxBoardStore/boards/Xilinx/TE0727_10_1C/1.0/board.xml
Resolution: Check that the file is valid using an XML validation tool such as xmllint.
# set_property ip_repo_paths [list $::env(FINN_ROOT)/finn-rtllib/memstream /tmp/FINN_build_mlp27k_w4a8_ft_clean/code_gen_ipgen_StreamingFIFO_0_0_mptvji3l/project_StreamingFIFO_0_0/sol1/impl/verilog /tmp/FINN_build_mlp27k_w4a8_ft_clean/code_gen_ipgen_StreamingFIFO_0_1_y03kxkv1/project_StreamingFIFO_0_1/sol1/impl/verilog /tmp/FINN_build_mlp27k_w4a8_ft_clean/code_gen_ipgen_Thresholding_Batch_0_jcyptf8i/project_Thresholding_Batch_0/sol1/impl/ip /tmp/FINN_build_mlp27k_w4a8_ft_clean/code_gen_ipgen_StreamingFIFO_1_0_h2t5sgzy/project_StreamingFIFO_1_0/sol1/impl/verilog /tmp/FINN_build_mlp27k_w4a8_ft_clean/code_gen_ipgen_StreamingFIFO_1_1_2y6q_dbz/project_StreamingFIFO_1_1/sol1/impl/verilog /tmp/FINN_build_mlp27k_w4a8_ft_clean/code_gen_ipgen_MatrixVectorActivation_0_bcm0pwkr/project_MatrixVectorActivation_0/sol1/impl/ip /tmp/FINN_build_mlp27k_w4a8_ft_clean/code_gen_ipgen_StreamingFIFO_2_tnhtsv9p/project_StreamingFIFO_2/sol1/impl/verilog /tmp/FINN_build_mlp27k_w4a8_ft_clean/code_gen_ipgen_MatrixVectorActivation_1_ymjdvd67/project_MatrixVectorActivation_1/sol1/impl/ip /tmp/FINN_build_mlp27k_w4a8_ft_clean/code_gen_ipgen_MatrixVectorActivation_2_xj0kii62/project_MatrixVectorActivation_2/sol1/impl/ip] [current_project]
# update_ip_catalog
INFO: [IP_Flow 19-234] Refreshing IP repositories
INFO: [IP_Flow 19-1700] Loaded user IP repository '/home/miguel_tfg/FINN-v0.9-Stable/finn-rtllib/memstream'.
INFO: [IP_Flow 19-1700] Loaded user IP repository '/tmp/FINN_build_mlp27k_w4a8_ft_clean/code_gen_ipgen_StreamingFIFO_0_0_mptvji3l/project_StreamingFIFO_0_0/sol1/impl/verilog'.
INFO: [IP_Flow 19-1700] Loaded user IP repository '/tmp/FINN_build_mlp27k_w4a8_ft_clean/code_gen_ipgen_StreamingFIFO_0_1_y03kxkv1/project_StreamingFIFO_0_1/sol1/impl/verilog'.
INFO: [IP_Flow 19-1700] Loaded user IP repository '/tmp/FINN_build_mlp27k_w4a8_ft_clean/code_gen_ipgen_Thresholding_Batch_0_jcyptf8i/project_Thresholding_Batch_0/sol1/impl/ip'.
INFO: [IP_Flow 19-1700] Loaded user IP repository '/tmp/FINN_build_mlp27k_w4a8_ft_clean/code_gen_ipgen_StreamingFIFO_1_0_h2t5sgzy/project_StreamingFIFO_1_0/sol1/impl/verilog'.
INFO: [IP_Flow 19-1700] Loaded user IP repository '/tmp/FINN_build_mlp27k_w4a8_ft_clean/code_gen_ipgen_StreamingFIFO_1_1_2y6q_dbz/project_StreamingFIFO_1_1/sol1/impl/verilog'.
INFO: [IP_Flow 19-1700] Loaded user IP repository '/tmp/FINN_build_mlp27k_w4a8_ft_clean/code_gen_ipgen_MatrixVectorActivation_0_bcm0pwkr/project_MatrixVectorActivation_0/sol1/impl/ip'.
INFO: [IP_Flow 19-1700] Loaded user IP repository '/tmp/FINN_build_mlp27k_w4a8_ft_clean/code_gen_ipgen_StreamingFIFO_2_tnhtsv9p/project_StreamingFIFO_2/sol1/impl/verilog'.
INFO: [IP_Flow 19-1700] Loaded user IP repository '/tmp/FINN_build_mlp27k_w4a8_ft_clean/code_gen_ipgen_MatrixVectorActivation_1_ymjdvd67/project_MatrixVectorActivation_1/sol1/impl/ip'.
INFO: [IP_Flow 19-1700] Loaded user IP repository '/tmp/FINN_build_mlp27k_w4a8_ft_clean/code_gen_ipgen_MatrixVectorActivation_2_xj0kii62/project_MatrixVectorActivation_2/sol1/impl/ip'.
INFO: [IP_Flow 19-2313] Loaded Vivado IP repository '/tools/Xilinx/Vivado/2022.2/data/ip'.
# create_bd_design "finn_design"
Wrote  : </tmp/FINN_build_mlp27k_w4a8_ft_clean/vivado_stitch_proj_8ba8a6h2/finn_vivado_stitch_proj.srcs/sources_1/bd/finn_design/finn_design.bd> 
# create_bd_cell -type hier StreamingFIFO_0_0
# create_bd_pin -dir I -type clk /StreamingFIFO_0_0/ap_clk
# create_bd_pin -dir I -type rst /StreamingFIFO_0_0/ap_rst_n
# create_bd_intf_pin -mode Master -vlnv xilinx.com:interface:axis_rtl:1.0 /StreamingFIFO_0_0/out_V
# create_bd_intf_pin -mode Slave -vlnv xilinx.com:interface:axis_rtl:1.0 /StreamingFIFO_0_0/in0_V
# create_bd_cell -type ip -vlnv xilinx.com:ip:axis_data_fifo:2.0 /StreamingFIFO_0_0/fifo
# set_property -dict [list CONFIG.FIFO_DEPTH {512}] [get_bd_cells /StreamingFIFO_0_0/fifo]
# set_property -dict [list CONFIG.FIFO_MEMORY_TYPE {auto}] [get_bd_cells /StreamingFIFO_0_0/fifo]
# set_property -dict [list CONFIG.TDATA_NUM_BYTES {1}] [get_bd_cells /StreamingFIFO_0_0/fifo]
# connect_bd_intf_net [get_bd_intf_pins StreamingFIFO_0_0/fifo/M_AXIS] [get_bd_intf_pins StreamingFIFO_0_0/out_V]
# connect_bd_intf_net [get_bd_intf_pins StreamingFIFO_0_0/fifo/S_AXIS] [get_bd_intf_pins StreamingFIFO_0_0/in0_V]
# connect_bd_net [get_bd_pins StreamingFIFO_0_0/ap_rst_n] [get_bd_pins StreamingFIFO_0_0/fifo/s_axis_aresetn]
# connect_bd_net [get_bd_pins StreamingFIFO_0_0/ap_clk] [get_bd_pins StreamingFIFO_0_0/fifo/s_axis_aclk]
# create_bd_cell -type ip -vlnv xilinx.com:hls:StreamingFIFO_0_1:1.0 StreamingFIFO_0_1
# create_bd_cell -type ip -vlnv xilinx.com:hls:Thresholding_Batch_0:1.0 Thresholding_Batch_0
# create_bd_cell -type hier StreamingFIFO_1_0
# create_bd_pin -dir I -type clk /StreamingFIFO_1_0/ap_clk
# create_bd_pin -dir I -type rst /StreamingFIFO_1_0/ap_rst_n
# create_bd_intf_pin -mode Master -vlnv xilinx.com:interface:axis_rtl:1.0 /StreamingFIFO_1_0/out_V
# create_bd_intf_pin -mode Slave -vlnv xilinx.com:interface:axis_rtl:1.0 /StreamingFIFO_1_0/in0_V
# create_bd_cell -type ip -vlnv xilinx.com:ip:axis_data_fifo:2.0 /StreamingFIFO_1_0/fifo
# set_property -dict [list CONFIG.FIFO_DEPTH {512}] [get_bd_cells /StreamingFIFO_1_0/fifo]
# set_property -dict [list CONFIG.FIFO_MEMORY_TYPE {auto}] [get_bd_cells /StreamingFIFO_1_0/fifo]
# set_property -dict [list CONFIG.TDATA_NUM_BYTES {1}] [get_bd_cells /StreamingFIFO_1_0/fifo]
# connect_bd_intf_net [get_bd_intf_pins StreamingFIFO_1_0/fifo/M_AXIS] [get_bd_intf_pins StreamingFIFO_1_0/out_V]
# connect_bd_intf_net [get_bd_intf_pins StreamingFIFO_1_0/fifo/S_AXIS] [get_bd_intf_pins StreamingFIFO_1_0/in0_V]
# connect_bd_net [get_bd_pins StreamingFIFO_1_0/ap_rst_n] [get_bd_pins StreamingFIFO_1_0/fifo/s_axis_aresetn]
# connect_bd_net [get_bd_pins StreamingFIFO_1_0/ap_clk] [get_bd_pins StreamingFIFO_1_0/fifo/s_axis_aclk]
# create_bd_cell -type ip -vlnv xilinx.com:hls:StreamingFIFO_1_1:1.0 StreamingFIFO_1_1
# create_bd_cell -type ip -vlnv xilinx.com:hls:MatrixVectorActivation_0:1.0 MatrixVectorActivation_0
# create_bd_cell -type ip -vlnv xilinx.com:hls:StreamingFIFO_2:1.0 StreamingFIFO_2
# create_bd_cell -type ip -vlnv xilinx.com:hls:MatrixVectorActivation_1:1.0 MatrixVectorActivation_1
# create_bd_cell -type ip -vlnv xilinx.com:hls:MatrixVectorActivation_2:1.0 MatrixVectorActivation_2
# make_bd_pins_external [get_bd_pins StreamingFIFO_0_0/ap_clk]
# set_property name ap_clk [get_bd_ports ap_clk_0]
# make_bd_pins_external [get_bd_pins StreamingFIFO_0_0/ap_rst_n]
# set_property name ap_rst_n [get_bd_ports ap_rst_n_0]
# connect_bd_net [get_bd_ports ap_rst_n] [get_bd_pins StreamingFIFO_0_1/ap_rst_n]
# connect_bd_net [get_bd_ports ap_clk] [get_bd_pins StreamingFIFO_0_1/ap_clk]
# connect_bd_intf_net [get_bd_intf_pins StreamingFIFO_0_0/out_V] [get_bd_intf_pins StreamingFIFO_0_1/in0_V]
# connect_bd_net [get_bd_ports ap_rst_n] [get_bd_pins Thresholding_Batch_0/ap_rst_n]
# connect_bd_net [get_bd_ports ap_clk] [get_bd_pins Thresholding_Batch_0/ap_clk]
# connect_bd_intf_net [get_bd_intf_pins StreamingFIFO_0_1/out_V] [get_bd_intf_pins Thresholding_Batch_0/in0_V]
# connect_bd_net [get_bd_ports ap_rst_n] [get_bd_pins StreamingFIFO_1_0/ap_rst_n]
# connect_bd_net [get_bd_ports ap_clk] [get_bd_pins StreamingFIFO_1_0/ap_clk]
# connect_bd_intf_net [get_bd_intf_pins Thresholding_Batch_0/out_V] [get_bd_intf_pins StreamingFIFO_1_0/in0_V]
# connect_bd_net [get_bd_ports ap_rst_n] [get_bd_pins StreamingFIFO_1_1/ap_rst_n]
# connect_bd_net [get_bd_ports ap_clk] [get_bd_pins StreamingFIFO_1_1/ap_clk]
# connect_bd_intf_net [get_bd_intf_pins StreamingFIFO_1_0/out_V] [get_bd_intf_pins StreamingFIFO_1_1/in0_V]
# connect_bd_net [get_bd_ports ap_rst_n] [get_bd_pins MatrixVectorActivation_0/ap_rst_n]
# connect_bd_net [get_bd_ports ap_clk] [get_bd_pins MatrixVectorActivation_0/ap_clk]
# connect_bd_intf_net [get_bd_intf_pins StreamingFIFO_1_1/out_V] [get_bd_intf_pins MatrixVectorActivation_0/in0_V]
# connect_bd_net [get_bd_ports ap_rst_n] [get_bd_pins StreamingFIFO_2/ap_rst_n]
# connect_bd_net [get_bd_ports ap_clk] [get_bd_pins StreamingFIFO_2/ap_clk]
# connect_bd_intf_net [get_bd_intf_pins MatrixVectorActivation_0/out_V] [get_bd_intf_pins StreamingFIFO_2/in0_V]
# connect_bd_net [get_bd_ports ap_rst_n] [get_bd_pins MatrixVectorActivation_1/ap_rst_n]
# connect_bd_net [get_bd_ports ap_clk] [get_bd_pins MatrixVectorActivation_1/ap_clk]
# connect_bd_intf_net [get_bd_intf_pins StreamingFIFO_2/out_V] [get_bd_intf_pins MatrixVectorActivation_1/in0_V]
# connect_bd_net [get_bd_ports ap_rst_n] [get_bd_pins MatrixVectorActivation_2/ap_rst_n]
# connect_bd_net [get_bd_ports ap_clk] [get_bd_pins MatrixVectorActivation_2/ap_clk]
# connect_bd_intf_net [get_bd_intf_pins MatrixVectorActivation_1/out_V] [get_bd_intf_pins MatrixVectorActivation_2/in0_V]
# make_bd_intf_pins_external [get_bd_intf_pins StreamingFIFO_0_0/in0_V]
# set_property name s_axis_0 [get_bd_intf_ports in0_V_0]
# make_bd_intf_pins_external [get_bd_intf_pins MatrixVectorActivation_2/out_V]
# set_property name m_axis_0 [get_bd_intf_ports out_V_0]
# set_property CONFIG.FREQ_HZ 100000000.000000 [get_bd_ports /ap_clk]
# regenerate_bd_layout
# validate_bd_design
# save_bd_design
Wrote  : </tmp/FINN_build_mlp27k_w4a8_ft_clean/vivado_stitch_proj_8ba8a6h2/finn_vivado_stitch_proj.srcs/sources_1/bd/finn_design/finn_design.bd> 
# make_wrapper -files [get_files /tmp/FINN_build_mlp27k_w4a8_ft_clean/vivado_stitch_proj_8ba8a6h2/finn_vivado_stitch_proj.srcs/sources_1/bd/finn_design/finn_design.bd] -top
INFO: [BD 41-1662] The design 'finn_design.bd' is already validated. Therefore parameter propagation will not be re-run.
Verilog Output written to : /tmp/FINN_build_mlp27k_w4a8_ft_clean/vivado_stitch_proj_8ba8a6h2/finn_vivado_stitch_proj.gen/sources_1/bd/finn_design/synth/finn_design.v
Verilog Output written to : /tmp/FINN_build_mlp27k_w4a8_ft_clean/vivado_stitch_proj_8ba8a6h2/finn_vivado_stitch_proj.gen/sources_1/bd/finn_design/sim/finn_design.v
Verilog Output written to : /tmp/FINN_build_mlp27k_w4a8_ft_clean/vivado_stitch_proj_8ba8a6h2/finn_vivado_stitch_proj.gen/sources_1/bd/finn_design/hdl/finn_design_wrapper.v
# add_files -norecurse /tmp/FINN_build_mlp27k_w4a8_ft_clean/vivado_stitch_proj_8ba8a6h2/finn_vivado_stitch_proj.srcs/sources_1/bd/finn_design/hdl/finn_design_wrapper.v
INFO: [Project 1-1716] Could not find the wrapper file /tmp/FINN_build_mlp27k_w4a8_ft_clean/vivado_stitch_proj_8ba8a6h2/finn_vivado_stitch_proj.srcs/sources_1/bd/finn_design/hdl/finn_design_wrapper.v, checking in project .gen location instead.
INFO: [Vivado 12-12390] Found file /tmp/FINN_build_mlp27k_w4a8_ft_clean/vivado_stitch_proj_8ba8a6h2/finn_vivado_stitch_proj.gen/sources_1/bd/finn_design/hdl/finn_design_wrapper.v, adding it to Project
# set_property top finn_design_wrapper [current_fileset]
# set_property SYNTH_CHECKPOINT_MODE Hierarchical [ get_files /tmp/FINN_build_mlp27k_w4a8_ft_clean/vivado_stitch_proj_8ba8a6h2/finn_vivado_stitch_proj.srcs/sources_1/bd/finn_design/finn_design.bd ]
# set_property -name {STEPS.SYNTH_DESIGN.ARGS.MORE OPTIONS} -value {-mode out_of_context} -objects [get_runs synth_1]
# launch_runs synth_1 -jobs 4
INFO: [BD 41-1662] The design 'finn_design.bd' is already validated. Therefore parameter propagation will not be re-run.
Verilog Output written to : /tmp/FINN_build_mlp27k_w4a8_ft_clean/vivado_stitch_proj_8ba8a6h2/finn_vivado_stitch_proj.gen/sources_1/bd/finn_design/synth/finn_design.v
Verilog Output written to : /tmp/FINN_build_mlp27k_w4a8_ft_clean/vivado_stitch_proj_8ba8a6h2/finn_vivado_stitch_proj.gen/sources_1/bd/finn_design/sim/finn_design.v
Verilog Output written to : /tmp/FINN_build_mlp27k_w4a8_ft_clean/vivado_stitch_proj_8ba8a6h2/finn_vivado_stitch_proj.gen/sources_1/bd/finn_design/hdl/finn_design_wrapper.v
INFO: [BD 41-1029] Generation completed for the IP Integrator block StreamingFIFO_0_0/fifo .
INFO: [BD 41-1029] Generation completed for the IP Integrator block StreamingFIFO_0_1 .
INFO: [BD 41-1029] Generation completed for the IP Integrator block Thresholding_Batch_0 .
INFO: [BD 41-1029] Generation completed for the IP Integrator block StreamingFIFO_1_0/fifo .
INFO: [BD 41-1029] Generation completed for the IP Integrator block StreamingFIFO_1_1 .
INFO: [BD 41-1029] Generation completed for the IP Integrator block MatrixVectorActivation_0 .
INFO: [BD 41-1029] Generation completed for the IP Integrator block StreamingFIFO_2 .
INFO: [BD 41-1029] Generation completed for the IP Integrator block MatrixVectorActivation_1 .
INFO: [BD 41-1029] Generation completed for the IP Integrator block MatrixVectorActivation_2 .
Exporting to file /tmp/FINN_build_mlp27k_w4a8_ft_clean/vivado_stitch_proj_8ba8a6h2/finn_vivado_stitch_proj.gen/sources_1/bd/finn_design/hw_handoff/finn_design.hwh
Generated Hardware Definition File /tmp/FINN_build_mlp27k_w4a8_ft_clean/vivado_stitch_proj_8ba8a6h2/finn_vivado_stitch_proj.gen/sources_1/bd/finn_design/synth/finn_design.hwdef
INFO: [IP_Flow 19-6930] IPCACHE: runCacheChecks() number of threads = 8
INFO: [IP_Flow 19-6921] IPCACHE: Adding cache check func to thread queue for IP finn_design_MatrixVectorActivation_0_0
INFO: [IP_Flow 19-6921] IPCACHE: Adding cache check func to thread queue for IP finn_design_MatrixVectorActivation_1_0
INFO: [IP_Flow 19-6921] IPCACHE: Adding cache check func to thread queue for IP finn_design_MatrixVectorActivation_2_0
INFO: [IP_Flow 19-6921] IPCACHE: Adding cache check func to thread queue for IP finn_design_StreamingFIFO_0_1_0
INFO: [IP_Flow 19-6921] IPCACHE: Adding cache check func to thread queue for IP finn_design_StreamingFIFO_1_1_0
INFO: [IP_Flow 19-6921] IPCACHE: Adding cache check func to thread queue for IP finn_design_StreamingFIFO_2_0
INFO: [IP_Flow 19-6921] IPCACHE: Adding cache check func to thread queue for IP finn_design_Thresholding_Batch_0_0
INFO: [IP_Flow 19-6921] IPCACHE: Adding cache check func to thread queue for IP finn_design_fifo_0
INFO: [IP_Flow 19-6921] IPCACHE: Adding cache check func to thread queue for IP finn_design_fifo_1
INFO: [IP_Flow 19-8020] IPCACHE: runCacheChecks() calling threadPool finishWork()
INFO: [IP_Flow 19-6924] IPCACHE: Running cache check for IP inst: finn_design_MatrixVectorActivation_0_0
INFO: [IP_Flow 19-6924] IPCACHE: Running cache check for IP inst: finn_design_MatrixVectorActivation_1_0
INFO: [IP_Flow 19-6924] IPCACHE: Running cache check for IP inst: finn_design_MatrixVectorActivation_2_0
INFO: [IP_Flow 19-6924] IPCACHE: Running cache check for IP inst: finn_design_StreamingFIFO_0_1_0
INFO: [IP_Flow 19-6924] IPCACHE: Running cache check for IP inst: finn_design_StreamingFIFO_1_1_0
INFO: [IP_Flow 19-6924] IPCACHE: Running cache check for IP inst: finn_design_StreamingFIFO_2_0
INFO: [IP_Flow 19-6924] IPCACHE: Running cache check for IP inst: finn_design_Thresholding_Batch_0_0
INFO: [IP_Flow 19-6924] IPCACHE: Running cache check for IP inst: finn_design_fifo_0
INFO: [IP_Flow 19-6924] IPCACHE: Running cache check for IP inst: finn_design_fifo_1
WARNING: [Vivado 12-7122] Auto Incremental Compile:: No reference checkpoint was found in run synth_1. Auto-incremental flow will not be run, the standard flow will be run instead.
[Wed Jul  8 10:43:35 2026] Launched finn_design_MatrixVectorActivation_2_0_synth_1, finn_design_MatrixVectorActivation_1_0_synth_1, finn_design_StreamingFIFO_2_0_synth_1, finn_design_MatrixVectorActivation_0_0_synth_1, finn_design_StreamingFIFO_1_1_0_synth_1, finn_design_fifo_1_synth_1, finn_design_Thresholding_Batch_0_0_synth_1, finn_design_StreamingFIFO_0_1_0_synth_1, finn_design_fifo_0_synth_1...
Run output will be captured here:
finn_design_MatrixVectorActivation_2_0_synth_1: /tmp/FINN_build_mlp27k_w4a8_ft_clean/vivado_stitch_proj_8ba8a6h2/finn_vivado_stitch_proj.runs/finn_design_MatrixVectorActivation_2_0_synth_1/runme.log
finn_design_MatrixVectorActivation_1_0_synth_1: /tmp/FINN_build_mlp27k_w4a8_ft_clean/vivado_stitch_proj_8ba8a6h2/finn_vivado_stitch_proj.runs/finn_design_MatrixVectorActivation_1_0_synth_1/runme.log
finn_design_StreamingFIFO_2_0_synth_1: /tmp/FINN_build_mlp27k_w4a8_ft_clean/vivado_stitch_proj_8ba8a6h2/finn_vivado_stitch_proj.runs/finn_design_StreamingFIFO_2_0_synth_1/runme.log
finn_design_MatrixVectorActivation_0_0_synth_1: /tmp/FINN_build_mlp27k_w4a8_ft_clean/vivado_stitch_proj_8ba8a6h2/finn_vivado_stitch_proj.runs/finn_design_MatrixVectorActivation_0_0_synth_1/runme.log
finn_design_StreamingFIFO_1_1_0_synth_1: /tmp/FINN_build_mlp27k_w4a8_ft_clean/vivado_stitch_proj_8ba8a6h2/finn_vivado_stitch_proj.runs/finn_design_StreamingFIFO_1_1_0_synth_1/runme.log
finn_design_fifo_1_synth_1: /tmp/FINN_build_mlp27k_w4a8_ft_clean/vivado_stitch_proj_8ba8a6h2/finn_vivado_stitch_proj.runs/finn_design_fifo_1_synth_1/runme.log
finn_design_Thresholding_Batch_0_0_synth_1: /tmp/FINN_build_mlp27k_w4a8_ft_clean/vivado_stitch_proj_8ba8a6h2/finn_vivado_stitch_proj.runs/finn_design_Thresholding_Batch_0_0_synth_1/runme.log
finn_design_StreamingFIFO_0_1_0_synth_1: /tmp/FINN_build_mlp27k_w4a8_ft_clean/vivado_stitch_proj_8ba8a6h2/finn_vivado_stitch_proj.runs/finn_design_StreamingFIFO_0_1_0_synth_1/runme.log
finn_design_fifo_0_synth_1: /tmp/FINN_build_mlp27k_w4a8_ft_clean/vivado_stitch_proj_8ba8a6h2/finn_vivado_stitch_proj.runs/finn_design_fifo_0_synth_1/runme.log
[Wed Jul  8 10:43:35 2026] Launched synth_1...
Run output will be captured here: /tmp/FINN_build_mlp27k_w4a8_ft_clean/vivado_stitch_proj_8ba8a6h2/finn_vivado_stitch_proj.runs/synth_1/runme.log
# wait_on_run [get_runs synth_1]
[Wed Jul  8 10:43:35 2026] Waiting for synth_1 to finish...

*** Running vivado
    with args -log finn_design_wrapper.vds -m64 -product Vivado -mode batch -messageDb vivado.pb -notrace -source finn_design_wrapper.tcl


****** Vivado v2022.2.2 (64-bit)
  **** SW Build 3788238 on Tue Feb 21 19:59:23 MST 2023
  **** IP Build 3783773 on Tue Feb 21 23:41:56 MST 2023
    ** Copyright 1986-2023 Xilinx, Inc. All Rights Reserved.

source finn_design_wrapper.tcl -notrace
CRITICAL WARNING: [Board 49-4] Problem parsing board_part file - /tools/Xilinx/Vivado/2022.2/data/boards/board_files/TE0727_10_1C/1.0/board.xml
Resolution: Check that the file is valid using an XML validation tool such as xmllint.
CRITICAL WARNING: [Board 49-4] Problem parsing board_part file - /tools/Xilinx/Vivado/2022.2/data/xhub/boards/XilinxBoardStore/boards/Xilinx/TE0727_10_1C/1.0/board.xml
Resolution: Check that the file is valid using an XML validation tool such as xmllint.
INFO: [IP_Flow 19-234] Refreshing IP repositories
INFO: [IP_Flow 19-1700] Loaded user IP repository '/home/miguel_tfg/FINN-v0.9-Stable/finn-rtllib/memstream'.
INFO: [IP_Flow 19-1700] Loaded user IP repository '/tmp/FINN_build_mlp27k_w4a8_ft_clean/code_gen_ipgen_StreamingFIFO_0_0_mptvji3l/project_StreamingFIFO_0_0/sol1/impl/verilog'.
INFO: [IP_Flow 19-1700] Loaded user IP repository '/tmp/FINN_build_mlp27k_w4a8_ft_clean/code_gen_ipgen_StreamingFIFO_0_1_y03kxkv1/project_StreamingFIFO_0_1/sol1/impl/verilog'.
INFO: [IP_Flow 19-1700] Loaded user IP repository '/tmp/FINN_build_mlp27k_w4a8_ft_clean/code_gen_ipgen_Thresholding_Batch_0_jcyptf8i/project_Thresholding_Batch_0/sol1/impl/ip'.
INFO: [IP_Flow 19-1700] Loaded user IP repository '/tmp/FINN_build_mlp27k_w4a8_ft_clean/code_gen_ipgen_StreamingFIFO_1_0_h2t5sgzy/project_StreamingFIFO_1_0/sol1/impl/verilog'.
INFO: [IP_Flow 19-1700] Loaded user IP repository '/tmp/FINN_build_mlp27k_w4a8_ft_clean/code_gen_ipgen_StreamingFIFO_1_1_2y6q_dbz/project_StreamingFIFO_1_1/sol1/impl/verilog'.
INFO: [IP_Flow 19-1700] Loaded user IP repository '/tmp/FINN_build_mlp27k_w4a8_ft_clean/code_gen_ipgen_MatrixVectorActivation_0_bcm0pwkr/project_MatrixVectorActivation_0/sol1/impl/ip'.
INFO: [IP_Flow 19-1700] Loaded user IP repository '/tmp/FINN_build_mlp27k_w4a8_ft_clean/code_gen_ipgen_StreamingFIFO_2_tnhtsv9p/project_StreamingFIFO_2/sol1/impl/verilog'.
INFO: [IP_Flow 19-1700] Loaded user IP repository '/tmp/FINN_build_mlp27k_w4a8_ft_clean/code_gen_ipgen_MatrixVectorActivation_1_ymjdvd67/project_MatrixVectorActivation_1/sol1/impl/ip'.
INFO: [IP_Flow 19-1700] Loaded user IP repository '/tmp/FINN_build_mlp27k_w4a8_ft_clean/code_gen_ipgen_MatrixVectorActivation_2_xj0kii62/project_MatrixVectorActivation_2/sol1/impl/ip'.
INFO: [IP_Flow 19-2313] Loaded Vivado IP repository '/tools/Xilinx/Vivado/2022.2/data/ip'.
Command: synth_design -top finn_design_wrapper -part xc7z020clg400-1 -mode out_of_context
Starting synth_design
Attempting to get a license for feature 'Synthesis' and/or device 'xc7z020'
INFO: [Common 17-349] Got license for feature 'Synthesis' and/or device 'xc7z020'
INFO: [Device 21-403] Loading part xc7z020clg400-1
INFO: [Synth 8-7079] Multithreading enabled for synth_design using a maximum of 4 processes.
INFO: [Synth 8-7078] Launching helper process for spawning children vivado processes
INFO: [Synth 8-7075] Helper process launched with PID 44632
INFO: [Synth 8-11241] undeclared symbol 'REGCCE', assumed default net type 'wire' [/tools/Xilinx/Vivado/2022.2/data/verilog/src/unimacro/BRAM_SINGLE_MACRO.v:2170]
---------------------------------------------------------------------------------
Starting RTL Elaboration : Time (s): cpu = 00:00:02 ; elapsed = 00:00:02 . Memory (MB): peak = 3132.102 ; gain = 435.766 ; free physical = 34406 ; free virtual = 59404
Synthesis current peak Physical Memory [PSS] (MB): peak = 2298.676; parent = 2093.888; children = 204.788
Synthesis current peak Virtual Memory [VSS] (MB): peak = 4250.613; parent = 3138.043; children = 1112.570
---------------------------------------------------------------------------------
INFO: [Synth 8-6157] synthesizing module 'finn_design_wrapper' [/tmp/FINN_build_mlp27k_w4a8_ft_clean/vivado_stitch_proj_8ba8a6h2/finn_vivado_stitch_proj.gen/sources_1/bd/finn_design/hdl/finn_design_wrapper.v:12]
INFO: [Synth 8-6157] synthesizing module 'finn_design' [/tmp/FINN_build_mlp27k_w4a8_ft_clean/vivado_stitch_proj_8ba8a6h2/finn_vivado_stitch_proj.gen/sources_1/bd/finn_design/synth/finn_design.v:104]
INFO: [Synth 8-6157] synthesizing module 'finn_design_MatrixVectorActivation_0_0' [/tmp/FINN_build_mlp27k_w4a8_ft_clean/vivado_stitch_proj_8ba8a6h2/finn_vivado_stitch_proj.runs/synth_1/.Xil/Vivado-44626-finn_dev_miguel_tfg/realtime/finn_design_MatrixVectorActivation_0_0_stub.v:5]
INFO: [Synth 8-6155] done synthesizing module 'finn_design_MatrixVectorActivation_0_0' (0#1) [/tmp/FINN_build_mlp27k_w4a8_ft_clean/vivado_stitch_proj_8ba8a6h2/finn_vivado_stitch_proj.runs/synth_1/.Xil/Vivado-44626-finn_dev_miguel_tfg/realtime/finn_design_MatrixVectorActivation_0_0_stub.v:5]
INFO: [Synth 8-6157] synthesizing module 'finn_design_MatrixVectorActivation_1_0' [/tmp/FINN_build_mlp27k_w4a8_ft_clean/vivado_stitch_proj_8ba8a6h2/finn_vivado_stitch_proj.runs/synth_1/.Xil/Vivado-44626-finn_dev_miguel_tfg/realtime/finn_design_MatrixVectorActivation_1_0_stub.v:5]
INFO: [Synth 8-6155] done synthesizing module 'finn_design_MatrixVectorActivation_1_0' (0#1) [/tmp/FINN_build_mlp27k_w4a8_ft_clean/vivado_stitch_proj_8ba8a6h2/finn_vivado_stitch_proj.runs/synth_1/.Xil/Vivado-44626-finn_dev_miguel_tfg/realtime/finn_design_MatrixVectorActivation_1_0_stub.v:5]
INFO: [Synth 8-6157] synthesizing module 'finn_design_MatrixVectorActivation_2_0' [/tmp/FINN_build_mlp27k_w4a8_ft_clean/vivado_stitch_proj_8ba8a6h2/finn_vivado_stitch_proj.runs/synth_1/.Xil/Vivado-44626-finn_dev_miguel_tfg/realtime/finn_design_MatrixVectorActivation_2_0_stub.v:5]
INFO: [Synth 8-6155] done synthesizing module 'finn_design_MatrixVectorActivation_2_0' (0#1) [/tmp/FINN_build_mlp27k_w4a8_ft_clean/vivado_stitch_proj_8ba8a6h2/finn_vivado_stitch_proj.runs/synth_1/.Xil/Vivado-44626-finn_dev_miguel_tfg/realtime/finn_design_MatrixVectorActivation_2_0_stub.v:5]
INFO: [Synth 8-6157] synthesizing module 'StreamingFIFO_0_0_imp_1KTO5GV' [/tmp/FINN_build_mlp27k_w4a8_ft_clean/vivado_stitch_proj_8ba8a6h2/finn_vivado_stitch_proj.gen/sources_1/bd/finn_design/synth/finn_design.v:12]
INFO: [Synth 8-6157] synthesizing module 'finn_design_fifo_0' [/tmp/FINN_build_mlp27k_w4a8_ft_clean/vivado_stitch_proj_8ba8a6h2/finn_vivado_stitch_proj.runs/synth_1/.Xil/Vivado-44626-finn_dev_miguel_tfg/realtime/finn_design_fifo_0_stub.v:5]
INFO: [Synth 8-6155] done synthesizing module 'finn_design_fifo_0' (0#1) [/tmp/FINN_build_mlp27k_w4a8_ft_clean/vivado_stitch_proj_8ba8a6h2/finn_vivado_stitch_proj.runs/synth_1/.Xil/Vivado-44626-finn_dev_miguel_tfg/realtime/finn_design_fifo_0_stub.v:5]
INFO: [Synth 8-6155] done synthesizing module 'StreamingFIFO_0_0_imp_1KTO5GV' (0#1) [/tmp/FINN_build_mlp27k_w4a8_ft_clean/vivado_stitch_proj_8ba8a6h2/finn_vivado_stitch_proj.gen/sources_1/bd/finn_design/synth/finn_design.v:12]
INFO: [Synth 8-6157] synthesizing module 'finn_design_StreamingFIFO_0_1_0' [/tmp/FINN_build_mlp27k_w4a8_ft_clean/vivado_stitch_proj_8ba8a6h2/finn_vivado_stitch_proj.runs/synth_1/.Xil/Vivado-44626-finn_dev_miguel_tfg/realtime/finn_design_StreamingFIFO_0_1_0_stub.v:5]
INFO: [Synth 8-6155] done synthesizing module 'finn_design_StreamingFIFO_0_1_0' (0#1) [/tmp/FINN_build_mlp27k_w4a8_ft_clean/vivado_stitch_proj_8ba8a6h2/finn_vivado_stitch_proj.runs/synth_1/.Xil/Vivado-44626-finn_dev_miguel_tfg/realtime/finn_design_StreamingFIFO_0_1_0_stub.v:5]
WARNING: [Synth 8-7071] port 'count' of module 'finn_design_StreamingFIFO_0_1_0' is unconnected for instance 'StreamingFIFO_0_1' [/tmp/FINN_build_mlp27k_w4a8_ft_clean/vivado_stitch_proj_8ba8a6h2/finn_vivado_stitch_proj.gen/sources_1/bd/finn_design/synth/finn_design.v:200]
WARNING: [Synth 8-7071] port 'maxcount' of module 'finn_design_StreamingFIFO_0_1_0' is unconnected for instance 'StreamingFIFO_0_1' [/tmp/FINN_build_mlp27k_w4a8_ft_clean/vivado_stitch_proj_8ba8a6h2/finn_vivado_stitch_proj.gen/sources_1/bd/finn_design/synth/finn_design.v:200]
WARNING: [Synth 8-7023] instance 'StreamingFIFO_0_1' of module 'finn_design_StreamingFIFO_0_1_0' has 10 connections declared, but only 8 given [/tmp/FINN_build_mlp27k_w4a8_ft_clean/vivado_stitch_proj_8ba8a6h2/finn_vivado_stitch_proj.gen/sources_1/bd/finn_design/synth/finn_design.v:200]
INFO: [Synth 8-6157] synthesizing module 'StreamingFIFO_1_0_imp_MOPZH5' [/tmp/FINN_build_mlp27k_w4a8_ft_clean/vivado_stitch_proj_8ba8a6h2/finn_vivado_stitch_proj.gen/sources_1/bd/finn_design/synth/finn_design.v:58]
INFO: [Synth 8-6157] synthesizing module 'finn_design_fifo_1' [/tmp/FINN_build_mlp27k_w4a8_ft_clean/vivado_stitch_proj_8ba8a6h2/finn_vivado_stitch_proj.runs/synth_1/.Xil/Vivado-44626-finn_dev_miguel_tfg/realtime/finn_design_fifo_1_stub.v:5]
INFO: [Synth 8-6155] done synthesizing module 'finn_design_fifo_1' (0#1) [/tmp/FINN_build_mlp27k_w4a8_ft_clean/vivado_stitch_proj_8ba8a6h2/finn_vivado_stitch_proj.runs/synth_1/.Xil/Vivado-44626-finn_dev_miguel_tfg/realtime/finn_design_fifo_1_stub.v:5]
INFO: [Synth 8-6155] done synthesizing module 'StreamingFIFO_1_0_imp_MOPZH5' (0#1) [/tmp/FINN_build_mlp27k_w4a8_ft_clean/vivado_stitch_proj_8ba8a6h2/finn_vivado_stitch_proj.gen/sources_1/bd/finn_design/synth/finn_design.v:58]
INFO: [Synth 8-6157] synthesizing module 'finn_design_StreamingFIFO_1_1_0' [/tmp/FINN_build_mlp27k_w4a8_ft_clean/vivado_stitch_proj_8ba8a6h2/finn_vivado_stitch_proj.runs/synth_1/.Xil/Vivado-44626-finn_dev_miguel_tfg/realtime/finn_design_StreamingFIFO_1_1_0_stub.v:5]
INFO: [Synth 8-6155] done synthesizing module 'finn_design_StreamingFIFO_1_1_0' (0#1) [/tmp/FINN_build_mlp27k_w4a8_ft_clean/vivado_stitch_proj_8ba8a6h2/finn_vivado_stitch_proj.runs/synth_1/.Xil/Vivado-44626-finn_dev_miguel_tfg/realtime/finn_design_StreamingFIFO_1_1_0_stub.v:5]
WARNING: [Synth 8-7071] port 'count' of module 'finn_design_StreamingFIFO_1_1_0' is unconnected for instance 'StreamingFIFO_1_1' [/tmp/FINN_build_mlp27k_w4a8_ft_clean/vivado_stitch_proj_8ba8a6h2/finn_vivado_stitch_proj.gen/sources_1/bd/finn_design/synth/finn_design.v:218]
WARNING: [Synth 8-7071] port 'maxcount' of module 'finn_design_StreamingFIFO_1_1_0' is unconnected for instance 'StreamingFIFO_1_1' [/tmp/FINN_build_mlp27k_w4a8_ft_clean/vivado_stitch_proj_8ba8a6h2/finn_vivado_stitch_proj.gen/sources_1/bd/finn_design/synth/finn_design.v:218]
WARNING: [Synth 8-7023] instance 'StreamingFIFO_1_1' of module 'finn_design_StreamingFIFO_1_1_0' has 10 connections declared, but only 8 given [/tmp/FINN_build_mlp27k_w4a8_ft_clean/vivado_stitch_proj_8ba8a6h2/finn_vivado_stitch_proj.gen/sources_1/bd/finn_design/synth/finn_design.v:218]
INFO: [Synth 8-6157] synthesizing module 'finn_design_StreamingFIFO_2_0' [/tmp/FINN_build_mlp27k_w4a8_ft_clean/vivado_stitch_proj_8ba8a6h2/finn_vivado_stitch_proj.runs/synth_1/.Xil/Vivado-44626-finn_dev_miguel_tfg/realtime/finn_design_StreamingFIFO_2_0_stub.v:5]
INFO: [Synth 8-6155] done synthesizing module 'finn_design_StreamingFIFO_2_0' (0#1) [/tmp/FINN_build_mlp27k_w4a8_ft_clean/vivado_stitch_proj_8ba8a6h2/finn_vivado_stitch_proj.runs/synth_1/.Xil/Vivado-44626-finn_dev_miguel_tfg/realtime/finn_design_StreamingFIFO_2_0_stub.v:5]
WARNING: [Synth 8-7071] port 'count' of module 'finn_design_StreamingFIFO_2_0' is unconnected for instance 'StreamingFIFO_2' [/tmp/FINN_build_mlp27k_w4a8_ft_clean/vivado_stitch_proj_8ba8a6h2/finn_vivado_stitch_proj.gen/sources_1/bd/finn_design/synth/finn_design.v:227]
WARNING: [Synth 8-7071] port 'maxcount' of module 'finn_design_StreamingFIFO_2_0' is unconnected for instance 'StreamingFIFO_2' [/tmp/FINN_build_mlp27k_w4a8_ft_clean/vivado_stitch_proj_8ba8a6h2/finn_vivado_stitch_proj.gen/sources_1/bd/finn_design/synth/finn_design.v:227]
WARNING: [Synth 8-7023] instance 'StreamingFIFO_2' of module 'finn_design_StreamingFIFO_2_0' has 10 connections declared, but only 8 given [/tmp/FINN_build_mlp27k_w4a8_ft_clean/vivado_stitch_proj_8ba8a6h2/finn_vivado_stitch_proj.gen/sources_1/bd/finn_design/synth/finn_design.v:227]
INFO: [Synth 8-6157] synthesizing module 'finn_design_Thresholding_Batch_0_0' [/tmp/FINN_build_mlp27k_w4a8_ft_clean/vivado_stitch_proj_8ba8a6h2/finn_vivado_stitch_proj.runs/synth_1/.Xil/Vivado-44626-finn_dev_miguel_tfg/realtime/finn_design_Thresholding_Batch_0_0_stub.v:5]
INFO: [Synth 8-6155] done synthesizing module 'finn_design_Thresholding_Batch_0_0' (0#1) [/tmp/FINN_build_mlp27k_w4a8_ft_clean/vivado_stitch_proj_8ba8a6h2/finn_vivado_stitch_proj.runs/synth_1/.Xil/Vivado-44626-finn_dev_miguel_tfg/realtime/finn_design_Thresholding_Batch_0_0_stub.v:5]
INFO: [Synth 8-6155] done synthesizing module 'finn_design' (0#1) [/tmp/FINN_build_mlp27k_w4a8_ft_clean/vivado_stitch_proj_8ba8a6h2/finn_vivado_stitch_proj.gen/sources_1/bd/finn_design/synth/finn_design.v:104]
INFO: [Synth 8-6155] done synthesizing module 'finn_design_wrapper' (0#1) [/tmp/FINN_build_mlp27k_w4a8_ft_clean/vivado_stitch_proj_8ba8a6h2/finn_vivado_stitch_proj.gen/sources_1/bd/finn_design/hdl/finn_design_wrapper.v:12]
---------------------------------------------------------------------------------
Finished RTL Elaboration : Time (s): cpu = 00:00:03 ; elapsed = 00:00:03 . Memory (MB): peak = 3205.008 ; gain = 508.672 ; free physical = 34322 ; free virtual = 59322
Synthesis current peak Physical Memory [PSS] (MB): peak = 2298.676; parent = 2093.888; children = 204.788
Synthesis current peak Virtual Memory [VSS] (MB): peak = 4317.582; parent = 3205.012; children = 1112.570
---------------------------------------------------------------------------------
---------------------------------------------------------------------------------
Start Handling Custom Attributes
---------------------------------------------------------------------------------
---------------------------------------------------------------------------------
Finished Handling Custom Attributes : Time (s): cpu = 00:00:03 ; elapsed = 00:00:03 . Memory (MB): peak = 3222.820 ; gain = 526.484 ; free physical = 34322 ; free virtual = 59322
Synthesis current peak Physical Memory [PSS] (MB): peak = 2298.676; parent = 2093.888; children = 204.788
Synthesis current peak Virtual Memory [VSS] (MB): peak = 4335.395; parent = 3222.824; children = 1112.570
---------------------------------------------------------------------------------
---------------------------------------------------------------------------------
Finished RTL Optimization Phase 1 : Time (s): cpu = 00:00:03 ; elapsed = 00:00:03 . Memory (MB): peak = 3222.820 ; gain = 526.484 ; free physical = 34322 ; free virtual = 59322
Synthesis current peak Physical Memory [PSS] (MB): peak = 2298.676; parent = 2093.888; children = 204.788
Synthesis current peak Virtual Memory [VSS] (MB): peak = 4335.395; parent = 3222.824; children = 1112.570
---------------------------------------------------------------------------------
Netlist sorting complete. Time (s): cpu = 00:00:00 ; elapsed = 00:00:00 . Memory (MB): peak = 3222.820 ; gain = 0.000 ; free physical = 34322 ; free virtual = 59322
INFO: [Project 1-570] Preparing netlist for logic optimization

Processing XDC Constraints
Initializing timing engine
Parsing XDC File [/tmp/FINN_build_mlp27k_w4a8_ft_clean/vivado_stitch_proj_8ba8a6h2/finn_vivado_stitch_proj.gen/sources_1/bd/finn_design/ip/finn_design_fifo_0/finn_design_fifo_0/finn_design_fifo_1_in_context.xdc] for cell 'finn_design_i/StreamingFIFO_0_0/fifo'
Finished Parsing XDC File [/tmp/FINN_build_mlp27k_w4a8_ft_clean/vivado_stitch_proj_8ba8a6h2/finn_vivado_stitch_proj.gen/sources_1/bd/finn_design/ip/finn_design_fifo_0/finn_design_fifo_0/finn_design_fifo_1_in_context.xdc] for cell 'finn_design_i/StreamingFIFO_0_0/fifo'
Parsing XDC File [/tmp/FINN_build_mlp27k_w4a8_ft_clean/vivado_stitch_proj_8ba8a6h2/finn_vivado_stitch_proj.gen/sources_1/bd/finn_design/ip/finn_design_StreamingFIFO_0_1_0/finn_design_StreamingFIFO_0_1_0/finn_design_StreamingFIFO_0_1_0_in_context.xdc] for cell 'finn_design_i/StreamingFIFO_0_1'
Finished Parsing XDC File [/tmp/FINN_build_mlp27k_w4a8_ft_clean/vivado_stitch_proj_8ba8a6h2/finn_vivado_stitch_proj.gen/sources_1/bd/finn_design/ip/finn_design_StreamingFIFO_0_1_0/finn_design_StreamingFIFO_0_1_0/finn_design_StreamingFIFO_0_1_0_in_context.xdc] for cell 'finn_design_i/StreamingFIFO_0_1'
Parsing XDC File [/tmp/FINN_build_mlp27k_w4a8_ft_clean/vivado_stitch_proj_8ba8a6h2/finn_vivado_stitch_proj.gen/sources_1/bd/finn_design/ip/finn_design_Thresholding_Batch_0_0/finn_design_Thresholding_Batch_0_0/finn_design_Thresholding_Batch_0_0_in_context.xdc] for cell 'finn_design_i/Thresholding_Batch_0'
Finished Parsing XDC File [/tmp/FINN_build_mlp27k_w4a8_ft_clean/vivado_stitch_proj_8ba8a6h2/finn_vivado_stitch_proj.gen/sources_1/bd/finn_design/ip/finn_design_Thresholding_Batch_0_0/finn_design_Thresholding_Batch_0_0/finn_design_Thresholding_Batch_0_0_in_context.xdc] for cell 'finn_design_i/Thresholding_Batch_0'
Parsing XDC File [/tmp/FINN_build_mlp27k_w4a8_ft_clean/vivado_stitch_proj_8ba8a6h2/finn_vivado_stitch_proj.gen/sources_1/bd/finn_design/ip/finn_design_fifo_1/finn_design_fifo_1/finn_design_fifo_1_in_context.xdc] for cell 'finn_design_i/StreamingFIFO_1_0/fifo'
Finished Parsing XDC File [/tmp/FINN_build_mlp27k_w4a8_ft_clean/vivado_stitch_proj_8ba8a6h2/finn_vivado_stitch_proj.gen/sources_1/bd/finn_design/ip/finn_design_fifo_1/finn_design_fifo_1/finn_design_fifo_1_in_context.xdc] for cell 'finn_design_i/StreamingFIFO_1_0/fifo'
Parsing XDC File [/tmp/FINN_build_mlp27k_w4a8_ft_clean/vivado_stitch_proj_8ba8a6h2/finn_vivado_stitch_proj.gen/sources_1/bd/finn_design/ip/finn_design_StreamingFIFO_1_1_0/finn_design_StreamingFIFO_1_1_0/finn_design_StreamingFIFO_1_1_0_in_context.xdc] for cell 'finn_design_i/StreamingFIFO_1_1'
Finished Parsing XDC File [/tmp/FINN_build_mlp27k_w4a8_ft_clean/vivado_stitch_proj_8ba8a6h2/finn_vivado_stitch_proj.gen/sources_1/bd/finn_design/ip/finn_design_StreamingFIFO_1_1_0/finn_design_StreamingFIFO_1_1_0/finn_design_StreamingFIFO_1_1_0_in_context.xdc] for cell 'finn_design_i/StreamingFIFO_1_1'
Parsing XDC File [/tmp/FINN_build_mlp27k_w4a8_ft_clean/vivado_stitch_proj_8ba8a6h2/finn_vivado_stitch_proj.gen/sources_1/bd/finn_design/ip/finn_design_MatrixVectorActivation_0_0/finn_design_MatrixVectorActivation_0_0/finn_design_MatrixVectorActivation_0_0_in_context.xdc] for cell 'finn_design_i/MatrixVectorActivation_0'
Finished Parsing XDC File [/tmp/FINN_build_mlp27k_w4a8_ft_clean/vivado_stitch_proj_8ba8a6h2/finn_vivado_stitch_proj.gen/sources_1/bd/finn_design/ip/finn_design_MatrixVectorActivation_0_0/finn_design_MatrixVectorActivation_0_0/finn_design_MatrixVectorActivation_0_0_in_context.xdc] for cell 'finn_design_i/MatrixVectorActivation_0'
Parsing XDC File [/tmp/FINN_build_mlp27k_w4a8_ft_clean/vivado_stitch_proj_8ba8a6h2/finn_vivado_stitch_proj.gen/sources_1/bd/finn_design/ip/finn_design_StreamingFIFO_2_0/finn_design_StreamingFIFO_2_0/finn_design_StreamingFIFO_2_0_in_context.xdc] for cell 'finn_design_i/StreamingFIFO_2'
Finished Parsing XDC File [/tmp/FINN_build_mlp27k_w4a8_ft_clean/vivado_stitch_proj_8ba8a6h2/finn_vivado_stitch_proj.gen/sources_1/bd/finn_design/ip/finn_design_StreamingFIFO_2_0/finn_design_StreamingFIFO_2_0/finn_design_StreamingFIFO_2_0_in_context.xdc] for cell 'finn_design_i/StreamingFIFO_2'
Parsing XDC File [/tmp/FINN_build_mlp27k_w4a8_ft_clean/vivado_stitch_proj_8ba8a6h2/finn_vivado_stitch_proj.gen/sources_1/bd/finn_design/ip/finn_design_MatrixVectorActivation_1_0/finn_design_MatrixVectorActivation_1_0/finn_design_MatrixVectorActivation_1_0_in_context.xdc] for cell 'finn_design_i/MatrixVectorActivation_1'
Finished Parsing XDC File [/tmp/FINN_build_mlp27k_w4a8_ft_clean/vivado_stitch_proj_8ba8a6h2/finn_vivado_stitch_proj.gen/sources_1/bd/finn_design/ip/finn_design_MatrixVectorActivation_1_0/finn_design_MatrixVectorActivation_1_0/finn_design_MatrixVectorActivation_1_0_in_context.xdc] for cell 'finn_design_i/MatrixVectorActivation_1'
Parsing XDC File [/tmp/FINN_build_mlp27k_w4a8_ft_clean/vivado_stitch_proj_8ba8a6h2/finn_vivado_stitch_proj.gen/sources_1/bd/finn_design/ip/finn_design_MatrixVectorActivation_2_0/finn_design_MatrixVectorActivation_2_0/finn_design_MatrixVectorActivation_2_0_in_context.xdc] for cell 'finn_design_i/MatrixVectorActivation_2'
Finished Parsing XDC File [/tmp/FINN_build_mlp27k_w4a8_ft_clean/vivado_stitch_proj_8ba8a6h2/finn_vivado_stitch_proj.gen/sources_1/bd/finn_design/ip/finn_design_MatrixVectorActivation_2_0/finn_design_MatrixVectorActivation_2_0/finn_design_MatrixVectorActivation_2_0_in_context.xdc] for cell 'finn_design_i/MatrixVectorActivation_2'
Parsing XDC File [/tmp/FINN_build_mlp27k_w4a8_ft_clean/vivado_stitch_proj_8ba8a6h2/finn_vivado_stitch_proj.runs/synth_1/dont_touch.xdc]
Finished Parsing XDC File [/tmp/FINN_build_mlp27k_w4a8_ft_clean/vivado_stitch_proj_8ba8a6h2/finn_vivado_stitch_proj.runs/synth_1/dont_touch.xdc]
Completed Processing XDC Constraints

Netlist sorting complete. Time (s): cpu = 00:00:00 ; elapsed = 00:00:00 . Memory (MB): peak = 3743.758 ; gain = 0.000 ; free physical = 34326 ; free virtual = 59325
INFO: [Project 1-111] Unisim Transformation Summary:
No Unisim elements were transformed.

Constraint Validation Runtime : Time (s): cpu = 00:00:00.01 ; elapsed = 00:00:00.01 . Memory (MB): peak = 3743.758 ; gain = 0.000 ; free physical = 34326 ; free virtual = 59325
INFO: [Synth 8-11241] undeclared symbol 'REGCCE', assumed default net type 'wire' [/tools/Xilinx/Vivado/2022.2/data/verilog/src/unimacro/BRAM_SINGLE_MACRO.v:2170]
---------------------------------------------------------------------------------
Finished Constraint Validation : Time (s): cpu = 00:00:06 ; elapsed = 00:00:07 . Memory (MB): peak = 3743.758 ; gain = 1047.422 ; free physical = 34405 ; free virtual = 59405
Synthesis current peak Physical Memory [PSS] (MB): peak = 2298.676; parent = 2093.888; children = 204.788
Synthesis current peak Virtual Memory [VSS] (MB): peak = 4344.301; parent = 3231.730; children = 1112.570
---------------------------------------------------------------------------------
---------------------------------------------------------------------------------
Start Loading Part and Timing Information
---------------------------------------------------------------------------------
Loading part: xc7z020clg400-1
---------------------------------------------------------------------------------
Finished Loading Part and Timing Information : Time (s): cpu = 00:00:06 ; elapsed = 00:00:07 . Memory (MB): peak = 3743.758 ; gain = 1047.422 ; free physical = 34405 ; free virtual = 59405
Synthesis current peak Physical Memory [PSS] (MB): peak = 2298.676; parent = 2093.888; children = 204.788
Synthesis current peak Virtual Memory [VSS] (MB): peak = 4408.305; parent = 3295.734; children = 1112.570
---------------------------------------------------------------------------------
---------------------------------------------------------------------------------
Start Applying 'set_property' XDC Constraints
---------------------------------------------------------------------------------
Applied set_property KEEP_HIERARCHY = SOFT for finn_design_i. (constraint file  auto generated constraint).
Applied set_property KEEP_HIERARCHY = SOFT for finn_design_i/StreamingFIFO_0_0/fifo. (constraint file  auto generated constraint).
Applied set_property KEEP_HIERARCHY = SOFT for finn_design_i/StreamingFIFO_0_1. (constraint file  auto generated constraint).
Applied set_property KEEP_HIERARCHY = SOFT for finn_design_i/Thresholding_Batch_0. (constraint file  auto generated constraint).
Applied set_property KEEP_HIERARCHY = SOFT for finn_design_i/StreamingFIFO_1_0/fifo. (constraint file  auto generated constraint).
Applied set_property KEEP_HIERARCHY = SOFT for finn_design_i/StreamingFIFO_1_1. (constraint file  auto generated constraint).
Applied set_property KEEP_HIERARCHY = SOFT for finn_design_i/MatrixVectorActivation_0. (constraint file  auto generated constraint).
Applied set_property KEEP_HIERARCHY = SOFT for finn_design_i/StreamingFIFO_2. (constraint file  auto generated constraint).
Applied set_property KEEP_HIERARCHY = SOFT for finn_design_i/MatrixVectorActivation_1. (constraint file  auto generated constraint).
Applied set_property KEEP_HIERARCHY = SOFT for finn_design_i/MatrixVectorActivation_2. (constraint file  auto generated constraint).
---------------------------------------------------------------------------------
Finished applying 'set_property' XDC Constraints : Time (s): cpu = 00:00:06 ; elapsed = 00:00:07 . Memory (MB): peak = 3743.758 ; gain = 1047.422 ; free physical = 34405 ; free virtual = 59405
Synthesis current peak Physical Memory [PSS] (MB): peak = 2298.676; parent = 2093.888; children = 204.788
Synthesis current peak Virtual Memory [VSS] (MB): peak = 4408.305; parent = 3295.734; children = 1112.570
---------------------------------------------------------------------------------
---------------------------------------------------------------------------------
Finished RTL Optimization Phase 2 : Time (s): cpu = 00:00:06 ; elapsed = 00:00:07 . Memory (MB): peak = 3743.758 ; gain = 1047.422 ; free physical = 34405 ; free virtual = 59405
Synthesis current peak Physical Memory [PSS] (MB): peak = 2298.676; parent = 2093.888; children = 204.788
Synthesis current peak Virtual Memory [VSS] (MB): peak = 4408.305; parent = 3295.734; children = 1112.570
---------------------------------------------------------------------------------
---------------------------------------------------------------------------------
Start RTL Component Statistics 
---------------------------------------------------------------------------------
Detailed RTL Component Info : 
---------------------------------------------------------------------------------
Finished RTL Component Statistics 
---------------------------------------------------------------------------------
---------------------------------------------------------------------------------
Start Part Resource Summary
---------------------------------------------------------------------------------
Part Resources:
DSPs: 220 (col length:60)
BRAMs: 280 (col length: RAMB18 60 RAMB36 30)
---------------------------------------------------------------------------------
Finished Part Resource Summary
---------------------------------------------------------------------------------
---------------------------------------------------------------------------------
Start Cross Boundary and Area Optimization
---------------------------------------------------------------------------------
WARNING: [Synth 8-7080] Parallel synthesis criteria is not met
---------------------------------------------------------------------------------
Finished Cross Boundary and Area Optimization : Time (s): cpu = 00:00:07 ; elapsed = 00:00:08 . Memory (MB): peak = 3743.758 ; gain = 1047.422 ; free physical = 34411 ; free virtual = 59414
Synthesis current peak Physical Memory [PSS] (MB): peak = 2298.676; parent = 2093.888; children = 204.788
Synthesis current peak Virtual Memory [VSS] (MB): peak = 4408.305; parent = 3295.734; children = 1112.570
---------------------------------------------------------------------------------
---------------------------------------------------------------------------------
Start Applying XDC Timing Constraints
---------------------------------------------------------------------------------
---------------------------------------------------------------------------------
Finished Applying XDC Timing Constraints : Time (s): cpu = 00:00:10 ; elapsed = 00:00:11 . Memory (MB): peak = 3743.758 ; gain = 1047.422 ; free physical = 34391 ; free virtual = 59394
Synthesis current peak Physical Memory [PSS] (MB): peak = 2380.799; parent = 2176.073; children = 204.788
Synthesis current peak Virtual Memory [VSS] (MB): peak = 4408.305; parent = 3295.734; children = 1112.570
---------------------------------------------------------------------------------
---------------------------------------------------------------------------------
Start Timing Optimization
---------------------------------------------------------------------------------
---------------------------------------------------------------------------------
Finished Timing Optimization : Time (s): cpu = 00:00:10 ; elapsed = 00:00:11 . Memory (MB): peak = 3743.758 ; gain = 1047.422 ; free physical = 34391 ; free virtual = 59394
Synthesis current peak Physical Memory [PSS] (MB): peak = 2380.928; parent = 2176.202; children = 204.788
Synthesis current peak Virtual Memory [VSS] (MB): peak = 4408.305; parent = 3295.734; children = 1112.570
---------------------------------------------------------------------------------
---------------------------------------------------------------------------------
Start Technology Mapping
---------------------------------------------------------------------------------
---------------------------------------------------------------------------------
Finished Technology Mapping : Time (s): cpu = 00:00:10 ; elapsed = 00:00:11 . Memory (MB): peak = 3743.758 ; gain = 1047.422 ; free physical = 34375 ; free virtual = 59378
Synthesis current peak Physical Memory [PSS] (MB): peak = 2381.416; parent = 2176.690; children = 204.788
Synthesis current peak Virtual Memory [VSS] (MB): peak = 4408.305; parent = 3295.734; children = 1112.570
---------------------------------------------------------------------------------
---------------------------------------------------------------------------------
Start IO Insertion
---------------------------------------------------------------------------------
---------------------------------------------------------------------------------
Start Flattening Before IO Insertion
---------------------------------------------------------------------------------
---------------------------------------------------------------------------------
Finished Flattening Before IO Insertion
---------------------------------------------------------------------------------
---------------------------------------------------------------------------------
Start Final Netlist Cleanup
---------------------------------------------------------------------------------
---------------------------------------------------------------------------------
Finished Final Netlist Cleanup
---------------------------------------------------------------------------------
---------------------------------------------------------------------------------
Finished IO Insertion : Time (s): cpu = 00:00:12 ; elapsed = 00:00:12 . Memory (MB): peak = 3743.758 ; gain = 1047.422 ; free physical = 34404 ; free virtual = 59407
Synthesis current peak Physical Memory [PSS] (MB): peak = 2381.568; parent = 2176.843; children = 204.788
Synthesis current peak Virtual Memory [VSS] (MB): peak = 4408.305; parent = 3295.734; children = 1112.570
---------------------------------------------------------------------------------
---------------------------------------------------------------------------------
Start Renaming Generated Instances
---------------------------------------------------------------------------------
---------------------------------------------------------------------------------
Finished Renaming Generated Instances : Time (s): cpu = 00:00:12 ; elapsed = 00:00:12 . Memory (MB): peak = 3743.758 ; gain = 1047.422 ; free physical = 34404 ; free virtual = 59407
Synthesis current peak Physical Memory [PSS] (MB): peak = 2381.584; parent = 2176.858; children = 204.788
Synthesis current peak Virtual Memory [VSS] (MB): peak = 4408.305; parent = 3295.734; children = 1112.570
---------------------------------------------------------------------------------
---------------------------------------------------------------------------------
Start Rebuilding User Hierarchy
---------------------------------------------------------------------------------
---------------------------------------------------------------------------------
Finished Rebuilding User Hierarchy : Time (s): cpu = 00:00:12 ; elapsed = 00:00:12 . Memory (MB): peak = 3743.758 ; gain = 1047.422 ; free physical = 34404 ; free virtual = 59407
Synthesis current peak Physical Memory [PSS] (MB): peak = 2381.600; parent = 2176.874; children = 204.788
Synthesis current peak Virtual Memory [VSS] (MB): peak = 4408.305; parent = 3295.734; children = 1112.570
---------------------------------------------------------------------------------
---------------------------------------------------------------------------------
Start Renaming Generated Ports
---------------------------------------------------------------------------------
---------------------------------------------------------------------------------
Finished Renaming Generated Ports : Time (s): cpu = 00:00:12 ; elapsed = 00:00:12 . Memory (MB): peak = 3743.758 ; gain = 1047.422 ; free physical = 34404 ; free virtual = 59407
Synthesis current peak Physical Memory [PSS] (MB): peak = 2381.662; parent = 2176.937; children = 204.788
Synthesis current peak Virtual Memory [VSS] (MB): peak = 4408.305; parent = 3295.734; children = 1112.570
---------------------------------------------------------------------------------
---------------------------------------------------------------------------------
Start Handling Custom Attributes
---------------------------------------------------------------------------------
---------------------------------------------------------------------------------
Finished Handling Custom Attributes : Time (s): cpu = 00:00:12 ; elapsed = 00:00:13 . Memory (MB): peak = 3743.758 ; gain = 1047.422 ; free physical = 34404 ; free virtual = 59407
Synthesis current peak Physical Memory [PSS] (MB): peak = 2381.662; parent = 2176.937; children = 204.788
Synthesis current peak Virtual Memory [VSS] (MB): peak = 4408.305; parent = 3295.734; children = 1112.570
---------------------------------------------------------------------------------
---------------------------------------------------------------------------------
Start Renaming Generated Nets
---------------------------------------------------------------------------------
---------------------------------------------------------------------------------
Finished Renaming Generated Nets : Time (s): cpu = 00:00:12 ; elapsed = 00:00:13 . Memory (MB): peak = 3743.758 ; gain = 1047.422 ; free physical = 34404 ; free virtual = 59407
Synthesis current peak Physical Memory [PSS] (MB): peak = 2381.678; parent = 2176.952; children = 204.788
Synthesis current peak Virtual Memory [VSS] (MB): peak = 4408.305; parent = 3295.734; children = 1112.570
---------------------------------------------------------------------------------
---------------------------------------------------------------------------------
Start Writing Synthesis Report
---------------------------------------------------------------------------------

Report BlackBoxes: 
+------+---------------------------------------+----------+
|      |BlackBox name                          |Instances |
+------+---------------------------------------+----------+
|1     |finn_design_MatrixVectorActivation_0_0 |         1|
|2     |finn_design_MatrixVectorActivation_1_0 |         1|
|3     |finn_design_MatrixVectorActivation_2_0 |         1|
|4     |finn_design_StreamingFIFO_0_1_0        |         1|
|5     |finn_design_StreamingFIFO_1_1_0        |         1|
|6     |finn_design_StreamingFIFO_2_0          |         1|
|7     |finn_design_Thresholding_Batch_0_0     |         1|
|8     |finn_design_fifo_0                     |         1|
|9     |finn_design_fifo_1                     |         1|
+------+---------------------------------------+----------+

Report Cell Usage: 
+------+-------------------------------------+------+
|      |Cell                                 |Count |
+------+-------------------------------------+------+
|1     |finn_design_MatrixVectorActivation_0 |     1|
|2     |finn_design_MatrixVectorActivation_1 |     1|
|3     |finn_design_MatrixVectorActivation_2 |     1|
|4     |finn_design_StreamingFIFO_0_1        |     1|
|5     |finn_design_StreamingFIFO_1_1        |     1|
|6     |finn_design_StreamingFIFO_2          |     1|
|7     |finn_design_Thresholding_Batch_0     |     1|
|8     |finn_design_fifo                     |     2|
+------+-------------------------------------+------+
---------------------------------------------------------------------------------
Finished Writing Synthesis Report : Time (s): cpu = 00:00:12 ; elapsed = 00:00:13 . Memory (MB): peak = 3743.758 ; gain = 1047.422 ; free physical = 34404 ; free virtual = 59407
Synthesis current peak Physical Memory [PSS] (MB): peak = 2381.709; parent = 2176.983; children = 204.788
Synthesis current peak Virtual Memory [VSS] (MB): peak = 4408.305; parent = 3295.734; children = 1112.570
---------------------------------------------------------------------------------
Synthesis finished with 0 errors, 0 critical warnings and 1 warnings.
Synthesis Optimization Runtime : Time (s): cpu = 00:00:11 ; elapsed = 00:00:12 . Memory (MB): peak = 3743.758 ; gain = 526.484 ; free physical = 34404 ; free virtual = 59407
Synthesis Optimization Complete : Time (s): cpu = 00:00:12 ; elapsed = 00:00:13 . Memory (MB): peak = 3743.758 ; gain = 1047.422 ; free physical = 34404 ; free virtual = 59407
INFO: [Project 1-571] Translating synthesized netlist
Netlist sorting complete. Time (s): cpu = 00:00:00 ; elapsed = 00:00:00 . Memory (MB): peak = 3743.758 ; gain = 0.000 ; free physical = 34404 ; free virtual = 59407
INFO: [Project 1-570] Preparing netlist for logic optimization
INFO: [Opt 31-138] Pushed 0 inverter(s) to 0 load pin(s).
Netlist sorting complete. Time (s): cpu = 00:00:00 ; elapsed = 00:00:00 . Memory (MB): peak = 3743.758 ; gain = 0.000 ; free physical = 34538 ; free virtual = 59541
INFO: [Project 1-111] Unisim Transformation Summary:
No Unisim elements were transformed.

Synth Design complete, checksum: 371e3987
INFO: [Common 17-83] Releasing license: Synthesis
52 Infos, 10 Warnings, 2 Critical Warnings and 0 Errors encountered.
synth_design completed successfully
synth_design: Time (s): cpu = 00:00:16 ; elapsed = 00:00:16 . Memory (MB): peak = 3743.758 ; gain = 1391.895 ; free physical = 34684 ; free virtual = 59685
INFO: [Common 17-1381] The checkpoint '/tmp/FINN_build_mlp27k_w4a8_ft_clean/vivado_stitch_proj_8ba8a6h2/finn_vivado_stitch_proj.runs/synth_1/finn_design_wrapper.dcp' has been generated.
INFO: [runtcl-4] Executing : report_utilization -file finn_design_wrapper_utilization_synth.rpt -pb finn_design_wrapper_utilization_synth.pb
INFO: [Common 17-206] Exiting Vivado at Wed Jul  8 10:45:21 2026...
[Wed Jul  8 10:45:24 2026] synth_1 finished
wait_on_runs: Time (s): cpu = 00:05:10 ; elapsed = 00:01:50 . Memory (MB): peak = 4258.312 ; gain = 0.000 ; free physical = 36614 ; free virtual = 61610
# open_run synth_1 -name synth_1
Design is defaulting to impl run constrset: constrs_1
Design is defaulting to synth run part: xc7z020clg400-1
INFO: [Device 21-403] Loading part xc7z020clg400-1
INFO: [Project 1-454] Reading design checkpoint '/tmp/FINN_build_mlp27k_w4a8_ft_clean/vivado_stitch_proj_8ba8a6h2/finn_vivado_stitch_proj.gen/sources_1/bd/finn_design/ip/finn_design_MatrixVectorActivation_0_0/finn_design_MatrixVectorActivation_0_0.dcp' for cell 'finn_design_i/MatrixVectorActivation_0'
INFO: [Project 1-454] Reading design checkpoint '/tmp/FINN_build_mlp27k_w4a8_ft_clean/vivado_stitch_proj_8ba8a6h2/finn_vivado_stitch_proj.gen/sources_1/bd/finn_design/ip/finn_design_MatrixVectorActivation_1_0/finn_design_MatrixVectorActivation_1_0.dcp' for cell 'finn_design_i/MatrixVectorActivation_1'
INFO: [Project 1-454] Reading design checkpoint '/tmp/FINN_build_mlp27k_w4a8_ft_clean/vivado_stitch_proj_8ba8a6h2/finn_vivado_stitch_proj.gen/sources_1/bd/finn_design/ip/finn_design_MatrixVectorActivation_2_0/finn_design_MatrixVectorActivation_2_0.dcp' for cell 'finn_design_i/MatrixVectorActivation_2'
INFO: [Project 1-454] Reading design checkpoint '/tmp/FINN_build_mlp27k_w4a8_ft_clean/vivado_stitch_proj_8ba8a6h2/finn_vivado_stitch_proj.gen/sources_1/bd/finn_design/ip/finn_design_StreamingFIFO_0_1_0/finn_design_StreamingFIFO_0_1_0.dcp' for cell 'finn_design_i/StreamingFIFO_0_1'
INFO: [Project 1-454] Reading design checkpoint '/tmp/FINN_build_mlp27k_w4a8_ft_clean/vivado_stitch_proj_8ba8a6h2/finn_vivado_stitch_proj.gen/sources_1/bd/finn_design/ip/finn_design_StreamingFIFO_1_1_0/finn_design_StreamingFIFO_1_1_0.dcp' for cell 'finn_design_i/StreamingFIFO_1_1'
INFO: [Project 1-454] Reading design checkpoint '/tmp/FINN_build_mlp27k_w4a8_ft_clean/vivado_stitch_proj_8ba8a6h2/finn_vivado_stitch_proj.gen/sources_1/bd/finn_design/ip/finn_design_StreamingFIFO_2_0/finn_design_StreamingFIFO_2_0.dcp' for cell 'finn_design_i/StreamingFIFO_2'
INFO: [Project 1-454] Reading design checkpoint '/tmp/FINN_build_mlp27k_w4a8_ft_clean/vivado_stitch_proj_8ba8a6h2/finn_vivado_stitch_proj.gen/sources_1/bd/finn_design/ip/finn_design_Thresholding_Batch_0_0/finn_design_Thresholding_Batch_0_0.dcp' for cell 'finn_design_i/Thresholding_Batch_0'
INFO: [Project 1-454] Reading design checkpoint '/tmp/FINN_build_mlp27k_w4a8_ft_clean/vivado_stitch_proj_8ba8a6h2/finn_vivado_stitch_proj.gen/sources_1/bd/finn_design/ip/finn_design_fifo_0/finn_design_fifo_0.dcp' for cell 'finn_design_i/StreamingFIFO_0_0/fifo'
INFO: [Project 1-454] Reading design checkpoint '/tmp/FINN_build_mlp27k_w4a8_ft_clean/vivado_stitch_proj_8ba8a6h2/finn_vivado_stitch_proj.gen/sources_1/bd/finn_design/ip/finn_design_fifo_1/finn_design_fifo_1.dcp' for cell 'finn_design_i/StreamingFIFO_1_0/fifo'
Netlist sorting complete. Time (s): cpu = 00:00:00.07 ; elapsed = 00:00:00.07 . Memory (MB): peak = 4258.312 ; gain = 0.000 ; free physical = 36472 ; free virtual = 61468
INFO: [Netlist 29-17] Analyzing 3089 Unisim elements for replacement
INFO: [Netlist 29-28] Unisim Transformation completed in 0 CPU seconds
INFO: [Project 1-479] Netlist was created with Vivado 2022.2.2
INFO: [Project 1-570] Preparing netlist for logic optimization
INFO: [Project 1-1714] 4 XPM XDC files have been applied to the design.
INFO: [Opt 31-138] Pushed 0 inverter(s) to 0 load pin(s).
Netlist sorting complete. Time (s): cpu = 00:00:00 ; elapsed = 00:00:00 . Memory (MB): peak = 4258.312 ; gain = 0.000 ; free physical = 36364 ; free virtual = 61360
INFO: [Project 1-111] Unisim Transformation Summary:
No Unisim elements were transformed.

# write_verilog -force -mode synth_stub finn_design.v
# write_checkpoint finn_design.dcp
INFO: [Timing 38-35] Done setting XDC timing constraints.
INFO: [Timing 38-480] Writing timing data to binary archive.
INFO: [Common 17-1381] The checkpoint '/tmp/FINN_build_mlp27k_w4a8_ft_clean/vivado_stitch_proj_8ba8a6h2/finn_design.dcp' has been generated.
# write_xdc finn_design.xdc
# report_utilization -hierarchical -hierarchical_depth 5 -file finn_design_partition_util.rpt
# ipx::package_project -root_dir /tmp/FINN_build_mlp27k_w4a8_ft_clean/vivado_stitch_proj_8ba8a6h2/ip -vendor xilinx_finn -library finn -taxonomy /UserIP -module finn_design -import_files
INFO: [BD 41-1637] Generated targets are already up-to-date for block design 'finn_design' - hence not re-generating.
CRITICAL WARNING: [IP_Flow 19-5234] Found an invalid attribute: 'Misformed interface info attr: xilinx.com:interface:axis:1.0 m_axis_0'
CRITICAL WARNING: [IP_Flow 19-5234] Found an invalid attribute: 'Misformed interface info attr: xilinx.com:interface:axis:1.0 m_axis_0'
CRITICAL WARNING: [IP_Flow 19-5234] Found an invalid attribute: 'Misformed interface info attr: xilinx.com:interface:axis:1.0 m_axis_0'
CRITICAL WARNING: [IP_Flow 19-5234] Found an invalid attribute: 'Misformed interface info attr: xilinx.com:interface:axis:1.0 s_axis_0'
CRITICAL WARNING: [IP_Flow 19-5234] Found an invalid attribute: 'Misformed interface info attr: xilinx.com:interface:axis:1.0 s_axis_0'
CRITICAL WARNING: [IP_Flow 19-5234] Found an invalid attribute: 'Misformed interface info attr: xilinx.com:interface:axis:1.0 s_axis_0'
INFO: [IP_Flow 19-7067] Note that bus interface 's_axis_0' has a fixed FREQ_HZ of '100000000.000000'. This value will be respected whenever this IP is instantiated in IP Integrator.
INFO: [IP_Flow 19-7067] Note that bus interface 'm_axis_0' has a fixed FREQ_HZ of '100000000.000000'. This value will be respected whenever this IP is instantiated in IP Integrator.
INFO: [IP_Flow 19-7067] Note that bus interface 'CLK.AP_CLK' has a fixed FREQ_HZ of '100000000.000000'. This value will be respected whenever this IP is instantiated in IP Integrator.
WARNING: [IP_Flow 19-3157] Bus Interface 'RST.AP_RST_N': Bus parameter POLARITY is ACTIVE_LOW but port 'ap_rst_n' is not *resetn - please double check the POLARITY setting.
INFO: [IP_Flow 19-2181] Payment Required is not set for this core.
INFO: [IP_Flow 19-2187] The Product Guide file is missing.
# ipx::remove_segment -quiet m_axi_gmem0:APERTURE_0 [ipx::get_address_spaces m_axi_gmem0 -of_objects [ipx::current_core]]
# set_property core_revision 2 [ipx::find_open_core xilinx_finn:finn:finn_design:1.0]
# ipx::create_xgui_files [ipx::find_open_core xilinx_finn:finn:finn_design:1.0]
# set_property value_resolve_type user [ipx::get_bus_parameters -of [ipx::get_bus_interfaces -of [ipx::current_core ]]]
# set_property sdx_kernel true [ipx::find_open_core xilinx_finn:finn:finn_design:1.0]
# set_property sdx_kernel_type rtl [ipx::find_open_core xilinx_finn:finn:finn_design:1.0]
# set_property supported_families { } [ipx::find_open_core xilinx_finn:finn:finn_design:1.0]
# set_property xpm_libraries {XPM_CDC XPM_MEMORY XPM_FIFO} [ipx::find_open_core xilinx_finn:finn:finn_design:1.0]
# set_property auto_family_support_level level_2 [ipx::find_open_core xilinx_finn:finn:finn_design:1.0]
# ipx::remove_all_file [ipx::get_file_groups xilinx_anylanguagebehavioralsimulation]
# ipx::remove_all_file [ipx::get_file_groups xilinx_anylanguagesynthesis]
# ipx::remove_file_group xilinx_anylanguagebehavioralsimulation [ipx::current_core]
# ipx::remove_file_group xilinx_anylanguagesynthesis [ipx::current_core]
# file delete -force /tmp/FINN_build_mlp27k_w4a8_ft_clean/vivado_stitch_proj_8ba8a6h2/ip/sim
# file delete -force /tmp/FINN_build_mlp27k_w4a8_ft_clean/vivado_stitch_proj_8ba8a6h2/ip/src
# file mkdir /tmp/FINN_build_mlp27k_w4a8_ft_clean/vivado_stitch_proj_8ba8a6h2/ip/dcp
# file mkdir /tmp/FINN_build_mlp27k_w4a8_ft_clean/vivado_stitch_proj_8ba8a6h2/ip/impl
# file copy -force finn_design.dcp /tmp/FINN_build_mlp27k_w4a8_ft_clean/vivado_stitch_proj_8ba8a6h2/ip/dcp
# file copy -force finn_design.xdc /tmp/FINN_build_mlp27k_w4a8_ft_clean/vivado_stitch_proj_8ba8a6h2/ip/impl
# ipx::add_file_group xilinx_implementation [ipx::current_core]
# ipx::add_file impl/finn_design.xdc [ipx::get_file_groups xilinx_implementation]
# set_property used_in [list implementation] [ipx::get_files impl/finn_design.xdc -of_objects [ipx::get_file_groups xilinx_implementation]]
# ipx::add_file_group xilinx_synthesischeckpoint [ipx::current_core]
# ipx::add_file dcp/finn_design.dcp [ipx::get_file_groups xilinx_synthesischeckpoint]
# ipx::add_file_group xilinx_simulationcheckpoint [ipx::current_core]
# ipx::add_file dcp/finn_design.dcp [ipx::get_file_groups xilinx_simulationcheckpoint]
# file copy -force data ip/
# ipx::add_file_group -type software_driver {} [ipx::current_core]
# set_property type mdd [ipx::add_file data/finn_design.mdd [ipx::get_file_groups xilinx_softwaredriver -of_objects [ipx::current_core]]]
# set_property type tclSource [ipx::add_file data/finn_design.tcl [ipx::get_file_groups xilinx_softwaredriver -of_objects [ipx::current_core]]]
# ipx::update_checksums [ipx::find_open_core xilinx_finn:finn:finn_design:1.0]
# ipx::save_core [ipx::find_open_core xilinx_finn:finn:finn_design:1.0]
# set all_v_files [get_files -filter {USED_IN_SYNTHESIS == 1 && (FILE_TYPE == Verilog || FILE_TYPE == SystemVerilog || FILE_TYPE =="Verilog Header")}]
# set fp [open /tmp/FINN_build_mlp27k_w4a8_ft_clean/vivado_stitch_proj_8ba8a6h2/all_verilog_srcs.txt w]
# foreach vf $all_v_files {puts $fp $vf}
# close $fp
INFO: [Common 17-206] Exiting Vivado at Wed Jul  8 10:45:34 2026...
