

================================================================
== Vitis HLS Report for 'StreamingDataWidthConverter_Batch_0'
================================================================
* Date:           Fri Jun 12 09:19:35 2026

* Version:        2022.2.2 (Build 3779808 on Feb 17 2023)
* Project:        project_StreamingDataWidthConverter_Batch_0
* Solution:       sol1 (Vivado IP Flow Target)
* Product family: zynq
* Target device:  xc7z020-clg400-1


================================================================
== Performance Estimates
================================================================
+ Timing: 
    * Summary: 
    +--------+----------+----------+------------+
    |  Clock |  Target  | Estimated| Uncertainty|
    +--------+----------+----------+------------+
    |ap_clk  |  10.00 ns|  7.591 ns|     2.70 ns|
    +--------+----------+----------+------------+

+ Latency: 
    * Summary: 
    +---------+---------+----------+----------+-------+-------+---------+
    |  Latency (cycles) |  Latency (absolute) |    Interval   | Pipeline|
    |   min   |   max   |    min   |    max   |  min  |  max  |   Type  |
    +---------+---------+----------+----------+-------+-------+---------+
    |    65539|    65539|  0.655 ms|  0.655 ms|  65540|  65540|       no|
    +---------+---------+----------+----------+-------+-------+---------+

    + Detail: 
        * Instance: 
        N/A

        * Loop: 
        +--------------------+---------+---------+----------+-----------+-----------+-------+----------+
        |                    |  Latency (cycles) | Iteration|  Initiation Interval  |  Trip |          |
        |      Loop Name     |   min   |   max   |  Latency |  achieved |   target  | Count | Pipelined|
        +--------------------+---------+---------+----------+-----------+-----------+-------+----------+
        |- VITIS_LOOP_481_3  |    65537|    65537|         3|          1|          1|  65536|  yes(flp)|
        +--------------------+---------+---------+----------+-----------+-----------+-------+----------+

============================================================
+ Verbose Summary: Synthesis Manager
============================================================
InlineROM: 1
ExposeGlobal: 0
============================================================
+ Verbose Summary: CDFG Model
============================================================
IsTopModel: 1
ResetActiveHigh: 1
IsCombinational: 0
IsDatapathOnly: 0
HasWiredReturn: 1
HasMFsm: 1
HasVarLatency: 1
IsPipeline: 0
IsRtlPipelined: 0
IsInstanceOverlapped: 0
IsDontTouch: 0
HasImplIP: 0
IsGatedGlobalClock: 0

+ Individual pipeline summary: 
  * Pipeline-0: initiation interval (II) = 1, depth = 3


============================================================
+ Verbose Summary: Schedule
============================================================
* Number of FSM states : 3
* Pipeline : 1
  Pipeline-0 : II = 1, D = 3, States = { 1 2 3 }
* Dataflow Pipeline: 0

* FSM state transitions: 
1 --> 2 
2 --> 3 
3 --> 

* FSM state operations: 

State 1 <SV = 0> <Delay = 7.59>
ST_1 : Operation 6 [1/1] (0.00ns)   --->   "%p_Val2_s = alloca i32 1"   --->   Operation 6 'alloca' 'p_Val2_s' <Predicate = true> <Delay = 0.00>
ST_1 : Operation 7 [1/1] (0.00ns)   --->   "%i = alloca i32 1"   --->   Operation 7 'alloca' 'i' <Predicate = true> <Delay = 0.00>
ST_1 : Operation 8 [1/1] (0.00ns)   --->   "%t = alloca i32 1"   --->   Operation 8 'alloca' 't' <Predicate = true> <Delay = 0.00>
ST_1 : Operation 9 [1/1] (0.00ns)   --->   "%spectopmodule_ln15 = spectopmodule void @_ssdm_op_SpecTopModule, void @empty_2" [/home/miguel_tfg/FINN-v0.9-Stable/notebooks/UAH_example/FINN_build/code_gen_ipgen_StreamingDataWidthConverter_Batch_0_w9mxyx3n/top_StreamingDataWidthConverter_Batch_0.cpp:15]   --->   Operation 9 'spectopmodule' 'spectopmodule_ln15' <Predicate = true> <Delay = 0.00>
ST_1 : Operation 10 [1/1] (0.00ns)   --->   "%specinterface_ln15 = specinterface void @_ssdm_op_SpecInterface, i32 0, void @empty_3, i32 0, i32 0, void @empty_1, i32 0, i32 0, void @empty_1, void @empty_1, void @empty_1, i32 0, i32 0, i32 0, i32 0, void @empty_1, void @empty_1, i32 4294967295, i32 0" [/home/miguel_tfg/FINN-v0.9-Stable/notebooks/UAH_example/FINN_build/code_gen_ipgen_StreamingDataWidthConverter_Batch_0_w9mxyx3n/top_StreamingDataWidthConverter_Batch_0.cpp:15]   --->   Operation 10 'specinterface' 'specinterface_ln15' <Predicate = true> <Delay = 0.00>
ST_1 : Operation 11 [1/1] (0.00ns)   --->   "%specinterface_ln0 = specinterface void @_ssdm_op_SpecInterface, i8 %in0_V, void @empty, i32 1, i32 1, void @empty_0, i32 0, i32 0, void @empty_1, void @empty_1, void @empty_1, i32 0, i32 0, i32 0, i32 0, void @empty_1, void @empty_1, i32 4294967295, i32 0"   --->   Operation 11 'specinterface' 'specinterface_ln0' <Predicate = true> <Delay = 0.00>
ST_1 : Operation 12 [1/1] (0.00ns)   --->   "%specbitsmap_ln0 = specbitsmap void @_ssdm_op_SpecBitsMap, i8 %in0_V"   --->   Operation 12 'specbitsmap' 'specbitsmap_ln0' <Predicate = true> <Delay = 0.00>
ST_1 : Operation 13 [1/1] (0.00ns)   --->   "%specinterface_ln0 = specinterface void @_ssdm_op_SpecInterface, i64 %out_V, void @empty, i32 1, i32 1, void @empty_0, i32 0, i32 0, void @empty_1, void @empty_1, void @empty_1, i32 0, i32 0, i32 0, i32 0, void @empty_1, void @empty_1, i32 4294967295, i32 0"   --->   Operation 13 'specinterface' 'specinterface_ln0' <Predicate = true> <Delay = 0.00>
ST_1 : Operation 14 [1/1] (0.00ns)   --->   "%specbitsmap_ln0 = specbitsmap void @_ssdm_op_SpecBitsMap, i64 %out_V"   --->   Operation 14 'specbitsmap' 'specbitsmap_ln0' <Predicate = true> <Delay = 0.00>
ST_1 : Operation 15 [1/1] (1.58ns)   --->   "%store_ln481 = store i17 0, i17 %t" [/home/miguel_tfg/FINN-v0.9-Stable/deps/finn-hlslib/streamtools.h:481]   --->   Operation 15 'store' 'store_ln481' <Predicate = true> <Delay = 1.58>
ST_1 : Operation 16 [1/1] (1.58ns)   --->   "%store_ln481 = store i32 0, i32 %i" [/home/miguel_tfg/FINN-v0.9-Stable/deps/finn-hlslib/streamtools.h:481]   --->   Operation 16 'store' 'store_ln481' <Predicate = true> <Delay = 1.58>
ST_1 : Operation 17 [1/1] (1.58ns)   --->   "%store_ln481 = store i60 0, i60 %p_Val2_s" [/home/miguel_tfg/FINN-v0.9-Stable/deps/finn-hlslib/streamtools.h:481]   --->   Operation 17 'store' 'store_ln481' <Predicate = true> <Delay = 1.58>
ST_1 : Operation 18 [1/1] (0.00ns)   --->   "%br_ln481 = br void %for.body28.i" [/home/miguel_tfg/FINN-v0.9-Stable/deps/finn-hlslib/streamtools.h:481]   --->   Operation 18 'br' 'br_ln481' <Predicate = true> <Delay = 0.00>
ST_1 : Operation 19 [1/1] (0.00ns)   --->   "%t_1 = load i17 %t" [/home/miguel_tfg/FINN-v0.9-Stable/deps/finn-hlslib/streamtools.h:481]   --->   Operation 19 'load' 't_1' <Predicate = true> <Delay = 0.00>
ST_1 : Operation 20 [1/1] (2.43ns)   --->   "%icmp_ln481 = icmp_eq  i17 %t_1, i17 65536" [/home/miguel_tfg/FINN-v0.9-Stable/deps/finn-hlslib/streamtools.h:481]   --->   Operation 20 'icmp' 'icmp_ln481' <Predicate = true> <Delay = 2.43> <CoreInst = "Cmp">   --->   Core 9 'Cmp' <Latency = 0> <II = 1> <Delay = 2.43> <FuncUnit> <Opcode : 'icmp'> <InPorts = 2> <OutPorts = 1>
ST_1 : Operation 21 [1/1] (0.00ns)   --->   "%empty = speclooptripcount i32 @_ssdm_op_SpecLoopTripCount, i64 65536, i64 65536, i64 65536"   --->   Operation 21 'speclooptripcount' 'empty' <Predicate = true> <Delay = 0.00>
ST_1 : Operation 22 [1/1] (2.10ns)   --->   "%t_2 = add i17 %t_1, i17 1" [/home/miguel_tfg/FINN-v0.9-Stable/deps/finn-hlslib/streamtools.h:481]   --->   Operation 22 'add' 't_2' <Predicate = true> <Delay = 2.10> <CoreInst = "Adder">   --->   Core 1 'Adder' <Latency = 0> <II = 1> <Delay = 2.10> <FuncUnit> <Opcode : 'add' 'sub'> <InPorts = 2> <OutPorts = 1>
ST_1 : Operation 23 [1/1] (0.00ns)   --->   "%br_ln481 = br i1 %icmp_ln481, void %for.body28.i.split, void %_Z33StreamingDataWidthConverter_BatchILj4ELj64ELj65536EEvRN3hls6streamI7ap_uintIXT_EELi0EEERNS1_IS2_IXT0_EELi0EEEj.exit" [/home/miguel_tfg/FINN-v0.9-Stable/deps/finn-hlslib/streamtools.h:481]   --->   Operation 23 'br' 'br_ln481' <Predicate = true> <Delay = 0.00>
ST_1 : Operation 24 [1/1] (0.00ns)   --->   "%i_load = load i32 %i" [/home/miguel_tfg/FINN-v0.9-Stable/deps/finn-hlslib/streamtools.h:488]   --->   Operation 24 'load' 'i_load' <Predicate = (!icmp_ln481)> <Delay = 0.00>
ST_1 : Operation 25 [1/1] (0.00ns)   --->   "%in0_V_read = read i8 @_ssdm_op_Read.axis.volatile.i8P128A, i8 %in0_V" [/home/miguel_tfg/FINN-v0.9-Stable/deps/finn-hlslib/streamtools.h:484]   --->   Operation 25 'read' 'in0_V_read' <Predicate = (!icmp_ln481)> <Delay = 0.00> <CoreInst = "axis">   --->   Core 115 'axis' <Latency = 0> <II = 1> <Delay = 1.00> <Adapter> <Opcode : >
ST_1 : Operation 26 [1/1] (0.00ns)   --->   "%ei_V = trunc i8 %in0_V_read" [/home/miguel_tfg/FINN-v0.9-Stable/deps/finn-hlslib/streamtools.h:484]   --->   Operation 26 'trunc' 'ei_V' <Predicate = (!icmp_ln481)> <Delay = 0.00>
ST_1 : Operation 27 [1/1] (2.55ns)   --->   "%i_1 = add i32 %i_load, i32 1" [/home/miguel_tfg/FINN-v0.9-Stable/deps/finn-hlslib/streamtools.h:488]   --->   Operation 27 'add' 'i_1' <Predicate = (!icmp_ln481)> <Delay = 2.55> <CoreInst = "Adder">   --->   Core 1 'Adder' <Latency = 0> <II = 1> <Delay = 2.55> <FuncUnit> <Opcode : 'add' 'sub'> <InPorts = 2> <OutPorts = 1>
ST_1 : Operation 28 [1/1] (2.47ns)   --->   "%icmp_ln490 = icmp_eq  i32 %i_1, i32 16" [/home/miguel_tfg/FINN-v0.9-Stable/deps/finn-hlslib/streamtools.h:490]   --->   Operation 28 'icmp' 'icmp_ln490' <Predicate = (!icmp_ln481)> <Delay = 2.47> <CoreInst = "Cmp">   --->   Core 9 'Cmp' <Latency = 0> <II = 1> <Delay = 2.47> <FuncUnit> <Opcode : 'icmp'> <InPorts = 2> <OutPorts = 1>
ST_1 : Operation 29 [1/1] (0.00ns)   --->   "%br_ln490 = br i1 %icmp_ln490, void %for.body28.i.split.for.inc35.i_crit_edge, void %if.then33.i" [/home/miguel_tfg/FINN-v0.9-Stable/deps/finn-hlslib/streamtools.h:490]   --->   Operation 29 'br' 'br_ln490' <Predicate = (!icmp_ln481)> <Delay = 0.00>
ST_1 : Operation 30 [1/1] (1.58ns)   --->   "%store_ln490 = store i32 %i_1, i32 %i" [/home/miguel_tfg/FINN-v0.9-Stable/deps/finn-hlslib/streamtools.h:490]   --->   Operation 30 'store' 'store_ln490' <Predicate = (!icmp_ln481 & !icmp_ln490)> <Delay = 1.58>
ST_1 : Operation 31 [1/1] (0.00ns)   --->   "%br_ln490 = br void %for.inc35.i" [/home/miguel_tfg/FINN-v0.9-Stable/deps/finn-hlslib/streamtools.h:490]   --->   Operation 31 'br' 'br_ln490' <Predicate = (!icmp_ln481 & !icmp_ln490)> <Delay = 0.00>
ST_1 : Operation 32 [1/1] (1.58ns)   --->   "%store_ln493 = store i32 0, i32 %i" [/home/miguel_tfg/FINN-v0.9-Stable/deps/finn-hlslib/streamtools.h:493]   --->   Operation 32 'store' 'store_ln493' <Predicate = (!icmp_ln481 & icmp_ln490)> <Delay = 1.58>
ST_1 : Operation 33 [1/1] (1.58ns)   --->   "%store_ln481 = store i17 %t_2, i17 %t" [/home/miguel_tfg/FINN-v0.9-Stable/deps/finn-hlslib/streamtools.h:481]   --->   Operation 33 'store' 'store_ln481' <Predicate = (!icmp_ln481)> <Delay = 1.58>

State 2 <SV = 1> <Delay = 1.58>
ST_2 : Operation 34 [1/1] (0.00ns)   --->   "%p_Val2_load = load i60 %p_Val2_s"   --->   Operation 34 'load' 'p_Val2_load' <Predicate = (!icmp_ln481)> <Delay = 0.00>
ST_2 : Operation 35 [1/1] (0.00ns)   --->   "%specpipeline_ln482 = specpipeline void @_ssdm_op_SpecPipeline, i32 1, i32 2, i32 0, i32 0, void @empty_1" [/home/miguel_tfg/FINN-v0.9-Stable/deps/finn-hlslib/streamtools.h:482]   --->   Operation 35 'specpipeline' 'specpipeline_ln482' <Predicate = (!icmp_ln481)> <Delay = 0.00>
ST_2 : Operation 36 [1/1] (0.00ns)   --->   "%specloopname_ln480 = specloopname void @_ssdm_op_SpecLoopName, void @empty_4" [/home/miguel_tfg/FINN-v0.9-Stable/deps/finn-hlslib/streamtools.h:480]   --->   Operation 36 'specloopname' 'specloopname_ln480' <Predicate = (!icmp_ln481)> <Delay = 0.00>
ST_2 : Operation 37 [1/1] (0.00ns)   --->   "%p_Result_s = bitconcatenate i64 @_ssdm_op_BitConcatenate.i64.i4.i60, i4 %ei_V, i60 %p_Val2_load"   --->   Operation 37 'bitconcatenate' 'p_Result_s' <Predicate = (!icmp_ln481)> <Delay = 0.00>
ST_2 : Operation 38 [2/2] (0.00ns)   --->   "%write_ln492 = write void @_ssdm_op_Write.axis.volatile.i64P128A, i64 %out_V, i64 %p_Result_s" [/home/miguel_tfg/FINN-v0.9-Stable/deps/finn-hlslib/streamtools.h:492]   --->   Operation 38 'write' 'write_ln492' <Predicate = (!icmp_ln481 & icmp_ln490)> <Delay = 0.00> <CoreInst = "axis">   --->   Core 115 'axis' <Latency = 0> <II = 1> <Delay = 1.00> <Adapter> <Opcode : >
ST_2 : Operation 39 [1/1] (0.00ns)   --->   "%p_Val2_load_1 = load i60 %p_Val2_s" [/home/miguel_tfg/FINN-v0.9-Stable/deps/finn-hlslib/streamtools.h:481]   --->   Operation 39 'load' 'p_Val2_load_1' <Predicate = (!icmp_ln481)> <Delay = 0.00>
ST_2 : Operation 40 [1/1] (0.00ns)   --->   "%tmp = partselect i56 @_ssdm_op_PartSelect.i56.i60.i32.i32, i60 %p_Val2_load_1, i32 4, i32 59" [/home/miguel_tfg/FINN-v0.9-Stable/deps/finn-hlslib/streamtools.h:481]   --->   Operation 40 'partselect' 'tmp' <Predicate = (!icmp_ln481)> <Delay = 0.00>
ST_2 : Operation 41 [1/1] (0.00ns)   --->   "%trunc_ln = bitconcatenate i60 @_ssdm_op_BitConcatenate.i60.i4.i56, i4 %ei_V, i56 %tmp" [/home/miguel_tfg/FINN-v0.9-Stable/deps/finn-hlslib/streamtools.h:481]   --->   Operation 41 'bitconcatenate' 'trunc_ln' <Predicate = (!icmp_ln481)> <Delay = 0.00>
ST_2 : Operation 42 [1/1] (1.58ns)   --->   "%store_ln481 = store i60 %trunc_ln, i60 %p_Val2_s" [/home/miguel_tfg/FINN-v0.9-Stable/deps/finn-hlslib/streamtools.h:481]   --->   Operation 42 'store' 'store_ln481' <Predicate = (!icmp_ln481)> <Delay = 1.58>
ST_2 : Operation 43 [1/1] (0.00ns)   --->   "%br_ln481 = br void %for.body28.i" [/home/miguel_tfg/FINN-v0.9-Stable/deps/finn-hlslib/streamtools.h:481]   --->   Operation 43 'br' 'br_ln481' <Predicate = (!icmp_ln481)> <Delay = 0.00>

State 3 <SV = 2> <Delay = 0.00>
ST_3 : Operation 44 [1/2] (0.00ns)   --->   "%write_ln492 = write void @_ssdm_op_Write.axis.volatile.i64P128A, i64 %out_V, i64 %p_Result_s" [/home/miguel_tfg/FINN-v0.9-Stable/deps/finn-hlslib/streamtools.h:492]   --->   Operation 44 'write' 'write_ln492' <Predicate = (!icmp_ln481 & icmp_ln490)> <Delay = 0.00> <CoreInst = "axis">   --->   Core 115 'axis' <Latency = 0> <II = 1> <Delay = 1.00> <Adapter> <Opcode : >
ST_3 : Operation 45 [1/1] (0.00ns)   --->   "%br_ln493 = br void %for.inc35.i" [/home/miguel_tfg/FINN-v0.9-Stable/deps/finn-hlslib/streamtools.h:493]   --->   Operation 45 'br' 'br_ln493' <Predicate = (!icmp_ln481 & icmp_ln490)> <Delay = 0.00>
ST_3 : Operation 46 [1/1] (0.00ns)   --->   "%ret_ln21 = ret" [/home/miguel_tfg/FINN-v0.9-Stable/notebooks/UAH_example/FINN_build/code_gen_ipgen_StreamingDataWidthConverter_Batch_0_w9mxyx3n/top_StreamingDataWidthConverter_Batch_0.cpp:21]   --->   Operation 46 'ret' 'ret_ln21' <Predicate = (icmp_ln481)> <Delay = 0.00>


============================================================
+ Verbose Summary: Binding
============================================================
STG Binding: 
---------------- STG Properties BEGIN ----------------
- Is combinational: 0
- Is one-state seq: 0
- Is datapath-only: 0
- Is pipelined: 0
- Is top level: 1
Port [ Return ] is wired: 1; IO mode=ap_ctrl_none:ce=0
Port [ in0_V]:  wired=1; compound=1; hidden=0; nouse=0; global=0; static=0; extern=0; dir=0; type=0; pingpong=0; private_global=0; IO mode=axis:ce=0
Port [ out_V]:  wired=1; compound=1; hidden=0; nouse=0; global=0; static=0; extern=0; dir=1; type=0; pingpong=0; private_global=0; IO mode=axis:ce=0
---------------- STG Properties END ------------------

---------------- Datapath Model BEGIN ----------------

<LifeTime>
<method=bitvector/>
p_Val2_s           (alloca           ) [ 0110]
i                  (alloca           ) [ 0100]
t                  (alloca           ) [ 0100]
spectopmodule_ln15 (spectopmodule    ) [ 0000]
specinterface_ln15 (specinterface    ) [ 0000]
specinterface_ln0  (specinterface    ) [ 0000]
specbitsmap_ln0    (specbitsmap      ) [ 0000]
specinterface_ln0  (specinterface    ) [ 0000]
specbitsmap_ln0    (specbitsmap      ) [ 0000]
store_ln481        (store            ) [ 0000]
store_ln481        (store            ) [ 0000]
store_ln481        (store            ) [ 0000]
br_ln481           (br               ) [ 0000]
t_1                (load             ) [ 0000]
icmp_ln481         (icmp             ) [ 0111]
empty              (speclooptripcount) [ 0000]
t_2                (add              ) [ 0000]
br_ln481           (br               ) [ 0000]
i_load             (load             ) [ 0000]
in0_V_read         (read             ) [ 0000]
ei_V               (trunc            ) [ 0110]
i_1                (add              ) [ 0000]
icmp_ln490         (icmp             ) [ 0111]
br_ln490           (br               ) [ 0000]
store_ln490        (store            ) [ 0000]
br_ln490           (br               ) [ 0000]
store_ln493        (store            ) [ 0000]
store_ln481        (store            ) [ 0000]
p_Val2_load        (load             ) [ 0000]
specpipeline_ln482 (specpipeline     ) [ 0000]
specloopname_ln480 (specloopname     ) [ 0000]
p_Result_s         (bitconcatenate   ) [ 0101]
p_Val2_load_1      (load             ) [ 0000]
tmp                (partselect       ) [ 0000]
trunc_ln           (bitconcatenate   ) [ 0000]
store_ln481        (store            ) [ 0000]
br_ln481           (br               ) [ 0000]
write_ln492        (write            ) [ 0000]
br_ln493           (br               ) [ 0000]
ret_ln21           (ret              ) [ 0000]
</LifeTime>

<model>

<comp_list>
<comp id="0" class="1000" name="in0_V">
<pin_list>
<pin id="1" dir="1" index="0" bw="1" slack="0"/>
</pin_list>
<bind>
<StgValue><ssdm name="in0_V"/></StgValue>
</bind>
</comp>

<comp id="2" class="1000" name="out_V">
<pin_list>
<pin id="3" dir="1" index="0" bw="1" slack="0"/>
</pin_list>
<bind>
<StgValue><ssdm name="out_V"/></StgValue>
</bind>
</comp>

<comp id="4" class="1001" name="const_4">
<pin_list>
<pin id="5" dir="1" index="0" bw="1" slack="0"/>
</pin_list>
<bind>
<StgValue><ssdm name=""/></StgValue>
</bind>
</comp>

<comp id="6" class="1001" name="const_6">
<pin_list>
<pin id="7" dir="1" index="0" bw="1" slack="2147483647"/>
</pin_list>
<bind>
<StgValue><ssdm name="_ssdm_op_SpecTopModule"/></StgValue>
</bind>
</comp>

<comp id="8" class="1001" name="const_8">
<pin_list>
<pin id="9" dir="1" index="0" bw="1" slack="2147483647"/>
</pin_list>
<bind>
<StgValue><ssdm name="empty_2"/></StgValue>
</bind>
</comp>

<comp id="10" class="1001" name="const_10">
<pin_list>
<pin id="11" dir="1" index="0" bw="1" slack="2147483647"/>
</pin_list>
<bind>
<StgValue><ssdm name="_ssdm_op_SpecInterface"/></StgValue>
</bind>
</comp>

<comp id="12" class="1001" name="const_12">
<pin_list>
<pin id="13" dir="1" index="0" bw="1" slack="0"/>
</pin_list>
<bind>
<StgValue><ssdm name=""/></StgValue>
</bind>
</comp>

<comp id="14" class="1001" name="const_14">
<pin_list>
<pin id="15" dir="1" index="0" bw="1" slack="2147483647"/>
</pin_list>
<bind>
<StgValue><ssdm name="empty_3"/></StgValue>
</bind>
</comp>

<comp id="16" class="1001" name="const_16">
<pin_list>
<pin id="17" dir="1" index="0" bw="1" slack="2147483647"/>
</pin_list>
<bind>
<StgValue><ssdm name="empty_1"/></StgValue>
</bind>
</comp>

<comp id="18" class="1001" name="const_18">
<pin_list>
<pin id="19" dir="1" index="0" bw="1" slack="2147483647"/>
</pin_list>
<bind>
<StgValue><ssdm name=""/></StgValue>
</bind>
</comp>

<comp id="20" class="1001" name="const_20">
<pin_list>
<pin id="21" dir="1" index="0" bw="1" slack="2147483647"/>
</pin_list>
<bind>
<StgValue><ssdm name="empty"/></StgValue>
</bind>
</comp>

<comp id="22" class="1001" name="const_22">
<pin_list>
<pin id="23" dir="1" index="0" bw="1" slack="2147483647"/>
</pin_list>
<bind>
<StgValue><ssdm name="empty_0"/></StgValue>
</bind>
</comp>

<comp id="24" class="1001" name="const_24">
<pin_list>
<pin id="25" dir="1" index="0" bw="1" slack="2147483647"/>
</pin_list>
<bind>
<StgValue><ssdm name="_ssdm_op_SpecBitsMap"/></StgValue>
</bind>
</comp>

<comp id="26" class="1001" name="const_26">
<pin_list>
<pin id="27" dir="1" index="0" bw="1" slack="0"/>
</pin_list>
<bind>
<StgValue><ssdm name=""/></StgValue>
</bind>
</comp>

<comp id="28" class="1001" name="const_28">
<pin_list>
<pin id="29" dir="1" index="0" bw="1" slack="0"/>
</pin_list>
<bind>
<StgValue><ssdm name=""/></StgValue>
</bind>
</comp>

<comp id="30" class="1001" name="const_30">
<pin_list>
<pin id="31" dir="1" index="0" bw="1" slack="0"/>
</pin_list>
<bind>
<StgValue><ssdm name=""/></StgValue>
</bind>
</comp>

<comp id="32" class="1001" name="const_32">
<pin_list>
<pin id="33" dir="1" index="0" bw="1" slack="2147483647"/>
</pin_list>
<bind>
<StgValue><ssdm name="_ssdm_op_SpecLoopTripCount"/></StgValue>
</bind>
</comp>

<comp id="34" class="1001" name="const_34">
<pin_list>
<pin id="35" dir="1" index="0" bw="1" slack="2147483647"/>
</pin_list>
<bind>
<StgValue><ssdm name=""/></StgValue>
</bind>
</comp>

<comp id="36" class="1001" name="const_36">
<pin_list>
<pin id="37" dir="1" index="0" bw="1" slack="0"/>
</pin_list>
<bind>
<StgValue><ssdm name=""/></StgValue>
</bind>
</comp>

<comp id="38" class="1001" name="const_38">
<pin_list>
<pin id="39" dir="1" index="0" bw="1" slack="0"/>
</pin_list>
<bind>
<StgValue><ssdm name="_ssdm_op_Read.axis.volatile.i8P128A"/></StgValue>
</bind>
</comp>

<comp id="40" class="1001" name="const_40">
<pin_list>
<pin id="41" dir="1" index="0" bw="1" slack="0"/>
</pin_list>
<bind>
<StgValue><ssdm name=""/></StgValue>
</bind>
</comp>

<comp id="42" class="1001" name="const_42">
<pin_list>
<pin id="43" dir="1" index="0" bw="1" slack="2147483647"/>
</pin_list>
<bind>
<StgValue><ssdm name="_ssdm_op_SpecPipeline"/></StgValue>
</bind>
</comp>

<comp id="44" class="1001" name="const_44">
<pin_list>
<pin id="45" dir="1" index="0" bw="1" slack="2147483647"/>
</pin_list>
<bind>
<StgValue><ssdm name=""/></StgValue>
</bind>
</comp>

<comp id="46" class="1001" name="const_46">
<pin_list>
<pin id="47" dir="1" index="0" bw="1" slack="2147483647"/>
</pin_list>
<bind>
<StgValue><ssdm name="_ssdm_op_SpecLoopName"/></StgValue>
</bind>
</comp>

<comp id="48" class="1001" name="const_48">
<pin_list>
<pin id="49" dir="1" index="0" bw="1" slack="2147483647"/>
</pin_list>
<bind>
<StgValue><ssdm name="empty_4"/></StgValue>
</bind>
</comp>

<comp id="50" class="1001" name="const_50">
<pin_list>
<pin id="51" dir="1" index="0" bw="1" slack="0"/>
</pin_list>
<bind>
<StgValue><ssdm name="_ssdm_op_BitConcatenate.i64.i4.i60"/></StgValue>
</bind>
</comp>

<comp id="52" class="1001" name="const_52">
<pin_list>
<pin id="53" dir="1" index="0" bw="1" slack="0"/>
</pin_list>
<bind>
<StgValue><ssdm name="_ssdm_op_Write.axis.volatile.i64P128A"/></StgValue>
</bind>
</comp>

<comp id="54" class="1001" name="const_54">
<pin_list>
<pin id="55" dir="1" index="0" bw="1" slack="0"/>
</pin_list>
<bind>
<StgValue><ssdm name="_ssdm_op_PartSelect.i56.i60.i32.i32"/></StgValue>
</bind>
</comp>

<comp id="56" class="1001" name="const_56">
<pin_list>
<pin id="57" dir="1" index="0" bw="1" slack="0"/>
</pin_list>
<bind>
<StgValue><ssdm name=""/></StgValue>
</bind>
</comp>

<comp id="58" class="1001" name="const_58">
<pin_list>
<pin id="59" dir="1" index="0" bw="1" slack="0"/>
</pin_list>
<bind>
<StgValue><ssdm name=""/></StgValue>
</bind>
</comp>

<comp id="60" class="1001" name="const_60">
<pin_list>
<pin id="61" dir="1" index="0" bw="1" slack="0"/>
</pin_list>
<bind>
<StgValue><ssdm name="_ssdm_op_BitConcatenate.i60.i4.i56"/></StgValue>
</bind>
</comp>

<comp id="62" class="1004" name="p_Val2_s_fu_62">
<pin_list>
<pin id="63" dir="0" index="0" bw="1" slack="0"/>
<pin id="64" dir="1" index="1" bw="60" slack="0"/>
</pin_list>
<bind>
<opcode="alloca(26) " fcode="alloca"/>
<opset="p_Val2_s/1 "/>
</bind>
</comp>

<comp id="66" class="1004" name="i_fu_66">
<pin_list>
<pin id="67" dir="0" index="0" bw="1" slack="0"/>
<pin id="68" dir="1" index="1" bw="32" slack="0"/>
</pin_list>
<bind>
<opcode="alloca(26) " fcode="alloca"/>
<opset="i/1 "/>
</bind>
</comp>

<comp id="70" class="1004" name="t_fu_70">
<pin_list>
<pin id="71" dir="0" index="0" bw="1" slack="0"/>
<pin id="72" dir="1" index="1" bw="17" slack="0"/>
</pin_list>
<bind>
<opcode="alloca(26) " fcode="alloca"/>
<opset="t/1 "/>
</bind>
</comp>

<comp id="74" class="1004" name="in0_V_read_read_fu_74">
<pin_list>
<pin id="75" dir="0" index="0" bw="8" slack="0"/>
<pin id="76" dir="0" index="1" bw="8" slack="0"/>
<pin id="77" dir="1" index="2" bw="8" slack="0"/>
</pin_list>
<bind>
<opcode="read(1150) " fcode="read"/>
<opset="in0_V_read/1 "/>
</bind>
</comp>

<comp id="80" class="1004" name="grp_write_fu_80">
<pin_list>
<pin id="81" dir="0" index="0" bw="0" slack="0"/>
<pin id="82" dir="0" index="1" bw="64" slack="0"/>
<pin id="83" dir="0" index="2" bw="64" slack="0"/>
<pin id="84" dir="1" index="3" bw="0" slack="2147483647"/>
</pin_list>
<bind>
<opcode="write(1151) " fcode="write"/>
<opset="write_ln492/2 "/>
</bind>
</comp>

<comp id="87" class="1004" name="store_ln481_store_fu_87">
<pin_list>
<pin id="88" dir="0" index="0" bw="1" slack="0"/>
<pin id="89" dir="0" index="1" bw="17" slack="0"/>
<pin id="90" dir="1" index="2" bw="0" slack="2147483647"/>
</pin_list>
<bind>
<opcode="store(28) " fcode="store"/>
<opset="store_ln481/1 "/>
</bind>
</comp>

<comp id="92" class="1004" name="store_ln481_store_fu_92">
<pin_list>
<pin id="93" dir="0" index="0" bw="1" slack="0"/>
<pin id="94" dir="0" index="1" bw="32" slack="0"/>
<pin id="95" dir="1" index="2" bw="0" slack="2147483647"/>
</pin_list>
<bind>
<opcode="store(28) " fcode="store"/>
<opset="store_ln481/1 "/>
</bind>
</comp>

<comp id="97" class="1004" name="store_ln481_store_fu_97">
<pin_list>
<pin id="98" dir="0" index="0" bw="1" slack="0"/>
<pin id="99" dir="0" index="1" bw="60" slack="0"/>
<pin id="100" dir="1" index="2" bw="0" slack="2147483647"/>
</pin_list>
<bind>
<opcode="store(28) " fcode="store"/>
<opset="store_ln481/1 "/>
</bind>
</comp>

<comp id="102" class="1004" name="t_1_load_fu_102">
<pin_list>
<pin id="103" dir="0" index="0" bw="17" slack="0"/>
<pin id="104" dir="1" index="1" bw="17" slack="0"/>
</pin_list>
<bind>
<opcode="load(27) " fcode="load"/>
<opset="t_1/1 "/>
</bind>
</comp>

<comp id="105" class="1004" name="icmp_ln481_fu_105">
<pin_list>
<pin id="106" dir="0" index="0" bw="17" slack="0"/>
<pin id="107" dir="0" index="1" bw="17" slack="0"/>
<pin id="108" dir="1" index="2" bw="1" slack="1"/>
</pin_list>
<bind>
<opcode="icmp(45) " fcode="icmp"/>
<opset="icmp_ln481/1 "/>
</bind>
</comp>

<comp id="111" class="1004" name="t_2_fu_111">
<pin_list>
<pin id="112" dir="0" index="0" bw="17" slack="0"/>
<pin id="113" dir="0" index="1" bw="1" slack="0"/>
<pin id="114" dir="1" index="2" bw="17" slack="0"/>
</pin_list>
<bind>
<opcode="add(8) " fcode="add"/>
<opset="t_2/1 "/>
</bind>
</comp>

<comp id="117" class="1004" name="i_load_load_fu_117">
<pin_list>
<pin id="118" dir="0" index="0" bw="32" slack="0"/>
<pin id="119" dir="1" index="1" bw="32" slack="0"/>
</pin_list>
<bind>
<opcode="load(27) " fcode="load"/>
<opset="i_load/1 "/>
</bind>
</comp>

<comp id="120" class="1004" name="ei_V_fu_120">
<pin_list>
<pin id="121" dir="0" index="0" bw="8" slack="0"/>
<pin id="122" dir="1" index="1" bw="4" slack="1"/>
</pin_list>
<bind>
<opcode="trunc(33) " fcode="trunc"/>
<opset="ei_V/1 "/>
</bind>
</comp>

<comp id="124" class="1004" name="i_1_fu_124">
<pin_list>
<pin id="125" dir="0" index="0" bw="32" slack="0"/>
<pin id="126" dir="0" index="1" bw="1" slack="0"/>
<pin id="127" dir="1" index="2" bw="32" slack="0"/>
</pin_list>
<bind>
<opcode="add(8) " fcode="add"/>
<opset="i_1/1 "/>
</bind>
</comp>

<comp id="130" class="1004" name="icmp_ln490_fu_130">
<pin_list>
<pin id="131" dir="0" index="0" bw="32" slack="0"/>
<pin id="132" dir="0" index="1" bw="6" slack="0"/>
<pin id="133" dir="1" index="2" bw="1" slack="1"/>
</pin_list>
<bind>
<opcode="icmp(45) " fcode="icmp"/>
<opset="icmp_ln490/1 "/>
</bind>
</comp>

<comp id="136" class="1004" name="store_ln490_store_fu_136">
<pin_list>
<pin id="137" dir="0" index="0" bw="32" slack="0"/>
<pin id="138" dir="0" index="1" bw="32" slack="0"/>
<pin id="139" dir="1" index="2" bw="0" slack="2147483647"/>
</pin_list>
<bind>
<opcode="store(28) " fcode="store"/>
<opset="store_ln490/1 "/>
</bind>
</comp>

<comp id="141" class="1004" name="store_ln493_store_fu_141">
<pin_list>
<pin id="142" dir="0" index="0" bw="1" slack="0"/>
<pin id="143" dir="0" index="1" bw="32" slack="0"/>
<pin id="144" dir="1" index="2" bw="0" slack="2147483647"/>
</pin_list>
<bind>
<opcode="store(28) " fcode="store"/>
<opset="store_ln493/1 "/>
</bind>
</comp>

<comp id="146" class="1004" name="store_ln481_store_fu_146">
<pin_list>
<pin id="147" dir="0" index="0" bw="17" slack="0"/>
<pin id="148" dir="0" index="1" bw="17" slack="0"/>
<pin id="149" dir="1" index="2" bw="0" slack="2147483647"/>
</pin_list>
<bind>
<opcode="store(28) " fcode="store"/>
<opset="store_ln481/1 "/>
</bind>
</comp>

<comp id="151" class="1004" name="p_Val2_load_load_fu_151">
<pin_list>
<pin id="152" dir="0" index="0" bw="60" slack="1"/>
<pin id="153" dir="1" index="1" bw="60" slack="0"/>
</pin_list>
<bind>
<opcode="load(27) " fcode="load"/>
<opset="p_Val2_load/2 "/>
</bind>
</comp>

<comp id="154" class="1004" name="p_Result_s_fu_154">
<pin_list>
<pin id="155" dir="0" index="0" bw="64" slack="0"/>
<pin id="156" dir="0" index="1" bw="4" slack="1"/>
<pin id="157" dir="0" index="2" bw="60" slack="0"/>
<pin id="158" dir="1" index="3" bw="64" slack="0"/>
</pin_list>
<bind>
<opcode="bitconcatenate(1004) " fcode="bitconcatenate"/>
<opset="p_Result_s/2 "/>
</bind>
</comp>

<comp id="162" class="1004" name="p_Val2_load_1_load_fu_162">
<pin_list>
<pin id="163" dir="0" index="0" bw="60" slack="1"/>
<pin id="164" dir="1" index="1" bw="60" slack="0"/>
</pin_list>
<bind>
<opcode="load(27) " fcode="load"/>
<opset="p_Val2_load_1/2 "/>
</bind>
</comp>

<comp id="165" class="1004" name="tmp_fu_165">
<pin_list>
<pin id="166" dir="0" index="0" bw="56" slack="0"/>
<pin id="167" dir="0" index="1" bw="60" slack="0"/>
<pin id="168" dir="0" index="2" bw="4" slack="0"/>
<pin id="169" dir="0" index="3" bw="7" slack="0"/>
<pin id="170" dir="1" index="4" bw="56" slack="0"/>
</pin_list>
<bind>
<opcode="partselect(1002) " fcode="partselect"/>
<opset="tmp/2 "/>
</bind>
</comp>

<comp id="175" class="1004" name="trunc_ln_fu_175">
<pin_list>
<pin id="176" dir="0" index="0" bw="60" slack="0"/>
<pin id="177" dir="0" index="1" bw="4" slack="1"/>
<pin id="178" dir="0" index="2" bw="56" slack="0"/>
<pin id="179" dir="1" index="3" bw="60" slack="0"/>
</pin_list>
<bind>
<opcode="bitconcatenate(1004) " fcode="bitconcatenate"/>
<opset="trunc_ln/2 "/>
</bind>
</comp>

<comp id="182" class="1004" name="store_ln481_store_fu_182">
<pin_list>
<pin id="183" dir="0" index="0" bw="60" slack="0"/>
<pin id="184" dir="0" index="1" bw="60" slack="1"/>
<pin id="185" dir="1" index="2" bw="0" slack="2147483647"/>
</pin_list>
<bind>
<opcode="store(28) " fcode="store"/>
<opset="store_ln481/2 "/>
</bind>
</comp>

<comp id="187" class="1005" name="p_Val2_s_reg_187">
<pin_list>
<pin id="188" dir="0" index="0" bw="60" slack="0"/>
<pin id="189" dir="1" index="1" bw="60" slack="0"/>
</pin_list>
<bind>
<opset="p_Val2_s "/>
</bind>
</comp>

<comp id="195" class="1005" name="i_reg_195">
<pin_list>
<pin id="196" dir="0" index="0" bw="32" slack="0"/>
<pin id="197" dir="1" index="1" bw="32" slack="0"/>
</pin_list>
<bind>
<opset="i "/>
</bind>
</comp>

<comp id="203" class="1005" name="t_reg_203">
<pin_list>
<pin id="204" dir="0" index="0" bw="17" slack="0"/>
<pin id="205" dir="1" index="1" bw="17" slack="0"/>
</pin_list>
<bind>
<opset="t "/>
</bind>
</comp>

<comp id="210" class="1005" name="icmp_ln481_reg_210">
<pin_list>
<pin id="211" dir="0" index="0" bw="1" slack="1"/>
<pin id="212" dir="1" index="1" bw="1" slack="2147483647"/>
</pin_list>
<bind>
<opset="icmp_ln481 "/>
</bind>
</comp>

<comp id="214" class="1005" name="ei_V_reg_214">
<pin_list>
<pin id="215" dir="0" index="0" bw="4" slack="1"/>
<pin id="216" dir="1" index="1" bw="4" slack="1"/>
</pin_list>
<bind>
<opset="ei_V "/>
</bind>
</comp>

<comp id="220" class="1005" name="icmp_ln490_reg_220">
<pin_list>
<pin id="221" dir="0" index="0" bw="1" slack="1"/>
<pin id="222" dir="1" index="1" bw="1" slack="2147483647"/>
</pin_list>
<bind>
<opset="icmp_ln490 "/>
</bind>
</comp>

<comp id="224" class="1005" name="p_Result_s_reg_224">
<pin_list>
<pin id="225" dir="0" index="0" bw="64" slack="1"/>
<pin id="226" dir="1" index="1" bw="64" slack="1"/>
</pin_list>
<bind>
<opset="p_Result_s "/>
</bind>
</comp>

</comp_list>

<net_list>
<net id="65"><net_src comp="4" pin="0"/><net_sink comp="62" pin=0"/></net>

<net id="69"><net_src comp="4" pin="0"/><net_sink comp="66" pin=0"/></net>

<net id="73"><net_src comp="4" pin="0"/><net_sink comp="70" pin=0"/></net>

<net id="78"><net_src comp="38" pin="0"/><net_sink comp="74" pin=0"/></net>

<net id="79"><net_src comp="0" pin="0"/><net_sink comp="74" pin=1"/></net>

<net id="85"><net_src comp="52" pin="0"/><net_sink comp="80" pin=0"/></net>

<net id="86"><net_src comp="2" pin="0"/><net_sink comp="80" pin=1"/></net>

<net id="91"><net_src comp="26" pin="0"/><net_sink comp="87" pin=0"/></net>

<net id="96"><net_src comp="12" pin="0"/><net_sink comp="92" pin=0"/></net>

<net id="101"><net_src comp="28" pin="0"/><net_sink comp="97" pin=0"/></net>

<net id="109"><net_src comp="102" pin="1"/><net_sink comp="105" pin=0"/></net>

<net id="110"><net_src comp="30" pin="0"/><net_sink comp="105" pin=1"/></net>

<net id="115"><net_src comp="102" pin="1"/><net_sink comp="111" pin=0"/></net>

<net id="116"><net_src comp="36" pin="0"/><net_sink comp="111" pin=1"/></net>

<net id="123"><net_src comp="74" pin="2"/><net_sink comp="120" pin=0"/></net>

<net id="128"><net_src comp="117" pin="1"/><net_sink comp="124" pin=0"/></net>

<net id="129"><net_src comp="4" pin="0"/><net_sink comp="124" pin=1"/></net>

<net id="134"><net_src comp="124" pin="2"/><net_sink comp="130" pin=0"/></net>

<net id="135"><net_src comp="40" pin="0"/><net_sink comp="130" pin=1"/></net>

<net id="140"><net_src comp="124" pin="2"/><net_sink comp="136" pin=0"/></net>

<net id="145"><net_src comp="12" pin="0"/><net_sink comp="141" pin=0"/></net>

<net id="150"><net_src comp="111" pin="2"/><net_sink comp="146" pin=0"/></net>

<net id="159"><net_src comp="50" pin="0"/><net_sink comp="154" pin=0"/></net>

<net id="160"><net_src comp="151" pin="1"/><net_sink comp="154" pin=2"/></net>

<net id="161"><net_src comp="154" pin="3"/><net_sink comp="80" pin=2"/></net>

<net id="171"><net_src comp="54" pin="0"/><net_sink comp="165" pin=0"/></net>

<net id="172"><net_src comp="162" pin="1"/><net_sink comp="165" pin=1"/></net>

<net id="173"><net_src comp="56" pin="0"/><net_sink comp="165" pin=2"/></net>

<net id="174"><net_src comp="58" pin="0"/><net_sink comp="165" pin=3"/></net>

<net id="180"><net_src comp="60" pin="0"/><net_sink comp="175" pin=0"/></net>

<net id="181"><net_src comp="165" pin="4"/><net_sink comp="175" pin=2"/></net>

<net id="186"><net_src comp="175" pin="3"/><net_sink comp="182" pin=0"/></net>

<net id="190"><net_src comp="62" pin="1"/><net_sink comp="187" pin=0"/></net>

<net id="191"><net_src comp="187" pin="1"/><net_sink comp="97" pin=1"/></net>

<net id="192"><net_src comp="187" pin="1"/><net_sink comp="151" pin=0"/></net>

<net id="193"><net_src comp="187" pin="1"/><net_sink comp="162" pin=0"/></net>

<net id="194"><net_src comp="187" pin="1"/><net_sink comp="182" pin=1"/></net>

<net id="198"><net_src comp="66" pin="1"/><net_sink comp="195" pin=0"/></net>

<net id="199"><net_src comp="195" pin="1"/><net_sink comp="92" pin=1"/></net>

<net id="200"><net_src comp="195" pin="1"/><net_sink comp="117" pin=0"/></net>

<net id="201"><net_src comp="195" pin="1"/><net_sink comp="136" pin=1"/></net>

<net id="202"><net_src comp="195" pin="1"/><net_sink comp="141" pin=1"/></net>

<net id="206"><net_src comp="70" pin="1"/><net_sink comp="203" pin=0"/></net>

<net id="207"><net_src comp="203" pin="1"/><net_sink comp="87" pin=1"/></net>

<net id="208"><net_src comp="203" pin="1"/><net_sink comp="102" pin=0"/></net>

<net id="209"><net_src comp="203" pin="1"/><net_sink comp="146" pin=1"/></net>

<net id="213"><net_src comp="105" pin="2"/><net_sink comp="210" pin=0"/></net>

<net id="217"><net_src comp="120" pin="1"/><net_sink comp="214" pin=0"/></net>

<net id="218"><net_src comp="214" pin="1"/><net_sink comp="154" pin=1"/></net>

<net id="219"><net_src comp="214" pin="1"/><net_sink comp="175" pin=1"/></net>

<net id="223"><net_src comp="130" pin="2"/><net_sink comp="220" pin=0"/></net>

<net id="227"><net_src comp="154" pin="3"/><net_sink comp="224" pin=0"/></net>

<net id="228"><net_src comp="224" pin="1"/><net_sink comp="80" pin=2"/></net>

</net_list>

</model> 
---------------- Datapath Model END ------------------

* FSMD analyzer results:
  - Output states:
	Port: out_V | {3 }
 - Input state : 
	Port: StreamingDataWidthConverter_Batch_0 : in0_V | {1 }
  - Chain level:
	State 1
		store_ln481 : 1
		store_ln481 : 1
		store_ln481 : 1
		t_1 : 1
		icmp_ln481 : 2
		t_2 : 2
		br_ln481 : 3
		i_load : 1
		i_1 : 2
		icmp_ln490 : 3
		br_ln490 : 4
		store_ln490 : 3
		store_ln493 : 1
		store_ln481 : 3
	State 2
		p_Result_s : 1
		write_ln492 : 2
		tmp : 1
		trunc_ln : 2
		store_ln481 : 3
	State 3


============================================================
+ Verbose Summary: Datapath Resource usage 
============================================================

* Functional unit list:
|----------|-----------------------|---------|---------|
| Operation|    Functional Unit    |    FF   |   LUT   |
|----------|-----------------------|---------|---------|
|    add   |       t_2_fu_111      |    0    |    24   |
|          |       i_1_fu_124      |    0    |    39   |
|----------|-----------------------|---------|---------|
|   icmp   |   icmp_ln481_fu_105   |    0    |    13   |
|          |   icmp_ln490_fu_130   |    0    |    18   |
|----------|-----------------------|---------|---------|
|   read   | in0_V_read_read_fu_74 |    0    |    0    |
|----------|-----------------------|---------|---------|
|   write  |    grp_write_fu_80    |    0    |    0    |
|----------|-----------------------|---------|---------|
|   trunc  |      ei_V_fu_120      |    0    |    0    |
|----------|-----------------------|---------|---------|
|bitconcatenate|   p_Result_s_fu_154   |    0    |    0    |
|          |    trunc_ln_fu_175    |    0    |    0    |
|----------|-----------------------|---------|---------|
|partselect|       tmp_fu_165      |    0    |    0    |
|----------|-----------------------|---------|---------|
|   Total  |                       |    0    |    94   |
|----------|-----------------------|---------|---------|

Memories:
N/A

* Register list:
+------------------+--------+
|                  |   FF   |
+------------------+--------+
|   ei_V_reg_214   |    4   |
|     i_reg_195    |   32   |
|icmp_ln481_reg_210|    1   |
|icmp_ln490_reg_220|    1   |
|p_Result_s_reg_224|   64   |
| p_Val2_s_reg_187 |   60   |
|     t_reg_203    |   17   |
+------------------+--------+
|       Total      |   179  |
+------------------+--------+

* Multiplexer (MUX) list: 
|-----------------|------|------|------|--------||---------||---------|
|       Comp      |  Pin | Size |  BW  | S x BW ||  Delay  ||   LUT   |
|-----------------|------|------|------|--------||---------||---------|
| grp_write_fu_80 |  p2  |   2  |  64  |   128  ||    9    |
|-----------------|------|------|------|--------||---------||---------|
|      Total      |      |      |      |   128  ||  1.588  ||    9    |
|-----------------|------|------|------|--------||---------||---------|



* Summary:
+-----------+--------+--------+--------+
|           |  Delay |   FF   |   LUT  |
+-----------+--------+--------+--------+
|  Function |    -   |    0   |   94   |
|   Memory  |    -   |    -   |    -   |
|Multiplexer|    1   |    -   |    9   |
|  Register |    -   |   179  |    -   |
+-----------+--------+--------+--------+
|   Total   |    1   |   179  |   103  |
+-----------+--------+--------+--------+
