

================================================================
== Vitis HLS Report for 'LabelSelect_Batch_0_Pipeline_VITIS_LOOP_488_3'
================================================================
* Date:           Fri Jun 12 09:15:34 2026

* Version:        2022.2.2 (Build 3779808 on Feb 17 2023)
* Project:        project_LabelSelect_Batch_0
* Solution:       sol1 (Vivado IP Flow Target)
* Product family: zynq
* Target device:  xc7z020-clg400-1


================================================================
== Performance Estimates
================================================================
+ Timing: 
    * Summary: 
    +--------+----------+----------+------------+
    |  Clock |  Target  | Estimated| Uncertainty|
    +--------+----------+----------+------------+
    |ap_clk  |  10.00 ns|  5.265 ns|     2.70 ns|
    +--------+----------+----------+------------+

+ Latency: 
    * Summary: 
    +---------+---------+----------+----------+-----+-----+---------+
    |  Latency (cycles) |  Latency (absolute) |  Interval | Pipeline|
    |   min   |   max   |    min   |    max   | min | max |   Type  |
    +---------+---------+----------+----------+-----+-----+---------+
    |       16|       16|  0.160 us|  0.160 us|   16|   16|       no|
    +---------+---------+----------+----------+-----+-----+---------+

    + Detail: 
        * Instance: 
        N/A

        * Loop: 
        +--------------------+---------+---------+----------+-----------+-----------+------+----------+
        |                    |  Latency (cycles) | Iteration|  Initiation Interval  | Trip |          |
        |      Loop Name     |   min   |   max   |  Latency |  achieved |   target  | Count| Pipelined|
        +--------------------+---------+---------+----------+-----------+-----------+------+----------+
        |- VITIS_LOOP_488_3  |       14|       14|         1|          1|          1|    14|  yes(flp)|
        +--------------------+---------+---------+----------+-----------+-----------+------+----------+



================================================================
== Utilization Estimates
================================================================
* Summary: 
+-----------------+---------+-----+--------+-------+-----+
|       Name      | BRAM_18K| DSP |   FF   |  LUT  | URAM|
+-----------------+---------+-----+--------+-------+-----+
|DSP              |        -|    -|       -|      -|    -|
|Expression       |        -|    -|       0|     63|    -|
|FIFO             |        -|    -|       -|      -|    -|
|Instance         |        -|    -|       -|      -|    -|
|Memory           |        -|    -|       -|      -|    -|
|Multiplexer      |        -|    -|       -|     72|    -|
|Register         |        -|    -|      30|      -|    -|
+-----------------+---------+-----+--------+-------+-----+
|Total            |        0|    0|      30|    135|    0|
+-----------------+---------+-----+--------+-------+-----+
|Available        |      280|  220|  106400|  53200|    0|
+-----------------+---------+-----+--------+-------+-----+
|Utilization (%)  |        0|    0|      ~0|     ~0|    0|
+-----------------+---------+-----+--------+-------+-----+

+ Detail: 
    * Instance: 
    N/A

    * DSP: 
    N/A

    * Memory: 
    N/A

    * FIFO: 
    N/A

    * Expression: 
    +----------------------------------+----------+----+---+----+------------+------------+
    |           Variable Name          | Operation| DSP| FF| LUT| Bitwidth P0| Bitwidth P1|
    +----------------------------------+----------+----+---+----+------------+------------+
    |idx_fu_93_p2                      |         +|   0|  0|  13|           4|           1|
    |ap_condition_117                  |       and|   0|  0|   2|           1|           1|
    |cmp_fu_105_p2                     |      icmp|   0|  0|  13|          16|          16|
    |icmp_ln488_fu_87_p2               |      icmp|   0|  0|   9|           4|           3|
    |ap_block_state1_pp0_stage0_iter0  |        or|   0|  0|   2|           1|           1|
    |select_ln509_1_fu_123_p3          |    select|   0|  0|  16|           1|          16|
    |select_ln509_fu_115_p3            |    select|   0|  0|   8|           1|           8|
    +----------------------------------+----------+----+---+----+------------+------------+
    |Total                             |          |   0|  0|  63|          28|          46|
    +----------------------------------+----------+----+---+----+------------+------------+

    * Multiplexer: 
    +----------------------------------------+----+-----------+-----+-----------+
    |                  Name                  | LUT| Input Size| Bits| Total Bits|
    +----------------------------------------+----+-----------+-----+-----------+
    |ap_done_int                             |   9|          2|    1|          2|
    |ap_sig_allocacmp_block_1                |   9|          2|    4|          8|
    |ap_sig_allocacmp_conv2_i_i107_i_load_1  |   9|          2|    8|         16|
    |ap_sig_allocacmp_p_load                 |   9|          2|   16|         32|
    |conv2_i_i107_i_fu_52                    |   9|          2|    8|         16|
    |empty_fu_48                             |   9|          2|   16|         32|
    |idx_1_fu_44                             |   9|          2|    4|          8|
    |in0_V_TDATA_blk_n                       |   9|          2|    1|          2|
    +----------------------------------------+----+-----------+-----+-----------+
    |Total                                   |  72|         16|   58|        116|
    +----------------------------------------+----+-----------+-----+-----------+

    * Register: 
    +----------------------+----+----+-----+-----------+
    |         Name         | FF | LUT| Bits| Const Bits|
    +----------------------+----+----+-----+-----------+
    |ap_CS_fsm             |   1|   0|    1|          0|
    |ap_done_reg           |   1|   0|    1|          0|
    |conv2_i_i107_i_fu_52  |   8|   0|    8|          0|
    |empty_fu_48           |  16|   0|   16|          0|
    |idx_1_fu_44           |   4|   0|    4|          0|
    +----------------------+----+----+-----+-----------+
    |Total                 |  30|   0|   30|          0|
    +----------------------+----+----+-----+-----------+



================================================================
== Interface
================================================================
* Summary: 
+---------------------------+-----+-----+------------+-----------------------------------------------+--------------+
|         RTL Ports         | Dir | Bits|  Protocol  |                 Source Object                 |    C Type    |
+---------------------------+-----+-----+------------+-----------------------------------------------+--------------+
|ap_clk                     |   in|    1|  ap_ctrl_hs|  LabelSelect_Batch_0_Pipeline_VITIS_LOOP_488_3|  return value|
|ap_rst                     |   in|    1|  ap_ctrl_hs|  LabelSelect_Batch_0_Pipeline_VITIS_LOOP_488_3|  return value|
|ap_start                   |   in|    1|  ap_ctrl_hs|  LabelSelect_Batch_0_Pipeline_VITIS_LOOP_488_3|  return value|
|ap_done                    |  out|    1|  ap_ctrl_hs|  LabelSelect_Batch_0_Pipeline_VITIS_LOOP_488_3|  return value|
|ap_idle                    |  out|    1|  ap_ctrl_hs|  LabelSelect_Batch_0_Pipeline_VITIS_LOOP_488_3|  return value|
|ap_ready                   |  out|    1|  ap_ctrl_hs|  LabelSelect_Batch_0_Pipeline_VITIS_LOOP_488_3|  return value|
|in0_V_TVALID               |   in|    1|        axis|                                          in0_V|       pointer|
|in0_V_TDATA                |   in|   16|        axis|                                          in0_V|       pointer|
|in0_V_TREADY               |  out|    1|        axis|                                          in0_V|       pointer|
|conv2_i_i107_i_out         |  out|    8|      ap_vld|                             conv2_i_i107_i_out|       pointer|
|conv2_i_i107_i_out_ap_vld  |  out|    1|      ap_vld|                             conv2_i_i107_i_out|       pointer|
+---------------------------+-----+-----+------------+-----------------------------------------------+--------------+

