

================================================================
== Vitis HLS Report for 'LabelSelect_Batch_0'
================================================================
* Date:           Fri Jun 12 09:15:34 2026

* Version:        2022.2.2 (Build 3779808 on Feb 17 2023)
* Project:        project_LabelSelect_Batch_0
* Solution:       sol1 (Vivado IP Flow Target)
* Product family: zynq
* Target device:  xc7z020-clg400-1


================================================================
== Performance Estimates
================================================================
+ Timing: 
    * Summary: 
    +--------+----------+----------+------------+
    |  Clock |  Target  | Estimated| Uncertainty|
    +--------+----------+----------+------------+
    |ap_clk  |  10.00 ns|  5.265 ns|     2.70 ns|
    +--------+----------+----------+------------+

+ Latency: 
    * Summary: 
    +---------+---------+----------+----------+-----+-----+---------+
    |  Latency (cycles) |  Latency (absolute) |  Interval | Pipeline|
    |   min   |   max   |    min   |    max   | min | max |   Type  |
    +---------+---------+----------+----------+-----+-----+---------+
    |       20|       20|  0.200 us|  0.200 us|   21|   21|       no|
    +---------+---------+----------+----------+-----+-----+---------+

    + Detail: 
        * Instance: 
        +---------------------------------------------------------+-----------------------------------------------+---------+---------+----------+----------+-----+-----+---------+
        |                                                         |                                               |  Latency (cycles) |  Latency (absolute) |  Interval | Pipeline|
        |                         Instance                        |                     Module                    |   min   |   max   |    min   |    max   | min | max |   Type  |
        +---------------------------------------------------------+-----------------------------------------------+---------+---------+----------+----------+-----+-----+---------+
        |grp_LabelSelect_Batch_0_Pipeline_VITIS_LOOP_488_3_fu_45  |LabelSelect_Batch_0_Pipeline_VITIS_LOOP_488_3  |       16|       16|  0.160 us|  0.160 us|   16|   16|       no|
        +---------------------------------------------------------+-----------------------------------------------+---------+---------+----------+----------+-----+-----+---------+

        * Loop: 
        N/A



================================================================
== Utilization Estimates
================================================================
* Summary: 
+-----------------+---------+-----+--------+-------+-----+
|       Name      | BRAM_18K| DSP |   FF   |  LUT  | URAM|
+-----------------+---------+-----+--------+-------+-----+
|DSP              |        -|    -|       -|      -|    -|
|Expression       |        -|    -|       0|      2|    -|
|FIFO             |        -|    -|       -|      -|    -|
|Instance         |        -|    -|      30|    135|    -|
|Memory           |        -|    -|       -|      -|    -|
|Multiplexer      |        -|    -|       -|     49|    -|
|Register         |        -|    -|       6|      -|    -|
+-----------------+---------+-----+--------+-------+-----+
|Total            |        0|    0|      36|    186|    0|
+-----------------+---------+-----+--------+-------+-----+
|Available        |      280|  220|  106400|  53200|    0|
+-----------------+---------+-----+--------+-------+-----+
|Utilization (%)  |        0|    0|      ~0|     ~0|    0|
+-----------------+---------+-----+--------+-------+-----+

+ Detail: 
    * Instance: 
    +---------------------------------------------------------+-----------------------------------------------+---------+----+----+-----+-----+
    |                         Instance                        |                     Module                    | BRAM_18K| DSP| FF | LUT | URAM|
    +---------------------------------------------------------+-----------------------------------------------+---------+----+----+-----+-----+
    |grp_LabelSelect_Batch_0_Pipeline_VITIS_LOOP_488_3_fu_45  |LabelSelect_Batch_0_Pipeline_VITIS_LOOP_488_3  |        0|   0|  30|  135|    0|
    +---------------------------------------------------------+-----------------------------------------------+---------+----+----+-----+-----+
    |Total                                                    |                                               |        0|   0|  30|  135|    0|
    +---------------------------------------------------------+-----------------------------------------------+---------+----+----+-----+-----+

    * DSP: 
    N/A

    * Memory: 
    N/A

    * FIFO: 
    N/A

    * Expression: 
    +-----------------+----------+----+---+----+------------+------------+
    |  Variable Name  | Operation| DSP| FF| LUT| Bitwidth P0| Bitwidth P1|
    +-----------------+----------+----+---+----+------------+------------+
    |ap_block_state5  |        or|   0|  0|   2|           1|           1|
    +-----------------+----------+----+---+----+------------+------------+
    |Total            |          |   0|  0|   2|           1|           1|
    +-----------------+----------+----+---+----+------------+------------+

    * Multiplexer: 
    +---------------------------+----+-----------+-----+-----------+
    |            Name           | LUT| Input Size| Bits| Total Bits|
    +---------------------------+----+-----------+-----+-----------+
    |ap_NS_fsm                  |  31|          6|    1|          6|
    |in0_V_TREADY_int_regslice  |   9|          2|    1|          2|
    |out_V_TDATA_blk_n          |   9|          2|    1|          2|
    +---------------------------+----+-----------+-----+-----------+
    |Total                      |  49|         10|    3|         10|
    +---------------------------+----+-----------+-----+-----------+

    * Register: 
    +----------------------------------------------------------------------+---+----+-----+-----------+
    |                                 Name                                 | FF| LUT| Bits| Const Bits|
    +----------------------------------------------------------------------+---+----+-----+-----------+
    |ap_CS_fsm                                                             |  5|   0|    5|          0|
    |grp_LabelSelect_Batch_0_Pipeline_VITIS_LOOP_488_3_fu_45_ap_start_reg  |  1|   0|    1|          0|
    +----------------------------------------------------------------------+---+----+-----+-----------+
    |Total                                                                 |  6|   0|    6|          0|
    +----------------------------------------------------------------------+---+----+-----+-----------+



================================================================
== Interface
================================================================
* Summary: 
+--------------+-----+-----+--------------+---------------------+--------------+
|   RTL Ports  | Dir | Bits|   Protocol   |    Source Object    |    C Type    |
+--------------+-----+-----+--------------+---------------------+--------------+
|ap_clk        |   in|    1|  ap_ctrl_none|  LabelSelect_Batch_0|  return value|
|ap_rst_n      |   in|    1|  ap_ctrl_none|  LabelSelect_Batch_0|  return value|
|in0_V_TDATA   |   in|   16|          axis|                in0_V|       pointer|
|in0_V_TVALID  |   in|    1|          axis|                in0_V|       pointer|
|in0_V_TREADY  |  out|    1|          axis|                in0_V|       pointer|
|out_V_TDATA   |  out|    8|          axis|                out_V|       pointer|
|out_V_TVALID  |  out|    1|          axis|                out_V|       pointer|
|out_V_TREADY  |   in|    1|          axis|                out_V|       pointer|
+--------------+-----+-----+--------------+---------------------+--------------+

