

================================================================
== Vitis HLS Report for 'FMPadding_Batch_1'
================================================================
* Date:           Fri Jun 12 09:16:48 2026

* Version:        2022.2.2 (Build 3779808 on Feb 17 2023)
* Project:        project_FMPadding_Batch_1
* Solution:       sol1 (Vivado IP Flow Target)
* Product family: zynq
* Target device:  xc7z020-clg400-1


================================================================
== Performance Estimates
================================================================
+ Timing: 
    * Summary: 
    +--------+----------+----------+------------+
    |  Clock |  Target  | Estimated| Uncertainty|
    +--------+----------+----------+------------+
    |ap_clk  |  10.00 ns|  6.622 ns|     2.70 ns|
    +--------+----------+----------+------------+

+ Latency: 
    * Summary: 
    +---------+---------+-----------+-----------+------+------+---------+
    |  Latency (cycles) |   Latency (absolute)  |   Interval  | Pipeline|
    |   min   |   max   |    min    |    max    |  min |  max |   Type  |
    +---------+---------+-----------+-----------+------+------+---------+
    |     1159|     1159|  11.590 us|  11.590 us|  1160|  1160|       no|
    +---------+---------+-----------+-----------+------+------+---------+

    + Detail: 
        * Instance: 
        N/A

        * Loop: 
        +-------------------------------------+---------+---------+----------+-----------+-----------+------+----------+
        |                                     |  Latency (cycles) | Iteration|  Initiation Interval  | Trip |          |
        |              Loop Name              |   min   |   max   |  Latency |  achieved |   target  | Count| Pipelined|
        +-------------------------------------+---------+---------+----------+-----------+-----------+------+----------+
        |- VITIS_LOOP_277_1_VITIS_LOOP_278_2  |     1157|     1157|         3|          1|          1|  1156|  yes(flp)|
        +-------------------------------------+---------+---------+----------+-----------+-----------+------+----------+

============================================================
+ Verbose Summary: Synthesis Manager
============================================================
InlineROM: 1
ExposeGlobal: 0
============================================================
+ Verbose Summary: CDFG Model
============================================================
IsTopModel: 1
ResetActiveHigh: 1
IsCombinational: 0
IsDatapathOnly: 0
HasWiredReturn: 1
HasMFsm: 1
HasVarLatency: 1
IsPipeline: 0
IsRtlPipelined: 0
IsInstanceOverlapped: 0
IsDontTouch: 0
HasImplIP: 0
IsGatedGlobalClock: 0

+ Individual pipeline summary: 
  * Pipeline-0: initiation interval (II) = 1, depth = 3


============================================================
+ Verbose Summary: Schedule
============================================================
* Number of FSM states : 3
* Pipeline : 1
  Pipeline-0 : II = 1, D = 3, States = { 1 2 3 }
* Dataflow Pipeline: 0

* FSM state transitions: 
1 --> 2 
2 --> 3 
3 --> 

* FSM state operations: 

State 1 <SV = 0> <Delay = 6.62>
ST_1 : Operation 6 [1/1] (0.00ns)   --->   "%x = alloca i32 1"   --->   Operation 6 'alloca' 'x' <Predicate = true> <Delay = 0.00>
ST_1 : Operation 7 [1/1] (0.00ns)   --->   "%y = alloca i32 1"   --->   Operation 7 'alloca' 'y' <Predicate = true> <Delay = 0.00>
ST_1 : Operation 8 [1/1] (0.00ns)   --->   "%indvar_flatten = alloca i32 1"   --->   Operation 8 'alloca' 'indvar_flatten' <Predicate = true> <Delay = 0.00>
ST_1 : Operation 9 [1/1] (0.00ns)   --->   "%spectopmodule_ln22 = spectopmodule void @_ssdm_op_SpecTopModule, void @empty_2" [/home/miguel_tfg/FINN-v0.9-Stable/notebooks/UAH_example/FINN_build/code_gen_ipgen_FMPadding_Batch_1_sg_uaekk/top_FMPadding_Batch_1.cpp:22]   --->   Operation 9 'spectopmodule' 'spectopmodule_ln22' <Predicate = true> <Delay = 0.00>
ST_1 : Operation 10 [1/1] (0.00ns)   --->   "%specinterface_ln22 = specinterface void @_ssdm_op_SpecInterface, i32 0, void @empty_3, i32 0, i32 0, void @empty_1, i32 0, i32 0, void @empty_1, void @empty_1, void @empty_1, i32 0, i32 0, i32 0, i32 0, void @empty_1, void @empty_1, i32 4294967295, i32 0" [/home/miguel_tfg/FINN-v0.9-Stable/notebooks/UAH_example/FINN_build/code_gen_ipgen_FMPadding_Batch_1_sg_uaekk/top_FMPadding_Batch_1.cpp:22]   --->   Operation 10 'specinterface' 'specinterface_ln22' <Predicate = true> <Delay = 0.00>
ST_1 : Operation 11 [1/1] (0.00ns)   --->   "%specinterface_ln0 = specinterface void @_ssdm_op_SpecInterface, i64 %in0_V, void @empty, i32 1, i32 1, void @empty_0, i32 0, i32 0, void @empty_1, void @empty_1, void @empty_1, i32 0, i32 0, i32 0, i32 0, void @empty_1, void @empty_1, i32 4294967295, i32 0"   --->   Operation 11 'specinterface' 'specinterface_ln0' <Predicate = true> <Delay = 0.00>
ST_1 : Operation 12 [1/1] (0.00ns)   --->   "%specbitsmap_ln0 = specbitsmap void @_ssdm_op_SpecBitsMap, i64 %in0_V"   --->   Operation 12 'specbitsmap' 'specbitsmap_ln0' <Predicate = true> <Delay = 0.00>
ST_1 : Operation 13 [1/1] (0.00ns)   --->   "%specinterface_ln0 = specinterface void @_ssdm_op_SpecInterface, i64 %out_V, void @empty, i32 1, i32 1, void @empty_0, i32 0, i32 0, void @empty_1, void @empty_1, void @empty_1, i32 0, i32 0, i32 0, i32 0, void @empty_1, void @empty_1, i32 4294967295, i32 0"   --->   Operation 13 'specinterface' 'specinterface_ln0' <Predicate = true> <Delay = 0.00>
ST_1 : Operation 14 [1/1] (0.00ns)   --->   "%specbitsmap_ln0 = specbitsmap void @_ssdm_op_SpecBitsMap, i64 %out_V"   --->   Operation 14 'specbitsmap' 'specbitsmap_ln0' <Predicate = true> <Delay = 0.00>
ST_1 : Operation 15 [1/1] (1.58ns)   --->   "%store_ln277 = store i11 0, i11 %indvar_flatten" [/home/miguel_tfg/FINN-v0.9-Stable/deps/finn-hlslib/streamtools.h:277]   --->   Operation 15 'store' 'store_ln277' <Predicate = true> <Delay = 1.58>
ST_1 : Operation 16 [1/1] (1.58ns)   --->   "%store_ln277 = store i6 0, i6 %y" [/home/miguel_tfg/FINN-v0.9-Stable/deps/finn-hlslib/streamtools.h:277]   --->   Operation 16 'store' 'store_ln277' <Predicate = true> <Delay = 1.58>
ST_1 : Operation 17 [1/1] (1.58ns)   --->   "%store_ln277 = store i6 0, i6 %x" [/home/miguel_tfg/FINN-v0.9-Stable/deps/finn-hlslib/streamtools.h:277]   --->   Operation 17 'store' 'store_ln277' <Predicate = true> <Delay = 1.58>
ST_1 : Operation 18 [1/1] (0.00ns)   --->   "%br_ln277 = br void %VITIS_LOOP_279_3.i.i" [/home/miguel_tfg/FINN-v0.9-Stable/deps/finn-hlslib/streamtools.h:277]   --->   Operation 18 'br' 'br_ln277' <Predicate = true> <Delay = 0.00>
ST_1 : Operation 19 [1/1] (0.00ns)   --->   "%y_1 = load i6 %y" [/home/miguel_tfg/FINN-v0.9-Stable/deps/finn-hlslib/streamtools.h:277]   --->   Operation 19 'load' 'y_1' <Predicate = true> <Delay = 0.00>
ST_1 : Operation 20 [1/1] (0.00ns)   --->   "%indvar_flatten_load = load i11 %indvar_flatten" [/home/miguel_tfg/FINN-v0.9-Stable/deps/finn-hlslib/streamtools.h:277]   --->   Operation 20 'load' 'indvar_flatten_load' <Predicate = true> <Delay = 0.00>
ST_1 : Operation 21 [1/1] (1.42ns)   --->   "%cmp9_not_i_i = icmp_eq  i6 %y_1, i6 0" [/home/miguel_tfg/FINN-v0.9-Stable/deps/finn-hlslib/streamtools.h:277]   --->   Operation 21 'icmp' 'cmp9_not_i_i' <Predicate = true> <Delay = 1.42> <CoreInst = "Cmp">   --->   Core 9 'Cmp' <Latency = 0> <II = 1> <Delay = 1.42> <FuncUnit> <Opcode : 'icmp'> <InPorts = 2> <OutPorts = 1>
ST_1 : Operation 22 [1/1] (1.42ns)   --->   "%cmp10_not_i_i = icmp_ugt  i6 %y_1, i6 32" [/home/miguel_tfg/FINN-v0.9-Stable/deps/finn-hlslib/streamtools.h:277]   --->   Operation 22 'icmp' 'cmp10_not_i_i' <Predicate = true> <Delay = 1.42> <CoreInst = "Cmp">   --->   Core 9 'Cmp' <Latency = 0> <II = 1> <Delay = 1.42> <FuncUnit> <Opcode : 'icmp'> <InPorts = 2> <OutPorts = 1>
ST_1 : Operation 23 [1/1] (0.97ns)   --->   "%tmp = or i1 %cmp9_not_i_i, i1 %cmp10_not_i_i" [/home/miguel_tfg/FINN-v0.9-Stable/deps/finn-hlslib/streamtools.h:277]   --->   Operation 23 'or' 'tmp' <Predicate = true> <Delay = 0.97> <CoreInst = "LogicGate">   --->   Core 74 'LogicGate' <Latency = 0> <II = 1> <Delay = 0.97> <FuncUnit> <Opcode : 'and' 'or' 'xor'> <InPorts = 2> <OutPorts = 1>
ST_1 : Operation 24 [1/1] (0.00ns)   --->   "%specpipeline_ln0 = specpipeline void @_ssdm_op_SpecPipeline, i32 4294967295, i32 0, i32 1, i32 0, void @p_str"   --->   Operation 24 'specpipeline' 'specpipeline_ln0' <Predicate = true> <Delay = 0.00>
ST_1 : Operation 25 [1/1] (1.88ns)   --->   "%icmp_ln277 = icmp_eq  i11 %indvar_flatten_load, i11 1156" [/home/miguel_tfg/FINN-v0.9-Stable/deps/finn-hlslib/streamtools.h:277]   --->   Operation 25 'icmp' 'icmp_ln277' <Predicate = true> <Delay = 1.88> <CoreInst = "Cmp">   --->   Core 9 'Cmp' <Latency = 0> <II = 1> <Delay = 1.88> <FuncUnit> <Opcode : 'icmp'> <InPorts = 2> <OutPorts = 1>
ST_1 : Operation 26 [1/1] (1.63ns)   --->   "%add_ln277 = add i11 %indvar_flatten_load, i11 1" [/home/miguel_tfg/FINN-v0.9-Stable/deps/finn-hlslib/streamtools.h:277]   --->   Operation 26 'add' 'add_ln277' <Predicate = true> <Delay = 1.63> <CoreInst = "Adder">   --->   Core 1 'Adder' <Latency = 0> <II = 1> <Delay = 1.63> <FuncUnit> <Opcode : 'add' 'sub'> <InPorts = 2> <OutPorts = 1>
ST_1 : Operation 27 [1/1] (0.00ns)   --->   "%br_ln277 = br i1 %icmp_ln277, void %for.inc18.i.i, void %_Z15FMPadding_BatchILj32ELj34ELj1ELj1ELj16ELj16E7ap_uintILi4EEEvRN3hls6streamIS0_IXmlT4_srT5_5widthEELi0EEES7_j.exit" [/home/miguel_tfg/FINN-v0.9-Stable/deps/finn-hlslib/streamtools.h:277]   --->   Operation 27 'br' 'br_ln277' <Predicate = true> <Delay = 0.00>
ST_1 : Operation 28 [1/1] (0.00ns)   --->   "%x_load = load i6 %x" [/home/miguel_tfg/FINN-v0.9-Stable/deps/finn-hlslib/streamtools.h:278]   --->   Operation 28 'load' 'x_load' <Predicate = (!icmp_ln277)> <Delay = 0.00>
ST_1 : Operation 29 [1/1] (0.00ns)   --->   "%specloopname_ln0 = specloopname void @_ssdm_op_SpecLoopName, void @VITIS_LOOP_277_1_VITIS_LOOP_278_2_str"   --->   Operation 29 'specloopname' 'specloopname_ln0' <Predicate = (!icmp_ln277)> <Delay = 0.00>
ST_1 : Operation 30 [1/1] (0.00ns)   --->   "%empty = speclooptripcount i32 @_ssdm_op_SpecLoopTripCount, i64 1156, i64 1156, i64 1156"   --->   Operation 30 'speclooptripcount' 'empty' <Predicate = (!icmp_ln277)> <Delay = 0.00>
ST_1 : Operation 31 [1/1] (1.42ns)   --->   "%icmp_ln278 = icmp_eq  i6 %x_load, i6 34" [/home/miguel_tfg/FINN-v0.9-Stable/deps/finn-hlslib/streamtools.h:278]   --->   Operation 31 'icmp' 'icmp_ln278' <Predicate = (!icmp_ln277)> <Delay = 1.42> <CoreInst = "Cmp">   --->   Core 9 'Cmp' <Latency = 0> <II = 1> <Delay = 1.42> <FuncUnit> <Opcode : 'icmp'> <InPorts = 2> <OutPorts = 1>
ST_1 : Operation 32 [1/1] (1.18ns)   --->   "%select_ln277 = select i1 %icmp_ln278, i6 0, i6 %x_load" [/home/miguel_tfg/FINN-v0.9-Stable/deps/finn-hlslib/streamtools.h:277]   --->   Operation 32 'select' 'select_ln277' <Predicate = (!icmp_ln277)> <Delay = 1.18> <CoreInst = "Sel">   --->   Core 73 'Sel' <Latency = 0> <II = 1> <Delay = 1.18> <FuncUnit> <Opcode : 'select'> <InPorts = 3> <OutPorts = 1>
ST_1 : Operation 33 [1/1] (1.82ns)   --->   "%add_ln277_1 = add i6 %y_1, i6 1" [/home/miguel_tfg/FINN-v0.9-Stable/deps/finn-hlslib/streamtools.h:277]   --->   Operation 33 'add' 'add_ln277_1' <Predicate = (!icmp_ln277)> <Delay = 1.82> <CoreInst = "Adder">   --->   Core 1 'Adder' <Latency = 0> <II = 1> <Delay = 1.82> <FuncUnit> <Opcode : 'add' 'sub'> <InPorts = 2> <OutPorts = 1>
ST_1 : Operation 34 [1/1] (1.42ns)   --->   "%cmp9_not_i_i_mid1 = icmp_eq  i6 %add_ln277_1, i6 0" [/home/miguel_tfg/FINN-v0.9-Stable/deps/finn-hlslib/streamtools.h:277]   --->   Operation 34 'icmp' 'cmp9_not_i_i_mid1' <Predicate = (!icmp_ln277)> <Delay = 1.42> <CoreInst = "Cmp">   --->   Core 9 'Cmp' <Latency = 0> <II = 1> <Delay = 1.42> <FuncUnit> <Opcode : 'icmp'> <InPorts = 2> <OutPorts = 1>
ST_1 : Operation 35 [1/1] (1.42ns)   --->   "%cmp10_not_i_i_mid1 = icmp_ugt  i6 %add_ln277_1, i6 32" [/home/miguel_tfg/FINN-v0.9-Stable/deps/finn-hlslib/streamtools.h:277]   --->   Operation 35 'icmp' 'cmp10_not_i_i_mid1' <Predicate = (!icmp_ln277)> <Delay = 1.42> <CoreInst = "Cmp">   --->   Core 9 'Cmp' <Latency = 0> <II = 1> <Delay = 1.42> <FuncUnit> <Opcode : 'icmp'> <InPorts = 2> <OutPorts = 1>
ST_1 : Operation 36 [1/1] (0.00ns) (grouped into LUT with out node brmerge14_i_i)   --->   "%tmp_mid1 = or i1 %cmp9_not_i_i_mid1, i1 %cmp10_not_i_i_mid1" [/home/miguel_tfg/FINN-v0.9-Stable/deps/finn-hlslib/streamtools.h:277]   --->   Operation 36 'or' 'tmp_mid1' <Predicate = (!icmp_ln277)> <Delay = 0.00> <CoreInst = "LogicGate">   --->   Core 74 'LogicGate' <Latency = 0> <II = 1> <Delay = 0.97> <FuncUnit> <Opcode : 'and' 'or' 'xor'> <InPorts = 2> <OutPorts = 1>
ST_1 : Operation 37 [1/1] (0.00ns) (grouped into LUT with out node brmerge14_i_i)   --->   "%select_ln277_1 = select i1 %icmp_ln278, i1 %tmp_mid1, i1 %tmp" [/home/miguel_tfg/FINN-v0.9-Stable/deps/finn-hlslib/streamtools.h:277]   --->   Operation 37 'select' 'select_ln277_1' <Predicate = (!icmp_ln277)> <Delay = 0.00> <CoreInst = "Sel">   --->   Core 73 'Sel' <Latency = 0> <II = 1> <Delay = 0.99> <FuncUnit> <Opcode : 'select'> <InPorts = 3> <OutPorts = 1>
ST_1 : Operation 38 [1/1] (0.00ns)   --->   "%specpipeline_ln0 = specpipeline void @_ssdm_op_SpecPipeline, i32 4294967295, i32 0, i32 1, i32 0, void @p_str"   --->   Operation 38 'specpipeline' 'specpipeline_ln0' <Predicate = (!icmp_ln277)> <Delay = 0.00>
ST_1 : Operation 39 [1/1] (1.18ns)   --->   "%select_ln277_2 = select i1 %icmp_ln278, i6 %add_ln277_1, i6 %y_1" [/home/miguel_tfg/FINN-v0.9-Stable/deps/finn-hlslib/streamtools.h:277]   --->   Operation 39 'select' 'select_ln277_2' <Predicate = (!icmp_ln277)> <Delay = 1.18> <CoreInst = "Sel">   --->   Core 73 'Sel' <Latency = 0> <II = 1> <Delay = 1.18> <FuncUnit> <Opcode : 'select'> <InPorts = 3> <OutPorts = 1>
ST_1 : Operation 40 [1/1] (0.00ns)   --->   "%specloopname_ln278 = specloopname void @_ssdm_op_SpecLoopName, void @empty_4" [/home/miguel_tfg/FINN-v0.9-Stable/deps/finn-hlslib/streamtools.h:278]   --->   Operation 40 'specloopname' 'specloopname_ln278' <Predicate = (!icmp_ln277)> <Delay = 0.00>
ST_1 : Operation 41 [1/1] (1.42ns)   --->   "%cmp12_not_i_i = icmp_eq  i6 %select_ln277, i6 0" [/home/miguel_tfg/FINN-v0.9-Stable/deps/finn-hlslib/streamtools.h:277]   --->   Operation 41 'icmp' 'cmp12_not_i_i' <Predicate = (!icmp_ln277)> <Delay = 1.42> <CoreInst = "Cmp">   --->   Core 9 'Cmp' <Latency = 0> <II = 1> <Delay = 1.42> <FuncUnit> <Opcode : 'icmp'> <InPorts = 2> <OutPorts = 1>
ST_1 : Operation 42 [1/1] (1.42ns)   --->   "%cmp14_not_i_i = icmp_ugt  i6 %select_ln277, i6 32" [/home/miguel_tfg/FINN-v0.9-Stable/deps/finn-hlslib/streamtools.h:277]   --->   Operation 42 'icmp' 'cmp14_not_i_i' <Predicate = (!icmp_ln277)> <Delay = 1.42> <CoreInst = "Cmp">   --->   Core 9 'Cmp' <Latency = 0> <II = 1> <Delay = 1.42> <FuncUnit> <Opcode : 'icmp'> <InPorts = 2> <OutPorts = 1>
ST_1 : Operation 43 [1/1] (0.00ns) (grouped into LUT with out node brmerge14_i_i)   --->   "%tmp1 = or i1 %cmp12_not_i_i, i1 %cmp14_not_i_i" [/home/miguel_tfg/FINN-v0.9-Stable/deps/finn-hlslib/streamtools.h:277]   --->   Operation 43 'or' 'tmp1' <Predicate = (!icmp_ln277)> <Delay = 0.00> <CoreInst = "LogicGate">   --->   Core 74 'LogicGate' <Latency = 0> <II = 1> <Delay = 0.97> <FuncUnit> <Opcode : 'and' 'or' 'xor'> <InPorts = 2> <OutPorts = 1>
ST_1 : Operation 44 [1/1] (0.99ns) (out node of the LUT)   --->   "%brmerge14_i_i = or i1 %tmp1, i1 %select_ln277_1" [/home/miguel_tfg/FINN-v0.9-Stable/deps/finn-hlslib/streamtools.h:277]   --->   Operation 44 'or' 'brmerge14_i_i' <Predicate = (!icmp_ln277)> <Delay = 0.99> <CoreInst = "LogicGate">   --->   Core 74 'LogicGate' <Latency = 0> <II = 1> <Delay = 0.97> <FuncUnit> <Opcode : 'and' 'or' 'xor'> <InPorts = 2> <OutPorts = 1>
ST_1 : Operation 45 [1/1] (1.58ns)   --->   "%br_ln285 = br i1 %brmerge14_i_i, void %if.then.i.i, void %for.inc.i.i" [/home/miguel_tfg/FINN-v0.9-Stable/deps/finn-hlslib/streamtools.h:285]   --->   Operation 45 'br' 'br_ln285' <Predicate = (!icmp_ln277)> <Delay = 1.58>
ST_1 : Operation 46 [1/1] (0.00ns)   --->   "%outData_V = read i64 @_ssdm_op_Read.axis.volatile.i64P128A, i64 %in0_V" [/home/miguel_tfg/FINN-v0.9-Stable/deps/finn-hlslib/streamtools.h:288]   --->   Operation 46 'read' 'outData_V' <Predicate = (!icmp_ln277 & !brmerge14_i_i)> <Delay = 0.00> <CoreInst = "axis">   --->   Core 115 'axis' <Latency = 0> <II = 1> <Delay = 1.00> <Adapter> <Opcode : >
ST_1 : Operation 47 [1/1] (1.58ns)   --->   "%br_ln289 = br void %for.inc.i.i" [/home/miguel_tfg/FINN-v0.9-Stable/deps/finn-hlslib/streamtools.h:289]   --->   Operation 47 'br' 'br_ln289' <Predicate = (!icmp_ln277 & !brmerge14_i_i)> <Delay = 1.58>
ST_1 : Operation 48 [1/1] (1.82ns)   --->   "%x_1 = add i6 %select_ln277, i6 1" [/home/miguel_tfg/FINN-v0.9-Stable/deps/finn-hlslib/streamtools.h:278]   --->   Operation 48 'add' 'x_1' <Predicate = (!icmp_ln277)> <Delay = 1.82> <CoreInst = "Adder">   --->   Core 1 'Adder' <Latency = 0> <II = 1> <Delay = 1.82> <FuncUnit> <Opcode : 'add' 'sub'> <InPorts = 2> <OutPorts = 1>
ST_1 : Operation 49 [1/1] (1.58ns)   --->   "%store_ln278 = store i11 %add_ln277, i11 %indvar_flatten" [/home/miguel_tfg/FINN-v0.9-Stable/deps/finn-hlslib/streamtools.h:278]   --->   Operation 49 'store' 'store_ln278' <Predicate = (!icmp_ln277)> <Delay = 1.58>
ST_1 : Operation 50 [1/1] (1.58ns)   --->   "%store_ln278 = store i6 %select_ln277_2, i6 %y" [/home/miguel_tfg/FINN-v0.9-Stable/deps/finn-hlslib/streamtools.h:278]   --->   Operation 50 'store' 'store_ln278' <Predicate = (!icmp_ln277)> <Delay = 1.58>
ST_1 : Operation 51 [1/1] (1.58ns)   --->   "%store_ln278 = store i6 %x_1, i6 %x" [/home/miguel_tfg/FINN-v0.9-Stable/deps/finn-hlslib/streamtools.h:278]   --->   Operation 51 'store' 'store_ln278' <Predicate = (!icmp_ln277)> <Delay = 1.58>

State 2 <SV = 1> <Delay = 0.00>
ST_2 : Operation 52 [1/1] (0.00ns)   --->   "%outData_V_1 = phi i64 %outData_V, void %if.then.i.i, i64 0, void %for.inc18.i.i"   --->   Operation 52 'phi' 'outData_V_1' <Predicate = (!icmp_ln277)> <Delay = 0.00>
ST_2 : Operation 53 [2/2] (0.00ns)   --->   "%write_ln290 = write void @_ssdm_op_Write.axis.volatile.i64P128A, i64 %out_V, i64 %outData_V_1" [/home/miguel_tfg/FINN-v0.9-Stable/deps/finn-hlslib/streamtools.h:290]   --->   Operation 53 'write' 'write_ln290' <Predicate = (!icmp_ln277)> <Delay = 0.00> <CoreInst = "axis">   --->   Core 115 'axis' <Latency = 0> <II = 1> <Delay = 1.00> <Adapter> <Opcode : >

State 3 <SV = 2> <Delay = 0.00>
ST_3 : Operation 54 [1/2] (0.00ns)   --->   "%write_ln290 = write void @_ssdm_op_Write.axis.volatile.i64P128A, i64 %out_V, i64 %outData_V_1" [/home/miguel_tfg/FINN-v0.9-Stable/deps/finn-hlslib/streamtools.h:290]   --->   Operation 54 'write' 'write_ln290' <Predicate = (!icmp_ln277)> <Delay = 0.00> <CoreInst = "axis">   --->   Core 115 'axis' <Latency = 0> <II = 1> <Delay = 1.00> <Adapter> <Opcode : >
ST_3 : Operation 55 [1/1] (0.00ns)   --->   "%br_ln278 = br void %VITIS_LOOP_279_3.i.i" [/home/miguel_tfg/FINN-v0.9-Stable/deps/finn-hlslib/streamtools.h:278]   --->   Operation 55 'br' 'br_ln278' <Predicate = (!icmp_ln277)> <Delay = 0.00>
ST_3 : Operation 56 [1/1] (0.00ns)   --->   "%ret_ln29 = ret" [/home/miguel_tfg/FINN-v0.9-Stable/notebooks/UAH_example/FINN_build/code_gen_ipgen_FMPadding_Batch_1_sg_uaekk/top_FMPadding_Batch_1.cpp:29]   --->   Operation 56 'ret' 'ret_ln29' <Predicate = (icmp_ln277)> <Delay = 0.00>


============================================================
+ Verbose Summary: Binding
============================================================
STG Binding: 
---------------- STG Properties BEGIN ----------------
- Is combinational: 0
- Is one-state seq: 0
- Is datapath-only: 0
- Is pipelined: 0
- Is top level: 1
Port [ Return ] is wired: 1; IO mode=ap_ctrl_none:ce=0
Port [ in0_V]:  wired=1; compound=1; hidden=0; nouse=0; global=0; static=0; extern=0; dir=0; type=0; pingpong=0; private_global=0; IO mode=axis:ce=0
Port [ out_V]:  wired=1; compound=1; hidden=0; nouse=0; global=0; static=0; extern=0; dir=1; type=0; pingpong=0; private_global=0; IO mode=axis:ce=0
---------------- STG Properties END ------------------

---------------- Datapath Model BEGIN ----------------

<LifeTime>
<method=bitvector/>
x                   (alloca           ) [ 0100]
y                   (alloca           ) [ 0100]
indvar_flatten      (alloca           ) [ 0100]
spectopmodule_ln22  (spectopmodule    ) [ 0000]
specinterface_ln22  (specinterface    ) [ 0000]
specinterface_ln0   (specinterface    ) [ 0000]
specbitsmap_ln0     (specbitsmap      ) [ 0000]
specinterface_ln0   (specinterface    ) [ 0000]
specbitsmap_ln0     (specbitsmap      ) [ 0000]
store_ln277         (store            ) [ 0000]
store_ln277         (store            ) [ 0000]
store_ln277         (store            ) [ 0000]
br_ln277            (br               ) [ 0000]
y_1                 (load             ) [ 0000]
indvar_flatten_load (load             ) [ 0000]
cmp9_not_i_i        (icmp             ) [ 0000]
cmp10_not_i_i       (icmp             ) [ 0000]
tmp                 (or               ) [ 0000]
specpipeline_ln0    (specpipeline     ) [ 0000]
icmp_ln277          (icmp             ) [ 0111]
add_ln277           (add              ) [ 0000]
br_ln277            (br               ) [ 0000]
x_load              (load             ) [ 0000]
specloopname_ln0    (specloopname     ) [ 0000]
empty               (speclooptripcount) [ 0000]
icmp_ln278          (icmp             ) [ 0000]
select_ln277        (select           ) [ 0000]
add_ln277_1         (add              ) [ 0000]
cmp9_not_i_i_mid1   (icmp             ) [ 0000]
cmp10_not_i_i_mid1  (icmp             ) [ 0000]
tmp_mid1            (or               ) [ 0000]
select_ln277_1      (select           ) [ 0000]
specpipeline_ln0    (specpipeline     ) [ 0000]
select_ln277_2      (select           ) [ 0000]
specloopname_ln278  (specloopname     ) [ 0000]
cmp12_not_i_i       (icmp             ) [ 0000]
cmp14_not_i_i       (icmp             ) [ 0000]
tmp1                (or               ) [ 0000]
brmerge14_i_i       (or               ) [ 0111]
br_ln285            (br               ) [ 0110]
outData_V           (read             ) [ 0110]
br_ln289            (br               ) [ 0110]
x_1                 (add              ) [ 0000]
store_ln278         (store            ) [ 0000]
store_ln278         (store            ) [ 0000]
store_ln278         (store            ) [ 0000]
outData_V_1         (phi              ) [ 0111]
write_ln290         (write            ) [ 0000]
br_ln278            (br               ) [ 0000]
ret_ln29            (ret              ) [ 0000]
</LifeTime>

<model>

<comp_list>
<comp id="0" class="1000" name="in0_V">
<pin_list>
<pin id="1" dir="1" index="0" bw="1" slack="0"/>
</pin_list>
<bind>
<StgValue><ssdm name="in0_V"/></StgValue>
</bind>
</comp>

<comp id="2" class="1000" name="out_V">
<pin_list>
<pin id="3" dir="1" index="0" bw="1" slack="0"/>
</pin_list>
<bind>
<StgValue><ssdm name="out_V"/></StgValue>
</bind>
</comp>

<comp id="4" class="1001" name="const_4">
<pin_list>
<pin id="5" dir="1" index="0" bw="1" slack="0"/>
</pin_list>
<bind>
<StgValue><ssdm name=""/></StgValue>
</bind>
</comp>

<comp id="6" class="1001" name="const_6">
<pin_list>
<pin id="7" dir="1" index="0" bw="1" slack="2147483647"/>
</pin_list>
<bind>
<StgValue><ssdm name="_ssdm_op_SpecTopModule"/></StgValue>
</bind>
</comp>

<comp id="8" class="1001" name="const_8">
<pin_list>
<pin id="9" dir="1" index="0" bw="1" slack="2147483647"/>
</pin_list>
<bind>
<StgValue><ssdm name="empty_2"/></StgValue>
</bind>
</comp>

<comp id="10" class="1001" name="const_10">
<pin_list>
<pin id="11" dir="1" index="0" bw="1" slack="2147483647"/>
</pin_list>
<bind>
<StgValue><ssdm name="_ssdm_op_SpecInterface"/></StgValue>
</bind>
</comp>

<comp id="12" class="1001" name="const_12">
<pin_list>
<pin id="13" dir="1" index="0" bw="1" slack="2147483647"/>
</pin_list>
<bind>
<StgValue><ssdm name=""/></StgValue>
</bind>
</comp>

<comp id="14" class="1001" name="const_14">
<pin_list>
<pin id="15" dir="1" index="0" bw="1" slack="2147483647"/>
</pin_list>
<bind>
<StgValue><ssdm name="empty_3"/></StgValue>
</bind>
</comp>

<comp id="16" class="1001" name="const_16">
<pin_list>
<pin id="17" dir="1" index="0" bw="1" slack="2147483647"/>
</pin_list>
<bind>
<StgValue><ssdm name="empty_1"/></StgValue>
</bind>
</comp>

<comp id="18" class="1001" name="const_18">
<pin_list>
<pin id="19" dir="1" index="0" bw="1" slack="2147483647"/>
</pin_list>
<bind>
<StgValue><ssdm name=""/></StgValue>
</bind>
</comp>

<comp id="20" class="1001" name="const_20">
<pin_list>
<pin id="21" dir="1" index="0" bw="1" slack="2147483647"/>
</pin_list>
<bind>
<StgValue><ssdm name="empty"/></StgValue>
</bind>
</comp>

<comp id="22" class="1001" name="const_22">
<pin_list>
<pin id="23" dir="1" index="0" bw="1" slack="2147483647"/>
</pin_list>
<bind>
<StgValue><ssdm name="empty_0"/></StgValue>
</bind>
</comp>

<comp id="24" class="1001" name="const_24">
<pin_list>
<pin id="25" dir="1" index="0" bw="1" slack="2147483647"/>
</pin_list>
<bind>
<StgValue><ssdm name="_ssdm_op_SpecBitsMap"/></StgValue>
</bind>
</comp>

<comp id="26" class="1001" name="const_26">
<pin_list>
<pin id="27" dir="1" index="0" bw="1" slack="0"/>
</pin_list>
<bind>
<StgValue><ssdm name=""/></StgValue>
</bind>
</comp>

<comp id="28" class="1001" name="const_28">
<pin_list>
<pin id="29" dir="1" index="0" bw="1" slack="0"/>
</pin_list>
<bind>
<StgValue><ssdm name=""/></StgValue>
</bind>
</comp>

<comp id="30" class="1001" name="const_30">
<pin_list>
<pin id="31" dir="1" index="0" bw="1" slack="0"/>
</pin_list>
<bind>
<StgValue><ssdm name=""/></StgValue>
</bind>
</comp>

<comp id="32" class="1001" name="const_32">
<pin_list>
<pin id="33" dir="1" index="0" bw="1" slack="2147483647"/>
</pin_list>
<bind>
<StgValue><ssdm name="_ssdm_op_SpecPipeline"/></StgValue>
</bind>
</comp>

<comp id="34" class="1001" name="const_34">
<pin_list>
<pin id="35" dir="1" index="0" bw="1" slack="2147483647"/>
</pin_list>
<bind>
<StgValue><ssdm name="p_str"/></StgValue>
</bind>
</comp>

<comp id="36" class="1001" name="const_36">
<pin_list>
<pin id="37" dir="1" index="0" bw="1" slack="0"/>
</pin_list>
<bind>
<StgValue><ssdm name=""/></StgValue>
</bind>
</comp>

<comp id="38" class="1001" name="const_38">
<pin_list>
<pin id="39" dir="1" index="0" bw="1" slack="0"/>
</pin_list>
<bind>
<StgValue><ssdm name=""/></StgValue>
</bind>
</comp>

<comp id="40" class="1001" name="const_40">
<pin_list>
<pin id="41" dir="1" index="0" bw="1" slack="2147483647"/>
</pin_list>
<bind>
<StgValue><ssdm name="_ssdm_op_SpecLoopName"/></StgValue>
</bind>
</comp>

<comp id="42" class="1001" name="const_42">
<pin_list>
<pin id="43" dir="1" index="0" bw="1" slack="2147483647"/>
</pin_list>
<bind>
<StgValue><ssdm name="VITIS_LOOP_277_1_VITIS_LOOP_278_2_str"/></StgValue>
</bind>
</comp>

<comp id="44" class="1001" name="const_44">
<pin_list>
<pin id="45" dir="1" index="0" bw="1" slack="2147483647"/>
</pin_list>
<bind>
<StgValue><ssdm name="_ssdm_op_SpecLoopTripCount"/></StgValue>
</bind>
</comp>

<comp id="46" class="1001" name="const_46">
<pin_list>
<pin id="47" dir="1" index="0" bw="1" slack="2147483647"/>
</pin_list>
<bind>
<StgValue><ssdm name=""/></StgValue>
</bind>
</comp>

<comp id="48" class="1001" name="const_48">
<pin_list>
<pin id="49" dir="1" index="0" bw="1" slack="0"/>
</pin_list>
<bind>
<StgValue><ssdm name=""/></StgValue>
</bind>
</comp>

<comp id="50" class="1001" name="const_50">
<pin_list>
<pin id="51" dir="1" index="0" bw="1" slack="0"/>
</pin_list>
<bind>
<StgValue><ssdm name=""/></StgValue>
</bind>
</comp>

<comp id="52" class="1001" name="const_52">
<pin_list>
<pin id="53" dir="1" index="0" bw="1" slack="2147483647"/>
</pin_list>
<bind>
<StgValue><ssdm name="empty_4"/></StgValue>
</bind>
</comp>

<comp id="54" class="1001" name="const_54">
<pin_list>
<pin id="55" dir="1" index="0" bw="1" slack="0"/>
</pin_list>
<bind>
<StgValue><ssdm name="_ssdm_op_Read.axis.volatile.i64P128A"/></StgValue>
</bind>
</comp>

<comp id="56" class="1001" name="const_56">
<pin_list>
<pin id="57" dir="1" index="0" bw="1" slack="1"/>
</pin_list>
<bind>
<StgValue><ssdm name=""/></StgValue>
</bind>
</comp>

<comp id="58" class="1001" name="const_58">
<pin_list>
<pin id="59" dir="1" index="0" bw="1" slack="0"/>
</pin_list>
<bind>
<StgValue><ssdm name="_ssdm_op_Write.axis.volatile.i64P128A"/></StgValue>
</bind>
</comp>

<comp id="60" class="1004" name="x_fu_60">
<pin_list>
<pin id="61" dir="0" index="0" bw="1" slack="0"/>
<pin id="62" dir="1" index="1" bw="6" slack="0"/>
</pin_list>
<bind>
<opcode="alloca(26) " fcode="alloca"/>
<opset="x/1 "/>
</bind>
</comp>

<comp id="64" class="1004" name="y_fu_64">
<pin_list>
<pin id="65" dir="0" index="0" bw="1" slack="0"/>
<pin id="66" dir="1" index="1" bw="6" slack="0"/>
</pin_list>
<bind>
<opcode="alloca(26) " fcode="alloca"/>
<opset="y/1 "/>
</bind>
</comp>

<comp id="68" class="1004" name="indvar_flatten_fu_68">
<pin_list>
<pin id="69" dir="0" index="0" bw="1" slack="0"/>
<pin id="70" dir="1" index="1" bw="11" slack="0"/>
</pin_list>
<bind>
<opcode="alloca(26) " fcode="alloca"/>
<opset="indvar_flatten/1 "/>
</bind>
</comp>

<comp id="72" class="1004" name="outData_V_read_fu_72">
<pin_list>
<pin id="73" dir="0" index="0" bw="64" slack="0"/>
<pin id="74" dir="0" index="1" bw="64" slack="0"/>
<pin id="75" dir="1" index="2" bw="64" slack="1"/>
</pin_list>
<bind>
<opcode="read(1150) " fcode="read"/>
<opset="outData_V/1 "/>
</bind>
</comp>

<comp id="78" class="1004" name="grp_write_fu_78">
<pin_list>
<pin id="79" dir="0" index="0" bw="0" slack="0"/>
<pin id="80" dir="0" index="1" bw="64" slack="0"/>
<pin id="81" dir="0" index="2" bw="64" slack="0"/>
<pin id="82" dir="1" index="3" bw="0" slack="2147483647"/>
</pin_list>
<bind>
<opcode="write(1151) " fcode="write"/>
<opset="write_ln290/2 "/>
</bind>
</comp>

<comp id="85" class="1005" name="outData_V_1_reg_85">
<pin_list>
<pin id="86" dir="0" index="0" bw="64" slack="1"/>
<pin id="87" dir="1" index="1" bw="64" slack="1"/>
</pin_list>
<bind>
<opset="outData_V_1 (phireg) "/>
</bind>
</comp>

<comp id="90" class="1004" name="outData_V_1_phi_fu_90">
<pin_list>
<pin id="91" dir="0" index="0" bw="64" slack="1"/>
<pin id="92" dir="0" index="1" bw="0" slack="2147483647"/>
<pin id="93" dir="0" index="2" bw="1" slack="1"/>
<pin id="94" dir="0" index="3" bw="0" slack="2147483647"/>
<pin id="95" dir="1" index="4" bw="64" slack="0"/>
</pin_list>
<bind>
<opcode="phi(47) " fcode="phi"/>
<opset="outData_V_1/2 "/>
</bind>
</comp>

<comp id="99" class="1004" name="store_ln277_store_fu_99">
<pin_list>
<pin id="100" dir="0" index="0" bw="1" slack="0"/>
<pin id="101" dir="0" index="1" bw="11" slack="0"/>
<pin id="102" dir="1" index="2" bw="0" slack="2147483647"/>
</pin_list>
<bind>
<opcode="store(28) " fcode="store"/>
<opset="store_ln277/1 "/>
</bind>
</comp>

<comp id="104" class="1004" name="store_ln277_store_fu_104">
<pin_list>
<pin id="105" dir="0" index="0" bw="1" slack="0"/>
<pin id="106" dir="0" index="1" bw="6" slack="0"/>
<pin id="107" dir="1" index="2" bw="0" slack="2147483647"/>
</pin_list>
<bind>
<opcode="store(28) " fcode="store"/>
<opset="store_ln277/1 "/>
</bind>
</comp>

<comp id="109" class="1004" name="store_ln277_store_fu_109">
<pin_list>
<pin id="110" dir="0" index="0" bw="1" slack="0"/>
<pin id="111" dir="0" index="1" bw="6" slack="0"/>
<pin id="112" dir="1" index="2" bw="0" slack="2147483647"/>
</pin_list>
<bind>
<opcode="store(28) " fcode="store"/>
<opset="store_ln277/1 "/>
</bind>
</comp>

<comp id="114" class="1004" name="y_1_load_fu_114">
<pin_list>
<pin id="115" dir="0" index="0" bw="6" slack="0"/>
<pin id="116" dir="1" index="1" bw="6" slack="0"/>
</pin_list>
<bind>
<opcode="load(27) " fcode="load"/>
<opset="y_1/1 "/>
</bind>
</comp>

<comp id="117" class="1004" name="indvar_flatten_load_load_fu_117">
<pin_list>
<pin id="118" dir="0" index="0" bw="11" slack="0"/>
<pin id="119" dir="1" index="1" bw="11" slack="0"/>
</pin_list>
<bind>
<opcode="load(27) " fcode="load"/>
<opset="indvar_flatten_load/1 "/>
</bind>
</comp>

<comp id="120" class="1004" name="cmp9_not_i_i_fu_120">
<pin_list>
<pin id="121" dir="0" index="0" bw="6" slack="0"/>
<pin id="122" dir="0" index="1" bw="1" slack="0"/>
<pin id="123" dir="1" index="2" bw="1" slack="0"/>
</pin_list>
<bind>
<opcode="icmp(45) " fcode="icmp"/>
<opset="cmp9_not_i_i/1 "/>
</bind>
</comp>

<comp id="126" class="1004" name="cmp10_not_i_i_fu_126">
<pin_list>
<pin id="127" dir="0" index="0" bw="6" slack="0"/>
<pin id="128" dir="0" index="1" bw="6" slack="0"/>
<pin id="129" dir="1" index="2" bw="1" slack="0"/>
</pin_list>
<bind>
<opcode="icmp(45) " fcode="icmp"/>
<opset="cmp10_not_i_i/1 "/>
</bind>
</comp>

<comp id="132" class="1004" name="tmp_fu_132">
<pin_list>
<pin id="133" dir="0" index="0" bw="1" slack="0"/>
<pin id="134" dir="0" index="1" bw="1" slack="0"/>
<pin id="135" dir="1" index="2" bw="1" slack="0"/>
</pin_list>
<bind>
<opcode="or(24) " fcode="or"/>
<opset="tmp/1 "/>
</bind>
</comp>

<comp id="138" class="1004" name="icmp_ln277_fu_138">
<pin_list>
<pin id="139" dir="0" index="0" bw="11" slack="0"/>
<pin id="140" dir="0" index="1" bw="11" slack="0"/>
<pin id="141" dir="1" index="2" bw="1" slack="1"/>
</pin_list>
<bind>
<opcode="icmp(45) " fcode="icmp"/>
<opset="icmp_ln277/1 "/>
</bind>
</comp>

<comp id="144" class="1004" name="add_ln277_fu_144">
<pin_list>
<pin id="145" dir="0" index="0" bw="11" slack="0"/>
<pin id="146" dir="0" index="1" bw="1" slack="0"/>
<pin id="147" dir="1" index="2" bw="11" slack="0"/>
</pin_list>
<bind>
<opcode="add(8) " fcode="add"/>
<opset="add_ln277/1 "/>
</bind>
</comp>

<comp id="150" class="1004" name="x_load_load_fu_150">
<pin_list>
<pin id="151" dir="0" index="0" bw="6" slack="0"/>
<pin id="152" dir="1" index="1" bw="6" slack="0"/>
</pin_list>
<bind>
<opcode="load(27) " fcode="load"/>
<opset="x_load/1 "/>
</bind>
</comp>

<comp id="153" class="1004" name="icmp_ln278_fu_153">
<pin_list>
<pin id="154" dir="0" index="0" bw="6" slack="0"/>
<pin id="155" dir="0" index="1" bw="6" slack="0"/>
<pin id="156" dir="1" index="2" bw="1" slack="0"/>
</pin_list>
<bind>
<opcode="icmp(45) " fcode="icmp"/>
<opset="icmp_ln278/1 "/>
</bind>
</comp>

<comp id="159" class="1004" name="select_ln277_fu_159">
<pin_list>
<pin id="160" dir="0" index="0" bw="1" slack="0"/>
<pin id="161" dir="0" index="1" bw="1" slack="0"/>
<pin id="162" dir="0" index="2" bw="6" slack="0"/>
<pin id="163" dir="1" index="3" bw="6" slack="0"/>
</pin_list>
<bind>
<opcode="select(49) " fcode="select"/>
<opset="select_ln277/1 "/>
</bind>
</comp>

<comp id="167" class="1004" name="add_ln277_1_fu_167">
<pin_list>
<pin id="168" dir="0" index="0" bw="6" slack="0"/>
<pin id="169" dir="0" index="1" bw="1" slack="0"/>
<pin id="170" dir="1" index="2" bw="6" slack="0"/>
</pin_list>
<bind>
<opcode="add(8) " fcode="add"/>
<opset="add_ln277_1/1 "/>
</bind>
</comp>

<comp id="173" class="1004" name="cmp9_not_i_i_mid1_fu_173">
<pin_list>
<pin id="174" dir="0" index="0" bw="6" slack="0"/>
<pin id="175" dir="0" index="1" bw="1" slack="0"/>
<pin id="176" dir="1" index="2" bw="1" slack="0"/>
</pin_list>
<bind>
<opcode="icmp(45) " fcode="icmp"/>
<opset="cmp9_not_i_i_mid1/1 "/>
</bind>
</comp>

<comp id="179" class="1004" name="cmp10_not_i_i_mid1_fu_179">
<pin_list>
<pin id="180" dir="0" index="0" bw="6" slack="0"/>
<pin id="181" dir="0" index="1" bw="6" slack="0"/>
<pin id="182" dir="1" index="2" bw="1" slack="0"/>
</pin_list>
<bind>
<opcode="icmp(45) " fcode="icmp"/>
<opset="cmp10_not_i_i_mid1/1 "/>
</bind>
</comp>

<comp id="185" class="1004" name="tmp_mid1_fu_185">
<pin_list>
<pin id="186" dir="0" index="0" bw="1" slack="0"/>
<pin id="187" dir="0" index="1" bw="1" slack="0"/>
<pin id="188" dir="1" index="2" bw="1" slack="0"/>
</pin_list>
<bind>
<opcode="or(24) " fcode="or"/>
<opset="tmp_mid1/1 "/>
</bind>
</comp>

<comp id="191" class="1004" name="select_ln277_1_fu_191">
<pin_list>
<pin id="192" dir="0" index="0" bw="1" slack="0"/>
<pin id="193" dir="0" index="1" bw="1" slack="0"/>
<pin id="194" dir="0" index="2" bw="1" slack="0"/>
<pin id="195" dir="1" index="3" bw="1" slack="0"/>
</pin_list>
<bind>
<opcode="select(49) " fcode="select"/>
<opset="select_ln277_1/1 "/>
</bind>
</comp>

<comp id="199" class="1004" name="select_ln277_2_fu_199">
<pin_list>
<pin id="200" dir="0" index="0" bw="1" slack="0"/>
<pin id="201" dir="0" index="1" bw="6" slack="0"/>
<pin id="202" dir="0" index="2" bw="6" slack="0"/>
<pin id="203" dir="1" index="3" bw="6" slack="0"/>
</pin_list>
<bind>
<opcode="select(49) " fcode="select"/>
<opset="select_ln277_2/1 "/>
</bind>
</comp>

<comp id="207" class="1004" name="cmp12_not_i_i_fu_207">
<pin_list>
<pin id="208" dir="0" index="0" bw="6" slack="0"/>
<pin id="209" dir="0" index="1" bw="1" slack="0"/>
<pin id="210" dir="1" index="2" bw="1" slack="0"/>
</pin_list>
<bind>
<opcode="icmp(45) " fcode="icmp"/>
<opset="cmp12_not_i_i/1 "/>
</bind>
</comp>

<comp id="213" class="1004" name="cmp14_not_i_i_fu_213">
<pin_list>
<pin id="214" dir="0" index="0" bw="6" slack="0"/>
<pin id="215" dir="0" index="1" bw="6" slack="0"/>
<pin id="216" dir="1" index="2" bw="1" slack="0"/>
</pin_list>
<bind>
<opcode="icmp(45) " fcode="icmp"/>
<opset="cmp14_not_i_i/1 "/>
</bind>
</comp>

<comp id="219" class="1004" name="tmp1_fu_219">
<pin_list>
<pin id="220" dir="0" index="0" bw="1" slack="0"/>
<pin id="221" dir="0" index="1" bw="1" slack="0"/>
<pin id="222" dir="1" index="2" bw="1" slack="0"/>
</pin_list>
<bind>
<opcode="or(24) " fcode="or"/>
<opset="tmp1/1 "/>
</bind>
</comp>

<comp id="225" class="1004" name="brmerge14_i_i_fu_225">
<pin_list>
<pin id="226" dir="0" index="0" bw="1" slack="0"/>
<pin id="227" dir="0" index="1" bw="1" slack="0"/>
<pin id="228" dir="1" index="2" bw="1" slack="1"/>
</pin_list>
<bind>
<opcode="or(24) " fcode="or"/>
<opset="brmerge14_i_i/1 "/>
</bind>
</comp>

<comp id="231" class="1004" name="x_1_fu_231">
<pin_list>
<pin id="232" dir="0" index="0" bw="6" slack="0"/>
<pin id="233" dir="0" index="1" bw="1" slack="0"/>
<pin id="234" dir="1" index="2" bw="6" slack="0"/>
</pin_list>
<bind>
<opcode="add(8) " fcode="add"/>
<opset="x_1/1 "/>
</bind>
</comp>

<comp id="237" class="1004" name="store_ln278_store_fu_237">
<pin_list>
<pin id="238" dir="0" index="0" bw="11" slack="0"/>
<pin id="239" dir="0" index="1" bw="11" slack="0"/>
<pin id="240" dir="1" index="2" bw="0" slack="2147483647"/>
</pin_list>
<bind>
<opcode="store(28) " fcode="store"/>
<opset="store_ln278/1 "/>
</bind>
</comp>

<comp id="242" class="1004" name="store_ln278_store_fu_242">
<pin_list>
<pin id="243" dir="0" index="0" bw="6" slack="0"/>
<pin id="244" dir="0" index="1" bw="6" slack="0"/>
<pin id="245" dir="1" index="2" bw="0" slack="2147483647"/>
</pin_list>
<bind>
<opcode="store(28) " fcode="store"/>
<opset="store_ln278/1 "/>
</bind>
</comp>

<comp id="247" class="1004" name="store_ln278_store_fu_247">
<pin_list>
<pin id="248" dir="0" index="0" bw="6" slack="0"/>
<pin id="249" dir="0" index="1" bw="6" slack="0"/>
<pin id="250" dir="1" index="2" bw="0" slack="2147483647"/>
</pin_list>
<bind>
<opcode="store(28) " fcode="store"/>
<opset="store_ln278/1 "/>
</bind>
</comp>

<comp id="252" class="1005" name="x_reg_252">
<pin_list>
<pin id="253" dir="0" index="0" bw="6" slack="0"/>
<pin id="254" dir="1" index="1" bw="6" slack="0"/>
</pin_list>
<bind>
<opset="x "/>
</bind>
</comp>

<comp id="259" class="1005" name="y_reg_259">
<pin_list>
<pin id="260" dir="0" index="0" bw="6" slack="0"/>
<pin id="261" dir="1" index="1" bw="6" slack="0"/>
</pin_list>
<bind>
<opset="y "/>
</bind>
</comp>

<comp id="266" class="1005" name="indvar_flatten_reg_266">
<pin_list>
<pin id="267" dir="0" index="0" bw="11" slack="0"/>
<pin id="268" dir="1" index="1" bw="11" slack="0"/>
</pin_list>
<bind>
<opset="indvar_flatten "/>
</bind>
</comp>

<comp id="273" class="1005" name="icmp_ln277_reg_273">
<pin_list>
<pin id="274" dir="0" index="0" bw="1" slack="1"/>
<pin id="275" dir="1" index="1" bw="1" slack="2147483647"/>
</pin_list>
<bind>
<opset="icmp_ln277 "/>
</bind>
</comp>

<comp id="277" class="1005" name="brmerge14_i_i_reg_277">
<pin_list>
<pin id="278" dir="0" index="0" bw="1" slack="1"/>
<pin id="279" dir="1" index="1" bw="1" slack="2147483647"/>
</pin_list>
<bind>
<opset="brmerge14_i_i "/>
</bind>
</comp>

<comp id="281" class="1005" name="outData_V_reg_281">
<pin_list>
<pin id="282" dir="0" index="0" bw="64" slack="1"/>
<pin id="283" dir="1" index="1" bw="64" slack="1"/>
</pin_list>
<bind>
<opset="outData_V "/>
</bind>
</comp>

</comp_list>

<net_list>
<net id="63"><net_src comp="4" pin="0"/><net_sink comp="60" pin=0"/></net>

<net id="67"><net_src comp="4" pin="0"/><net_sink comp="64" pin=0"/></net>

<net id="71"><net_src comp="4" pin="0"/><net_sink comp="68" pin=0"/></net>

<net id="76"><net_src comp="54" pin="0"/><net_sink comp="72" pin=0"/></net>

<net id="77"><net_src comp="0" pin="0"/><net_sink comp="72" pin=1"/></net>

<net id="83"><net_src comp="58" pin="0"/><net_sink comp="78" pin=0"/></net>

<net id="84"><net_src comp="2" pin="0"/><net_sink comp="78" pin=1"/></net>

<net id="88"><net_src comp="56" pin="0"/><net_sink comp="85" pin=0"/></net>

<net id="89"><net_src comp="85" pin="1"/><net_sink comp="78" pin=2"/></net>

<net id="96"><net_src comp="85" pin="1"/><net_sink comp="90" pin=2"/></net>

<net id="97"><net_src comp="90" pin="4"/><net_sink comp="78" pin=2"/></net>

<net id="98"><net_src comp="90" pin="4"/><net_sink comp="85" pin=0"/></net>

<net id="103"><net_src comp="26" pin="0"/><net_sink comp="99" pin=0"/></net>

<net id="108"><net_src comp="28" pin="0"/><net_sink comp="104" pin=0"/></net>

<net id="113"><net_src comp="28" pin="0"/><net_sink comp="109" pin=0"/></net>

<net id="124"><net_src comp="114" pin="1"/><net_sink comp="120" pin=0"/></net>

<net id="125"><net_src comp="28" pin="0"/><net_sink comp="120" pin=1"/></net>

<net id="130"><net_src comp="114" pin="1"/><net_sink comp="126" pin=0"/></net>

<net id="131"><net_src comp="30" pin="0"/><net_sink comp="126" pin=1"/></net>

<net id="136"><net_src comp="120" pin="2"/><net_sink comp="132" pin=0"/></net>

<net id="137"><net_src comp="126" pin="2"/><net_sink comp="132" pin=1"/></net>

<net id="142"><net_src comp="117" pin="1"/><net_sink comp="138" pin=0"/></net>

<net id="143"><net_src comp="36" pin="0"/><net_sink comp="138" pin=1"/></net>

<net id="148"><net_src comp="117" pin="1"/><net_sink comp="144" pin=0"/></net>

<net id="149"><net_src comp="38" pin="0"/><net_sink comp="144" pin=1"/></net>

<net id="157"><net_src comp="150" pin="1"/><net_sink comp="153" pin=0"/></net>

<net id="158"><net_src comp="48" pin="0"/><net_sink comp="153" pin=1"/></net>

<net id="164"><net_src comp="153" pin="2"/><net_sink comp="159" pin=0"/></net>

<net id="165"><net_src comp="28" pin="0"/><net_sink comp="159" pin=1"/></net>

<net id="166"><net_src comp="150" pin="1"/><net_sink comp="159" pin=2"/></net>

<net id="171"><net_src comp="114" pin="1"/><net_sink comp="167" pin=0"/></net>

<net id="172"><net_src comp="50" pin="0"/><net_sink comp="167" pin=1"/></net>

<net id="177"><net_src comp="167" pin="2"/><net_sink comp="173" pin=0"/></net>

<net id="178"><net_src comp="28" pin="0"/><net_sink comp="173" pin=1"/></net>

<net id="183"><net_src comp="167" pin="2"/><net_sink comp="179" pin=0"/></net>

<net id="184"><net_src comp="30" pin="0"/><net_sink comp="179" pin=1"/></net>

<net id="189"><net_src comp="173" pin="2"/><net_sink comp="185" pin=0"/></net>

<net id="190"><net_src comp="179" pin="2"/><net_sink comp="185" pin=1"/></net>

<net id="196"><net_src comp="153" pin="2"/><net_sink comp="191" pin=0"/></net>

<net id="197"><net_src comp="185" pin="2"/><net_sink comp="191" pin=1"/></net>

<net id="198"><net_src comp="132" pin="2"/><net_sink comp="191" pin=2"/></net>

<net id="204"><net_src comp="153" pin="2"/><net_sink comp="199" pin=0"/></net>

<net id="205"><net_src comp="167" pin="2"/><net_sink comp="199" pin=1"/></net>

<net id="206"><net_src comp="114" pin="1"/><net_sink comp="199" pin=2"/></net>

<net id="211"><net_src comp="159" pin="3"/><net_sink comp="207" pin=0"/></net>

<net id="212"><net_src comp="28" pin="0"/><net_sink comp="207" pin=1"/></net>

<net id="217"><net_src comp="159" pin="3"/><net_sink comp="213" pin=0"/></net>

<net id="218"><net_src comp="30" pin="0"/><net_sink comp="213" pin=1"/></net>

<net id="223"><net_src comp="207" pin="2"/><net_sink comp="219" pin=0"/></net>

<net id="224"><net_src comp="213" pin="2"/><net_sink comp="219" pin=1"/></net>

<net id="229"><net_src comp="219" pin="2"/><net_sink comp="225" pin=0"/></net>

<net id="230"><net_src comp="191" pin="3"/><net_sink comp="225" pin=1"/></net>

<net id="235"><net_src comp="159" pin="3"/><net_sink comp="231" pin=0"/></net>

<net id="236"><net_src comp="50" pin="0"/><net_sink comp="231" pin=1"/></net>

<net id="241"><net_src comp="144" pin="2"/><net_sink comp="237" pin=0"/></net>

<net id="246"><net_src comp="199" pin="3"/><net_sink comp="242" pin=0"/></net>

<net id="251"><net_src comp="231" pin="2"/><net_sink comp="247" pin=0"/></net>

<net id="255"><net_src comp="60" pin="1"/><net_sink comp="252" pin=0"/></net>

<net id="256"><net_src comp="252" pin="1"/><net_sink comp="109" pin=1"/></net>

<net id="257"><net_src comp="252" pin="1"/><net_sink comp="150" pin=0"/></net>

<net id="258"><net_src comp="252" pin="1"/><net_sink comp="247" pin=1"/></net>

<net id="262"><net_src comp="64" pin="1"/><net_sink comp="259" pin=0"/></net>

<net id="263"><net_src comp="259" pin="1"/><net_sink comp="104" pin=1"/></net>

<net id="264"><net_src comp="259" pin="1"/><net_sink comp="114" pin=0"/></net>

<net id="265"><net_src comp="259" pin="1"/><net_sink comp="242" pin=1"/></net>

<net id="269"><net_src comp="68" pin="1"/><net_sink comp="266" pin=0"/></net>

<net id="270"><net_src comp="266" pin="1"/><net_sink comp="99" pin=1"/></net>

<net id="271"><net_src comp="266" pin="1"/><net_sink comp="117" pin=0"/></net>

<net id="272"><net_src comp="266" pin="1"/><net_sink comp="237" pin=1"/></net>

<net id="276"><net_src comp="138" pin="2"/><net_sink comp="273" pin=0"/></net>

<net id="280"><net_src comp="225" pin="2"/><net_sink comp="277" pin=0"/></net>

<net id="284"><net_src comp="72" pin="2"/><net_sink comp="281" pin=0"/></net>

<net id="285"><net_src comp="281" pin="1"/><net_sink comp="90" pin=0"/></net>

</net_list>

</model> 
---------------- Datapath Model END ------------------

* FSMD analyzer results:
  - Output states:
	Port: out_V | {3 }
 - Input state : 
	Port: FMPadding_Batch_1 : in0_V | {1 }
  - Chain level:
	State 1
		store_ln277 : 1
		store_ln277 : 1
		store_ln277 : 1
		y_1 : 1
		indvar_flatten_load : 1
		cmp9_not_i_i : 2
		cmp10_not_i_i : 2
		tmp : 3
		icmp_ln277 : 2
		add_ln277 : 2
		br_ln277 : 3
		x_load : 1
		icmp_ln278 : 2
		select_ln277 : 3
		add_ln277_1 : 2
		cmp9_not_i_i_mid1 : 3
		cmp10_not_i_i_mid1 : 3
		tmp_mid1 : 4
		select_ln277_1 : 4
		select_ln277_2 : 3
		cmp12_not_i_i : 4
		cmp14_not_i_i : 4
		tmp1 : 5
		brmerge14_i_i : 5
		br_ln285 : 5
		x_1 : 4
		store_ln278 : 3
		store_ln278 : 4
		store_ln278 : 5
	State 2
		write_ln290 : 1
	State 3


============================================================
+ Verbose Summary: Datapath Resource usage 
============================================================

* Functional unit list:
|----------|---------------------------|---------|---------|
| Operation|      Functional Unit      |    FF   |   LUT   |
|----------|---------------------------|---------|---------|
|          |    cmp9_not_i_i_fu_120    |    0    |    10   |
|          |    cmp10_not_i_i_fu_126   |    0    |    10   |
|          |     icmp_ln277_fu_138     |    0    |    11   |
|   icmp   |     icmp_ln278_fu_153     |    0    |    10   |
|          |  cmp9_not_i_i_mid1_fu_173 |    0    |    10   |
|          | cmp10_not_i_i_mid1_fu_179 |    0    |    10   |
|          |    cmp12_not_i_i_fu_207   |    0    |    10   |
|          |    cmp14_not_i_i_fu_213   |    0    |    10   |
|----------|---------------------------|---------|---------|
|          |      add_ln277_fu_144     |    0    |    12   |
|    add   |     add_ln277_1_fu_167    |    0    |    14   |
|          |         x_1_fu_231        |    0    |    14   |
|----------|---------------------------|---------|---------|
|          |    select_ln277_fu_159    |    0    |    6    |
|  select  |   select_ln277_1_fu_191   |    0    |    2    |
|          |   select_ln277_2_fu_199   |    0    |    6    |
|----------|---------------------------|---------|---------|
|          |         tmp_fu_132        |    0    |    2    |
|    or    |      tmp_mid1_fu_185      |    0    |    2    |
|          |        tmp1_fu_219        |    0    |    2    |
|          |    brmerge14_i_i_fu_225   |    0    |    2    |
|----------|---------------------------|---------|---------|
|   read   |    outData_V_read_fu_72   |    0    |    0    |
|----------|---------------------------|---------|---------|
|   write  |      grp_write_fu_78      |    0    |    0    |
|----------|---------------------------|---------|---------|
|   Total  |                           |    0    |   143   |
|----------|---------------------------|---------|---------|

Memories:
N/A

* Register list:
+----------------------+--------+
|                      |   FF   |
+----------------------+--------+
| brmerge14_i_i_reg_277|    1   |
|  icmp_ln277_reg_273  |    1   |
|indvar_flatten_reg_266|   11   |
|  outData_V_1_reg_85  |   64   |
|   outData_V_reg_281  |   64   |
|       x_reg_252      |    6   |
|       y_reg_259      |    6   |
+----------------------+--------+
|         Total        |   153  |
+----------------------+--------+

* Multiplexer (MUX) list: 
|--------------------|------|------|------|--------||---------||---------|
|        Comp        |  Pin | Size |  BW  | S x BW ||  Delay  ||   LUT   |
|--------------------|------|------|------|--------||---------||---------|
|   grp_write_fu_78  |  p2  |   2  |  64  |   128  ||    9    |
| outData_V_1_reg_85 |  p0  |   2  |  64  |   128  ||    9    |
|--------------------|------|------|------|--------||---------||---------|
|        Total       |      |      |      |   256  ||  3.176  ||    18   |
|--------------------|------|------|------|--------||---------||---------|



* Summary:
+-----------+--------+--------+--------+
|           |  Delay |   FF   |   LUT  |
+-----------+--------+--------+--------+
|  Function |    -   |    0   |   143  |
|   Memory  |    -   |    -   |    -   |
|Multiplexer|    3   |    -   |   18   |
|  Register |    -   |   153  |    -   |
+-----------+--------+--------+--------+
|   Total   |    3   |   153  |   161  |
+-----------+--------+--------+--------+
