
****** Vitis HLS - High-Level Synthesis from C, C++ and OpenCL v2022.2.2 (64-bit)
  **** SW Build 3779808 on Feb 17 2023
  **** IP Build 3783773 on Tue Feb 21 23:41:56 MST 2023
    ** Copyright 1986-2023 Xilinx, Inc. All Rights Reserved.

source /tools/Xilinx/Vitis_HLS/2022.2/scripts/vitis_hls/hls.tcl -notrace
INFO: [HLS 200-10] Running '/tools/Xilinx/Vitis_HLS/2022.2/bin/unwrapped/lnx64.o/vitis_hls'
/tools/Xilinx/Vitis_HLS/2022.2/tps/tcl/tcl8.5/tzdata/Europe/Dublin can't be opened.
INFO: [HLS 200-10] For user '' on host 'finn_dev_miguel_tfg' (Linux_x86_64 version 6.8.0-124-generic) on Fri Jun 12 09:19:17 +0000 2026
INFO: [HLS 200-10] On os Ubuntu 18.04.5 LTS
INFO: [HLS 200-10] In directory '/home/miguel_tfg/FINN-v0.9-Stable/notebooks/UAH_example/FINN_build/code_gen_ipgen_StreamingDataWidthConverter_Batch_0_w9mxyx3n'
Sourcing Tcl script '/home/miguel_tfg/FINN-v0.9-Stable/notebooks/UAH_example/FINN_build/code_gen_ipgen_StreamingDataWidthConverter_Batch_0_w9mxyx3n/hls_syn_StreamingDataWidthConverter_Batch_0.tcl'
INFO: [HLS 200-1510] Running: source /home/miguel_tfg/FINN-v0.9-Stable/notebooks/UAH_example/FINN_build/code_gen_ipgen_StreamingDataWidthConverter_Batch_0_w9mxyx3n/hls_syn_StreamingDataWidthConverter_Batch_0.tcl
HLS project: project_StreamingDataWidthConverter_Batch_0
HW source dir: /home/miguel_tfg/FINN-v0.9-Stable/notebooks/UAH_example/FINN_build/code_gen_ipgen_StreamingDataWidthConverter_Batch_0_w9mxyx3n
finn-hlslib dir: /home/miguel_tfg/FINN-v0.9-Stable/deps/finn-hlslib
custom HLS dir: /home/miguel_tfg/FINN-v0.9-Stable/custom_hls
INFO: [HLS 200-1510] Running: open_project project_StreamingDataWidthConverter_Batch_0 
INFO: [HLS 200-10] Creating and opening project '/home/miguel_tfg/FINN-v0.9-Stable/notebooks/UAH_example/FINN_build/code_gen_ipgen_StreamingDataWidthConverter_Batch_0_w9mxyx3n/project_StreamingDataWidthConverter_Batch_0'.
INFO: [HLS 200-1510] Running: add_files /home/miguel_tfg/FINN-v0.9-Stable/notebooks/UAH_example/FINN_build/code_gen_ipgen_StreamingDataWidthConverter_Batch_0_w9mxyx3n/top_StreamingDataWidthConverter_Batch_0.cpp -cflags -std=c++14 -I/home/miguel_tfg/FINN-v0.9-Stable/deps/finn-hlslib -I/home/miguel_tfg/FINN-v0.9-Stable/custom_hls 
INFO: [HLS 200-10] Adding design file '/home/miguel_tfg/FINN-v0.9-Stable/notebooks/UAH_example/FINN_build/code_gen_ipgen_StreamingDataWidthConverter_Batch_0_w9mxyx3n/top_StreamingDataWidthConverter_Batch_0.cpp' to the project
INFO: [HLS 200-1510] Running: set_top StreamingDataWidthConverter_Batch_0 
INFO: [HLS 200-1510] Running: open_solution sol1 
INFO: [HLS 200-10] Creating and opening solution '/home/miguel_tfg/FINN-v0.9-Stable/notebooks/UAH_example/FINN_build/code_gen_ipgen_StreamingDataWidthConverter_Batch_0_w9mxyx3n/project_StreamingDataWidthConverter_Batch_0/sol1'.
INFO: [HLS 200-1505] Using default flow_target 'vivado'
Resolution: For help on HLS 200-1505 see www.xilinx.com/cgi-bin/docs/rdoc?v=2022.2;t=hls+guidance;d=200-1505.html
INFO: [HLS 200-435] Setting 'open_solution -flow_target vivado' configuration: config_interface -m_axi_latency=0
INFO: [HLS 200-1510] Running: set_part xc7z020clg400-1 
INFO: [HLS 200-1611] Setting target device to 'xc7z020-clg400-1'
INFO: [HLS 200-1510] Running: config_compile -disable_unroll_code_size_check -pipeline_style flp 
WARNING: [XFORM 203-506] Disable code size check when do loop unroll.
WARNING: [HLS 200-643] The 'config_compile -disable_unroll_code_size_check' hidden command is deprecated and will be removed in a future release.
INFO: [HLS 200-1510] Running: config_interface -m_axi_addr64 
INFO: [HLS 200-1510] Running: config_rtl -module_auto_prefix 
INFO: [HLS 200-1510] Running: config_rtl -deadlock_detection none 
INFO: [HLS 200-1510] Running: create_clock -period 10.0 -name default 
INFO: [SYN 201-201] Setting up clock 'default' with a period of 10ns.
INFO: [HLS 200-1510] Running: csynth_design 
Running Dispatch Server on port: 39343
INFO: [HLS 200-111] Finished File checks and directory preparation: CPU user time: 0.01 seconds. CPU system time: 0.02 seconds. Elapsed time: 10.03 seconds; current allocated memory: 1.469 GB.
INFO: [HLS 200-10] Analyzing design file '/home/miguel_tfg/FINN-v0.9-Stable/notebooks/UAH_example/FINN_build/code_gen_ipgen_StreamingDataWidthConverter_Batch_0_w9mxyx3n/top_StreamingDataWidthConverter_Batch_0.cpp' ... 
INFO: [HLS 200-111] Finished Source Code Analysis and Preprocessing: CPU user time: 3.81 seconds. CPU system time: 0.53 seconds. Elapsed time: 4.34 seconds; current allocated memory: 1.477 GB.
INFO: [HLS 200-777] Using interface defaults for 'Vivado' flow target.
INFO: [HLS 214-178] Inlining function 'void StreamingDataWidthConverter_Batch<4u, 64u, 65536u>(hls::stream<ap_uint<4u>, 0>&, hls::stream<ap_uint<64u>, 0>&, unsigned int)' into 'StreamingDataWidthConverter_Batch_0(hls::stream<ap_uint<4>, 0>&, hls::stream<ap_uint<64>, 0>&)' (/home/miguel_tfg/FINN-v0.9-Stable/notebooks/UAH_example/FINN_build/code_gen_ipgen_StreamingDataWidthConverter_Batch_0_w9mxyx3n/top_StreamingDataWidthConverter_Batch_0.cpp:16:0)
INFO: [HLS 200-111] Finished Compiling Optimization and Transform: CPU user time: 1.65 seconds. CPU system time: 0.35 seconds. Elapsed time: 2.01 seconds; current allocated memory: 1.477 GB.
INFO: [HLS 200-111] Finished Checking Pragmas: CPU user time: 0 seconds. CPU system time: 0 seconds. Elapsed time: 0 seconds; current allocated memory: 1.477 GB.
INFO: [HLS 200-10] Starting code transformations ...
INFO: [HLS 200-111] Finished Standard Transforms: CPU user time: 0.02 seconds. CPU system time: 0 seconds. Elapsed time: 0.01 seconds; current allocated memory: 1.482 GB.
INFO: [HLS 200-10] Checking synthesizability ...
INFO: [HLS 200-111] Finished Checking Synthesizability: CPU user time: 0.03 seconds. CPU system time: 0 seconds. Elapsed time: 0.03 seconds; current allocated memory: 1.489 GB.
INFO: [HLS 200-111] Finished Loop, function and other optimizations: CPU user time: 0.03 seconds. CPU system time: 0.01 seconds. Elapsed time: 0.05 seconds; current allocated memory: 1.516 GB.
INFO: [HLS 200-111] Finished Architecture Synthesis: CPU user time: 0.02 seconds. CPU system time: 0 seconds. Elapsed time: 0.02 seconds; current allocated memory: 1.516 GB.
INFO: [HLS 200-10] Starting hardware synthesis ...
INFO: [HLS 200-10] Synthesizing 'StreamingDataWidthConverter_Batch_0' ...
INFO: [HLS 200-10] ----------------------------------------------------------------
INFO: [HLS 200-42] -- Implementing module 'StreamingDataWidthConverter_Batch_0' 
INFO: [HLS 200-10] ----------------------------------------------------------------
INFO: [SCHED 204-11] Starting scheduling ...
INFO: [SCHED 204-61] Pipelining loop 'VITIS_LOOP_481_3'.
INFO: [HLS 200-1470] Pipelining result : Target II = 1, Final II = 1, Depth = 3, loop 'VITIS_LOOP_481_3'
WARNING: [HLS 200-871] Estimated clock period (7.591ns) exceeds the target (target clock period: 10ns, clock uncertainty: 2.7ns, effective delay budget: 7.3ns).
Resolution: For help on HLS 200-871 see www.xilinx.com/cgi-bin/docs/rdoc?v=2022.2;t=hls+guidance;d=200-871.html
WARNING: [HLS 200-1016] The critical path in module 'StreamingDataWidthConverter_Batch_0' consists of the following:	'alloca' operation ('i') [4]  (0 ns)
	'load' operation ('i_load', /home/miguel_tfg/FINN-v0.9-Stable/deps/finn-hlslib/streamtools.h:488) on local variable 'i' [24]  (0 ns)
	'add' operation ('i', /home/miguel_tfg/FINN-v0.9-Stable/deps/finn-hlslib/streamtools.h:488) [30]  (2.55 ns)
	'icmp' operation ('icmp_ln490', /home/miguel_tfg/FINN-v0.9-Stable/deps/finn-hlslib/streamtools.h:490) [31]  (2.47 ns)
	blocking operation 2.57 ns on control path)

Resolution: For help on HLS 200-1016 see www.xilinx.com/cgi-bin/docs/rdoc?v=2022.2;t=hls+guidance;d=200-1016.html
INFO: [SCHED 204-11] Finished scheduling.
INFO: [HLS 200-111] Finished Scheduling: CPU user time: 0.03 seconds. CPU system time: 0.04 seconds. Elapsed time: 0.05 seconds; current allocated memory: 1.516 GB.
INFO: [BIND 205-100] Starting micro-architecture generation ...
INFO: [BIND 205-101] Performing variable lifetime analysis.
INFO: [BIND 205-101] Exploring resource sharing.
INFO: [BIND 205-101] Binding ...
INFO: [BIND 205-100] Finished micro-architecture generation.
INFO: [HLS 200-111] Finished Binding: CPU user time: 0.01 seconds. CPU system time: 0 seconds. Elapsed time: 0.01 seconds; current allocated memory: 1.516 GB.
INFO: [HLS 200-10] ----------------------------------------------------------------
INFO: [HLS 200-10] -- Generating RTL for module 'StreamingDataWidthConverter_Batch_0' 
INFO: [HLS 200-10] ----------------------------------------------------------------
WARNING: [RTGEN 206-101] Design contains AXI ports. Reset is fixed to synchronous and active low.
INFO: [RTGEN 206-500] Setting interface mode on port 'StreamingDataWidthConverter_Batch_0/in0_V' to 'axis' (register, both mode).
INFO: [RTGEN 206-500] Setting interface mode on port 'StreamingDataWidthConverter_Batch_0/out_V' to 'axis' (register, both mode).
INFO: [RTGEN 206-500] Setting interface mode on function 'StreamingDataWidthConverter_Batch_0' to 'ap_ctrl_none'.
INFO: [RTGEN 206-100] Finished creating RTL model for 'StreamingDataWidthConverter_Batch_0'.
INFO: [HLS 200-111] Finished Creating RTL model: CPU user time: 0.01 seconds. CPU system time: 0 seconds. Elapsed time: 0.02 seconds; current allocated memory: 1.516 GB.
INFO: [HLS 200-111] Finished Generating all RTL models: CPU user time: 0.14 seconds. CPU system time: 0.01 seconds. Elapsed time: 0.14 seconds; current allocated memory: 1.516 GB.
INFO: [HLS 200-111] Finished Updating report files: CPU user time: 0.14 seconds. CPU system time: 0.01 seconds. Elapsed time: 0.16 seconds; current allocated memory: 1.516 GB.
INFO: [VHDL 208-304] Generating VHDL RTL for StreamingDataWidthConverter_Batch_0.
INFO: [VLOG 209-307] Generating Verilog RTL for StreamingDataWidthConverter_Batch_0.
INFO: [HLS 200-790] **** Loop Constraint Status: All loop constraints were satisfied.
INFO: [HLS 200-789] **** Estimated Fmax: 131.73 MHz
INFO: [HLS 200-111] Finished Command csynth_design CPU user time: 5.91 seconds. CPU system time: 0.95 seconds. Elapsed time: 6.84 seconds; current allocated memory: 47.602 MB.
INFO: [HLS 200-1510] Running: export_design -format ip_catalog 
INFO: [IMPL 213-8] Exporting RTL as a Vivado IP.

****** Vivado v2022.2.2 (64-bit)
  **** SW Build 3788238 on Tue Feb 21 19:59:23 MST 2023
  **** IP Build 3783773 on Tue Feb 21 23:41:56 MST 2023
    ** Copyright 1986-2023 Xilinx, Inc. All Rights Reserved.

source run_ippack.tcl -notrace
CRITICAL WARNING: [Board 49-4] Problem parsing board_part file - /tools/Xilinx/Vivado/2022.2/data/boards/board_files/TE0727_10_1C/1.0/board.xml
Resolution: Check that the file is valid using an XML validation tool such as xmllint.
CRITICAL WARNING: [Board 49-4] Problem parsing board_part file - /tools/Xilinx/Vivado/2022.2/data/xhub/boards/XilinxBoardStore/boards/Xilinx/TE0727_10_1C/1.0/board.xml
Resolution: Check that the file is valid using an XML validation tool such as xmllint.
INFO: [IP_Flow 19-234] Refreshing IP repositories
INFO: [IP_Flow 19-1704] No user IP repositories specified
INFO: [IP_Flow 19-2313] Loaded Vivado IP repository '/tools/Xilinx/Vivado/2022.2/data/ip'.
INFO: [Common 17-206] Exiting Vivado at Fri Jun 12 09:19:43 2026...
INFO: [HLS 200-802] Generated output file project_StreamingDataWidthConverter_Batch_0/sol1/impl/export.zip
INFO: [HLS 200-111] Finished Command export_design CPU user time: 7.45 seconds. CPU system time: 0.78 seconds. Elapsed time: 10.55 seconds; current allocated memory: 4.766 MB.
INFO: [HLS 200-112] Total CPU user time: 15.36 seconds. Total CPU system time: 2.22 seconds. Total elapsed time: 29.75 seconds; peak allocated memory: 1.520 GB.
INFO: [Common 17-206] Exiting vitis_hls at Fri Jun 12 09:19:46 2026...
