

================================================================
== Vitis HLS Report for 'FMPadding_Batch_1'
================================================================
* Date:           Fri Jun 12 09:16:48 2026

* Version:        2022.2.2 (Build 3779808 on Feb 17 2023)
* Project:        project_FMPadding_Batch_1
* Solution:       sol1 (Vivado IP Flow Target)
* Product family: zynq
* Target device:  xc7z020-clg400-1


================================================================
== Performance Estimates
================================================================
+ Timing: 
    * Summary: 
    +--------+----------+----------+------------+
    |  Clock |  Target  | Estimated| Uncertainty|
    +--------+----------+----------+------------+
    |ap_clk  |  10.00 ns|  6.622 ns|     2.70 ns|
    +--------+----------+----------+------------+

+ Latency: 
    * Summary: 
    +---------+---------+-----------+-----------+------+------+---------+
    |  Latency (cycles) |   Latency (absolute)  |   Interval  | Pipeline|
    |   min   |   max   |    min    |    max    |  min |  max |   Type  |
    +---------+---------+-----------+-----------+------+------+---------+
    |     1159|     1159|  11.590 us|  11.590 us|  1160|  1160|       no|
    +---------+---------+-----------+-----------+------+------+---------+

    + Detail: 
        * Instance: 
        N/A

        * Loop: 
        +-------------------------------------+---------+---------+----------+-----------+-----------+------+----------+
        |                                     |  Latency (cycles) | Iteration|  Initiation Interval  | Trip |          |
        |              Loop Name              |   min   |   max   |  Latency |  achieved |   target  | Count| Pipelined|
        +-------------------------------------+---------+---------+----------+-----------+-----------+------+----------+
        |- VITIS_LOOP_277_1_VITIS_LOOP_278_2  |     1157|     1157|         3|          1|          1|  1156|  yes(flp)|
        +-------------------------------------+---------+---------+----------+-----------+-----------+------+----------+

============================================================
+ Verbose Summary: Synthesis Manager
============================================================
InlineROM: 1
ExposeGlobal: 0
============================================================
+ Verbose Summary: CDFG Model
============================================================
IsTopModel: 1
ResetActiveHigh: 1
IsCombinational: 0
IsDatapathOnly: 0
HasWiredReturn: 1
HasMFsm: 1
HasVarLatency: 1
IsPipeline: 0
IsRtlPipelined: 0
IsInstanceOverlapped: 0
IsDontTouch: 0
HasImplIP: 0
IsGatedGlobalClock: 0

+ Individual pipeline summary: 
  * Pipeline-0: initiation interval (II) = 1, depth = 3


============================================================
+ Verbose Summary: Schedule
============================================================
* Number of FSM states : 3
* Pipeline : 1
  Pipeline-0 : II = 1, D = 3, States = { 1 2 3 }
* Dataflow Pipeline: 0

* FSM state transitions: 
1 --> 2 
2 --> 3 
3 --> 

* FSM state operations: 

State 1 <SV = 0> <Delay = 6.62>
ST_1 : Operation 6 [1/1] (0.00ns)   --->   "%x = alloca i32 1"   --->   Operation 6 'alloca' 'x' <Predicate = true> <Delay = 0.00>
ST_1 : Operation 7 [1/1] (0.00ns)   --->   "%y = alloca i32 1"   --->   Operation 7 'alloca' 'y' <Predicate = true> <Delay = 0.00>
ST_1 : Operation 8 [1/1] (0.00ns)   --->   "%indvar_flatten = alloca i32 1"   --->   Operation 8 'alloca' 'indvar_flatten' <Predicate = true> <Delay = 0.00>
ST_1 : Operation 9 [1/1] (0.00ns)   --->   "%spectopmodule_ln22 = spectopmodule void @_ssdm_op_SpecTopModule, void @empty_2" [/home/miguel_tfg/FINN-v0.9-Stable/notebooks/UAH_example/FINN_build/code_gen_ipgen_FMPadding_Batch_1_sg_uaekk/top_FMPadding_Batch_1.cpp:22]   --->   Operation 9 'spectopmodule' 'spectopmodule_ln22' <Predicate = true> <Delay = 0.00>
ST_1 : Operation 10 [1/1] (0.00ns)   --->   "%specinterface_ln22 = specinterface void @_ssdm_op_SpecInterface, i32 0, void @empty_3, i32 0, i32 0, void @empty_1, i32 0, i32 0, void @empty_1, void @empty_1, void @empty_1, i32 0, i32 0, i32 0, i32 0, void @empty_1, void @empty_1, i32 4294967295, i32 0" [/home/miguel_tfg/FINN-v0.9-Stable/notebooks/UAH_example/FINN_build/code_gen_ipgen_FMPadding_Batch_1_sg_uaekk/top_FMPadding_Batch_1.cpp:22]   --->   Operation 10 'specinterface' 'specinterface_ln22' <Predicate = true> <Delay = 0.00>
ST_1 : Operation 11 [1/1] (0.00ns)   --->   "%specinterface_ln0 = specinterface void @_ssdm_op_SpecInterface, i64 %in0_V, void @empty, i32 1, i32 1, void @empty_0, i32 0, i32 0, void @empty_1, void @empty_1, void @empty_1, i32 0, i32 0, i32 0, i32 0, void @empty_1, void @empty_1, i32 4294967295, i32 0"   --->   Operation 11 'specinterface' 'specinterface_ln0' <Predicate = true> <Delay = 0.00>
ST_1 : Operation 12 [1/1] (0.00ns)   --->   "%specbitsmap_ln0 = specbitsmap void @_ssdm_op_SpecBitsMap, i64 %in0_V"   --->   Operation 12 'specbitsmap' 'specbitsmap_ln0' <Predicate = true> <Delay = 0.00>
ST_1 : Operation 13 [1/1] (0.00ns)   --->   "%specinterface_ln0 = specinterface void @_ssdm_op_SpecInterface, i64 %out_V, void @empty, i32 1, i32 1, void @empty_0, i32 0, i32 0, void @empty_1, void @empty_1, void @empty_1, i32 0, i32 0, i32 0, i32 0, void @empty_1, void @empty_1, i32 4294967295, i32 0"   --->   Operation 13 'specinterface' 'specinterface_ln0' <Predicate = true> <Delay = 0.00>
ST_1 : Operation 14 [1/1] (0.00ns)   --->   "%specbitsmap_ln0 = specbitsmap void @_ssdm_op_SpecBitsMap, i64 %out_V"   --->   Operation 14 'specbitsmap' 'specbitsmap_ln0' <Predicate = true> <Delay = 0.00>
ST_1 : Operation 15 [1/1] (1.58ns)   --->   "%store_ln277 = store i11 0, i11 %indvar_flatten" [/home/miguel_tfg/FINN-v0.9-Stable/deps/finn-hlslib/streamtools.h:277]   --->   Operation 15 'store' 'store_ln277' <Predicate = true> <Delay = 1.58>
ST_1 : Operation 16 [1/1] (1.58ns)   --->   "%store_ln277 = store i6 0, i6 %y" [/home/miguel_tfg/FINN-v0.9-Stable/deps/finn-hlslib/streamtools.h:277]   --->   Operation 16 'store' 'store_ln277' <Predicate = true> <Delay = 1.58>
ST_1 : Operation 17 [1/1] (1.58ns)   --->   "%store_ln277 = store i6 0, i6 %x" [/home/miguel_tfg/FINN-v0.9-Stable/deps/finn-hlslib/streamtools.h:277]   --->   Operation 17 'store' 'store_ln277' <Predicate = true> <Delay = 1.58>
ST_1 : Operation 18 [1/1] (0.00ns)   --->   "%br_ln277 = br void %VITIS_LOOP_279_3.i.i" [/home/miguel_tfg/FINN-v0.9-Stable/deps/finn-hlslib/streamtools.h:277]   --->   Operation 18 'br' 'br_ln277' <Predicate = true> <Delay = 0.00>
ST_1 : Operation 19 [1/1] (0.00ns)   --->   "%y_1 = load i6 %y" [/home/miguel_tfg/FINN-v0.9-Stable/deps/finn-hlslib/streamtools.h:277]   --->   Operation 19 'load' 'y_1' <Predicate = true> <Delay = 0.00>
ST_1 : Operation 20 [1/1] (0.00ns)   --->   "%indvar_flatten_load = load i11 %indvar_flatten" [/home/miguel_tfg/FINN-v0.9-Stable/deps/finn-hlslib/streamtools.h:277]   --->   Operation 20 'load' 'indvar_flatten_load' <Predicate = true> <Delay = 0.00>
ST_1 : Operation 21 [1/1] (1.42ns)   --->   "%cmp9_not_i_i = icmp_eq  i6 %y_1, i6 0" [/home/miguel_tfg/FINN-v0.9-Stable/deps/finn-hlslib/streamtools.h:277]   --->   Operation 21 'icmp' 'cmp9_not_i_i' <Predicate = true> <Delay = 1.42> <CoreInst = "Cmp">   --->   Core 9 'Cmp' <Latency = 0> <II = 1> <Delay = 1.42> <FuncUnit> <Opcode : 'icmp'> <InPorts = 2> <OutPorts = 1>
ST_1 : Operation 22 [1/1] (1.42ns)   --->   "%cmp10_not_i_i = icmp_ugt  i6 %y_1, i6 32" [/home/miguel_tfg/FINN-v0.9-Stable/deps/finn-hlslib/streamtools.h:277]   --->   Operation 22 'icmp' 'cmp10_not_i_i' <Predicate = true> <Delay = 1.42> <CoreInst = "Cmp">   --->   Core 9 'Cmp' <Latency = 0> <II = 1> <Delay = 1.42> <FuncUnit> <Opcode : 'icmp'> <InPorts = 2> <OutPorts = 1>
ST_1 : Operation 23 [1/1] (0.97ns)   --->   "%tmp = or i1 %cmp9_not_i_i, i1 %cmp10_not_i_i" [/home/miguel_tfg/FINN-v0.9-Stable/deps/finn-hlslib/streamtools.h:277]   --->   Operation 23 'or' 'tmp' <Predicate = true> <Delay = 0.97> <CoreInst = "LogicGate">   --->   Core 74 'LogicGate' <Latency = 0> <II = 1> <Delay = 0.97> <FuncUnit> <Opcode : 'and' 'or' 'xor'> <InPorts = 2> <OutPorts = 1>
ST_1 : Operation 24 [1/1] (0.00ns)   --->   "%specpipeline_ln0 = specpipeline void @_ssdm_op_SpecPipeline, i32 4294967295, i32 0, i32 1, i32 0, void @p_str"   --->   Operation 24 'specpipeline' 'specpipeline_ln0' <Predicate = true> <Delay = 0.00>
ST_1 : Operation 25 [1/1] (1.88ns)   --->   "%icmp_ln277 = icmp_eq  i11 %indvar_flatten_load, i11 1156" [/home/miguel_tfg/FINN-v0.9-Stable/deps/finn-hlslib/streamtools.h:277]   --->   Operation 25 'icmp' 'icmp_ln277' <Predicate = true> <Delay = 1.88> <CoreInst = "Cmp">   --->   Core 9 'Cmp' <Latency = 0> <II = 1> <Delay = 1.88> <FuncUnit> <Opcode : 'icmp'> <InPorts = 2> <OutPorts = 1>
ST_1 : Operation 26 [1/1] (1.63ns)   --->   "%add_ln277 = add i11 %indvar_flatten_load, i11 1" [/home/miguel_tfg/FINN-v0.9-Stable/deps/finn-hlslib/streamtools.h:277]   --->   Operation 26 'add' 'add_ln277' <Predicate = true> <Delay = 1.63> <CoreInst = "Adder">   --->   Core 1 'Adder' <Latency = 0> <II = 1> <Delay = 1.63> <FuncUnit> <Opcode : 'add' 'sub'> <InPorts = 2> <OutPorts = 1>
ST_1 : Operation 27 [1/1] (0.00ns)   --->   "%br_ln277 = br i1 %icmp_ln277, void %for.inc18.i.i, void %_Z15FMPadding_BatchILj32ELj34ELj1ELj1ELj16ELj16E7ap_uintILi4EEEvRN3hls6streamIS0_IXmlT4_srT5_5widthEELi0EEES7_j.exit" [/home/miguel_tfg/FINN-v0.9-Stable/deps/finn-hlslib/streamtools.h:277]   --->   Operation 27 'br' 'br_ln277' <Predicate = true> <Delay = 0.00>
ST_1 : Operation 28 [1/1] (0.00ns)   --->   "%x_load = load i6 %x" [/home/miguel_tfg/FINN-v0.9-Stable/deps/finn-hlslib/streamtools.h:278]   --->   Operation 28 'load' 'x_load' <Predicate = (!icmp_ln277)> <Delay = 0.00>
ST_1 : Operation 29 [1/1] (0.00ns)   --->   "%specloopname_ln0 = specloopname void @_ssdm_op_SpecLoopName, void @VITIS_LOOP_277_1_VITIS_LOOP_278_2_str"   --->   Operation 29 'specloopname' 'specloopname_ln0' <Predicate = (!icmp_ln277)> <Delay = 0.00>
ST_1 : Operation 30 [1/1] (0.00ns)   --->   "%empty = speclooptripcount i32 @_ssdm_op_SpecLoopTripCount, i64 1156, i64 1156, i64 1156"   --->   Operation 30 'speclooptripcount' 'empty' <Predicate = (!icmp_ln277)> <Delay = 0.00>
ST_1 : Operation 31 [1/1] (1.42ns)   --->   "%icmp_ln278 = icmp_eq  i6 %x_load, i6 34" [/home/miguel_tfg/FINN-v0.9-Stable/deps/finn-hlslib/streamtools.h:278]   --->   Operation 31 'icmp' 'icmp_ln278' <Predicate = (!icmp_ln277)> <Delay = 1.42> <CoreInst = "Cmp">   --->   Core 9 'Cmp' <Latency = 0> <II = 1> <Delay = 1.42> <FuncUnit> <Opcode : 'icmp'> <InPorts = 2> <OutPorts = 1>
ST_1 : Operation 32 [1/1] (1.18ns)   --->   "%select_ln277 = select i1 %icmp_ln278, i6 0, i6 %x_load" [/home/miguel_tfg/FINN-v0.9-Stable/deps/finn-hlslib/streamtools.h:277]   --->   Operation 32 'select' 'select_ln277' <Predicate = (!icmp_ln277)> <Delay = 1.18> <CoreInst = "Sel">   --->   Core 73 'Sel' <Latency = 0> <II = 1> <Delay = 1.18> <FuncUnit> <Opcode : 'select'> <InPorts = 3> <OutPorts = 1>
ST_1 : Operation 33 [1/1] (1.82ns)   --->   "%add_ln277_1 = add i6 %y_1, i6 1" [/home/miguel_tfg/FINN-v0.9-Stable/deps/finn-hlslib/streamtools.h:277]   --->   Operation 33 'add' 'add_ln277_1' <Predicate = (!icmp_ln277)> <Delay = 1.82> <CoreInst = "Adder">   --->   Core 1 'Adder' <Latency = 0> <II = 1> <Delay = 1.82> <FuncUnit> <Opcode : 'add' 'sub'> <InPorts = 2> <OutPorts = 1>
ST_1 : Operation 34 [1/1] (1.42ns)   --->   "%cmp9_not_i_i_mid1 = icmp_eq  i6 %add_ln277_1, i6 0" [/home/miguel_tfg/FINN-v0.9-Stable/deps/finn-hlslib/streamtools.h:277]   --->   Operation 34 'icmp' 'cmp9_not_i_i_mid1' <Predicate = (!icmp_ln277)> <Delay = 1.42> <CoreInst = "Cmp">   --->   Core 9 'Cmp' <Latency = 0> <II = 1> <Delay = 1.42> <FuncUnit> <Opcode : 'icmp'> <InPorts = 2> <OutPorts = 1>
ST_1 : Operation 35 [1/1] (1.42ns)   --->   "%cmp10_not_i_i_mid1 = icmp_ugt  i6 %add_ln277_1, i6 32" [/home/miguel_tfg/FINN-v0.9-Stable/deps/finn-hlslib/streamtools.h:277]   --->   Operation 35 'icmp' 'cmp10_not_i_i_mid1' <Predicate = (!icmp_ln277)> <Delay = 1.42> <CoreInst = "Cmp">   --->   Core 9 'Cmp' <Latency = 0> <II = 1> <Delay = 1.42> <FuncUnit> <Opcode : 'icmp'> <InPorts = 2> <OutPorts = 1>
ST_1 : Operation 36 [1/1] (0.00ns) (grouped into LUT with out node brmerge14_i_i)   --->   "%tmp_mid1 = or i1 %cmp9_not_i_i_mid1, i1 %cmp10_not_i_i_mid1" [/home/miguel_tfg/FINN-v0.9-Stable/deps/finn-hlslib/streamtools.h:277]   --->   Operation 36 'or' 'tmp_mid1' <Predicate = (!icmp_ln277)> <Delay = 0.00> <CoreInst = "LogicGate">   --->   Core 74 'LogicGate' <Latency = 0> <II = 1> <Delay = 0.97> <FuncUnit> <Opcode : 'and' 'or' 'xor'> <InPorts = 2> <OutPorts = 1>
ST_1 : Operation 37 [1/1] (0.00ns) (grouped into LUT with out node brmerge14_i_i)   --->   "%select_ln277_1 = select i1 %icmp_ln278, i1 %tmp_mid1, i1 %tmp" [/home/miguel_tfg/FINN-v0.9-Stable/deps/finn-hlslib/streamtools.h:277]   --->   Operation 37 'select' 'select_ln277_1' <Predicate = (!icmp_ln277)> <Delay = 0.00> <CoreInst = "Sel">   --->   Core 73 'Sel' <Latency = 0> <II = 1> <Delay = 0.99> <FuncUnit> <Opcode : 'select'> <InPorts = 3> <OutPorts = 1>
ST_1 : Operation 38 [1/1] (0.00ns)   --->   "%specpipeline_ln0 = specpipeline void @_ssdm_op_SpecPipeline, i32 4294967295, i32 0, i32 1, i32 0, void @p_str"   --->   Operation 38 'specpipeline' 'specpipeline_ln0' <Predicate = (!icmp_ln277)> <Delay = 0.00>
ST_1 : Operation 39 [1/1] (1.18ns)   --->   "%select_ln277_2 = select i1 %icmp_ln278, i6 %add_ln277_1, i6 %y_1" [/home/miguel_tfg/FINN-v0.9-Stable/deps/finn-hlslib/streamtools.h:277]   --->   Operation 39 'select' 'select_ln277_2' <Predicate = (!icmp_ln277)> <Delay = 1.18> <CoreInst = "Sel">   --->   Core 73 'Sel' <Latency = 0> <II = 1> <Delay = 1.18> <FuncUnit> <Opcode : 'select'> <InPorts = 3> <OutPorts = 1>
ST_1 : Operation 40 [1/1] (0.00ns)   --->   "%specloopname_ln278 = specloopname void @_ssdm_op_SpecLoopName, void @empty_4" [/home/miguel_tfg/FINN-v0.9-Stable/deps/finn-hlslib/streamtools.h:278]   --->   Operation 40 'specloopname' 'specloopname_ln278' <Predicate = (!icmp_ln277)> <Delay = 0.00>
ST_1 : Operation 41 [1/1] (1.42ns)   --->   "%cmp12_not_i_i = icmp_eq  i6 %select_ln277, i6 0" [/home/miguel_tfg/FINN-v0.9-Stable/deps/finn-hlslib/streamtools.h:277]   --->   Operation 41 'icmp' 'cmp12_not_i_i' <Predicate = (!icmp_ln277)> <Delay = 1.42> <CoreInst = "Cmp">   --->   Core 9 'Cmp' <Latency = 0> <II = 1> <Delay = 1.42> <FuncUnit> <Opcode : 'icmp'> <InPorts = 2> <OutPorts = 1>
ST_1 : Operation 42 [1/1] (1.42ns)   --->   "%cmp14_not_i_i = icmp_ugt  i6 %select_ln277, i6 32" [/home/miguel_tfg/FINN-v0.9-Stable/deps/finn-hlslib/streamtools.h:277]   --->   Operation 42 'icmp' 'cmp14_not_i_i' <Predicate = (!icmp_ln277)> <Delay = 1.42> <CoreInst = "Cmp">   --->   Core 9 'Cmp' <Latency = 0> <II = 1> <Delay = 1.42> <FuncUnit> <Opcode : 'icmp'> <InPorts = 2> <OutPorts = 1>
ST_1 : Operation 43 [1/1] (0.00ns) (grouped into LUT with out node brmerge14_i_i)   --->   "%tmp1 = or i1 %cmp12_not_i_i, i1 %cmp14_not_i_i" [/home/miguel_tfg/FINN-v0.9-Stable/deps/finn-hlslib/streamtools.h:277]   --->   Operation 43 'or' 'tmp1' <Predicate = (!icmp_ln277)> <Delay = 0.00> <CoreInst = "LogicGate">   --->   Core 74 'LogicGate' <Latency = 0> <II = 1> <Delay = 0.97> <FuncUnit> <Opcode : 'and' 'or' 'xor'> <InPorts = 2> <OutPorts = 1>
ST_1 : Operation 44 [1/1] (0.99ns) (out node of the LUT)   --->   "%brmerge14_i_i = or i1 %tmp1, i1 %select_ln277_1" [/home/miguel_tfg/FINN-v0.9-Stable/deps/finn-hlslib/streamtools.h:277]   --->   Operation 44 'or' 'brmerge14_i_i' <Predicate = (!icmp_ln277)> <Delay = 0.99> <CoreInst = "LogicGate">   --->   Core 74 'LogicGate' <Latency = 0> <II = 1> <Delay = 0.97> <FuncUnit> <Opcode : 'and' 'or' 'xor'> <InPorts = 2> <OutPorts = 1>
ST_1 : Operation 45 [1/1] (1.58ns)   --->   "%br_ln285 = br i1 %brmerge14_i_i, void %if.then.i.i, void %for.inc.i.i" [/home/miguel_tfg/FINN-v0.9-Stable/deps/finn-hlslib/streamtools.h:285]   --->   Operation 45 'br' 'br_ln285' <Predicate = (!icmp_ln277)> <Delay = 1.58>
ST_1 : Operation 46 [1/1] (0.00ns)   --->   "%outData_V = read i64 @_ssdm_op_Read.axis.volatile.i64P128A, i64 %in0_V" [/home/miguel_tfg/FINN-v0.9-Stable/deps/finn-hlslib/streamtools.h:288]   --->   Operation 46 'read' 'outData_V' <Predicate = (!icmp_ln277 & !brmerge14_i_i)> <Delay = 0.00> <CoreInst = "axis">   --->   Core 115 'axis' <Latency = 0> <II = 1> <Delay = 1.00> <Adapter> <Opcode : >
ST_1 : Operation 47 [1/1] (1.58ns)   --->   "%br_ln289 = br void %for.inc.i.i" [/home/miguel_tfg/FINN-v0.9-Stable/deps/finn-hlslib/streamtools.h:289]   --->   Operation 47 'br' 'br_ln289' <Predicate = (!icmp_ln277 & !brmerge14_i_i)> <Delay = 1.58>
ST_1 : Operation 48 [1/1] (1.82ns)   --->   "%x_1 = add i6 %select_ln277, i6 1" [/home/miguel_tfg/FINN-v0.9-Stable/deps/finn-hlslib/streamtools.h:278]   --->   Operation 48 'add' 'x_1' <Predicate = (!icmp_ln277)> <Delay = 1.82> <CoreInst = "Adder">   --->   Core 1 'Adder' <Latency = 0> <II = 1> <Delay = 1.82> <FuncUnit> <Opcode : 'add' 'sub'> <InPorts = 2> <OutPorts = 1>
ST_1 : Operation 49 [1/1] (1.58ns)   --->   "%store_ln278 = store i11 %add_ln277, i11 %indvar_flatten" [/home/miguel_tfg/FINN-v0.9-Stable/deps/finn-hlslib/streamtools.h:278]   --->   Operation 49 'store' 'store_ln278' <Predicate = (!icmp_ln277)> <Delay = 1.58>
ST_1 : Operation 50 [1/1] (1.58ns)   --->   "%store_ln278 = store i6 %select_ln277_2, i6 %y" [/home/miguel_tfg/FINN-v0.9-Stable/deps/finn-hlslib/streamtools.h:278]   --->   Operation 50 'store' 'store_ln278' <Predicate = (!icmp_ln277)> <Delay = 1.58>
ST_1 : Operation 51 [1/1] (1.58ns)   --->   "%store_ln278 = store i6 %x_1, i6 %x" [/home/miguel_tfg/FINN-v0.9-Stable/deps/finn-hlslib/streamtools.h:278]   --->   Operation 51 'store' 'store_ln278' <Predicate = (!icmp_ln277)> <Delay = 1.58>

State 2 <SV = 1> <Delay = 0.00>
ST_2 : Operation 52 [1/1] (0.00ns)   --->   "%outData_V_1 = phi i64 %outData_V, void %if.then.i.i, i64 0, void %for.inc18.i.i"   --->   Operation 52 'phi' 'outData_V_1' <Predicate = (!icmp_ln277)> <Delay = 0.00>
ST_2 : Operation 53 [2/2] (0.00ns)   --->   "%write_ln290 = write void @_ssdm_op_Write.axis.volatile.i64P128A, i64 %out_V, i64 %outData_V_1" [/home/miguel_tfg/FINN-v0.9-Stable/deps/finn-hlslib/streamtools.h:290]   --->   Operation 53 'write' 'write_ln290' <Predicate = (!icmp_ln277)> <Delay = 0.00> <CoreInst = "axis">   --->   Core 115 'axis' <Latency = 0> <II = 1> <Delay = 1.00> <Adapter> <Opcode : >

State 3 <SV = 2> <Delay = 0.00>
ST_3 : Operation 54 [1/2] (0.00ns)   --->   "%write_ln290 = write void @_ssdm_op_Write.axis.volatile.i64P128A, i64 %out_V, i64 %outData_V_1" [/home/miguel_tfg/FINN-v0.9-Stable/deps/finn-hlslib/streamtools.h:290]   --->   Operation 54 'write' 'write_ln290' <Predicate = (!icmp_ln277)> <Delay = 0.00> <CoreInst = "axis">   --->   Core 115 'axis' <Latency = 0> <II = 1> <Delay = 1.00> <Adapter> <Opcode : >
ST_3 : Operation 55 [1/1] (0.00ns)   --->   "%br_ln278 = br void %VITIS_LOOP_279_3.i.i" [/home/miguel_tfg/FINN-v0.9-Stable/deps/finn-hlslib/streamtools.h:278]   --->   Operation 55 'br' 'br_ln278' <Predicate = (!icmp_ln277)> <Delay = 0.00>
ST_3 : Operation 56 [1/1] (0.00ns)   --->   "%ret_ln29 = ret" [/home/miguel_tfg/FINN-v0.9-Stable/notebooks/UAH_example/FINN_build/code_gen_ipgen_FMPadding_Batch_1_sg_uaekk/top_FMPadding_Batch_1.cpp:29]   --->   Operation 56 'ret' 'ret_ln29' <Predicate = (icmp_ln277)> <Delay = 0.00>


============================================================
+ Verbose Summary: Timing violations
============================================================
Target clock period: 10ns, clock uncertainty: 2.7ns.

 <State 1>: 6.62ns
The critical path consists of the following:
	'alloca' operation ('x') [3]  (0 ns)
	'load' operation ('x_load', /home/miguel_tfg/FINN-v0.9-Stable/deps/finn-hlslib/streamtools.h:278) on local variable 'x' [27]  (0 ns)
	'icmp' operation ('icmp_ln278', /home/miguel_tfg/FINN-v0.9-Stable/deps/finn-hlslib/streamtools.h:278) [30]  (1.43 ns)
	'select' operation ('select_ln277', /home/miguel_tfg/FINN-v0.9-Stable/deps/finn-hlslib/streamtools.h:277) [31]  (1.19 ns)
	'icmp' operation ('cmp12_not_i_i', /home/miguel_tfg/FINN-v0.9-Stable/deps/finn-hlslib/streamtools.h:277) [40]  (1.43 ns)
	'or' operation ('tmp1', /home/miguel_tfg/FINN-v0.9-Stable/deps/finn-hlslib/streamtools.h:277) [42]  (0 ns)
	'or' operation ('brmerge14_i_i', /home/miguel_tfg/FINN-v0.9-Stable/deps/finn-hlslib/streamtools.h:277) [43]  (0.993 ns)
	multiplexor before 'phi' operation ('outData.V') with incoming values : ('outData.V', /home/miguel_tfg/FINN-v0.9-Stable/deps/finn-hlslib/streamtools.h:288) [49]  (1.59 ns)

 <State 2>: 0ns
The critical path consists of the following:

 <State 3>: 0ns
The critical path consists of the following:


============================================================
+ Verbose Summary: Binding
============================================================
N/A
* FSMD analyzer results:
  - Output states:
 - Input state : 
  - Chain level:
	State 1
	State 2
	State 3


============================================================
+ Verbose Summary: Datapath Resource usage 
============================================================
N/A
