
****** Vitis HLS - High-Level Synthesis from C, C++ and OpenCL v2022.2.2 (64-bit)
  **** SW Build 3779808 on Feb 17 2023
  **** IP Build 3783773 on Tue Feb 21 23:41:56 MST 2023
    ** Copyright 1986-2023 Xilinx, Inc. All Rights Reserved.

source /tools/Xilinx/Vitis_HLS/2022.2/scripts/vitis_hls/hls.tcl -notrace
INFO: [HLS 200-10] Running '/tools/Xilinx/Vitis_HLS/2022.2/bin/unwrapped/lnx64.o/vitis_hls'
/tools/Xilinx/Vitis_HLS/2022.2/tps/tcl/tcl8.5/tzdata/Europe/Dublin can't be opened.
INFO: [HLS 200-10] For user '' on host 'finn_dev_miguel_tfg' (Linux_x86_64 version 6.8.0-124-generic) on Fri Jun 12 11:00:01 +0000 2026
INFO: [HLS 200-10] On os Ubuntu 18.04.5 LTS
INFO: [HLS 200-10] In directory '/home/miguel_tfg/FINN-v0.9-Stable/notebooks/UAH_example/FINN_build/code_gen_ipgen_MatrixVectorActivation_3_1wcss7_u'
Sourcing Tcl script '/home/miguel_tfg/FINN-v0.9-Stable/notebooks/UAH_example/FINN_build/code_gen_ipgen_MatrixVectorActivation_3_1wcss7_u/hls_syn_MatrixVectorActivation_3.tcl'
INFO: [HLS 200-1510] Running: source /home/miguel_tfg/FINN-v0.9-Stable/notebooks/UAH_example/FINN_build/code_gen_ipgen_MatrixVectorActivation_3_1wcss7_u/hls_syn_MatrixVectorActivation_3.tcl
HLS project: project_MatrixVectorActivation_3
HW source dir: /home/miguel_tfg/FINN-v0.9-Stable/notebooks/UAH_example/FINN_build/code_gen_ipgen_MatrixVectorActivation_3_1wcss7_u
finn-hlslib dir: /home/miguel_tfg/FINN-v0.9-Stable/deps/finn-hlslib
custom HLS dir: /home/miguel_tfg/FINN-v0.9-Stable/custom_hls
INFO: [HLS 200-1510] Running: open_project project_MatrixVectorActivation_3 
INFO: [HLS 200-10] Creating and opening project '/home/miguel_tfg/FINN-v0.9-Stable/notebooks/UAH_example/FINN_build/code_gen_ipgen_MatrixVectorActivation_3_1wcss7_u/project_MatrixVectorActivation_3'.
INFO: [HLS 200-1510] Running: add_files /home/miguel_tfg/FINN-v0.9-Stable/notebooks/UAH_example/FINN_build/code_gen_ipgen_MatrixVectorActivation_3_1wcss7_u/top_MatrixVectorActivation_3.cpp -cflags -std=c++14 -I/home/miguel_tfg/FINN-v0.9-Stable/deps/finn-hlslib -I/home/miguel_tfg/FINN-v0.9-Stable/custom_hls 
INFO: [HLS 200-10] Adding design file '/home/miguel_tfg/FINN-v0.9-Stable/notebooks/UAH_example/FINN_build/code_gen_ipgen_MatrixVectorActivation_3_1wcss7_u/top_MatrixVectorActivation_3.cpp' to the project
INFO: [HLS 200-1510] Running: set_top MatrixVectorActivation_3 
INFO: [HLS 200-1510] Running: open_solution sol1 
INFO: [HLS 200-10] Creating and opening solution '/home/miguel_tfg/FINN-v0.9-Stable/notebooks/UAH_example/FINN_build/code_gen_ipgen_MatrixVectorActivation_3_1wcss7_u/project_MatrixVectorActivation_3/sol1'.
INFO: [HLS 200-1505] Using default flow_target 'vivado'
Resolution: For help on HLS 200-1505 see www.xilinx.com/cgi-bin/docs/rdoc?v=2022.2;t=hls+guidance;d=200-1505.html
INFO: [HLS 200-435] Setting 'open_solution -flow_target vivado' configuration: config_interface -m_axi_latency=0
INFO: [HLS 200-1510] Running: set_part xc7z020clg400-1 
INFO: [HLS 200-1611] Setting target device to 'xc7z020-clg400-1'
INFO: [HLS 200-1510] Running: config_compile -disable_unroll_code_size_check -pipeline_style flp 
WARNING: [XFORM 203-506] Disable code size check when do loop unroll.
WARNING: [HLS 200-643] The 'config_compile -disable_unroll_code_size_check' hidden command is deprecated and will be removed in a future release.
INFO: [HLS 200-1510] Running: config_interface -m_axi_addr64 
INFO: [HLS 200-1510] Running: config_rtl -module_auto_prefix 
INFO: [HLS 200-1510] Running: config_rtl -deadlock_detection none 
INFO: [HLS 200-1510] Running: create_clock -period 10.0 -name default 
INFO: [SYN 201-201] Setting up clock 'default' with a period of 10ns.
INFO: [HLS 200-1510] Running: csynth_design 
Running Dispatch Server on port: 33981
INFO: [HLS 200-111] Finished File checks and directory preparation: CPU user time: 0.01 seconds. CPU system time: 0.01 seconds. Elapsed time: 10.02 seconds; current allocated memory: 1.469 GB.
INFO: [HLS 200-10] Analyzing design file '/home/miguel_tfg/FINN-v0.9-Stable/notebooks/UAH_example/FINN_build/code_gen_ipgen_MatrixVectorActivation_3_1wcss7_u/top_MatrixVectorActivation_3.cpp' ... 
INFO: [HLS 200-111] Finished Source Code Analysis and Preprocessing: CPU user time: 4.13 seconds. CPU system time: 0.44 seconds. Elapsed time: 4.57 seconds; current allocated memory: 1.477 GB.
INFO: [HLS 200-777] Using interface defaults for 'Vivado' flow target.
INFO: [HLS 214-131] Inlining function 'Slice<ap_uint<4>, 4u>::Container<ap_uint<4> >::Container(ap_uint<4> const&)' into 'Slice<ap_uint<4>, 4u>::Container<ap_uint<4> > Slice<ap_uint<4>, 4u>::operator()<ap_uint<4> >(ap_uint<4> const&, unsigned int) const' (/home/miguel_tfg/FINN-v0.9-Stable/deps/finn-hlslib/interpret.hpp:243:9)
INFO: [HLS 214-131] Inlining function 'Slice<ap_uint<4>, 4u>::Container<ap_uint<4> >::operator()(unsigned int, unsigned int) const' into 'ap_int<12> mac<1u, ap_int<12>, std::array<ap_int<4>, 1ul>, Slice<ap_uint<4>, 4u>::Container<ap_uint<4> >, ap_resource_lut>(ap_int<12> const&, std::array<ap_int<4>, 1ul> const&, Slice<ap_uint<4>, 4u>::Container<ap_uint<4> > const&, ap_resource_lut const&, unsigned int)' (/home/miguel_tfg/FINN-v0.9-Stable/deps/finn-hlslib/mac.hpp:169:19)
INFO: [HLS 214-131] Inlining function 'decltype((fp) * (fp0)) mul<ap_int<4>, ap_uint<4> >(ap_int<4> const&, ap_uint<4> const&, ap_resource_lut const&)' into 'ap_int<12> mac<1u, ap_int<12>, std::array<ap_int<4>, 1ul>, Slice<ap_uint<4>, 4u>::Container<ap_uint<4> >, ap_resource_lut>(ap_int<12> const&, std::array<ap_int<4>, 1ul> const&, Slice<ap_uint<4>, 4u>::Container<ap_uint<4> > const&, ap_resource_lut const&, unsigned int)' (/home/miguel_tfg/FINN-v0.9-Stable/deps/finn-hlslib/mac.hpp:169:9)
INFO: [HLS 214-131] Inlining function 'Slice<ap_int<8>, 8u>::Container<ap_uint<8> >::operator ap_uint<8> const&() const' into 'void Matrix_Vector_Activate_Stream_Batch<16u, 2u, 1u, 1u, Slice<ap_uint<4>, 4u>, Slice<ap_int<8>, 8u>, Identity, ap_int<4>, ap_uint<4>, ap_uint<8>, ThresholdsActivation<2u, 1u, 255u, ap_int<12>, ap_int<8>, -128, comp::less_equal<ap_int<12>, ap_int<12> > >, ap_resource_lut>(hls::stream<ap_uint<4>, 0>&, hls::stream<ap_uint<8>, 0>&, hls::stream<ap_uint<((1u) * (1u)) * (ap_int<4>::width)>, 0>&, ThresholdsActivation<2u, 1u, 255u, ap_int<12>, ap_int<8>, -128, comp::less_equal<ap_int<12>, ap_int<12> > > const&, int, ap_resource_lut const&)' (/home/miguel_tfg/FINN-v0.9-Stable/deps/finn-hlslib/mvau.hpp:298:17)
INFO: [HLS 214-131] Inlining function 'Slice<ap_int<8>, 8u>::Container<ap_uint<8> >::operator()(unsigned int, unsigned int, bool) const' into 'void Matrix_Vector_Activate_Stream_Batch<16u, 2u, 1u, 1u, Slice<ap_uint<4>, 4u>, Slice<ap_int<8>, 8u>, Identity, ap_int<4>, ap_uint<4>, ap_uint<8>, ThresholdsActivation<2u, 1u, 255u, ap_int<12>, ap_int<8>, -128, comp::less_equal<ap_int<12>, ap_int<12> > >, ap_resource_lut>(hls::stream<ap_uint<4>, 0>&, hls::stream<ap_uint<8>, 0>&, hls::stream<ap_uint<((1u) * (1u)) * (ap_int<4>::width)>, 0>&, ThresholdsActivation<2u, 1u, 255u, ap_int<12>, ap_int<8>, -128, comp::less_equal<ap_int<12>, ap_int<12> > > const&, int, ap_resource_lut const&)' (/home/miguel_tfg/FINN-v0.9-Stable/deps/finn-hlslib/mvau.hpp:295:2)
INFO: [HLS 214-131] Inlining function 'ThresholdsActivation<2u, 1u, 255u, ap_int<12>, ap_int<8>, -128, comp::less_equal<ap_int<12>, ap_int<12> > >::activate(unsigned int, unsigned int, ap_int<12> const&) const' into 'void Matrix_Vector_Activate_Stream_Batch<16u, 2u, 1u, 1u, Slice<ap_uint<4>, 4u>, Slice<ap_int<8>, 8u>, Identity, ap_int<4>, ap_uint<4>, ap_uint<8>, ThresholdsActivation<2u, 1u, 255u, ap_int<12>, ap_int<8>, -128, comp::less_equal<ap_int<12>, ap_int<12> > >, ap_resource_lut>(hls::stream<ap_uint<4>, 0>&, hls::stream<ap_uint<8>, 0>&, hls::stream<ap_uint<((1u) * (1u)) * (ap_int<4>::width)>, 0>&, ThresholdsActivation<2u, 1u, 255u, ap_int<12>, ap_int<8>, -128, comp::less_equal<ap_int<12>, ap_int<12> > > const&, int, ap_resource_lut const&)' (/home/miguel_tfg/FINN-v0.9-Stable/deps/finn-hlslib/mvau.hpp:295:31)
INFO: [HLS 214-131] Inlining function 'ap_int<12> mac<1u, ap_int<12>, std::array<ap_int<4>, 1ul>, Slice<ap_uint<4>, 4u>::Container<ap_uint<4> >, ap_resource_lut>(ap_int<12> const&, std::array<ap_int<4>, 1ul> const&, Slice<ap_uint<4>, 4u>::Container<ap_uint<4> > const&, ap_resource_lut const&, unsigned int)' into 'void Matrix_Vector_Activate_Stream_Batch<16u, 2u, 1u, 1u, Slice<ap_uint<4>, 4u>, Slice<ap_int<8>, 8u>, Identity, ap_int<4>, ap_uint<4>, ap_uint<8>, ThresholdsActivation<2u, 1u, 255u, ap_int<12>, ap_int<8>, -128, comp::less_equal<ap_int<12>, ap_int<12> > >, ap_resource_lut>(hls::stream<ap_uint<4>, 0>&, hls::stream<ap_uint<8>, 0>&, hls::stream<ap_uint<((1u) * (1u)) * (ap_int<4>::width)>, 0>&, ThresholdsActivation<2u, 1u, 255u, ap_int<12>, ap_int<8>, -128, comp::less_equal<ap_int<12>, ap_int<12> > > const&, int, ap_resource_lut const&)' (/home/miguel_tfg/FINN-v0.9-Stable/deps/finn-hlslib/mvau.hpp:285:21)
INFO: [HLS 214-131] Inlining function 'std::array<ap_int<4>, 1ul> const& Identity::operator()<std::array<ap_int<4>, 1ul> >(std::array<ap_int<4>, 1ul> const&) const' into 'void Matrix_Vector_Activate_Stream_Batch<16u, 2u, 1u, 1u, Slice<ap_uint<4>, 4u>, Slice<ap_int<8>, 8u>, Identity, ap_int<4>, ap_uint<4>, ap_uint<8>, ThresholdsActivation<2u, 1u, 255u, ap_int<12>, ap_int<8>, -128, comp::less_equal<ap_int<12>, ap_int<12> > >, ap_resource_lut>(hls::stream<ap_uint<4>, 0>&, hls::stream<ap_uint<8>, 0>&, hls::stream<ap_uint<((1u) * (1u)) * (ap_int<4>::width)>, 0>&, ThresholdsActivation<2u, 1u, 255u, ap_int<12>, ap_int<8>, -128, comp::less_equal<ap_int<12>, ap_int<12> > > const&, int, ap_resource_lut const&)' (/home/miguel_tfg/FINN-v0.9-Stable/deps/finn-hlslib/mvau.hpp:283:24)
INFO: [HLS 214-131] Inlining function 'Weights_Tile<1u, ap_int<4>, 1u>::operator[](unsigned int) const' into 'void Matrix_Vector_Activate_Stream_Batch<16u, 2u, 1u, 1u, Slice<ap_uint<4>, 4u>, Slice<ap_int<8>, 8u>, Identity, ap_int<4>, ap_uint<4>, ap_uint<8>, ThresholdsActivation<2u, 1u, 255u, ap_int<12>, ap_int<8>, -128, comp::less_equal<ap_int<12>, ap_int<12> > >, ap_resource_lut>(hls::stream<ap_uint<4>, 0>&, hls::stream<ap_uint<8>, 0>&, hls::stream<ap_uint<((1u) * (1u)) * (ap_int<4>::width)>, 0>&, ThresholdsActivation<2u, 1u, 255u, ap_int<12>, ap_int<8>, -128, comp::less_equal<ap_int<12>, ap_int<12> > > const&, int, ap_resource_lut const&)' (/home/miguel_tfg/FINN-v0.9-Stable/deps/finn-hlslib/mvau.hpp:283:35)
INFO: [HLS 214-131] Inlining function 'ThresholdsActivation<2u, 1u, 255u, ap_int<12>, ap_int<8>, -128, comp::less_equal<ap_int<12>, ap_int<12> > >::init(unsigned int, unsigned int) const' into 'void Matrix_Vector_Activate_Stream_Batch<16u, 2u, 1u, 1u, Slice<ap_uint<4>, 4u>, Slice<ap_int<8>, 8u>, Identity, ap_int<4>, ap_uint<4>, ap_uint<8>, ThresholdsActivation<2u, 1u, 255u, ap_int<12>, ap_int<8>, -128, comp::less_equal<ap_int<12>, ap_int<12> > >, ap_resource_lut>(hls::stream<ap_uint<4>, 0>&, hls::stream<ap_uint<8>, 0>&, hls::stream<ap_uint<((1u) * (1u)) * (ap_int<4>::width)>, 0>&, ThresholdsActivation<2u, 1u, 255u, ap_int<12>, ap_int<8>, -128, comp::less_equal<ap_int<12>, ap_int<12> > > const&, int, ap_resource_lut const&)' (/home/miguel_tfg/FINN-v0.9-Stable/deps/finn-hlslib/mvau.hpp:275:27)
INFO: [HLS 214-131] Inlining function 'Slice<ap_uint<4>, 4u>::Container<ap_uint<4> > Slice<ap_uint<4>, 4u>::operator()<ap_uint<4> >(ap_uint<4> const&, unsigned int) const' into 'void Matrix_Vector_Activate_Stream_Batch<16u, 2u, 1u, 1u, Slice<ap_uint<4>, 4u>, Slice<ap_int<8>, 8u>, Identity, ap_int<4>, ap_uint<4>, ap_uint<8>, ThresholdsActivation<2u, 1u, 255u, ap_int<12>, ap_int<8>, -128, comp::less_equal<ap_int<12>, ap_int<12> > >, ap_resource_lut>(hls::stream<ap_uint<4>, 0>&, hls::stream<ap_uint<8>, 0>&, hls::stream<ap_uint<((1u) * (1u)) * (ap_int<4>::width)>, 0>&, ThresholdsActivation<2u, 1u, 255u, ap_int<12>, ap_int<8>, -128, comp::less_equal<ap_int<12>, ap_int<12> > > const&, int, ap_resource_lut const&)' (/home/miguel_tfg/FINN-v0.9-Stable/deps/finn-hlslib/mvau.hpp:282:19)
WARNING: [HLS 214-191] The stream pragma on function argument, in 'call' is unsupported (/home/miguel_tfg/FINN-v0.9-Stable/notebooks/UAH_example/FINN_build/code_gen_ipgen_MatrixVectorActivation_3_1wcss7_u/top_MatrixVectorActivation_3.cpp:35:9)
INFO: [HLS 214-377] Adding 'w' into disaggregation list because there's array-partition pragma applied on the struct field (/home/miguel_tfg/FINN-v0.9-Stable/deps/finn-hlslib/mvau.hpp:238:9)
INFO: [HLS 214-377] Adding 'threshs' into disaggregation list because there's array-partition pragma applied on the struct field (/home/miguel_tfg/FINN-v0.9-Stable/notebooks/UAH_example/FINN_build/code_gen_ipgen_MatrixVectorActivation_3_1wcss7_u/top_MatrixVectorActivation_3.cpp:37:9)
INFO: [HLS 214-377] Adding 'threshs' into disaggregation list because there's array-partition pragma applied on the struct field (/home/miguel_tfg/FINN-v0.9-Stable/notebooks/UAH_example/FINN_build/code_gen_ipgen_MatrixVectorActivation_3_1wcss7_u/top_MatrixVectorActivation_3.cpp:36:9)
INFO: [HLS 214-210] Disaggregating variable 'w' (/home/miguel_tfg/FINN-v0.9-Stable/deps/finn-hlslib/mvau.hpp:237:30)
Resolution: For help on HLS 214-210 see www.xilinx.com/cgi-bin/docs/rdoc?v=2022.2;t=hls+guidance;d=214-210.html
INFO: [HLS 214-210] Disaggregating variable 'threshs' (/home/miguel_tfg/FINN-v0.9-Stable/notebooks/UAH_example/FINN_build/code_gen_ipgen_MatrixVectorActivation_3_1wcss7_u/thresh.h:1:0)
Resolution: For help on HLS 214-210 see www.xilinx.com/cgi-bin/docs/rdoc?v=2022.2;t=hls+guidance;d=214-210.html
INFO: [HLS 214-291] Loop 'VITIS_LOOP_266_2' is marked as complete unroll implied by the pipeline pragma (/home/miguel_tfg/FINN-v0.9-Stable/deps/finn-hlslib/mvau.hpp:266:23)
INFO: [HLS 214-291] Loop 'VITIS_LOOP_273_3' is marked as complete unroll implied by the pipeline pragma (/home/miguel_tfg/FINN-v0.9-Stable/deps/finn-hlslib/mvau.hpp:273:25)
INFO: [HLS 214-291] Loop 'VITIS_LOOP_280_4' is marked as complete unroll implied by the pipeline pragma (/home/miguel_tfg/FINN-v0.9-Stable/deps/finn-hlslib/mvau.hpp:280:23)
INFO: [HLS 214-291] Loop 'VITIS_LOOP_159_1' is marked as complete unroll implied by the pipeline pragma (/home/miguel_tfg/FINN-v0.9-Stable/deps/finn-hlslib/weights.hpp:159:23)
INFO: [HLS 214-291] Loop 'VITIS_LOOP_167_1' is marked as complete unroll implied by the pipeline pragma (/home/miguel_tfg/FINN-v0.9-Stable/deps/finn-hlslib/mac.hpp:167:21)
INFO: [HLS 214-291] Loop 'VITIS_LOOP_293_5' is marked as complete unroll implied by the pipeline pragma (/home/miguel_tfg/FINN-v0.9-Stable/deps/finn-hlslib/mvau.hpp:293:25)
INFO: [HLS 214-291] Loop 'VITIS_LOOP_216_1' is marked as complete unroll implied by the pipeline pragma (/home/miguel_tfg/FINN-v0.9-Stable/deps/finn-hlslib/activations.hpp:216:20)
INFO: [HLS 214-186] Unrolling loop 'VITIS_LOOP_266_2' (/home/miguel_tfg/FINN-v0.9-Stable/deps/finn-hlslib/mvau.hpp:266:23) in function 'Matrix_Vector_Activate_Stream_Batch<16u, 2u, 1u, 1u, Slice<ap_uint<4>, 4u>, Slice<ap_int<8>, 8u>, Identity, ap_int<4>, ap_uint<4>, ap_uint<8>, ThresholdsActivation<2u, 1u, 255u, ap_int<12>, ap_int<8>, -128, comp::less_equal<ap_int<12>, ap_int<12> > >, ap_resource_lut>' completely with a factor of 1 (/home/miguel_tfg/FINN-v0.9-Stable/deps/finn-hlslib/mvau.hpp:220:0)
INFO: [HLS 214-186] Unrolling loop 'VITIS_LOOP_273_3' (/home/miguel_tfg/FINN-v0.9-Stable/deps/finn-hlslib/mvau.hpp:273:25) in function 'Matrix_Vector_Activate_Stream_Batch<16u, 2u, 1u, 1u, Slice<ap_uint<4>, 4u>, Slice<ap_int<8>, 8u>, Identity, ap_int<4>, ap_uint<4>, ap_uint<8>, ThresholdsActivation<2u, 1u, 255u, ap_int<12>, ap_int<8>, -128, comp::less_equal<ap_int<12>, ap_int<12> > >, ap_resource_lut>' completely with a factor of 1 (/home/miguel_tfg/FINN-v0.9-Stable/deps/finn-hlslib/mvau.hpp:220:0)
INFO: [HLS 214-186] Unrolling loop 'VITIS_LOOP_280_4' (/home/miguel_tfg/FINN-v0.9-Stable/deps/finn-hlslib/mvau.hpp:280:23) in function 'Matrix_Vector_Activate_Stream_Batch<16u, 2u, 1u, 1u, Slice<ap_uint<4>, 4u>, Slice<ap_int<8>, 8u>, Identity, ap_int<4>, ap_uint<4>, ap_uint<8>, ThresholdsActivation<2u, 1u, 255u, ap_int<12>, ap_int<8>, -128, comp::less_equal<ap_int<12>, ap_int<12> > >, ap_resource_lut>' completely with a factor of 1 (/home/miguel_tfg/FINN-v0.9-Stable/deps/finn-hlslib/mvau.hpp:220:0)
INFO: [HLS 214-186] Unrolling loop 'VITIS_LOOP_167_1' (/home/miguel_tfg/FINN-v0.9-Stable/deps/finn-hlslib/mac.hpp:167:21) in function 'Matrix_Vector_Activate_Stream_Batch<16u, 2u, 1u, 1u, Slice<ap_uint<4>, 4u>, Slice<ap_int<8>, 8u>, Identity, ap_int<4>, ap_uint<4>, ap_uint<8>, ThresholdsActivation<2u, 1u, 255u, ap_int<12>, ap_int<8>, -128, comp::less_equal<ap_int<12>, ap_int<12> > >, ap_resource_lut>' completely with a factor of 1 (/home/miguel_tfg/FINN-v0.9-Stable/deps/finn-hlslib/mvau.hpp:220:0)
INFO: [HLS 214-186] Unrolling loop 'VITIS_LOOP_159_1' (/home/miguel_tfg/FINN-v0.9-Stable/deps/finn-hlslib/weights.hpp:159:23) in function 'Matrix_Vector_Activate_Stream_Batch<16u, 2u, 1u, 1u, Slice<ap_uint<4>, 4u>, Slice<ap_int<8>, 8u>, Identity, ap_int<4>, ap_uint<4>, ap_uint<8>, ThresholdsActivation<2u, 1u, 255u, ap_int<12>, ap_int<8>, -128, comp::less_equal<ap_int<12>, ap_int<12> > >, ap_resource_lut>' completely with a factor of 1 (/home/miguel_tfg/FINN-v0.9-Stable/deps/finn-hlslib/mvau.hpp:220:0)
INFO: [HLS 214-186] Unrolling loop 'VITIS_LOOP_293_5' (/home/miguel_tfg/FINN-v0.9-Stable/deps/finn-hlslib/mvau.hpp:293:25) in function 'Matrix_Vector_Activate_Stream_Batch<16u, 2u, 1u, 1u, Slice<ap_uint<4>, 4u>, Slice<ap_int<8>, 8u>, Identity, ap_int<4>, ap_uint<4>, ap_uint<8>, ThresholdsActivation<2u, 1u, 255u, ap_int<12>, ap_int<8>, -128, comp::less_equal<ap_int<12>, ap_int<12> > >, ap_resource_lut>' completely with a factor of 1 (/home/miguel_tfg/FINN-v0.9-Stable/deps/finn-hlslib/mvau.hpp:220:0)
INFO: [HLS 214-186] Unrolling loop 'VITIS_LOOP_216_1' (/home/miguel_tfg/FINN-v0.9-Stable/deps/finn-hlslib/activations.hpp:216:20) in function 'Matrix_Vector_Activate_Stream_Batch<16u, 2u, 1u, 1u, Slice<ap_uint<4>, 4u>, Slice<ap_int<8>, 8u>, Identity, ap_int<4>, ap_uint<4>, ap_uint<8>, ThresholdsActivation<2u, 1u, 255u, ap_int<12>, ap_int<8>, -128, comp::less_equal<ap_int<12>, ap_int<12> > >, ap_resource_lut>' completely with a factor of 255 (/home/miguel_tfg/FINN-v0.9-Stable/deps/finn-hlslib/mvau.hpp:220:0)
INFO: [HLS 214-178] Inlining function 'std::__array_traits<ap_int<4>, 1ul>::_S_ref(ap_int<4> const (&) [1], unsigned long)' into 'std::array<ap_int<4>, 1ul>::operator[](unsigned long)' (/tools/Xilinx/Vitis_HLS/2022.2/tps/lnx64/gcc-8.3.0/lib/gcc/x86_64-pc-linux-gnu/8.3.0/../../../../include/c++/8.3.0/array:186:0)
INFO: [HLS 214-178] Inlining function 'std::__array_traits<ap_int<4>, 1ul>::_S_ref(ap_int<4> const (&) [1], unsigned long)' into 'std::array<ap_int<4>, 1ul>::operator[](unsigned long) const' (/tools/Xilinx/Vitis_HLS/2022.2/tps/lnx64/gcc-8.3.0/lib/gcc/x86_64-pc-linux-gnu/8.3.0/../../../../include/c++/8.3.0/array:190:0)
INFO: [HLS 214-178] Inlining function 'std::array<ap_int<4>, 1ul>::operator[](unsigned long)' into 'void Matrix_Vector_Activate_Stream_Batch<16u, 2u, 1u, 1u, Slice<ap_uint<4>, 4u>, Slice<ap_int<8>, 8u>, Identity, ap_int<4>, ap_uint<4>, ap_uint<8>, ThresholdsActivation<2u, 1u, 255u, ap_int<12>, ap_int<8>, -128, comp::less_equal<ap_int<12>, ap_int<12> > >, ap_resource_lut>(hls::stream<ap_uint<4>, 0>&, hls::stream<ap_uint<8>, 0>&, hls::stream<ap_uint<((1u) * (1u)) * (ap_int<4>::width)>, 0>&, ThresholdsActivation<2u, 1u, 255u, ap_int<12>, ap_int<8>, -128, comp::less_equal<ap_int<12>, ap_int<12> > > const&, int, ap_resource_lut const&)' (/home/miguel_tfg/FINN-v0.9-Stable/deps/finn-hlslib/mvau.hpp:220:0)
INFO: [HLS 214-178] Inlining function 'std::array<ap_int<4>, 1ul>::operator[](unsigned long) const' into 'void Matrix_Vector_Activate_Stream_Batch<16u, 2u, 1u, 1u, Slice<ap_uint<4>, 4u>, Slice<ap_int<8>, 8u>, Identity, ap_int<4>, ap_uint<4>, ap_uint<8>, ThresholdsActivation<2u, 1u, 255u, ap_int<12>, ap_int<8>, -128, comp::less_equal<ap_int<12>, ap_int<12> > >, ap_resource_lut>(hls::stream<ap_uint<4>, 0>&, hls::stream<ap_uint<8>, 0>&, hls::stream<ap_uint<((1u) * (1u)) * (ap_int<4>::width)>, 0>&, ThresholdsActivation<2u, 1u, 255u, ap_int<12>, ap_int<8>, -128, comp::less_equal<ap_int<12>, ap_int<12> > > const&, int, ap_resource_lut const&)' (/home/miguel_tfg/FINN-v0.9-Stable/deps/finn-hlslib/mvau.hpp:220:0)
INFO: [HLS 214-178] Inlining function 'ap_uint<4> Caster<ap_uint<4> >::cast<4>(ap_int<4> const&)' into 'void Matrix_Vector_Activate_Stream_Batch<16u, 2u, 1u, 1u, Slice<ap_uint<4>, 4u>, Slice<ap_int<8>, 8u>, Identity, ap_int<4>, ap_uint<4>, ap_uint<8>, ThresholdsActivation<2u, 1u, 255u, ap_int<12>, ap_int<8>, -128, comp::less_equal<ap_int<12>, ap_int<12> > >, ap_resource_lut>(hls::stream<ap_uint<4>, 0>&, hls::stream<ap_uint<8>, 0>&, hls::stream<ap_uint<((1u) * (1u)) * (ap_int<4>::width)>, 0>&, ThresholdsActivation<2u, 1u, 255u, ap_int<12>, ap_int<8>, -128, comp::less_equal<ap_int<12>, ap_int<12> > > const&, int, ap_resource_lut const&)' (/home/miguel_tfg/FINN-v0.9-Stable/deps/finn-hlslib/mvau.hpp:220:0)
INFO: [HLS 214-248] Applying array_partition to '_ZL7threshs': Complete partitioning on dimension 1. Complete partitioning on dimension 3. (/home/miguel_tfg/FINN-v0.9-Stable/notebooks/UAH_example/FINN_build/code_gen_ipgen_MatrixVectorActivation_3_1wcss7_u/thresh.h:1:0)
INFO: [HLS 214-248] Applying array_partition to 'inputBuf': Complete partitioning on dimension 1. (/home/miguel_tfg/FINN-v0.9-Stable/deps/finn-hlslib/mvau.hpp:231:6)
INFO: [HLS 214-248] Applying array_partition to 'accu': Complete partitioning on dimension 1. Complete partitioning on dimension 2. (/home/miguel_tfg/FINN-v0.9-Stable/deps/finn-hlslib/mvau.hpp:234:33)
INFO: [HLS 214-364] Automatically inlining function 'comp::less_equal<ap_int<12>, ap_int<12> >::operator()(ap_int<12> const&, ap_int<12> const&) const' to improve effectiveness of pipeline pragma in function 'void Matrix_Vector_Activate_Stream_Batch<16u, 2u, 1u, 1u, Slice<ap_uint<4>, 4u>, Slice<ap_int<8>, 8u>, Identity, ap_int<4>, ap_uint<4>, ap_uint<8>, ThresholdsActivation<2u, 1u, 255u, ap_int<12>, ap_int<8>, -128, comp::less_equal<ap_int<12>, ap_int<12> > >, ap_resource_lut>(hls::stream<ap_uint<4>, 0>&, hls::stream<ap_uint<8>, 0>&, hls::stream<ap_uint<((1u) * (1u)) * (ap_int<4>::width)>, 0>&, ThresholdsActivation<2u, 1u, 255u, ap_int<12>, ap_int<8>, -128, comp::less_equal<ap_int<12>, ap_int<12> > > const&, int, ap_resource_lut const&)' (/home/miguel_tfg/FINN-v0.9-Stable/deps/finn-hlslib/activations.hpp:218:10)
INFO: [HLS 200-111] Finished Compiling Optimization and Transform: CPU user time: 3.38 seconds. CPU system time: 0.35 seconds. Elapsed time: 3.74 seconds; current allocated memory: 1.480 GB.
INFO: [HLS 200-111] Finished Checking Pragmas: CPU user time: 0 seconds. CPU system time: 0 seconds. Elapsed time: 0 seconds; current allocated memory: 1.480 GB.
INFO: [HLS 200-10] Starting code transformations ...
INFO: [HLS 200-111] Finished Standard Transforms: CPU user time: 0.1 seconds. CPU system time: 0 seconds. Elapsed time: 0.1 seconds; current allocated memory: 1.490 GB.
INFO: [HLS 200-10] Checking synthesizability ...
INFO: [HLS 200-111] Finished Checking Synthesizability: CPU user time: 0.11 seconds. CPU system time: 0.01 seconds. Elapsed time: 0.11 seconds; current allocated memory: 1.499 GB.
INFO: [XFORM 203-102] Automatically partitioning small array '_ZL7threshs_99' completely based on array size.
INFO: [XFORM 203-102] Automatically partitioning small array '_ZL7threshs_98' completely based on array size.
INFO: [XFORM 203-102] Automatically partitioning small array '_ZL7threshs_97' completely based on array size.
INFO: [XFORM 203-102] Automatically partitioning small array '_ZL7threshs_96' completely based on array size.
INFO: [XFORM 203-102] Automatically partitioning small array '_ZL7threshs_95' completely based on array size.
INFO: [XFORM 203-102] Automatically partitioning small array '_ZL7threshs_94' completely based on array size.
INFO: [XFORM 203-102] Automatically partitioning small array '_ZL7threshs_93' completely based on array size.
INFO: [XFORM 203-102] Automatically partitioning small array '_ZL7threshs_92' completely based on array size.
INFO: [XFORM 203-102] Automatically partitioning small array '_ZL7threshs_91' completely based on array size.
INFO: [XFORM 203-102] Automatically partitioning small array '_ZL7threshs_90' completely based on array size.
INFO: [XFORM 203-102] Automatically partitioning small array '_ZL7threshs_9' completely based on array size.
INFO: [XFORM 203-102] Automatically partitioning small array '_ZL7threshs_89' completely based on array size.
INFO: [XFORM 203-102] Automatically partitioning small array '_ZL7threshs_88' completely based on array size.
INFO: [XFORM 203-102] Automatically partitioning small array '_ZL7threshs_87' completely based on array size.
INFO: [XFORM 203-102] Automatically partitioning small array '_ZL7threshs_86' completely based on array size.
INFO: [XFORM 203-102] Automatically partitioning small array '_ZL7threshs_85' completely based on array size.
INFO: [XFORM 203-102] Automatically partitioning small array '_ZL7threshs_84' completely based on array size.
INFO: [XFORM 203-102] Automatically partitioning small array '_ZL7threshs_83' completely based on array size.
INFO: [XFORM 203-102] Automatically partitioning small array '_ZL7threshs_82' completely based on array size.
INFO: [XFORM 203-102] Automatically partitioning small array '_ZL7threshs_81' completely based on array size.
INFO: [XFORM 203-102] Automatically partitioning small array '_ZL7threshs_80' completely based on array size.
INFO: [XFORM 203-102] Automatically partitioning small array '_ZL7threshs_8' completely based on array size.
INFO: [XFORM 203-102] Automatically partitioning small array '_ZL7threshs_79' completely based on array size.
INFO: [XFORM 203-102] Automatically partitioning small array '_ZL7threshs_78' completely based on array size.
INFO: [XFORM 203-102] Automatically partitioning small array '_ZL7threshs_77' completely based on array size.
INFO: [XFORM 203-102] Automatically partitioning small array '_ZL7threshs_76' completely based on array size.
INFO: [XFORM 203-102] Automatically partitioning small array '_ZL7threshs_75' completely based on array size.
INFO: [XFORM 203-102] Automatically partitioning small array '_ZL7threshs_74' completely based on array size.
INFO: [XFORM 203-102] Automatically partitioning small array '_ZL7threshs_73' completely based on array size.
INFO: [XFORM 203-102] Automatically partitioning small array '_ZL7threshs_72' completely based on array size.
INFO: [XFORM 203-102] Automatically partitioning small array '_ZL7threshs_71' completely based on array size.
INFO: [XFORM 203-102] Automatically partitioning small array '_ZL7threshs_70' completely based on array size.
INFO: [XFORM 203-102] Automatically partitioning small array '_ZL7threshs_7' completely based on array size.
INFO: [XFORM 203-102] Automatically partitioning small array '_ZL7threshs_69' completely based on array size.
INFO: [XFORM 203-102] Automatically partitioning small array '_ZL7threshs_68' completely based on array size.
INFO: [XFORM 203-102] Automatically partitioning small array '_ZL7threshs_67' completely based on array size.
INFO: [XFORM 203-102] Automatically partitioning small array '_ZL7threshs_66' completely based on array size.
INFO: [XFORM 203-102] Automatically partitioning small array '_ZL7threshs_65' completely based on array size.
INFO: [XFORM 203-102] Automatically partitioning small array '_ZL7threshs_64' completely based on array size.
INFO: [XFORM 203-102] Automatically partitioning small array '_ZL7threshs_63' completely based on array size.
INFO: [XFORM 203-102] Automatically partitioning small array '_ZL7threshs_62' completely based on array size.
INFO: [XFORM 203-102] Automatically partitioning small array '_ZL7threshs_61' completely based on array size.
INFO: [XFORM 203-102] Automatically partitioning small array '_ZL7threshs_60' completely based on array size.
INFO: [XFORM 203-102] Automatically partitioning small array '_ZL7threshs_6' completely based on array size.
INFO: [XFORM 203-102] Automatically partitioning small array '_ZL7threshs_59' completely based on array size.
INFO: [XFORM 203-102] Automatically partitioning small array '_ZL7threshs_58' completely based on array size.
INFO: [XFORM 203-102] Automatically partitioning small array '_ZL7threshs_57' completely based on array size.
INFO: [XFORM 203-102] Automatically partitioning small array '_ZL7threshs_56' completely based on array size.
INFO: [XFORM 203-102] Automatically partitioning small array '_ZL7threshs_55' completely based on array size.
INFO: [XFORM 203-102] Automatically partitioning small array '_ZL7threshs_54' completely based on array size.
INFO: [XFORM 203-102] Automatically partitioning small array '_ZL7threshs_53' completely based on array size.
INFO: [XFORM 203-102] Automatically partitioning small array '_ZL7threshs_52' completely based on array size.
INFO: [XFORM 203-102] Automatically partitioning small array '_ZL7threshs_51' completely based on array size.
INFO: [XFORM 203-102] Automatically partitioning small array '_ZL7threshs_50' completely based on array size.
INFO: [XFORM 203-102] Automatically partitioning small array '_ZL7threshs_5' completely based on array size.
INFO: [XFORM 203-102] Automatically partitioning small array '_ZL7threshs_49' completely based on array size.
INFO: [XFORM 203-102] Automatically partitioning small array '_ZL7threshs_48' completely based on array size.
INFO: [XFORM 203-102] Automatically partitioning small array '_ZL7threshs_47' completely based on array size.
INFO: [XFORM 203-102] Automatically partitioning small array '_ZL7threshs_46' completely based on array size.
INFO: [XFORM 203-102] Automatically partitioning small array '_ZL7threshs_45' completely based on array size.
INFO: [XFORM 203-102] Automatically partitioning small array '_ZL7threshs_44' completely based on array size.
INFO: [XFORM 203-102] Automatically partitioning small array '_ZL7threshs_43' completely based on array size.
INFO: [XFORM 203-102] Automatically partitioning small array '_ZL7threshs_42' completely based on array size.
INFO: [XFORM 203-102] Automatically partitioning small array '_ZL7threshs_41' completely based on array size.
INFO: [XFORM 203-102] Automatically partitioning small array '_ZL7threshs_40' completely based on array size.
INFO: [XFORM 203-102] Automatically partitioning small array '_ZL7threshs_4' completely based on array size.
INFO: [XFORM 203-102] Automatically partitioning small array '_ZL7threshs_39' completely based on array size.
INFO: [XFORM 203-102] Automatically partitioning small array '_ZL7threshs_38' completely based on array size.
INFO: [XFORM 203-102] Automatically partitioning small array '_ZL7threshs_37' completely based on array size.
INFO: [XFORM 203-102] Automatically partitioning small array '_ZL7threshs_36' completely based on array size.
INFO: [XFORM 203-102] Automatically partitioning small array '_ZL7threshs_35' completely based on array size.
INFO: [XFORM 203-102] Automatically partitioning small array '_ZL7threshs_34' completely based on array size.
INFO: [XFORM 203-102] Automatically partitioning small array '_ZL7threshs_33' completely based on array size.
INFO: [XFORM 203-102] Automatically partitioning small array '_ZL7threshs_32' completely based on array size.
INFO: [XFORM 203-102] Automatically partitioning small array '_ZL7threshs_31' completely based on array size.
INFO: [XFORM 203-102] Automatically partitioning small array '_ZL7threshs_30' completely based on array size.
INFO: [XFORM 203-102] Automatically partitioning small array '_ZL7threshs_3' completely based on array size.
INFO: [XFORM 203-102] Automatically partitioning small array '_ZL7threshs_29' completely based on array size.
INFO: [XFORM 203-102] Automatically partitioning small array '_ZL7threshs_28' completely based on array size.
INFO: [XFORM 203-102] Automatically partitioning small array '_ZL7threshs_27' completely based on array size.
INFO: [XFORM 203-102] Automatically partitioning small array '_ZL7threshs_26' completely based on array size.
INFO: [XFORM 203-102] Automatically partitioning small array '_ZL7threshs_254' completely based on array size.
INFO: [XFORM 203-102] Automatically partitioning small array '_ZL7threshs_253' completely based on array size.
INFO: [XFORM 203-102] Automatically partitioning small array '_ZL7threshs_252' completely based on array size.
INFO: [XFORM 203-102] Automatically partitioning small array '_ZL7threshs_251' completely based on array size.
INFO: [XFORM 203-102] Automatically partitioning small array '_ZL7threshs_250' completely based on array size.
INFO: [XFORM 203-102] Automatically partitioning small array '_ZL7threshs_25' completely based on array size.
INFO: [XFORM 203-102] Automatically partitioning small array '_ZL7threshs_249' completely based on array size.
INFO: [XFORM 203-102] Automatically partitioning small array '_ZL7threshs_248' completely based on array size.
INFO: [XFORM 203-102] Automatically partitioning small array '_ZL7threshs_247' completely based on array size.
INFO: [XFORM 203-102] Automatically partitioning small array '_ZL7threshs_246' completely based on array size.
INFO: [XFORM 203-102] Automatically partitioning small array '_ZL7threshs_245' completely based on array size.
INFO: [XFORM 203-102] Automatically partitioning small array '_ZL7threshs_244' completely based on array size.
INFO: [XFORM 203-102] Automatically partitioning small array '_ZL7threshs_243' completely based on array size.
INFO: [XFORM 203-102] Automatically partitioning small array '_ZL7threshs_242' completely based on array size.
INFO: [XFORM 203-102] Automatically partitioning small array '_ZL7threshs_241' completely based on array size.
INFO: [XFORM 203-102] Automatically partitioning small array '_ZL7threshs_240' completely based on array size.
INFO: [XFORM 203-102] Automatically partitioning small array '_ZL7threshs_24' completely based on array size.
INFO: [XFORM 203-102] Automatically partitioning small array '_ZL7threshs_239' completely based on array size.
INFO: [XFORM 203-102] Automatically partitioning small array '_ZL7threshs_238' completely based on array size.
INFO: [XFORM 203-102] Automatically partitioning small array '_ZL7threshs_237' completely based on array size.
INFO: [XFORM 203-102] Automatically partitioning small array '_ZL7threshs_236' completely based on array size.
INFO: [XFORM 203-102] Automatically partitioning small array '_ZL7threshs_235' completely based on array size.
INFO: [XFORM 203-102] Automatically partitioning small array '_ZL7threshs_234' completely based on array size.
INFO: [XFORM 203-102] Automatically partitioning small array '_ZL7threshs_233' completely based on array size.
INFO: [XFORM 203-102] Automatically partitioning small array '_ZL7threshs_232' completely based on array size.
INFO: [XFORM 203-102] Automatically partitioning small array '_ZL7threshs_231' completely based on array size.
INFO: [XFORM 203-102] Automatically partitioning small array '_ZL7threshs_230' completely based on array size.
INFO: [XFORM 203-102] Automatically partitioning small array '_ZL7threshs_23' completely based on array size.
INFO: [XFORM 203-102] Automatically partitioning small array '_ZL7threshs_229' completely based on array size.
INFO: [XFORM 203-102] Automatically partitioning small array '_ZL7threshs_228' completely based on array size.
INFO: [XFORM 203-102] Automatically partitioning small array '_ZL7threshs_227' completely based on array size.
INFO: [XFORM 203-102] Automatically partitioning small array '_ZL7threshs_226' completely based on array size.
INFO: [XFORM 203-102] Automatically partitioning small array '_ZL7threshs_225' completely based on array size.
INFO: [XFORM 203-102] Automatically partitioning small array '_ZL7threshs_224' completely based on array size.
INFO: [XFORM 203-102] Automatically partitioning small array '_ZL7threshs_223' completely based on array size.
INFO: [XFORM 203-102] Automatically partitioning small array '_ZL7threshs_222' completely based on array size.
INFO: [XFORM 203-102] Automatically partitioning small array '_ZL7threshs_221' completely based on array size.
INFO: [XFORM 203-102] Automatically partitioning small array '_ZL7threshs_220' completely based on array size.
INFO: [XFORM 203-102] Automatically partitioning small array '_ZL7threshs_22' completely based on array size.
INFO: [XFORM 203-102] Automatically partitioning small array '_ZL7threshs_219' completely based on array size.
INFO: [XFORM 203-102] Automatically partitioning small array '_ZL7threshs_218' completely based on array size.
INFO: [XFORM 203-102] Automatically partitioning small array '_ZL7threshs_217' completely based on array size.
INFO: [XFORM 203-102] Automatically partitioning small array '_ZL7threshs_216' completely based on array size.
INFO: [XFORM 203-102] Automatically partitioning small array '_ZL7threshs_215' completely based on array size.
INFO: [XFORM 203-102] Automatically partitioning small array '_ZL7threshs_214' completely based on array size.
INFO: [XFORM 203-102] Automatically partitioning small array '_ZL7threshs_213' completely based on array size.
INFO: [XFORM 203-102] Automatically partitioning small array '_ZL7threshs_212' completely based on array size.
INFO: [XFORM 203-102] Automatically partitioning small array '_ZL7threshs_211' completely based on array size.
INFO: [XFORM 203-102] Automatically partitioning small array '_ZL7threshs_210' completely based on array size.
INFO: [XFORM 203-102] Automatically partitioning small array '_ZL7threshs_21' completely based on array size.
INFO: [XFORM 203-102] Automatically partitioning small array '_ZL7threshs_209' completely based on array size.
INFO: [XFORM 203-102] Automatically partitioning small array '_ZL7threshs_208' completely based on array size.
INFO: [XFORM 203-102] Automatically partitioning small array '_ZL7threshs_207' completely based on array size.
INFO: [XFORM 203-102] Automatically partitioning small array '_ZL7threshs_206' completely based on array size.
INFO: [XFORM 203-102] Automatically partitioning small array '_ZL7threshs_205' completely based on array size.
INFO: [XFORM 203-102] Automatically partitioning small array '_ZL7threshs_204' completely based on array size.
INFO: [XFORM 203-102] Automatically partitioning small array '_ZL7threshs_203' completely based on array size.
INFO: [XFORM 203-102] Automatically partitioning small array '_ZL7threshs_202' completely based on array size.
INFO: [XFORM 203-102] Automatically partitioning small array '_ZL7threshs_201' completely based on array size.
INFO: [XFORM 203-102] Automatically partitioning small array '_ZL7threshs_200' completely based on array size.
INFO: [XFORM 203-102] Automatically partitioning small array '_ZL7threshs_20' completely based on array size.
INFO: [XFORM 203-102] Automatically partitioning small array '_ZL7threshs_2' completely based on array size.
INFO: [XFORM 203-102] Automatically partitioning small array '_ZL7threshs_199' completely based on array size.
INFO: [XFORM 203-102] Automatically partitioning small array '_ZL7threshs_198' completely based on array size.
INFO: [XFORM 203-102] Automatically partitioning small array '_ZL7threshs_197' completely based on array size.
INFO: [XFORM 203-102] Automatically partitioning small array '_ZL7threshs_196' completely based on array size.
INFO: [XFORM 203-102] Automatically partitioning small array '_ZL7threshs_195' completely based on array size.
INFO: [XFORM 203-102] Automatically partitioning small array '_ZL7threshs_194' completely based on array size.
INFO: [XFORM 203-102] Automatically partitioning small array '_ZL7threshs_193' completely based on array size.
INFO: [XFORM 203-102] Automatically partitioning small array '_ZL7threshs_192' completely based on array size.
INFO: [XFORM 203-102] Automatically partitioning small array '_ZL7threshs_191' completely based on array size.
INFO: [XFORM 203-102] Automatically partitioning small array '_ZL7threshs_190' completely based on array size.
INFO: [XFORM 203-102] Automatically partitioning small array '_ZL7threshs_19' completely based on array size.
INFO: [XFORM 203-102] Automatically partitioning small array '_ZL7threshs_189' completely based on array size.
INFO: [XFORM 203-102] Automatically partitioning small array '_ZL7threshs_188' completely based on array size.
INFO: [XFORM 203-102] Automatically partitioning small array '_ZL7threshs_187' completely based on array size.
INFO: [XFORM 203-102] Automatically partitioning small array '_ZL7threshs_186' completely based on array size.
INFO: [XFORM 203-102] Automatically partitioning small array '_ZL7threshs_185' completely based on array size.
INFO: [XFORM 203-102] Automatically partitioning small array '_ZL7threshs_184' completely based on array size.
INFO: [XFORM 203-102] Automatically partitioning small array '_ZL7threshs_183' completely based on array size.
INFO: [XFORM 203-102] Automatically partitioning small array '_ZL7threshs_182' completely based on array size.
INFO: [XFORM 203-102] Automatically partitioning small array '_ZL7threshs_181' completely based on array size.
INFO: [XFORM 203-102] Automatically partitioning small array '_ZL7threshs_180' completely based on array size.
INFO: [XFORM 203-102] Automatically partitioning small array '_ZL7threshs_18' completely based on array size.
INFO: [XFORM 203-102] Automatically partitioning small array '_ZL7threshs_179' completely based on array size.
INFO: [XFORM 203-102] Automatically partitioning small array '_ZL7threshs_178' completely based on array size.
INFO: [XFORM 203-102] Automatically partitioning small array '_ZL7threshs_177' completely based on array size.
INFO: [XFORM 203-102] Automatically partitioning small array '_ZL7threshs_176' completely based on array size.
INFO: [XFORM 203-102] Automatically partitioning small array '_ZL7threshs_175' completely based on array size.
INFO: [XFORM 203-102] Automatically partitioning small array '_ZL7threshs_174' completely based on array size.
INFO: [XFORM 203-102] Automatically partitioning small array '_ZL7threshs_173' completely based on array size.
INFO: [XFORM 203-102] Automatically partitioning small array '_ZL7threshs_172' completely based on array size.
INFO: [XFORM 203-102] Automatically partitioning small array '_ZL7threshs_171' completely based on array size.
INFO: [XFORM 203-102] Automatically partitioning small array '_ZL7threshs_170' completely based on array size.
INFO: [XFORM 203-102] Automatically partitioning small array '_ZL7threshs_17' completely based on array size.
INFO: [XFORM 203-102] Automatically partitioning small array '_ZL7threshs_169' completely based on array size.
INFO: [XFORM 203-102] Automatically partitioning small array '_ZL7threshs_168' completely based on array size.
INFO: [XFORM 203-102] Automatically partitioning small array '_ZL7threshs_167' completely based on array size.
INFO: [XFORM 203-102] Automatically partitioning small array '_ZL7threshs_166' completely based on array size.
INFO: [XFORM 203-102] Automatically partitioning small array '_ZL7threshs_165' completely based on array size.
INFO: [XFORM 203-102] Automatically partitioning small array '_ZL7threshs_164' completely based on array size.
INFO: [XFORM 203-102] Automatically partitioning small array '_ZL7threshs_163' completely based on array size.
INFO: [XFORM 203-102] Automatically partitioning small array '_ZL7threshs_162' completely based on array size.
INFO: [XFORM 203-102] Automatically partitioning small array '_ZL7threshs_161' completely based on array size.
INFO: [XFORM 203-102] Automatically partitioning small array '_ZL7threshs_160' completely based on array size.
INFO: [XFORM 203-102] Automatically partitioning small array '_ZL7threshs_16' completely based on array size.
INFO: [XFORM 203-102] Automatically partitioning small array '_ZL7threshs_159' completely based on array size.
INFO: [XFORM 203-102] Automatically partitioning small array '_ZL7threshs_158' completely based on array size.
INFO: [XFORM 203-102] Automatically partitioning small array '_ZL7threshs_157' completely based on array size.
INFO: [XFORM 203-102] Automatically partitioning small array '_ZL7threshs_156' completely based on array size.
INFO: [XFORM 203-102] Automatically partitioning small array '_ZL7threshs_155' completely based on array size.
INFO: [XFORM 203-102] Automatically partitioning small array '_ZL7threshs_154' completely based on array size.
INFO: [XFORM 203-102] Automatically partitioning small array '_ZL7threshs_153' completely based on array size.
INFO: [XFORM 203-102] Automatically partitioning small array '_ZL7threshs_152' completely based on array size.
INFO: [XFORM 203-102] Automatically partitioning small array '_ZL7threshs_151' completely based on array size.
INFO: [XFORM 203-102] Automatically partitioning small array '_ZL7threshs_150' completely based on array size.
INFO: [XFORM 203-102] Automatically partitioning small array '_ZL7threshs_15' completely based on array size.
INFO: [XFORM 203-102] Automatically partitioning small array '_ZL7threshs_149' completely based on array size.
INFO: [XFORM 203-102] Automatically partitioning small array '_ZL7threshs_148' completely based on array size.
INFO: [XFORM 203-102] Automatically partitioning small array '_ZL7threshs_147' completely based on array size.
INFO: [XFORM 203-102] Automatically partitioning small array '_ZL7threshs_146' completely based on array size.
INFO: [XFORM 203-102] Automatically partitioning small array '_ZL7threshs_145' completely based on array size.
INFO: [XFORM 203-102] Automatically partitioning small array '_ZL7threshs_144' completely based on array size.
INFO: [XFORM 203-102] Automatically partitioning small array '_ZL7threshs_143' completely based on array size.
INFO: [XFORM 203-102] Automatically partitioning small array '_ZL7threshs_142' completely based on array size.
INFO: [XFORM 203-102] Automatically partitioning small array '_ZL7threshs_141' completely based on array size.
INFO: [XFORM 203-102] Automatically partitioning small array '_ZL7threshs_140' completely based on array size.
INFO: [XFORM 203-102] Automatically partitioning small array '_ZL7threshs_14' completely based on array size.
INFO: [XFORM 203-102] Automatically partitioning small array '_ZL7threshs_139' completely based on array size.
INFO: [XFORM 203-102] Automatically partitioning small array '_ZL7threshs_138' completely based on array size.
INFO: [XFORM 203-102] Automatically partitioning small array '_ZL7threshs_137' completely based on array size.
INFO: [XFORM 203-102] Automatically partitioning small array '_ZL7threshs_136' completely based on array size.
INFO: [XFORM 203-102] Automatically partitioning small array '_ZL7threshs_135' completely based on array size.
INFO: [XFORM 203-102] Automatically partitioning small array '_ZL7threshs_134' completely based on array size.
INFO: [XFORM 203-102] Automatically partitioning small array '_ZL7threshs_133' completely based on array size.
INFO: [XFORM 203-102] Automatically partitioning small array '_ZL7threshs_132' completely based on array size.
INFO: [XFORM 203-102] Automatically partitioning small array '_ZL7threshs_131' completely based on array size.
INFO: [XFORM 203-102] Automatically partitioning small array '_ZL7threshs_130' completely based on array size.
INFO: [XFORM 203-102] Automatically partitioning small array '_ZL7threshs_13' completely based on array size.
INFO: [XFORM 203-102] Automatically partitioning small array '_ZL7threshs_129' completely based on array size.
INFO: [XFORM 203-102] Automatically partitioning small array '_ZL7threshs_128' completely based on array size.
INFO: [XFORM 203-102] Automatically partitioning small array '_ZL7threshs_127' completely based on array size.
INFO: [XFORM 203-102] Automatically partitioning small array '_ZL7threshs_126' completely based on array size.
INFO: [XFORM 203-102] Automatically partitioning small array '_ZL7threshs_125' completely based on array size.
INFO: [XFORM 203-102] Automatically partitioning small array '_ZL7threshs_124' completely based on array size.
INFO: [XFORM 203-102] Automatically partitioning small array '_ZL7threshs_123' completely based on array size.
INFO: [XFORM 203-102] Automatically partitioning small array '_ZL7threshs_122' completely based on array size.
INFO: [XFORM 203-102] Automatically partitioning small array '_ZL7threshs_121' completely based on array size.
INFO: [XFORM 203-102] Automatically partitioning small array '_ZL7threshs_120' completely based on array size.
INFO: [XFORM 203-102] Automatically partitioning small array '_ZL7threshs_12' completely based on array size.
INFO: [XFORM 203-102] Automatically partitioning small array '_ZL7threshs_119' completely based on array size.
INFO: [XFORM 203-102] Automatically partitioning small array '_ZL7threshs_118' completely based on array size.
INFO: [XFORM 203-102] Automatically partitioning small array '_ZL7threshs_117' completely based on array size.
INFO: [XFORM 203-102] Automatically partitioning small array '_ZL7threshs_116' completely based on array size.
INFO: [XFORM 203-102] Automatically partitioning small array '_ZL7threshs_115' completely based on array size.
INFO: [XFORM 203-102] Automatically partitioning small array '_ZL7threshs_114' completely based on array size.
INFO: [XFORM 203-102] Automatically partitioning small array '_ZL7threshs_113' completely based on array size.
INFO: [XFORM 203-102] Automatically partitioning small array '_ZL7threshs_112' completely based on array size.
INFO: [XFORM 203-102] Automatically partitioning small array '_ZL7threshs_111' completely based on array size.
INFO: [XFORM 203-102] Automatically partitioning small array '_ZL7threshs_110' completely based on array size.
INFO: [XFORM 203-102] Automatically partitioning small array '_ZL7threshs_11' completely based on array size.
INFO: [XFORM 203-102] Automatically partitioning small array '_ZL7threshs_109' completely based on array size.
INFO: [XFORM 203-102] Automatically partitioning small array '_ZL7threshs_108' completely based on array size.
INFO: [XFORM 203-102] Automatically partitioning small array '_ZL7threshs_107' completely based on array size.
INFO: [XFORM 203-102] Automatically partitioning small array '_ZL7threshs_106' completely based on array size.
INFO: [XFORM 203-102] Automatically partitioning small array '_ZL7threshs_105' completely based on array size.
INFO: [XFORM 203-102] Automatically partitioning small array '_ZL7threshs_104' completely based on array size.
INFO: [XFORM 203-102] Automatically partitioning small array '_ZL7threshs_103' completely based on array size.
INFO: [XFORM 203-102] Automatically partitioning small array '_ZL7threshs_102' completely based on array size.
INFO: [XFORM 203-102] Automatically partitioning small array '_ZL7threshs_101' completely based on array size.
INFO: [XFORM 203-102] Automatically partitioning small array '_ZL7threshs_100' completely based on array size.
INFO: [XFORM 203-102] Automatically partitioning small array '_ZL7threshs_10' completely based on array size.
INFO: [XFORM 203-102] Automatically partitioning small array '_ZL7threshs_1' completely based on array size.
INFO: [XFORM 203-102] Automatically partitioning small array '_ZL7threshs_0' completely based on array size.
INFO: [XFORM 203-101] Partitioning array '_ZL7threshs_99' in dimension 1 completely.
INFO: [XFORM 203-101] Partitioning array '_ZL7threshs_98' in dimension 1 completely.
INFO: [XFORM 203-101] Partitioning array '_ZL7threshs_97' in dimension 1 completely.
INFO: [XFORM 203-101] Partitioning array '_ZL7threshs_96' in dimension 1 completely.
INFO: [XFORM 203-101] Partitioning array '_ZL7threshs_95' in dimension 1 completely.
INFO: [XFORM 203-101] Partitioning array '_ZL7threshs_94' in dimension 1 completely.
INFO: [XFORM 203-101] Partitioning array '_ZL7threshs_93' in dimension 1 completely.
INFO: [XFORM 203-101] Partitioning array '_ZL7threshs_92' in dimension 1 completely.
INFO: [XFORM 203-101] Partitioning array '_ZL7threshs_91' in dimension 1 completely.
INFO: [XFORM 203-101] Partitioning array '_ZL7threshs_90' in dimension 1 completely.
INFO: [XFORM 203-101] Partitioning array '_ZL7threshs_9' in dimension 1 completely.
INFO: [XFORM 203-101] Partitioning array '_ZL7threshs_89' in dimension 1 completely.
INFO: [XFORM 203-101] Partitioning array '_ZL7threshs_88' in dimension 1 completely.
INFO: [XFORM 203-101] Partitioning array '_ZL7threshs_87' in dimension 1 completely.
INFO: [XFORM 203-101] Partitioning array '_ZL7threshs_86' in dimension 1 completely.
INFO: [XFORM 203-101] Partitioning array '_ZL7threshs_85' in dimension 1 completely.
INFO: [XFORM 203-101] Partitioning array '_ZL7threshs_84' in dimension 1 completely.
INFO: [XFORM 203-101] Partitioning array '_ZL7threshs_83' in dimension 1 completely.
INFO: [XFORM 203-101] Partitioning array '_ZL7threshs_82' in dimension 1 completely.
INFO: [XFORM 203-101] Partitioning array '_ZL7threshs_81' in dimension 1 completely.
INFO: [XFORM 203-101] Partitioning array '_ZL7threshs_80' in dimension 1 completely.
INFO: [XFORM 203-101] Partitioning array '_ZL7threshs_8' in dimension 1 completely.
INFO: [XFORM 203-101] Partitioning array '_ZL7threshs_79' in dimension 1 completely.
INFO: [XFORM 203-101] Partitioning array '_ZL7threshs_78' in dimension 1 completely.
INFO: [XFORM 203-101] Partitioning array '_ZL7threshs_77' in dimension 1 completely.
INFO: [XFORM 203-101] Partitioning array '_ZL7threshs_76' in dimension 1 completely.
INFO: [XFORM 203-101] Partitioning array '_ZL7threshs_75' in dimension 1 completely.
INFO: [XFORM 203-101] Partitioning array '_ZL7threshs_74' in dimension 1 completely.
INFO: [XFORM 203-101] Partitioning array '_ZL7threshs_73' in dimension 1 completely.
INFO: [XFORM 203-101] Partitioning array '_ZL7threshs_72' in dimension 1 completely.
INFO: [XFORM 203-101] Partitioning array '_ZL7threshs_71' in dimension 1 completely.
INFO: [XFORM 203-101] Partitioning array '_ZL7threshs_70' in dimension 1 completely.
INFO: [XFORM 203-101] Partitioning array '_ZL7threshs_7' in dimension 1 completely.
INFO: [XFORM 203-101] Partitioning array '_ZL7threshs_69' in dimension 1 completely.
INFO: [XFORM 203-101] Partitioning array '_ZL7threshs_68' in dimension 1 completely.
INFO: [XFORM 203-101] Partitioning array '_ZL7threshs_67' in dimension 1 completely.
INFO: [XFORM 203-101] Partitioning array '_ZL7threshs_66' in dimension 1 completely.
INFO: [XFORM 203-101] Partitioning array '_ZL7threshs_65' in dimension 1 completely.
INFO: [XFORM 203-101] Partitioning array '_ZL7threshs_64' in dimension 1 completely.
INFO: [XFORM 203-101] Partitioning array '_ZL7threshs_63' in dimension 1 completely.
INFO: [XFORM 203-101] Partitioning array '_ZL7threshs_62' in dimension 1 completely.
INFO: [XFORM 203-101] Partitioning array '_ZL7threshs_61' in dimension 1 completely.
INFO: [XFORM 203-101] Partitioning array '_ZL7threshs_60' in dimension 1 completely.
INFO: [XFORM 203-101] Partitioning array '_ZL7threshs_6' in dimension 1 completely.
INFO: [XFORM 203-101] Partitioning array '_ZL7threshs_59' in dimension 1 completely.
INFO: [XFORM 203-101] Partitioning array '_ZL7threshs_58' in dimension 1 completely.
INFO: [XFORM 203-101] Partitioning array '_ZL7threshs_57' in dimension 1 completely.
INFO: [XFORM 203-101] Partitioning array '_ZL7threshs_56' in dimension 1 completely.
INFO: [XFORM 203-101] Partitioning array '_ZL7threshs_55' in dimension 1 completely.
INFO: [XFORM 203-101] Partitioning array '_ZL7threshs_54' in dimension 1 completely.
INFO: [XFORM 203-101] Partitioning array '_ZL7threshs_53' in dimension 1 completely.
INFO: [XFORM 203-101] Partitioning array '_ZL7threshs_52' in dimension 1 completely.
INFO: [XFORM 203-101] Partitioning array '_ZL7threshs_51' in dimension 1 completely.
INFO: [XFORM 203-101] Partitioning array '_ZL7threshs_50' in dimension 1 completely.
INFO: [XFORM 203-101] Partitioning array '_ZL7threshs_5' in dimension 1 completely.
INFO: [XFORM 203-101] Partitioning array '_ZL7threshs_49' in dimension 1 completely.
INFO: [XFORM 203-101] Partitioning array '_ZL7threshs_48' in dimension 1 completely.
INFO: [XFORM 203-101] Partitioning array '_ZL7threshs_47' in dimension 1 completely.
INFO: [XFORM 203-101] Partitioning array '_ZL7threshs_46' in dimension 1 completely.
INFO: [XFORM 203-101] Partitioning array '_ZL7threshs_45' in dimension 1 completely.
INFO: [XFORM 203-101] Partitioning array '_ZL7threshs_44' in dimension 1 completely.
INFO: [XFORM 203-101] Partitioning array '_ZL7threshs_43' in dimension 1 completely.
INFO: [XFORM 203-101] Partitioning array '_ZL7threshs_42' in dimension 1 completely.
INFO: [XFORM 203-101] Partitioning array '_ZL7threshs_41' in dimension 1 completely.
INFO: [XFORM 203-101] Partitioning array '_ZL7threshs_40' in dimension 1 completely.
INFO: [XFORM 203-101] Partitioning array '_ZL7threshs_4' in dimension 1 completely.
INFO: [XFORM 203-101] Partitioning array '_ZL7threshs_39' in dimension 1 completely.
INFO: [XFORM 203-101] Partitioning array '_ZL7threshs_38' in dimension 1 completely.
INFO: [XFORM 203-101] Partitioning array '_ZL7threshs_37' in dimension 1 completely.
INFO: [XFORM 203-101] Partitioning array '_ZL7threshs_36' in dimension 1 completely.
INFO: [XFORM 203-101] Partitioning array '_ZL7threshs_35' in dimension 1 completely.
INFO: [XFORM 203-101] Partitioning array '_ZL7threshs_34' in dimension 1 completely.
INFO: [XFORM 203-101] Partitioning array '_ZL7threshs_33' in dimension 1 completely.
INFO: [XFORM 203-101] Partitioning array '_ZL7threshs_32' in dimension 1 completely.
INFO: [XFORM 203-101] Partitioning array '_ZL7threshs_31' in dimension 1 completely.
INFO: [XFORM 203-101] Partitioning array '_ZL7threshs_30' in dimension 1 completely.
INFO: [XFORM 203-101] Partitioning array '_ZL7threshs_3' in dimension 1 completely.
INFO: [XFORM 203-101] Partitioning array '_ZL7threshs_29' in dimension 1 completely.
INFO: [XFORM 203-101] Partitioning array '_ZL7threshs_28' in dimension 1 completely.
INFO: [XFORM 203-101] Partitioning array '_ZL7threshs_27' in dimension 1 completely.
INFO: [XFORM 203-101] Partitioning array '_ZL7threshs_26' in dimension 1 completely.
INFO: [XFORM 203-101] Partitioning array '_ZL7threshs_254' in dimension 1 completely.
INFO: [XFORM 203-101] Partitioning array '_ZL7threshs_253' in dimension 1 completely.
INFO: [XFORM 203-101] Partitioning array '_ZL7threshs_252' in dimension 1 completely.
INFO: [XFORM 203-101] Partitioning array '_ZL7threshs_251' in dimension 1 completely.
INFO: [XFORM 203-101] Partitioning array '_ZL7threshs_250' in dimension 1 completely.
INFO: [XFORM 203-101] Partitioning array '_ZL7threshs_25' in dimension 1 completely.
INFO: [XFORM 203-101] Partitioning array '_ZL7threshs_249' in dimension 1 completely.
INFO: [XFORM 203-101] Partitioning array '_ZL7threshs_248' in dimension 1 completely.
INFO: [XFORM 203-101] Partitioning array '_ZL7threshs_247' in dimension 1 completely.
INFO: [XFORM 203-101] Partitioning array '_ZL7threshs_246' in dimension 1 completely.
INFO: [XFORM 203-101] Partitioning array '_ZL7threshs_245' in dimension 1 completely.
INFO: [XFORM 203-101] Partitioning array '_ZL7threshs_244' in dimension 1 completely.
INFO: [XFORM 203-101] Partitioning array '_ZL7threshs_243' in dimension 1 completely.
INFO: [XFORM 203-101] Partitioning array '_ZL7threshs_242' in dimension 1 completely.
INFO: [XFORM 203-101] Partitioning array '_ZL7threshs_241' in dimension 1 completely.
INFO: [XFORM 203-101] Partitioning array '_ZL7threshs_240' in dimension 1 completely.
INFO: [XFORM 203-101] Partitioning array '_ZL7threshs_24' in dimension 1 completely.
INFO: [XFORM 203-101] Partitioning array '_ZL7threshs_239' in dimension 1 completely.
INFO: [XFORM 203-101] Partitioning array '_ZL7threshs_238' in dimension 1 completely.
INFO: [XFORM 203-101] Partitioning array '_ZL7threshs_237' in dimension 1 completely.
INFO: [XFORM 203-101] Partitioning array '_ZL7threshs_236' in dimension 1 completely.
INFO: [XFORM 203-101] Partitioning array '_ZL7threshs_235' in dimension 1 completely.
INFO: [XFORM 203-101] Partitioning array '_ZL7threshs_234' in dimension 1 completely.
INFO: [XFORM 203-101] Partitioning array '_ZL7threshs_233' in dimension 1 completely.
INFO: [XFORM 203-101] Partitioning array '_ZL7threshs_232' in dimension 1 completely.
INFO: [XFORM 203-101] Partitioning array '_ZL7threshs_231' in dimension 1 completely.
INFO: [XFORM 203-101] Partitioning array '_ZL7threshs_230' in dimension 1 completely.
INFO: [XFORM 203-101] Partitioning array '_ZL7threshs_23' in dimension 1 completely.
INFO: [XFORM 203-101] Partitioning array '_ZL7threshs_229' in dimension 1 completely.
INFO: [XFORM 203-101] Partitioning array '_ZL7threshs_228' in dimension 1 completely.
INFO: [XFORM 203-101] Partitioning array '_ZL7threshs_227' in dimension 1 completely.
INFO: [XFORM 203-101] Partitioning array '_ZL7threshs_226' in dimension 1 completely.
INFO: [XFORM 203-101] Partitioning array '_ZL7threshs_225' in dimension 1 completely.
INFO: [XFORM 203-101] Partitioning array '_ZL7threshs_224' in dimension 1 completely.
INFO: [XFORM 203-101] Partitioning array '_ZL7threshs_223' in dimension 1 completely.
INFO: [XFORM 203-101] Partitioning array '_ZL7threshs_222' in dimension 1 completely.
INFO: [XFORM 203-101] Partitioning array '_ZL7threshs_221' in dimension 1 completely.
INFO: [XFORM 203-101] Partitioning array '_ZL7threshs_220' in dimension 1 completely.
INFO: [XFORM 203-101] Partitioning array '_ZL7threshs_22' in dimension 1 completely.
INFO: [XFORM 203-101] Partitioning array '_ZL7threshs_219' in dimension 1 completely.
INFO: [XFORM 203-101] Partitioning array '_ZL7threshs_218' in dimension 1 completely.
INFO: [XFORM 203-101] Partitioning array '_ZL7threshs_217' in dimension 1 completely.
INFO: [XFORM 203-101] Partitioning array '_ZL7threshs_216' in dimension 1 completely.
INFO: [XFORM 203-101] Partitioning array '_ZL7threshs_215' in dimension 1 completely.
INFO: [XFORM 203-101] Partitioning array '_ZL7threshs_214' in dimension 1 completely.
INFO: [XFORM 203-101] Partitioning array '_ZL7threshs_213' in dimension 1 completely.
INFO: [XFORM 203-101] Partitioning array '_ZL7threshs_212' in dimension 1 completely.
INFO: [XFORM 203-101] Partitioning array '_ZL7threshs_211' in dimension 1 completely.
INFO: [XFORM 203-101] Partitioning array '_ZL7threshs_210' in dimension 1 completely.
INFO: [XFORM 203-101] Partitioning array '_ZL7threshs_21' in dimension 1 completely.
INFO: [XFORM 203-101] Partitioning array '_ZL7threshs_209' in dimension 1 completely.
INFO: [XFORM 203-101] Partitioning array '_ZL7threshs_208' in dimension 1 completely.
INFO: [XFORM 203-101] Partitioning array '_ZL7threshs_207' in dimension 1 completely.
INFO: [XFORM 203-101] Partitioning array '_ZL7threshs_206' in dimension 1 completely.
INFO: [XFORM 203-101] Partitioning array '_ZL7threshs_205' in dimension 1 completely.
INFO: [XFORM 203-101] Partitioning array '_ZL7threshs_204' in dimension 1 completely.
INFO: [XFORM 203-101] Partitioning array '_ZL7threshs_203' in dimension 1 completely.
INFO: [XFORM 203-101] Partitioning array '_ZL7threshs_202' in dimension 1 completely.
INFO: [XFORM 203-101] Partitioning array '_ZL7threshs_201' in dimension 1 completely.
INFO: [XFORM 203-101] Partitioning array '_ZL7threshs_200' in dimension 1 completely.
INFO: [XFORM 203-101] Partitioning array '_ZL7threshs_20' in dimension 1 completely.
INFO: [XFORM 203-101] Partitioning array '_ZL7threshs_2' in dimension 1 completely.
INFO: [XFORM 203-101] Partitioning array '_ZL7threshs_199' in dimension 1 completely.
INFO: [XFORM 203-101] Partitioning array '_ZL7threshs_198' in dimension 1 completely.
INFO: [XFORM 203-101] Partitioning array '_ZL7threshs_197' in dimension 1 completely.
INFO: [XFORM 203-101] Partitioning array '_ZL7threshs_196' in dimension 1 completely.
INFO: [XFORM 203-101] Partitioning array '_ZL7threshs_195' in dimension 1 completely.
INFO: [XFORM 203-101] Partitioning array '_ZL7threshs_194' in dimension 1 completely.
INFO: [XFORM 203-101] Partitioning array '_ZL7threshs_193' in dimension 1 completely.
INFO: [XFORM 203-101] Partitioning array '_ZL7threshs_192' in dimension 1 completely.
INFO: [XFORM 203-101] Partitioning array '_ZL7threshs_191' in dimension 1 completely.
INFO: [XFORM 203-101] Partitioning array '_ZL7threshs_190' in dimension 1 completely.
INFO: [XFORM 203-101] Partitioning array '_ZL7threshs_19' in dimension 1 completely.
INFO: [XFORM 203-101] Partitioning array '_ZL7threshs_189' in dimension 1 completely.
INFO: [XFORM 203-101] Partitioning array '_ZL7threshs_188' in dimension 1 completely.
INFO: [XFORM 203-101] Partitioning array '_ZL7threshs_187' in dimension 1 completely.
INFO: [XFORM 203-101] Partitioning array '_ZL7threshs_186' in dimension 1 completely.
INFO: [XFORM 203-101] Partitioning array '_ZL7threshs_185' in dimension 1 completely.
INFO: [XFORM 203-101] Partitioning array '_ZL7threshs_184' in dimension 1 completely.
INFO: [XFORM 203-101] Partitioning array '_ZL7threshs_183' in dimension 1 completely.
INFO: [XFORM 203-101] Partitioning array '_ZL7threshs_182' in dimension 1 completely.
INFO: [XFORM 203-101] Partitioning array '_ZL7threshs_181' in dimension 1 completely.
INFO: [XFORM 203-101] Partitioning array '_ZL7threshs_180' in dimension 1 completely.
INFO: [XFORM 203-101] Partitioning array '_ZL7threshs_18' in dimension 1 completely.
INFO: [XFORM 203-101] Partitioning array '_ZL7threshs_179' in dimension 1 completely.
INFO: [XFORM 203-101] Partitioning array '_ZL7threshs_178' in dimension 1 completely.
INFO: [XFORM 203-101] Partitioning array '_ZL7threshs_177' in dimension 1 completely.
INFO: [XFORM 203-101] Partitioning array '_ZL7threshs_176' in dimension 1 completely.
INFO: [XFORM 203-101] Partitioning array '_ZL7threshs_175' in dimension 1 completely.
INFO: [XFORM 203-101] Partitioning array '_ZL7threshs_174' in dimension 1 completely.
INFO: [XFORM 203-101] Partitioning array '_ZL7threshs_173' in dimension 1 completely.
INFO: [XFORM 203-101] Partitioning array '_ZL7threshs_172' in dimension 1 completely.
INFO: [XFORM 203-101] Partitioning array '_ZL7threshs_171' in dimension 1 completely.
INFO: [XFORM 203-101] Partitioning array '_ZL7threshs_170' in dimension 1 completely.
INFO: [XFORM 203-101] Partitioning array '_ZL7threshs_17' in dimension 1 completely.
INFO: [XFORM 203-101] Partitioning array '_ZL7threshs_169' in dimension 1 completely.
INFO: [XFORM 203-101] Partitioning array '_ZL7threshs_168' in dimension 1 completely.
INFO: [XFORM 203-101] Partitioning array '_ZL7threshs_167' in dimension 1 completely.
INFO: [XFORM 203-101] Partitioning array '_ZL7threshs_166' in dimension 1 completely.
INFO: [XFORM 203-101] Partitioning array '_ZL7threshs_165' in dimension 1 completely.
INFO: [XFORM 203-101] Partitioning array '_ZL7threshs_164' in dimension 1 completely.
INFO: [XFORM 203-101] Partitioning array '_ZL7threshs_163' in dimension 1 completely.
INFO: [XFORM 203-101] Partitioning array '_ZL7threshs_162' in dimension 1 completely.
INFO: [XFORM 203-101] Partitioning array '_ZL7threshs_161' in dimension 1 completely.
INFO: [XFORM 203-101] Partitioning array '_ZL7threshs_160' in dimension 1 completely.
INFO: [XFORM 203-101] Partitioning array '_ZL7threshs_16' in dimension 1 completely.
INFO: [XFORM 203-101] Partitioning array '_ZL7threshs_159' in dimension 1 completely.
INFO: [XFORM 203-101] Partitioning array '_ZL7threshs_158' in dimension 1 completely.
INFO: [XFORM 203-101] Partitioning array '_ZL7threshs_157' in dimension 1 completely.
INFO: [XFORM 203-101] Partitioning array '_ZL7threshs_156' in dimension 1 completely.
INFO: [XFORM 203-101] Partitioning array '_ZL7threshs_155' in dimension 1 completely.
INFO: [XFORM 203-101] Partitioning array '_ZL7threshs_154' in dimension 1 completely.
INFO: [XFORM 203-101] Partitioning array '_ZL7threshs_153' in dimension 1 completely.
INFO: [XFORM 203-101] Partitioning array '_ZL7threshs_152' in dimension 1 completely.
INFO: [XFORM 203-101] Partitioning array '_ZL7threshs_151' in dimension 1 completely.
INFO: [XFORM 203-101] Partitioning array '_ZL7threshs_150' in dimension 1 completely.
INFO: [XFORM 203-101] Partitioning array '_ZL7threshs_15' in dimension 1 completely.
INFO: [XFORM 203-101] Partitioning array '_ZL7threshs_149' in dimension 1 completely.
INFO: [XFORM 203-101] Partitioning array '_ZL7threshs_148' in dimension 1 completely.
INFO: [XFORM 203-101] Partitioning array '_ZL7threshs_147' in dimension 1 completely.
INFO: [XFORM 203-101] Partitioning array '_ZL7threshs_146' in dimension 1 completely.
INFO: [XFORM 203-101] Partitioning array '_ZL7threshs_145' in dimension 1 completely.
INFO: [XFORM 203-101] Partitioning array '_ZL7threshs_144' in dimension 1 completely.
INFO: [XFORM 203-101] Partitioning array '_ZL7threshs_143' in dimension 1 completely.
INFO: [XFORM 203-101] Partitioning array '_ZL7threshs_142' in dimension 1 completely.
INFO: [XFORM 203-101] Partitioning array '_ZL7threshs_141' in dimension 1 completely.
INFO: [XFORM 203-101] Partitioning array '_ZL7threshs_140' in dimension 1 completely.
INFO: [XFORM 203-101] Partitioning array '_ZL7threshs_14' in dimension 1 completely.
INFO: [XFORM 203-101] Partitioning array '_ZL7threshs_139' in dimension 1 completely.
INFO: [XFORM 203-101] Partitioning array '_ZL7threshs_138' in dimension 1 completely.
INFO: [XFORM 203-101] Partitioning array '_ZL7threshs_137' in dimension 1 completely.
INFO: [XFORM 203-101] Partitioning array '_ZL7threshs_136' in dimension 1 completely.
INFO: [XFORM 203-101] Partitioning array '_ZL7threshs_135' in dimension 1 completely.
INFO: [XFORM 203-101] Partitioning array '_ZL7threshs_134' in dimension 1 completely.
INFO: [XFORM 203-101] Partitioning array '_ZL7threshs_133' in dimension 1 completely.
INFO: [XFORM 203-101] Partitioning array '_ZL7threshs_132' in dimension 1 completely.
INFO: [XFORM 203-101] Partitioning array '_ZL7threshs_131' in dimension 1 completely.
INFO: [XFORM 203-101] Partitioning array '_ZL7threshs_130' in dimension 1 completely.
INFO: [XFORM 203-101] Partitioning array '_ZL7threshs_13' in dimension 1 completely.
INFO: [XFORM 203-101] Partitioning array '_ZL7threshs_129' in dimension 1 completely.
INFO: [XFORM 203-101] Partitioning array '_ZL7threshs_128' in dimension 1 completely.
INFO: [XFORM 203-101] Partitioning array '_ZL7threshs_127' in dimension 1 completely.
INFO: [XFORM 203-101] Partitioning array '_ZL7threshs_126' in dimension 1 completely.
INFO: [XFORM 203-101] Partitioning array '_ZL7threshs_125' in dimension 1 completely.
INFO: [XFORM 203-101] Partitioning array '_ZL7threshs_124' in dimension 1 completely.
INFO: [XFORM 203-101] Partitioning array '_ZL7threshs_123' in dimension 1 completely.
INFO: [XFORM 203-101] Partitioning array '_ZL7threshs_122' in dimension 1 completely.
INFO: [XFORM 203-101] Partitioning array '_ZL7threshs_121' in dimension 1 completely.
INFO: [XFORM 203-101] Partitioning array '_ZL7threshs_120' in dimension 1 completely.
INFO: [XFORM 203-101] Partitioning array '_ZL7threshs_12' in dimension 1 completely.
INFO: [XFORM 203-101] Partitioning array '_ZL7threshs_119' in dimension 1 completely.
INFO: [XFORM 203-101] Partitioning array '_ZL7threshs_118' in dimension 1 completely.
INFO: [XFORM 203-101] Partitioning array '_ZL7threshs_117' in dimension 1 completely.
INFO: [XFORM 203-101] Partitioning array '_ZL7threshs_116' in dimension 1 completely.
INFO: [XFORM 203-101] Partitioning array '_ZL7threshs_115' in dimension 1 completely.
INFO: [XFORM 203-101] Partitioning array '_ZL7threshs_114' in dimension 1 completely.
INFO: [XFORM 203-101] Partitioning array '_ZL7threshs_113' in dimension 1 completely.
INFO: [XFORM 203-101] Partitioning array '_ZL7threshs_112' in dimension 1 completely.
INFO: [XFORM 203-101] Partitioning array '_ZL7threshs_111' in dimension 1 completely.
INFO: [XFORM 203-101] Partitioning array '_ZL7threshs_110' in dimension 1 completely.
INFO: [XFORM 203-101] Partitioning array '_ZL7threshs_11' in dimension 1 completely.
INFO: [XFORM 203-101] Partitioning array '_ZL7threshs_109' in dimension 1 completely.
INFO: [XFORM 203-101] Partitioning array '_ZL7threshs_108' in dimension 1 completely.
INFO: [XFORM 203-101] Partitioning array '_ZL7threshs_107' in dimension 1 completely.
INFO: [XFORM 203-101] Partitioning array '_ZL7threshs_106' in dimension 1 completely.
INFO: [XFORM 203-101] Partitioning array '_ZL7threshs_105' in dimension 1 completely.
INFO: [XFORM 203-101] Partitioning array '_ZL7threshs_104' in dimension 1 completely.
INFO: [XFORM 203-101] Partitioning array '_ZL7threshs_103' in dimension 1 completely.
INFO: [XFORM 203-101] Partitioning array '_ZL7threshs_102' in dimension 1 completely.
INFO: [XFORM 203-101] Partitioning array '_ZL7threshs_101' in dimension 1 completely.
INFO: [XFORM 203-101] Partitioning array '_ZL7threshs_100' in dimension 1 completely.
INFO: [XFORM 203-101] Partitioning array '_ZL7threshs_10' in dimension 1 completely.
INFO: [XFORM 203-101] Partitioning array '_ZL7threshs_1' in dimension 1 completely.
INFO: [XFORM 203-101] Partitioning array '_ZL7threshs_0' in dimension 1 completely.
INFO: [XFORM 203-11] Balancing expressions in function 'Matrix_Vector_Activate_Stream_Batch<16u, 2u, 1u, 1u, Slice<ap_uint<4>, 4u>, Slice<ap_int<8>, 8u>, Identity, ap_int<4>, ap_uint<4>, ap_uint<8>, ThresholdsActivation<2u, 1u, 255u, ap_int<12>, ap_int<8>, -128, comp::less_equal<ap_int<12>, ap_int<12> > >, ap_resource_lut>' (/home/miguel_tfg/FINN-v0.9-Stable/deps/finn-hlslib/mvau.hpp:115:21)...254 expression(s) balanced.
INFO: [HLS 200-111] Finished Loop, function and other optimizations: CPU user time: 0.91 seconds. CPU system time: 0.05 seconds. Elapsed time: 0.97 seconds; current allocated memory: 1.536 GB.
INFO: [HLS 200-111] Finished Architecture Synthesis: CPU user time: 0.1 seconds. CPU system time: 0.01 seconds. Elapsed time: 0.1 seconds; current allocated memory: 1.539 GB.
INFO: [HLS 200-10] Starting hardware synthesis ...
INFO: [HLS 200-10] Synthesizing 'MatrixVectorActivation_3' ...
INFO: [HLS 200-10] ----------------------------------------------------------------
INFO: [HLS 200-42] -- Implementing module 'Matrix_Vector_Activate_Stream_Batch' 
INFO: [HLS 200-10] ----------------------------------------------------------------
INFO: [SCHED 204-11] Starting scheduling ...
INFO: [SCHED 204-61] Pipelining loop 'VITIS_LOOP_249_1'.
INFO: [HLS 200-1470] Pipelining result : Target II = 1, Final II = 1, Depth = 6, loop 'VITIS_LOOP_249_1'
WARNING: [HLS 200-871] Estimated clock period (7.591ns) exceeds the target (target clock period: 10ns, clock uncertainty: 2.7ns, effective delay budget: 7.3ns).
Resolution: For help on HLS 200-871 see www.xilinx.com/cgi-bin/docs/rdoc?v=2022.2;t=hls+guidance;d=200-871.html
WARNING: [HLS 200-1016] The critical path in module 'Matrix_Vector_Activate_Stream_Batch' consists of the following:	'alloca' operation ('nf') [23]  (0 ns)
	'load' operation ('nf', /home/miguel_tfg/FINN-v0.9-Stable/deps/finn-hlslib/activations.hpp:218) on local variable 'nf' [34]  (0 ns)
	'add' operation ('nf', /home/miguel_tfg/FINN-v0.9-Stable/deps/finn-hlslib/mvau.hpp:302) [1216]  (2.55 ns)
	'icmp' operation ('icmp_ln302', /home/miguel_tfg/FINN-v0.9-Stable/deps/finn-hlslib/mvau.hpp:302) [1217]  (2.47 ns)
	'select' operation ('nf', /home/miguel_tfg/FINN-v0.9-Stable/deps/finn-hlslib/mvau.hpp:302) [1218]  (0.698 ns)
	'store' operation ('nf_1_write_ln306', /home/miguel_tfg/FINN-v0.9-Stable/deps/finn-hlslib/mvau.hpp:306) of variable 'nf', /home/miguel_tfg/FINN-v0.9-Stable/deps/finn-hlslib/mvau.hpp:302 on local variable 'nf' [1219]  (1.59 ns)
	blocking operation 0.28 ns on control path)

Resolution: For help on HLS 200-1016 see www.xilinx.com/cgi-bin/docs/rdoc?v=2022.2;t=hls+guidance;d=200-1016.html
INFO: [SCHED 204-11] Finished scheduling.
INFO: [HLS 200-111] Finished Scheduling: CPU user time: 0.53 seconds. CPU system time: 0.02 seconds. Elapsed time: 0.56 seconds; current allocated memory: 1.558 GB.
INFO: [BIND 205-100] Starting micro-architecture generation ...
INFO: [BIND 205-101] Performing variable lifetime analysis.
INFO: [BIND 205-101] Exploring resource sharing.
INFO: [BIND 205-101] Binding ...
INFO: [BIND 205-100] Finished micro-architecture generation.
INFO: [HLS 200-111] Finished Binding: CPU user time: 0.56 seconds. CPU system time: 0 seconds. Elapsed time: 0.56 seconds; current allocated memory: 1.558 GB.
