Tue Jun 16 08:17:34 2026: Running xcd server. This server was built by gradle.
Tue Jun 16 08:17:34 2026: Server was asked to start on port: '45145'
Tue Jun 16 08:17:34 2026: Server is using token UUID: 'f96403b3-3350-4310-a22d-28dd308d29ee'
Tue Jun 16 08:17:34 2026: SESSION_MGR: creating session with session uuid: '6d04a3e9-ade5-4ab9-8d63-1f78fcd2ec76' and name 'default'
Tue Jun 16 08:17:34 2026: Attempting to start server on port '45145'
Tue Jun 16 08:17:34 2026: XCD main fifo: created main fifo '/tmp/xcdmainf96403b3-3350-4310-a22d-28dd308d29ee', fd read = 12
Tue Jun 16 08:17:34 2026: Running Dispatch Server
Tue Jun 16 08:17:34 2026: Version 2.2.0
Tue Jun 16 08:17:43 2026: Dispatch Server: Accepted socket connection from client
Tue Jun 16 08:17:43 2026: Starting Socket connection
Tue Jun 16 08:17:43 2026: EXCHANGE_TOKEN received, server token: f96403b3-3350-4310-a22d-28dd308d29ee, passed token: f96403b3-3350-4310-a22d-28dd308d29ee
Tue Jun 16 08:17:43 2026: SESSION_MGR: creating session with session uuid: '11ba8c3b-b625-460a-9c94-0ab893d156e1' and name 'vitis_hls'
Tue Jun 16 08:17:43 2026: KERNEL_SVC: creating session with uuid: '11ba8c3b-b625-460a-9c94-0ab893d156e1' and name 'vitis_hls'
Tue Jun 16 08:17:43 2026: GUIDANCE_SMGR: creating guidance session with uuid: '11ba8c3b-b625-460a-9c94-0ab893d156e1' and name 'vitis_hls'
Tue Jun 16 08:18:12 2026: STOP_SERVER received, server token: f96403b3-3350-4310-a22d-28dd308d29ee, passed token: f96403b3-3350-4310-a22d-28dd308d29ee
Tue Jun 16 08:18:12 2026: Socket received request to stop server.
Tue Jun 16 08:18:12 2026: Dispatch Server: do_await_stop
Tue Jun 16 08:18:12 2026: Dispatch Server: stopping mainFifo_
Tue Jun 16 08:18:12 2026: XCD main fifo: Stopping
Tue Jun 16 08:18:12 2026: XCD main fifo: do_read error code: Operation canceled
Tue Jun 16 08:18:12 2026: XCD main fifo: bytes_transferred: 0
Tue Jun 16 08:18:12 2026: SERVER: destructor for server bound to port 45145
Tue Jun 16 08:18:12 2026: XCD main fifo: Good unlink of /tmp/xcdmainf96403b3-3350-4310-a22d-28dd308d29ee
Tue Jun 16 08:18:12 2026: Server exiting with status 0.
Tue Jun 16 08:18:12 2026: Closing log file.
