
*** Running vivado
    with args -log finn_design_StreamingFIFO_0_1_0.vds -m64 -product Vivado -mode batch -messageDb vivado.pb -notrace -source finn_design_StreamingFIFO_0_1_0.tcl


****** Vivado v2022.2.2 (64-bit)
  **** SW Build 3788238 on Tue Feb 21 19:59:23 MST 2023
  **** IP Build 3783773 on Tue Feb 21 23:41:56 MST 2023
    ** Copyright 1986-2023 Xilinx, Inc. All Rights Reserved.

source finn_design_StreamingFIFO_0_1_0.tcl -notrace
CRITICAL WARNING: [Board 49-4] Problem parsing board_part file - /tools/Xilinx/Vivado/2022.2/data/boards/board_files/TE0727_10_1C/1.0/board.xml
Resolution: Check that the file is valid using an XML validation tool such as xmllint.
CRITICAL WARNING: [Board 49-4] Problem parsing board_part file - /tools/Xilinx/Vivado/2022.2/data/xhub/boards/XilinxBoardStore/boards/Xilinx/TE0727_10_1C/1.0/board.xml
Resolution: Check that the file is valid using an XML validation tool such as xmllint.
INFO: [IP_Flow 19-234] Refreshing IP repositories
INFO: [IP_Flow 19-1700] Loaded user IP repository '/home/miguel_tfg/FINN-v0.9-Stable/finn-rtllib/memstream'.
INFO: [IP_Flow 19-1700] Loaded user IP repository '/tmp/FINN_build_mlp27k_w4a8_ft_clean/code_gen_ipgen_StreamingFIFO_0_0_mptvji3l/project_StreamingFIFO_0_0/sol1/impl/verilog'.
INFO: [IP_Flow 19-1700] Loaded user IP repository '/tmp/FINN_build_mlp27k_w4a8_ft_clean/code_gen_ipgen_StreamingFIFO_0_1_y03kxkv1/project_StreamingFIFO_0_1/sol1/impl/verilog'.
INFO: [IP_Flow 19-1700] Loaded user IP repository '/tmp/FINN_build_mlp27k_w4a8_ft_clean/code_gen_ipgen_Thresholding_Batch_0_jcyptf8i/project_Thresholding_Batch_0/sol1/impl/ip'.
INFO: [IP_Flow 19-1700] Loaded user IP repository '/tmp/FINN_build_mlp27k_w4a8_ft_clean/code_gen_ipgen_StreamingFIFO_1_0_h2t5sgzy/project_StreamingFIFO_1_0/sol1/impl/verilog'.
INFO: [IP_Flow 19-1700] Loaded user IP repository '/tmp/FINN_build_mlp27k_w4a8_ft_clean/code_gen_ipgen_StreamingFIFO_1_1_2y6q_dbz/project_StreamingFIFO_1_1/sol1/impl/verilog'.
INFO: [IP_Flow 19-1700] Loaded user IP repository '/tmp/FINN_build_mlp27k_w4a8_ft_clean/code_gen_ipgen_MatrixVectorActivation_0_bcm0pwkr/project_MatrixVectorActivation_0/sol1/impl/ip'.
INFO: [IP_Flow 19-1700] Loaded user IP repository '/tmp/FINN_build_mlp27k_w4a8_ft_clean/code_gen_ipgen_StreamingFIFO_2_tnhtsv9p/project_StreamingFIFO_2/sol1/impl/verilog'.
INFO: [IP_Flow 19-1700] Loaded user IP repository '/tmp/FINN_build_mlp27k_w4a8_ft_clean/code_gen_ipgen_MatrixVectorActivation_1_ymjdvd67/project_MatrixVectorActivation_1/sol1/impl/ip'.
INFO: [IP_Flow 19-1700] Loaded user IP repository '/tmp/FINN_build_mlp27k_w4a8_ft_clean/code_gen_ipgen_MatrixVectorActivation_2_xj0kii62/project_MatrixVectorActivation_2/sol1/impl/ip'.
INFO: [IP_Flow 19-2313] Loaded Vivado IP repository '/tools/Xilinx/Vivado/2022.2/data/ip'.
INFO: [IP_Flow 19-6924] IPCACHE: Running cache check for IP inst: finn_design_StreamingFIFO_0_1_0
Command: synth_design -top finn_design_StreamingFIFO_0_1_0 -part xc7z020clg400-1 -incremental_mode off -mode out_of_context
Starting synth_design
Attempting to get a license for feature 'Synthesis' and/or device 'xc7z020'
INFO: [Common 17-349] Got license for feature 'Synthesis' and/or device 'xc7z020'
INFO: [Device 21-403] Loading part xc7z020clg400-1
INFO: [Synth 8-7079] Multithreading enabled for synth_design using a maximum of 4 processes.
INFO: [Synth 8-7078] Launching helper process for spawning children vivado processes
INFO: [Synth 8-7075] Helper process launched with PID 44308
INFO: [Synth 8-11241] undeclared symbol 'REGCCE', assumed default net type 'wire' [/tools/Xilinx/Vivado/2022.2/data/verilog/src/unimacro/BRAM_SINGLE_MACRO.v:2170]
---------------------------------------------------------------------------------
Starting RTL Elaboration : Time (s): cpu = 00:00:02 ; elapsed = 00:00:02 . Memory (MB): peak = 3123.191 ; gain = 435.766 ; free physical = 30213 ; free virtual = 55221
Synthesis current peak Physical Memory [PSS] (MB): peak = 2148.449; parent = 1992.636; children = 155.813
Synthesis current peak Virtual Memory [VSS] (MB): peak = 4241.703; parent = 3129.133; children = 1112.570
---------------------------------------------------------------------------------
INFO: [Synth 8-6157] synthesizing module 'finn_design_StreamingFIFO_0_1_0' [/tmp/FINN_build_mlp27k_w4a8_ft_clean/vivado_stitch_proj_8ba8a6h2/finn_vivado_stitch_proj.gen/sources_1/bd/finn_design/ip/finn_design_StreamingFIFO_0_1_0/synth/finn_design_StreamingFIFO_0_1_0.v:53]
INFO: [Synth 8-6157] synthesizing module 'StreamingFIFO_0_1' [/tmp/FINN_build_mlp27k_w4a8_ft_clean/vivado_stitch_proj_8ba8a6h2/finn_vivado_stitch_proj.gen/sources_1/bd/finn_design/ipshared/6c7b/StreamingFIFO_0_1.v:2]
INFO: [Synth 8-6157] synthesizing module 'Q_srl' [/tmp/FINN_build_mlp27k_w4a8_ft_clean/vivado_stitch_proj_8ba8a6h2/finn_vivado_stitch_proj.gen/sources_1/bd/finn_design/ipshared/6c7b/Q_srl.v:72]
INFO: [Synth 8-6155] done synthesizing module 'Q_srl' (0#1) [/tmp/FINN_build_mlp27k_w4a8_ft_clean/vivado_stitch_proj_8ba8a6h2/finn_vivado_stitch_proj.gen/sources_1/bd/finn_design/ipshared/6c7b/Q_srl.v:72]
WARNING: [Synth 8-689] width (6) of port connection 'count' does not match port width (7) of module 'Q_srl' [/tmp/FINN_build_mlp27k_w4a8_ft_clean/vivado_stitch_proj_8ba8a6h2/finn_vivado_stitch_proj.gen/sources_1/bd/finn_design/ipshared/6c7b/StreamingFIFO_0_1.v:34]
WARNING: [Synth 8-689] width (6) of port connection 'maxcount' does not match port width (7) of module 'Q_srl' [/tmp/FINN_build_mlp27k_w4a8_ft_clean/vivado_stitch_proj_8ba8a6h2/finn_vivado_stitch_proj.gen/sources_1/bd/finn_design/ipshared/6c7b/StreamingFIFO_0_1.v:35]
INFO: [Synth 8-6155] done synthesizing module 'StreamingFIFO_0_1' (0#1) [/tmp/FINN_build_mlp27k_w4a8_ft_clean/vivado_stitch_proj_8ba8a6h2/finn_vivado_stitch_proj.gen/sources_1/bd/finn_design/ipshared/6c7b/StreamingFIFO_0_1.v:2]
INFO: [Synth 8-6155] done synthesizing module 'finn_design_StreamingFIFO_0_1_0' (0#1) [/tmp/FINN_build_mlp27k_w4a8_ft_clean/vivado_stitch_proj_8ba8a6h2/finn_vivado_stitch_proj.gen/sources_1/bd/finn_design/ip/finn_design_StreamingFIFO_0_1_0/synth/finn_design_StreamingFIFO_0_1_0.v:53]
---------------------------------------------------------------------------------
Finished RTL Elaboration : Time (s): cpu = 00:00:03 ; elapsed = 00:00:03 . Memory (MB): peak = 3202.098 ; gain = 514.672 ; free physical = 29424 ; free virtual = 54449
Synthesis current peak Physical Memory [PSS] (MB): peak = 2148.449; parent = 1992.636; children = 155.813
Synthesis current peak Virtual Memory [VSS] (MB): peak = 4314.672; parent = 3202.102; children = 1112.570
---------------------------------------------------------------------------------
---------------------------------------------------------------------------------
Start Handling Custom Attributes
---------------------------------------------------------------------------------
---------------------------------------------------------------------------------
Finished Handling Custom Attributes : Time (s): cpu = 00:00:03 ; elapsed = 00:00:03 . Memory (MB): peak = 3216.941 ; gain = 529.516 ; free physical = 29353 ; free virtual = 54380
Synthesis current peak Physical Memory [PSS] (MB): peak = 2148.449; parent = 1992.636; children = 155.813
Synthesis current peak Virtual Memory [VSS] (MB): peak = 4329.516; parent = 3216.945; children = 1112.570
---------------------------------------------------------------------------------
---------------------------------------------------------------------------------
Finished RTL Optimization Phase 1 : Time (s): cpu = 00:00:03 ; elapsed = 00:00:03 . Memory (MB): peak = 3216.941 ; gain = 529.516 ; free physical = 29337 ; free virtual = 54364
Synthesis current peak Physical Memory [PSS] (MB): peak = 2148.449; parent = 1992.636; children = 155.813
Synthesis current peak Virtual Memory [VSS] (MB): peak = 4329.516; parent = 3216.945; children = 1112.570
---------------------------------------------------------------------------------
Netlist sorting complete. Time (s): cpu = 00:00:00 ; elapsed = 00:00:00 . Memory (MB): peak = 3216.941 ; gain = 0.000 ; free physical = 29314 ; free virtual = 54341
INFO: [Project 1-570] Preparing netlist for logic optimization

Processing XDC Constraints
Initializing timing engine
Completed Processing XDC Constraints

Netlist sorting complete. Time (s): cpu = 00:00:00 ; elapsed = 00:00:00 . Memory (MB): peak = 3813.691 ; gain = 0.000 ; free physical = 29099 ; free virtual = 54107
INFO: [Project 1-111] Unisim Transformation Summary:
No Unisim elements were transformed.

Constraint Validation Runtime : Time (s): cpu = 00:00:00.02 ; elapsed = 00:00:00.01 . Memory (MB): peak = 3813.691 ; gain = 0.000 ; free physical = 29098 ; free virtual = 54107
INFO: [Designutils 20-5008] Incremental synthesis strategy off
INFO: [Synth 8-11241] undeclared symbol 'REGCCE', assumed default net type 'wire' [/tools/Xilinx/Vivado/2022.2/data/verilog/src/unimacro/BRAM_SINGLE_MACRO.v:2170]
---------------------------------------------------------------------------------
Finished Constraint Validation : Time (s): cpu = 00:00:06 ; elapsed = 00:00:07 . Memory (MB): peak = 3813.691 ; gain = 1126.266 ; free physical = 29208 ; free virtual = 54217
Synthesis current peak Physical Memory [PSS] (MB): peak = 2148.449; parent = 1992.636; children = 155.813
Synthesis current peak Virtual Memory [VSS] (MB): peak = 4414.234; parent = 3301.664; children = 1112.570
---------------------------------------------------------------------------------
---------------------------------------------------------------------------------
Start Loading Part and Timing Information
---------------------------------------------------------------------------------
Loading part: xc7z020clg400-1
---------------------------------------------------------------------------------
Finished Loading Part and Timing Information : Time (s): cpu = 00:00:06 ; elapsed = 00:00:07 . Memory (MB): peak = 3813.691 ; gain = 1126.266 ; free physical = 29406 ; free virtual = 54414
Synthesis current peak Physical Memory [PSS] (MB): peak = 2148.449; parent = 1992.636; children = 155.813
Synthesis current peak Virtual Memory [VSS] (MB): peak = 4478.238; parent = 3365.668; children = 1112.570
---------------------------------------------------------------------------------
---------------------------------------------------------------------------------
Start Applying 'set_property' XDC Constraints
---------------------------------------------------------------------------------
---------------------------------------------------------------------------------
Finished applying 'set_property' XDC Constraints : Time (s): cpu = 00:00:06 ; elapsed = 00:00:07 . Memory (MB): peak = 3813.691 ; gain = 1126.266 ; free physical = 30311 ; free virtual = 55320
Synthesis current peak Physical Memory [PSS] (MB): peak = 2148.449; parent = 1992.636; children = 158.836
Synthesis current peak Virtual Memory [VSS] (MB): peak = 4478.238; parent = 3365.668; children = 1112.570
---------------------------------------------------------------------------------
INFO: [Synth 8-802] inferred FSM for state register 'state_reg' in module 'Q_srl'
---------------------------------------------------------------------------------------------------
                   State |                     New Encoding |                Previous Encoding 
---------------------------------------------------------------------------------------------------
             state_empty |                               00 |                               00
               state_one |                               01 |                               01
              state_more |                               10 |                               10
---------------------------------------------------------------------------------------------------
INFO: [Synth 8-3354] encoded FSM with state register 'state_reg' using encoding 'sequential' in module 'Q_srl'
---------------------------------------------------------------------------------
Finished RTL Optimization Phase 2 : Time (s): cpu = 00:00:07 ; elapsed = 00:00:07 . Memory (MB): peak = 3813.691 ; gain = 1126.266 ; free physical = 30786 ; free virtual = 55796
Synthesis current peak Physical Memory [PSS] (MB): peak = 2148.449; parent = 1992.636; children = 159.342
Synthesis current peak Virtual Memory [VSS] (MB): peak = 4478.238; parent = 3365.668; children = 1112.570
---------------------------------------------------------------------------------
---------------------------------------------------------------------------------
Start RTL Component Statistics 
---------------------------------------------------------------------------------
Detailed RTL Component Info : 
+---Adders : 
	   2 Input    7 Bit       Adders := 1     
	   2 Input    6 Bit       Adders := 2     
+---Registers : 
	                8 Bit    Registers := 1     
	                7 Bit    Registers := 1     
	                6 Bit    Registers := 1     
	                1 Bit    Registers := 3     
+---Muxes : 
	   3 Input    8 Bit        Muxes := 1     
	   2 Input    7 Bit        Muxes := 1     
	   2 Input    6 Bit        Muxes := 1     
	   3 Input    6 Bit        Muxes := 1     
	   2 Input    2 Bit        Muxes := 3     
	   7 Input    2 Bit        Muxes := 2     
	   3 Input    2 Bit        Muxes := 2     
	  15 Input    2 Bit        Muxes := 1     
	   2 Input    1 Bit        Muxes := 8     
	   3 Input    1 Bit        Muxes := 2     
---------------------------------------------------------------------------------
Finished RTL Component Statistics 
---------------------------------------------------------------------------------
---------------------------------------------------------------------------------
Start Part Resource Summary
---------------------------------------------------------------------------------
Part Resources:
DSPs: 220 (col length:60)
BRAMs: 280 (col length: RAMB18 60 RAMB36 30)
---------------------------------------------------------------------------------
Finished Part Resource Summary
---------------------------------------------------------------------------------
---------------------------------------------------------------------------------
Start Cross Boundary and Area Optimization
---------------------------------------------------------------------------------
WARNING: [Synth 8-7080] Parallel synthesis criteria is not met
---------------------------------------------------------------------------------
Finished Cross Boundary and Area Optimization : Time (s): cpu = 00:00:07 ; elapsed = 00:00:08 . Memory (MB): peak = 3813.691 ; gain = 1126.266 ; free physical = 30786 ; free virtual = 55799
Synthesis current peak Physical Memory [PSS] (MB): peak = 2148.449; parent = 1992.636; children = 159.342
Synthesis current peak Virtual Memory [VSS] (MB): peak = 4478.238; parent = 3365.668; children = 1112.570
---------------------------------------------------------------------------------
---------------------------------------------------------------------------------
Start Applying XDC Timing Constraints
---------------------------------------------------------------------------------
---------------------------------------------------------------------------------
Finished Applying XDC Timing Constraints : Time (s): cpu = 00:00:10 ; elapsed = 00:00:11 . Memory (MB): peak = 3813.691 ; gain = 1126.266 ; free physical = 31853 ; free virtual = 56866
Synthesis current peak Physical Memory [PSS] (MB): peak = 2274.887; parent = 2106.478; children = 168.409
Synthesis current peak Virtual Memory [VSS] (MB): peak = 4478.238; parent = 3365.668; children = 1112.570
---------------------------------------------------------------------------------
---------------------------------------------------------------------------------
Start Timing Optimization
---------------------------------------------------------------------------------
---------------------------------------------------------------------------------
Finished Timing Optimization : Time (s): cpu = 00:00:10 ; elapsed = 00:00:11 . Memory (MB): peak = 3813.691 ; gain = 1126.266 ; free physical = 31853 ; free virtual = 56866
Synthesis current peak Physical Memory [PSS] (MB): peak = 2274.949; parent = 2106.540; children = 168.409
Synthesis current peak Virtual Memory [VSS] (MB): peak = 4478.238; parent = 3365.668; children = 1112.570
---------------------------------------------------------------------------------
---------------------------------------------------------------------------------
Start Technology Mapping
---------------------------------------------------------------------------------
---------------------------------------------------------------------------------
Finished Technology Mapping : Time (s): cpu = 00:00:10 ; elapsed = 00:00:11 . Memory (MB): peak = 3813.691 ; gain = 1126.266 ; free physical = 31852 ; free virtual = 56866
Synthesis current peak Physical Memory [PSS] (MB): peak = 2275.586; parent = 2107.177; children = 168.409
Synthesis current peak Virtual Memory [VSS] (MB): peak = 4478.238; parent = 3365.668; children = 1112.570
---------------------------------------------------------------------------------
---------------------------------------------------------------------------------
Start IO Insertion
---------------------------------------------------------------------------------
---------------------------------------------------------------------------------
Start Flattening Before IO Insertion
---------------------------------------------------------------------------------
---------------------------------------------------------------------------------
Finished Flattening Before IO Insertion
---------------------------------------------------------------------------------
---------------------------------------------------------------------------------
Start Final Netlist Cleanup
---------------------------------------------------------------------------------
---------------------------------------------------------------------------------
Finished Final Netlist Cleanup
---------------------------------------------------------------------------------
---------------------------------------------------------------------------------
Finished IO Insertion : Time (s): cpu = 00:00:12 ; elapsed = 00:00:13 . Memory (MB): peak = 3813.691 ; gain = 1126.266 ; free physical = 31954 ; free virtual = 56968
Synthesis current peak Physical Memory [PSS] (MB): peak = 2275.695; parent = 2107.286; children = 168.409
Synthesis current peak Virtual Memory [VSS] (MB): peak = 4478.238; parent = 3365.668; children = 1112.570
---------------------------------------------------------------------------------
---------------------------------------------------------------------------------
Start Renaming Generated Instances
---------------------------------------------------------------------------------
---------------------------------------------------------------------------------
Finished Renaming Generated Instances : Time (s): cpu = 00:00:12 ; elapsed = 00:00:13 . Memory (MB): peak = 3813.691 ; gain = 1126.266 ; free physical = 31954 ; free virtual = 56968
Synthesis current peak Physical Memory [PSS] (MB): peak = 2275.711; parent = 2107.302; children = 168.409
Synthesis current peak Virtual Memory [VSS] (MB): peak = 4478.238; parent = 3365.668; children = 1112.570
---------------------------------------------------------------------------------
---------------------------------------------------------------------------------
Start Rebuilding User Hierarchy
---------------------------------------------------------------------------------
---------------------------------------------------------------------------------
Finished Rebuilding User Hierarchy : Time (s): cpu = 00:00:12 ; elapsed = 00:00:13 . Memory (MB): peak = 3813.691 ; gain = 1126.266 ; free physical = 31954 ; free virtual = 56968
Synthesis current peak Physical Memory [PSS] (MB): peak = 2275.727; parent = 2107.317; children = 168.409
Synthesis current peak Virtual Memory [VSS] (MB): peak = 4478.238; parent = 3365.668; children = 1112.570
---------------------------------------------------------------------------------
---------------------------------------------------------------------------------
Start Renaming Generated Ports
---------------------------------------------------------------------------------
---------------------------------------------------------------------------------
Finished Renaming Generated Ports : Time (s): cpu = 00:00:12 ; elapsed = 00:00:13 . Memory (MB): peak = 3813.691 ; gain = 1126.266 ; free physical = 31954 ; free virtual = 56968
Synthesis current peak Physical Memory [PSS] (MB): peak = 2275.805; parent = 2107.396; children = 168.409
Synthesis current peak Virtual Memory [VSS] (MB): peak = 4478.238; parent = 3365.668; children = 1112.570
---------------------------------------------------------------------------------
---------------------------------------------------------------------------------
Start Handling Custom Attributes
---------------------------------------------------------------------------------
---------------------------------------------------------------------------------
Finished Handling Custom Attributes : Time (s): cpu = 00:00:12 ; elapsed = 00:00:13 . Memory (MB): peak = 3813.691 ; gain = 1126.266 ; free physical = 31954 ; free virtual = 56968
Synthesis current peak Physical Memory [PSS] (MB): peak = 2275.805; parent = 2107.396; children = 168.409
Synthesis current peak Virtual Memory [VSS] (MB): peak = 4478.238; parent = 3365.668; children = 1112.570
---------------------------------------------------------------------------------
---------------------------------------------------------------------------------
Start Renaming Generated Nets
---------------------------------------------------------------------------------
---------------------------------------------------------------------------------
Finished Renaming Generated Nets : Time (s): cpu = 00:00:12 ; elapsed = 00:00:13 . Memory (MB): peak = 3813.691 ; gain = 1126.266 ; free physical = 31954 ; free virtual = 56968
Synthesis current peak Physical Memory [PSS] (MB): peak = 2275.820; parent = 2107.411; children = 168.409
Synthesis current peak Virtual Memory [VSS] (MB): peak = 4478.238; parent = 3365.668; children = 1112.570
---------------------------------------------------------------------------------
---------------------------------------------------------------------------------
Start ROM, RAM, DSP, Shift Register and Retiming Reporting
---------------------------------------------------------------------------------

Dynamic Shift Register Report:
+------------+-------------+--------+------------+--------+---------+--------+--------+--------+
|Module Name | RTL Name    | Length | Data Width | SRL16E | SRLC32E | Mux F7 | Mux F8 | Mux F9 | 
+------------+-------------+--------+------------+--------+---------+--------+--------+--------+
|dsrl        | srl_reg[62] | 8      | 8          | 0      | 16      | 8      | 0      | 0      | 
+------------+-------------+--------+------------+--------+---------+--------+--------+--------+

---------------------------------------------------------------------------------
Finished ROM, RAM, DSP, Shift Register and Retiming Reporting
---------------------------------------------------------------------------------
---------------------------------------------------------------------------------
Start Writing Synthesis Report
---------------------------------------------------------------------------------

Report BlackBoxes: 
+-+--------------+----------+
| |BlackBox name |Instances |
+-+--------------+----------+
+-+--------------+----------+

Report Cell Usage: 
+------+--------+------+
|      |Cell    |Count |
+------+--------+------+
|1     |CARRY4  |     1|
|2     |LUT1    |     2|
|3     |LUT2    |     2|
|4     |LUT3    |     6|
|5     |LUT4    |    13|
|6     |LUT5    |     6|
|7     |LUT6    |    28|
|8     |MUXF7   |     8|
|9     |SRLC32E |    16|
|10    |FDRE    |    26|
+------+--------+------+
---------------------------------------------------------------------------------
Finished Writing Synthesis Report : Time (s): cpu = 00:00:12 ; elapsed = 00:00:13 . Memory (MB): peak = 3813.691 ; gain = 1126.266 ; free physical = 31954 ; free virtual = 56968
Synthesis current peak Physical Memory [PSS] (MB): peak = 2275.852; parent = 2107.442; children = 168.409
Synthesis current peak Virtual Memory [VSS] (MB): peak = 4478.238; parent = 3365.668; children = 1112.570
---------------------------------------------------------------------------------
Synthesis finished with 0 errors, 0 critical warnings and 1 warnings.
Synthesis Optimization Runtime : Time (s): cpu = 00:00:11 ; elapsed = 00:00:12 . Memory (MB): peak = 3813.691 ; gain = 529.516 ; free physical = 31954 ; free virtual = 56967
Synthesis Optimization Complete : Time (s): cpu = 00:00:12 ; elapsed = 00:00:13 . Memory (MB): peak = 3813.691 ; gain = 1126.266 ; free physical = 31954 ; free virtual = 56967
INFO: [Project 1-571] Translating synthesized netlist
Netlist sorting complete. Time (s): cpu = 00:00:00 ; elapsed = 00:00:00 . Memory (MB): peak = 3813.691 ; gain = 0.000 ; free physical = 32069 ; free virtual = 57083
INFO: [Netlist 29-17] Analyzing 9 Unisim elements for replacement
INFO: [Netlist 29-28] Unisim Transformation completed in 0 CPU seconds
INFO: [Project 1-570] Preparing netlist for logic optimization
INFO: [Opt 31-138] Pushed 0 inverter(s) to 0 load pin(s).
Netlist sorting complete. Time (s): cpu = 00:00:00 ; elapsed = 00:00:00 . Memory (MB): peak = 3813.691 ; gain = 0.000 ; free physical = 32226 ; free virtual = 57240
INFO: [Project 1-111] Unisim Transformation Summary:
No Unisim elements were transformed.

Synth Design complete, checksum: 7758da86
INFO: [Common 17-83] Releasing license: Synthesis
38 Infos, 3 Warnings, 2 Critical Warnings and 0 Errors encountered.
synth_design completed successfully
synth_design: Time (s): cpu = 00:00:17 ; elapsed = 00:00:16 . Memory (MB): peak = 3813.691 ; gain = 1455.801 ; free physical = 32377 ; free virtual = 57391
INFO: [Common 17-1381] The checkpoint '/tmp/FINN_build_mlp27k_w4a8_ft_clean/vivado_stitch_proj_8ba8a6h2/finn_vivado_stitch_proj.runs/finn_design_StreamingFIFO_0_1_0_synth_1/finn_design_StreamingFIFO_0_1_0.dcp' has been generated.
INFO: [Coretcl 2-1648] Added synthesis output to IP cache for IP finn_design_StreamingFIFO_0_1_0, cache-ID = 9ddf45945f90fe99
INFO: [Coretcl 2-1174] Renamed 2 cell refs.
INFO: [Common 17-1381] The checkpoint '/tmp/FINN_build_mlp27k_w4a8_ft_clean/vivado_stitch_proj_8ba8a6h2/finn_vivado_stitch_proj.runs/finn_design_StreamingFIFO_0_1_0_synth_1/finn_design_StreamingFIFO_0_1_0.dcp' has been generated.
INFO: [runtcl-4] Executing : report_utilization -file finn_design_StreamingFIFO_0_1_0_utilization_synth.rpt -pb finn_design_StreamingFIFO_0_1_0_utilization_synth.pb
INFO: [Common 17-206] Exiting Vivado at Wed Jul  8 10:44:55 2026...
