

================================================================
== Vitis HLS Report for 'MatrixVectorActivation_3'
================================================================
* Date:           Tue Jun 16 08:33:18 2026

* Version:        2022.2.2 (Build 3779808 on Feb 17 2023)
* Project:        project_MatrixVectorActivation_3
* Solution:       sol1 (Vivado IP Flow Target)
* Product family: zynq
* Target device:  xc7z020-clg400-1


================================================================
== Performance Estimates
================================================================
+ Timing: 
    * Summary: 
    +--------+----------+----------+------------+
    |  Clock |  Target  | Estimated| Uncertainty|
    +--------+----------+----------+------------+
    |ap_clk  |  10.00 ns|  7.591 ns|     2.70 ns|
    +--------+----------+----------+------------+

+ Latency: 
    * Summary: 
    +---------+---------+----------+----------+-----+-----+---------+
    |  Latency (cycles) |  Latency (absolute) |  Interval | Pipeline|
    |   min   |   max   |    min   |    max   | min | max |   Type  |
    +---------+---------+----------+----------+-----+-----+---------+
    |       17|       17|  0.170 us|  0.170 us|   18|   18|       no|
    +---------+---------+----------+----------+-----+-----+---------+

    + Detail: 
        * Instance: 
        +-----------------------------------------------+-------------------------------------+---------+---------+----------+----------+-----+-----+---------+
        |                                               |                                     |  Latency (cycles) |  Latency (absolute) |  Interval | Pipeline|
        |                    Instance                   |                Module               |   min   |   max   |    min   |    max   | min | max |   Type  |
        +-----------------------------------------------+-------------------------------------+---------+---------+----------+----------+-----+-----+---------+
        |grp_Matrix_Vector_Activate_Stream_Batch_fu_30  |Matrix_Vector_Activate_Stream_Batch  |       14|       14|  0.140 us|  0.140 us|   14|   14|       no|
        +-----------------------------------------------+-------------------------------------+---------+---------+----------+----------+-----+-----+---------+

        * Loop: 
        N/A



================================================================
== Utilization Estimates
================================================================
* Summary: 
+-----------------+---------+-----+--------+-------+-----+
|       Name      | BRAM_18K| DSP |   FF   |  LUT  | URAM|
+-----------------+---------+-----+--------+-------+-----+
|DSP              |        -|    -|       -|      -|    -|
|Expression       |        -|    -|       0|      2|    -|
|FIFO             |        -|    -|       -|      -|    -|
|Instance         |        -|    5|     606|   6134|    -|
|Memory           |        -|    -|       -|      -|    -|
|Multiplexer      |        -|    -|       -|     43|    -|
|Register         |        -|    -|       5|      -|    -|
+-----------------+---------+-----+--------+-------+-----+
|Total            |        0|    5|     611|   6179|    0|
+-----------------+---------+-----+--------+-------+-----+
|Available        |      280|  220|  106400|  53200|    0|
+-----------------+---------+-----+--------+-------+-----+
|Utilization (%)  |        0|    2|      ~0|     11|    0|
+-----------------+---------+-----+--------+-------+-----+

+ Detail: 
    * Instance: 
    +-----------------------------------------------+-------------------------------------+---------+----+-----+------+-----+
    |                    Instance                   |                Module               | BRAM_18K| DSP|  FF |  LUT | URAM|
    +-----------------------------------------------+-------------------------------------+---------+----+-----+------+-----+
    |grp_Matrix_Vector_Activate_Stream_Batch_fu_30  |Matrix_Vector_Activate_Stream_Batch  |        0|   5|  606|  6134|    0|
    +-----------------------------------------------+-------------------------------------+---------+----+-----+------+-----+
    |Total                                          |                                     |        0|   5|  606|  6134|    0|
    +-----------------------------------------------+-------------------------------------+---------+----+-----+------+-----+

    * DSP: 
    N/A

    * Memory: 
    N/A

    * FIFO: 
    N/A

    * Expression: 
    +------------------------------------------------------------+----------+----+---+----+------------+------------+
    |                        Variable Name                       | Operation| DSP| FF| LUT| Bitwidth P0| Bitwidth P1|
    +------------------------------------------------------------+----------+----+---+----+------------+------------+
    |grp_Matrix_Vector_Activate_Stream_Batch_fu_30_out_V_TREADY  |       and|   0|  0|   2|           1|           1|
    +------------------------------------------------------------+----------+----+---+----+------------+------------+
    |Total                                                       |          |   0|  0|   2|           1|           1|
    +------------------------------------------------------------+----------+----+---+----+------------+------------+

    * Multiplexer: 
    +-------------------------------+----+-----------+-----+-----------+
    |              Name             | LUT| Input Size| Bits| Total Bits|
    +-------------------------------+----+-----------+-----+-----------+
    |ap_NS_fsm                      |  25|          5|    1|          5|
    |in0_V_TREADY_int_regslice      |   9|          2|    1|          2|
    |weights_V_TREADY_int_regslice  |   9|          2|    1|          2|
    +-------------------------------+----+-----------+-----+-----------+
    |Total                          |  43|          9|    3|          9|
    +-------------------------------+----+-----------+-----+-----------+

    * Register: 
    +------------------------------------------------------------+---+----+-----+-----------+
    |                            Name                            | FF| LUT| Bits| Const Bits|
    +------------------------------------------------------------+---+----+-----+-----------+
    |ap_CS_fsm                                                   |  4|   0|    4|          0|
    |grp_Matrix_Vector_Activate_Stream_Batch_fu_30_ap_start_reg  |  1|   0|    1|          0|
    +------------------------------------------------------------+---+----+-----+-----------+
    |Total                                                       |  5|   0|    5|          0|
    +------------------------------------------------------------+---+----+-----+-----------+



================================================================
== Interface
================================================================
* Summary: 
+------------------+-----+-----+--------------+--------------------------+--------------+
|     RTL Ports    | Dir | Bits|   Protocol   |       Source Object      |    C Type    |
+------------------+-----+-----+--------------+--------------------------+--------------+
|ap_clk            |   in|    1|  ap_ctrl_none|  MatrixVectorActivation_3|  return value|
|ap_rst_n          |   in|    1|  ap_ctrl_none|  MatrixVectorActivation_3|  return value|
|in0_V_TDATA       |   in|   32|          axis|                     in0_V|       pointer|
|in0_V_TVALID      |   in|    1|          axis|                     in0_V|       pointer|
|in0_V_TREADY      |  out|    1|          axis|                     in0_V|       pointer|
|weights_V_TDATA   |   in|   32|          axis|                 weights_V|       pointer|
|weights_V_TVALID  |   in|    1|          axis|                 weights_V|       pointer|
|weights_V_TREADY  |  out|    1|          axis|                 weights_V|       pointer|
|out_V_TDATA       |  out|    8|          axis|                     out_V|       pointer|
|out_V_TVALID      |  out|    1|          axis|                     out_V|       pointer|
|out_V_TREADY      |   in|    1|          axis|                     out_V|       pointer|
+------------------+-----+-----+--------------+--------------------------+--------------+

