Tue Jun 16 08:26:14 2026: Running xcd server. This server was built by gradle.
Tue Jun 16 08:26:14 2026: Server was asked to start on port: '45599'
Tue Jun 16 08:26:14 2026: Server is using token UUID: 'aa9fe361-5f67-4692-9436-5ff340565108'
Tue Jun 16 08:26:14 2026: SESSION_MGR: creating session with session uuid: '6d04a3e9-ade5-4ab9-8d63-1f78fcd2ec76' and name 'default'
Tue Jun 16 08:26:14 2026: Attempting to start server on port '45599'
Tue Jun 16 08:26:14 2026: XCD main fifo: created main fifo '/tmp/xcdmainaa9fe361-5f67-4692-9436-5ff340565108', fd read = 12
Tue Jun 16 08:26:14 2026: Running Dispatch Server
Tue Jun 16 08:26:14 2026: Version 2.2.0
Tue Jun 16 08:26:23 2026: Dispatch Server: Accepted socket connection from client
Tue Jun 16 08:26:23 2026: Starting Socket connection
Tue Jun 16 08:26:23 2026: EXCHANGE_TOKEN received, server token: aa9fe361-5f67-4692-9436-5ff340565108, passed token: aa9fe361-5f67-4692-9436-5ff340565108
Tue Jun 16 08:26:23 2026: SESSION_MGR: creating session with session uuid: '779437a5-23a7-4cc9-a239-59ce01dca8da' and name 'vitis_hls'
Tue Jun 16 08:26:23 2026: KERNEL_SVC: creating session with uuid: '779437a5-23a7-4cc9-a239-59ce01dca8da' and name 'vitis_hls'
Tue Jun 16 08:26:23 2026: GUIDANCE_SMGR: creating guidance session with uuid: '779437a5-23a7-4cc9-a239-59ce01dca8da' and name 'vitis_hls'
Tue Jun 16 08:27:12 2026: STOP_SERVER received, server token: aa9fe361-5f67-4692-9436-5ff340565108, passed token: aa9fe361-5f67-4692-9436-5ff340565108
Tue Jun 16 08:27:12 2026: Socket received request to stop server.
Tue Jun 16 08:27:12 2026: Dispatch Server: do_await_stop
Tue Jun 16 08:27:12 2026: Dispatch Server: stopping mainFifo_
Tue Jun 16 08:27:12 2026: XCD main fifo: Stopping
Tue Jun 16 08:27:12 2026: XCD main fifo: do_read error code: Operation canceled
Tue Jun 16 08:27:12 2026: XCD main fifo: bytes_transferred: 0
Tue Jun 16 08:27:12 2026: SERVER: destructor for server bound to port 45599
Tue Jun 16 08:27:12 2026: XCD main fifo: Good unlink of /tmp/xcdmainaa9fe361-5f67-4692-9436-5ff340565108
Tue Jun 16 08:27:12 2026: Server exiting with status 0.
Tue Jun 16 08:27:12 2026: Closing log file.
