#-----------------------------------------------------------
# Vivado v2022.2.2 (64-bit)
# SW Build 3788238 on Tue Feb 21 19:59:23 MST 2023
# IP Build 3783773 on Tue Feb 21 23:41:56 MST 2023
# Start of session at: Tue Jun 16 08:27:33 2026
# Process ID: 2831
# Current directory: /home/miguel_tfg/FINN-v0.9-Stable/notebooks/UAH_example/FINN_build/vivado_stitch_proj_eqmun3br
# Command line: vivado -mode batch -source make_project.tcl
# Log file: /home/miguel_tfg/FINN-v0.9-Stable/notebooks/UAH_example/FINN_build/vivado_stitch_proj_eqmun3br/vivado.log
# Journal file: /home/miguel_tfg/FINN-v0.9-Stable/notebooks/UAH_example/FINN_build/vivado_stitch_proj_eqmun3br/vivado.jou
# Running On: finn_dev_miguel_tfg, OS: Linux, CPU Frequency: 2256.662 MHz, CPU Physical cores: 24, Host memory: 67180 MB
#-----------------------------------------------------------
source make_project.tcl
# create_project finn_vivado_stitch_proj /home/miguel_tfg/FINN-v0.9-Stable/notebooks/UAH_example/FINN_build/vivado_stitch_proj_eqmun3br -part xc7z020clg400-1
CRITICAL WARNING: [Board 49-4] Problem parsing board_part file - /tools/Xilinx/Vivado/2022.2/data/boards/board_files/TE0727_10_1C/1.0/board.xml
Resolution: Check that the file is valid using an XML validation tool such as xmllint.
CRITICAL WARNING: [Board 49-4] Problem parsing board_part file - /tools/Xilinx/Vivado/2022.2/data/xhub/boards/XilinxBoardStore/boards/Xilinx/TE0727_10_1C/1.0/board.xml
Resolution: Check that the file is valid using an XML validation tool such as xmllint.
# set_property ip_repo_paths [list $::env(FINN_ROOT)/finn-rtllib/memstream /home/miguel_tfg/FINN-v0.9-Stable/notebooks/UAH_example/FINN_build/code_gen_ipgen_StreamingFIFO_0_2vze9znu/project_StreamingFIFO_0/sol1/impl/verilog /home/miguel_tfg/FINN-v0.9-Stable/notebooks/UAH_example/FINN_build/code_gen_ipgen_MatrixVectorActivation_0_gxtl723z/project_MatrixVectorActivation_0/sol1/impl/ip /home/miguel_tfg/FINN-v0.9-Stable/notebooks/UAH_example/FINN_build/code_gen_ipgen_StreamingFIFO_1_ycmo1bkb/project_StreamingFIFO_1/sol1/impl/verilog /home/miguel_tfg/FINN-v0.9-Stable/notebooks/UAH_example/FINN_build/code_gen_ipgen_StreamingDataWidthConverter_Batch_0_z_wd9sb1 /home/miguel_tfg/FINN-v0.9-Stable/notebooks/UAH_example/FINN_build/code_gen_ipgen_StreamingFIFO_2_0lyw72e7/project_StreamingFIFO_2/sol1/impl/verilog /home/miguel_tfg/FINN-v0.9-Stable/notebooks/UAH_example/FINN_build/code_gen_ipgen_MatrixVectorActivation_1_gm83o_k0/project_MatrixVectorActivation_1/sol1/impl/ip /home/miguel_tfg/FINN-v0.9-Stable/notebooks/UAH_example/FINN_build/code_gen_ipgen_StreamingFIFO_3_ktgsieb5/project_StreamingFIFO_3/sol1/impl/verilog /home/miguel_tfg/FINN-v0.9-Stable/notebooks/UAH_example/FINN_build/code_gen_ipgen_StreamingDataWidthConverter_Batch_1_c1g4w78e /home/miguel_tfg/FINN-v0.9-Stable/notebooks/UAH_example/FINN_build/code_gen_ipgen_StreamingFIFO_4_3p43plzo/project_StreamingFIFO_4/sol1/impl/verilog /home/miguel_tfg/FINN-v0.9-Stable/notebooks/UAH_example/FINN_build/code_gen_ipgen_MatrixVectorActivation_2_dq4deujv/project_MatrixVectorActivation_2/sol1/impl/ip /home/miguel_tfg/FINN-v0.9-Stable/notebooks/UAH_example/FINN_build/code_gen_ipgen_StreamingFIFO_5_pqe5w5pm/project_StreamingFIFO_5/sol1/impl/verilog /home/miguel_tfg/FINN-v0.9-Stable/notebooks/UAH_example/FINN_build/code_gen_ipgen_MatrixVectorActivation_3_08cc4ifq/project_MatrixVectorActivation_3/sol1/impl/ip /home/miguel_tfg/FINN-v0.9-Stable/notebooks/UAH_example/FINN_build/code_gen_ipgen_StreamingFIFO_6_en9zowop/project_StreamingFIFO_6/sol1/impl/verilog] [current_project]
# update_ip_catalog
INFO: [IP_Flow 19-234] Refreshing IP repositories
INFO: [IP_Flow 19-1700] Loaded user IP repository '/home/miguel_tfg/FINN-v0.9-Stable/finn-rtllib/memstream'.
INFO: [IP_Flow 19-1700] Loaded user IP repository '/home/miguel_tfg/FINN-v0.9-Stable/notebooks/UAH_example/FINN_build/code_gen_ipgen_StreamingFIFO_0_2vze9znu/project_StreamingFIFO_0/sol1/impl/verilog'.
INFO: [IP_Flow 19-1700] Loaded user IP repository '/home/miguel_tfg/FINN-v0.9-Stable/notebooks/UAH_example/FINN_build/code_gen_ipgen_MatrixVectorActivation_0_gxtl723z/project_MatrixVectorActivation_0/sol1/impl/ip'.
INFO: [IP_Flow 19-1700] Loaded user IP repository '/home/miguel_tfg/FINN-v0.9-Stable/notebooks/UAH_example/FINN_build/code_gen_ipgen_StreamingFIFO_1_ycmo1bkb/project_StreamingFIFO_1/sol1/impl/verilog'.
INFO: [IP_Flow 19-1700] Loaded user IP repository '/home/miguel_tfg/FINN-v0.9-Stable/notebooks/UAH_example/FINN_build/code_gen_ipgen_StreamingDataWidthConverter_Batch_0_z_wd9sb1'.
INFO: [IP_Flow 19-1700] Loaded user IP repository '/home/miguel_tfg/FINN-v0.9-Stable/notebooks/UAH_example/FINN_build/code_gen_ipgen_StreamingFIFO_2_0lyw72e7/project_StreamingFIFO_2/sol1/impl/verilog'.
INFO: [IP_Flow 19-1700] Loaded user IP repository '/home/miguel_tfg/FINN-v0.9-Stable/notebooks/UAH_example/FINN_build/code_gen_ipgen_MatrixVectorActivation_1_gm83o_k0/project_MatrixVectorActivation_1/sol1/impl/ip'.
INFO: [IP_Flow 19-1700] Loaded user IP repository '/home/miguel_tfg/FINN-v0.9-Stable/notebooks/UAH_example/FINN_build/code_gen_ipgen_StreamingFIFO_3_ktgsieb5/project_StreamingFIFO_3/sol1/impl/verilog'.
INFO: [IP_Flow 19-1700] Loaded user IP repository '/home/miguel_tfg/FINN-v0.9-Stable/notebooks/UAH_example/FINN_build/code_gen_ipgen_StreamingDataWidthConverter_Batch_1_c1g4w78e'.
INFO: [IP_Flow 19-1700] Loaded user IP repository '/home/miguel_tfg/FINN-v0.9-Stable/notebooks/UAH_example/FINN_build/code_gen_ipgen_StreamingFIFO_4_3p43plzo/project_StreamingFIFO_4/sol1/impl/verilog'.
INFO: [IP_Flow 19-1700] Loaded user IP repository '/home/miguel_tfg/FINN-v0.9-Stable/notebooks/UAH_example/FINN_build/code_gen_ipgen_MatrixVectorActivation_2_dq4deujv/project_MatrixVectorActivation_2/sol1/impl/ip'.
INFO: [IP_Flow 19-1700] Loaded user IP repository '/home/miguel_tfg/FINN-v0.9-Stable/notebooks/UAH_example/FINN_build/code_gen_ipgen_StreamingFIFO_5_pqe5w5pm/project_StreamingFIFO_5/sol1/impl/verilog'.
INFO: [IP_Flow 19-1700] Loaded user IP repository '/home/miguel_tfg/FINN-v0.9-Stable/notebooks/UAH_example/FINN_build/code_gen_ipgen_MatrixVectorActivation_3_08cc4ifq/project_MatrixVectorActivation_3/sol1/impl/ip'.
INFO: [IP_Flow 19-1700] Loaded user IP repository '/home/miguel_tfg/FINN-v0.9-Stable/notebooks/UAH_example/FINN_build/code_gen_ipgen_StreamingFIFO_6_en9zowop/project_StreamingFIFO_6/sol1/impl/verilog'.
INFO: [IP_Flow 19-2313] Loaded Vivado IP repository '/tools/Xilinx/Vivado/2022.2/data/ip'.
# create_bd_design "finn_design"
Wrote  : </home/miguel_tfg/FINN-v0.9-Stable/notebooks/UAH_example/FINN_build/vivado_stitch_proj_eqmun3br/finn_vivado_stitch_proj.srcs/sources_1/bd/finn_design/finn_design.bd> 
# create_bd_cell -type ip -vlnv xilinx.com:hls:StreamingFIFO_0:1.0 StreamingFIFO_0
# create_bd_cell -type hier MatrixVectorActivation_0
# create_bd_pin -dir I -type clk /MatrixVectorActivation_0/ap_clk
# create_bd_pin -dir I -type rst /MatrixVectorActivation_0/ap_rst_n
# create_bd_intf_pin -mode Master -vlnv xilinx.com:interface:axis_rtl:1.0 /MatrixVectorActivation_0/out_V
# create_bd_intf_pin -mode Slave -vlnv xilinx.com:interface:axis_rtl:1.0 /MatrixVectorActivation_0/in0_V
# create_bd_cell -type ip -vlnv xilinx.com:hls:MatrixVectorActivation_0:1.0 /MatrixVectorActivation_0/MatrixVectorActivation_0
# create_bd_cell -type ip -vlnv xilinx.com:user:memstream:1.0 /MatrixVectorActivation_0/MatrixVectorActivation_0_wstrm
WARNING: [BD 41-1753] The name 'MatrixVectorActivation_0_wstrm' you have specified is long. The Windows OS has path length limitations. It is recommended you use shorter names(less than 25 characters) to reduce the likelihood of issues when/if running on windows OS.
# set_property -dict [list CONFIG.NSTREAMS {1} CONFIG.MEM_DEPTH {1152} CONFIG.MEM_WIDTH {512} CONFIG.MEM_INIT {/home/miguel_tfg/FINN-v0.9-Stable/notebooks/UAH_example/FINN_build/code_gen_ipgen_MatrixVectorActivation_0_gxtl723z/} CONFIG.RAM_STYLE {auto} CONFIG.STRM0_DEPTH {1152} CONFIG.STRM0_WIDTH {512} CONFIG.STRM0_OFFSET {0} ] [get_bd_cells /MatrixVectorActivation_0/MatrixVectorActivation_0_wstrm]
WARNING: [IP_Flow 19-4684] Expected long value for param AXILITE_ADDR_WIDTH but, float/scientific notation value 20.0 is provided. The value is converted to long type(20)
WARNING: [IP_Flow 19-4684] Expected long value for param AXILITE_ADDR_WIDTH but, float/scientific notation value 17.0 is provided. The value is converted to long type(17)
# connect_bd_intf_net [get_bd_intf_pins MatrixVectorActivation_0/MatrixVectorActivation_0_wstrm/m_axis_0] [get_bd_intf_pins MatrixVectorActivation_0/MatrixVectorActivation_0/weights_V]
# connect_bd_net [get_bd_pins MatrixVectorActivation_0/ap_rst_n] [get_bd_pins MatrixVectorActivation_0/MatrixVectorActivation_0_wstrm/aresetn]
# connect_bd_net [get_bd_pins MatrixVectorActivation_0/ap_clk] [get_bd_pins MatrixVectorActivation_0/MatrixVectorActivation_0_wstrm/aclk]
# connect_bd_net [get_bd_pins MatrixVectorActivation_0/ap_rst_n] [get_bd_pins MatrixVectorActivation_0/MatrixVectorActivation_0/ap_rst_n]
# connect_bd_net [get_bd_pins MatrixVectorActivation_0/ap_clk] [get_bd_pins MatrixVectorActivation_0/MatrixVectorActivation_0/ap_clk]
# connect_bd_intf_net [get_bd_intf_pins MatrixVectorActivation_0/in0_V] [get_bd_intf_pins MatrixVectorActivation_0/MatrixVectorActivation_0/in0_V]
# connect_bd_intf_net [get_bd_intf_pins MatrixVectorActivation_0/out_V] [get_bd_intf_pins MatrixVectorActivation_0/MatrixVectorActivation_0/out_V]
# save_bd_design
Wrote  : </home/miguel_tfg/FINN-v0.9-Stable/notebooks/UAH_example/FINN_build/vivado_stitch_proj_eqmun3br/finn_vivado_stitch_proj.srcs/sources_1/bd/finn_design/finn_design.bd> 
# create_bd_cell -type ip -vlnv xilinx.com:hls:StreamingFIFO_1:1.0 StreamingFIFO_1
# create_bd_cell -type hier StreamingDataWidthConverter_Batch_0
# create_bd_pin -dir I -type clk /StreamingDataWidthConverter_Batch_0/ap_clk
# create_bd_pin -dir I -type rst /StreamingDataWidthConverter_Batch_0/ap_rst_n
# create_bd_intf_pin -mode Master -vlnv xilinx.com:interface:axis_rtl:1.0 /StreamingDataWidthConverter_Batch_0/out_V
# create_bd_intf_pin -mode Slave -vlnv xilinx.com:interface:axis_rtl:1.0 /StreamingDataWidthConverter_Batch_0/in0_V
# create_bd_cell -type ip -vlnv xilinx.com:ip:axis_dwidth_converter:1.1 /StreamingDataWidthConverter_Batch_0/dwc
# set_property -dict [list CONFIG.S_TDATA_NUM_BYTES.VALUE_SRC USER] [get_bd_cells /StreamingDataWidthConverter_Batch_0/dwc]
# set_property -dict [list CONFIG.S_TDATA_NUM_BYTES {8}] [get_bd_cells /StreamingDataWidthConverter_Batch_0/dwc]
# set_property -dict [list CONFIG.M_TDATA_NUM_BYTES {4}] [get_bd_cells /StreamingDataWidthConverter_Batch_0/dwc]
# connect_bd_intf_net [get_bd_intf_pins StreamingDataWidthConverter_Batch_0/dwc/M_AXIS] [get_bd_intf_pins StreamingDataWidthConverter_Batch_0/out_V]
# connect_bd_intf_net [get_bd_intf_pins StreamingDataWidthConverter_Batch_0/dwc/S_AXIS] [get_bd_intf_pins StreamingDataWidthConverter_Batch_0/in0_V]
# connect_bd_net [get_bd_pins StreamingDataWidthConverter_Batch_0/ap_rst_n] [get_bd_pins StreamingDataWidthConverter_Batch_0/dwc/aresetn]
# connect_bd_net [get_bd_pins StreamingDataWidthConverter_Batch_0/ap_clk] [get_bd_pins StreamingDataWidthConverter_Batch_0/dwc/aclk]
# create_bd_cell -type ip -vlnv xilinx.com:hls:StreamingFIFO_2:1.0 StreamingFIFO_2
# create_bd_cell -type hier MatrixVectorActivation_1
# create_bd_pin -dir I -type clk /MatrixVectorActivation_1/ap_clk
# create_bd_pin -dir I -type rst /MatrixVectorActivation_1/ap_rst_n
# create_bd_intf_pin -mode Master -vlnv xilinx.com:interface:axis_rtl:1.0 /MatrixVectorActivation_1/out_V
# create_bd_intf_pin -mode Slave -vlnv xilinx.com:interface:axis_rtl:1.0 /MatrixVectorActivation_1/in0_V
# create_bd_cell -type ip -vlnv xilinx.com:hls:MatrixVectorActivation_1:1.0 /MatrixVectorActivation_1/MatrixVectorActivation_1
# create_bd_cell -type ip -vlnv xilinx.com:user:memstream:1.0 /MatrixVectorActivation_1/MatrixVectorActivation_1_wstrm
WARNING: [BD 41-1753] The name 'MatrixVectorActivation_1_wstrm' you have specified is long. The Windows OS has path length limitations. It is recommended you use shorter names(less than 25 characters) to reduce the likelihood of issues when/if running on windows OS.
# set_property -dict [list CONFIG.NSTREAMS {1} CONFIG.MEM_DEPTH {256} CONFIG.MEM_WIDTH {512} CONFIG.MEM_INIT {/home/miguel_tfg/FINN-v0.9-Stable/notebooks/UAH_example/FINN_build/code_gen_ipgen_MatrixVectorActivation_1_gm83o_k0/} CONFIG.RAM_STYLE {auto} CONFIG.STRM0_DEPTH {256} CONFIG.STRM0_WIDTH {512} CONFIG.STRM0_OFFSET {0} ] [get_bd_cells /MatrixVectorActivation_1/MatrixVectorActivation_1_wstrm]
WARNING: [IP_Flow 19-4684] Expected long value for param AXILITE_ADDR_WIDTH but, float/scientific notation value 20.0 is provided. The value is converted to long type(20)
WARNING: [IP_Flow 19-4684] Expected long value for param AXILITE_ADDR_WIDTH but, float/scientific notation value 14.0 is provided. The value is converted to long type(14)
# connect_bd_intf_net [get_bd_intf_pins MatrixVectorActivation_1/MatrixVectorActivation_1_wstrm/m_axis_0] [get_bd_intf_pins MatrixVectorActivation_1/MatrixVectorActivation_1/weights_V]
# connect_bd_net [get_bd_pins MatrixVectorActivation_1/ap_rst_n] [get_bd_pins MatrixVectorActivation_1/MatrixVectorActivation_1_wstrm/aresetn]
# connect_bd_net [get_bd_pins MatrixVectorActivation_1/ap_clk] [get_bd_pins MatrixVectorActivation_1/MatrixVectorActivation_1_wstrm/aclk]
# connect_bd_net [get_bd_pins MatrixVectorActivation_1/ap_rst_n] [get_bd_pins MatrixVectorActivation_1/MatrixVectorActivation_1/ap_rst_n]
# connect_bd_net [get_bd_pins MatrixVectorActivation_1/ap_clk] [get_bd_pins MatrixVectorActivation_1/MatrixVectorActivation_1/ap_clk]
# connect_bd_intf_net [get_bd_intf_pins MatrixVectorActivation_1/in0_V] [get_bd_intf_pins MatrixVectorActivation_1/MatrixVectorActivation_1/in0_V]
# connect_bd_intf_net [get_bd_intf_pins MatrixVectorActivation_1/out_V] [get_bd_intf_pins MatrixVectorActivation_1/MatrixVectorActivation_1/out_V]
# save_bd_design
Wrote  : </home/miguel_tfg/FINN-v0.9-Stable/notebooks/UAH_example/FINN_build/vivado_stitch_proj_eqmun3br/finn_vivado_stitch_proj.srcs/sources_1/bd/finn_design/finn_design.bd> 
# create_bd_cell -type ip -vlnv xilinx.com:hls:StreamingFIFO_3:1.0 StreamingFIFO_3
# create_bd_cell -type hier StreamingDataWidthConverter_Batch_1
# create_bd_pin -dir I -type clk /StreamingDataWidthConverter_Batch_1/ap_clk
# create_bd_pin -dir I -type rst /StreamingDataWidthConverter_Batch_1/ap_rst_n
# create_bd_intf_pin -mode Master -vlnv xilinx.com:interface:axis_rtl:1.0 /StreamingDataWidthConverter_Batch_1/out_V
# create_bd_intf_pin -mode Slave -vlnv xilinx.com:interface:axis_rtl:1.0 /StreamingDataWidthConverter_Batch_1/in0_V
# create_bd_cell -type ip -vlnv xilinx.com:ip:axis_dwidth_converter:1.1 /StreamingDataWidthConverter_Batch_1/dwc
# set_property -dict [list CONFIG.S_TDATA_NUM_BYTES.VALUE_SRC USER] [get_bd_cells /StreamingDataWidthConverter_Batch_1/dwc]
# set_property -dict [list CONFIG.S_TDATA_NUM_BYTES {8}] [get_bd_cells /StreamingDataWidthConverter_Batch_1/dwc]
# set_property -dict [list CONFIG.M_TDATA_NUM_BYTES {4}] [get_bd_cells /StreamingDataWidthConverter_Batch_1/dwc]
# connect_bd_intf_net [get_bd_intf_pins StreamingDataWidthConverter_Batch_1/dwc/M_AXIS] [get_bd_intf_pins StreamingDataWidthConverter_Batch_1/out_V]
# connect_bd_intf_net [get_bd_intf_pins StreamingDataWidthConverter_Batch_1/dwc/S_AXIS] [get_bd_intf_pins StreamingDataWidthConverter_Batch_1/in0_V]
# connect_bd_net [get_bd_pins StreamingDataWidthConverter_Batch_1/ap_rst_n] [get_bd_pins StreamingDataWidthConverter_Batch_1/dwc/aresetn]
# connect_bd_net [get_bd_pins StreamingDataWidthConverter_Batch_1/ap_clk] [get_bd_pins StreamingDataWidthConverter_Batch_1/dwc/aclk]
# create_bd_cell -type ip -vlnv xilinx.com:hls:StreamingFIFO_4:1.0 StreamingFIFO_4
# create_bd_cell -type hier MatrixVectorActivation_2
# create_bd_pin -dir I -type clk /MatrixVectorActivation_2/ap_clk
# create_bd_pin -dir I -type rst /MatrixVectorActivation_2/ap_rst_n
# create_bd_intf_pin -mode Master -vlnv xilinx.com:interface:axis_rtl:1.0 /MatrixVectorActivation_2/out_V
# create_bd_intf_pin -mode Slave -vlnv xilinx.com:interface:axis_rtl:1.0 /MatrixVectorActivation_2/in0_V
# create_bd_cell -type ip -vlnv xilinx.com:hls:MatrixVectorActivation_2:1.0 /MatrixVectorActivation_2/MatrixVectorActivation_2
# create_bd_cell -type ip -vlnv xilinx.com:user:memstream:1.0 /MatrixVectorActivation_2/MatrixVectorActivation_2_wstrm
WARNING: [BD 41-1753] The name 'MatrixVectorActivation_2_wstrm' you have specified is long. The Windows OS has path length limitations. It is recommended you use shorter names(less than 25 characters) to reduce the likelihood of issues when/if running on windows OS.
# set_property -dict [list CONFIG.NSTREAMS {1} CONFIG.MEM_DEPTH {32} CONFIG.MEM_WIDTH {256} CONFIG.MEM_INIT {/home/miguel_tfg/FINN-v0.9-Stable/notebooks/UAH_example/FINN_build/code_gen_ipgen_MatrixVectorActivation_2_dq4deujv/} CONFIG.RAM_STYLE {auto} CONFIG.STRM0_DEPTH {32} CONFIG.STRM0_WIDTH {256} CONFIG.STRM0_OFFSET {0} ] [get_bd_cells /MatrixVectorActivation_2/MatrixVectorActivation_2_wstrm]
WARNING: [IP_Flow 19-4684] Expected long value for param AXILITE_ADDR_WIDTH but, float/scientific notation value 19.0 is provided. The value is converted to long type(19)
WARNING: [IP_Flow 19-4684] Expected long value for param AXILITE_ADDR_WIDTH but, float/scientific notation value 10.0 is provided. The value is converted to long type(10)
# connect_bd_intf_net [get_bd_intf_pins MatrixVectorActivation_2/MatrixVectorActivation_2_wstrm/m_axis_0] [get_bd_intf_pins MatrixVectorActivation_2/MatrixVectorActivation_2/weights_V]
# connect_bd_net [get_bd_pins MatrixVectorActivation_2/ap_rst_n] [get_bd_pins MatrixVectorActivation_2/MatrixVectorActivation_2_wstrm/aresetn]
# connect_bd_net [get_bd_pins MatrixVectorActivation_2/ap_clk] [get_bd_pins MatrixVectorActivation_2/MatrixVectorActivation_2_wstrm/aclk]
# connect_bd_net [get_bd_pins MatrixVectorActivation_2/ap_rst_n] [get_bd_pins MatrixVectorActivation_2/MatrixVectorActivation_2/ap_rst_n]
# connect_bd_net [get_bd_pins MatrixVectorActivation_2/ap_clk] [get_bd_pins MatrixVectorActivation_2/MatrixVectorActivation_2/ap_clk]
# connect_bd_intf_net [get_bd_intf_pins MatrixVectorActivation_2/in0_V] [get_bd_intf_pins MatrixVectorActivation_2/MatrixVectorActivation_2/in0_V]
# connect_bd_intf_net [get_bd_intf_pins MatrixVectorActivation_2/out_V] [get_bd_intf_pins MatrixVectorActivation_2/MatrixVectorActivation_2/out_V]
# save_bd_design
Wrote  : </home/miguel_tfg/FINN-v0.9-Stable/notebooks/UAH_example/FINN_build/vivado_stitch_proj_eqmun3br/finn_vivado_stitch_proj.srcs/sources_1/bd/finn_design/finn_design.bd> 
# create_bd_cell -type ip -vlnv xilinx.com:hls:StreamingFIFO_5:1.0 StreamingFIFO_5
# create_bd_cell -type hier MatrixVectorActivation_3
# create_bd_pin -dir I -type clk /MatrixVectorActivation_3/ap_clk
# create_bd_pin -dir I -type rst /MatrixVectorActivation_3/ap_rst_n
# create_bd_intf_pin -mode Master -vlnv xilinx.com:interface:axis_rtl:1.0 /MatrixVectorActivation_3/out_V
# create_bd_intf_pin -mode Slave -vlnv xilinx.com:interface:axis_rtl:1.0 /MatrixVectorActivation_3/in0_V
# create_bd_cell -type ip -vlnv xilinx.com:hls:MatrixVectorActivation_3:1.0 /MatrixVectorActivation_3/MatrixVectorActivation_3
# create_bd_cell -type ip -vlnv xilinx.com:user:memstream:1.0 /MatrixVectorActivation_3/MatrixVectorActivation_3_wstrm
WARNING: [BD 41-1753] The name 'MatrixVectorActivation_3_wstrm' you have specified is long. The Windows OS has path length limitations. It is recommended you use shorter names(less than 25 characters) to reduce the likelihood of issues when/if running on windows OS.
# set_property -dict [list CONFIG.NSTREAMS {1} CONFIG.MEM_DEPTH {4} CONFIG.MEM_WIDTH {32} CONFIG.MEM_INIT {/home/miguel_tfg/FINN-v0.9-Stable/notebooks/UAH_example/FINN_build/code_gen_ipgen_MatrixVectorActivation_3_08cc4ifq/} CONFIG.RAM_STYLE {auto} CONFIG.STRM0_DEPTH {4} CONFIG.STRM0_WIDTH {32} CONFIG.STRM0_OFFSET {0} ] [get_bd_cells /MatrixVectorActivation_3/MatrixVectorActivation_3_wstrm]
WARNING: [IP_Flow 19-4684] Expected long value for param AXILITE_ADDR_WIDTH but, float/scientific notation value 4.0 is provided. The value is converted to long type(4)
# connect_bd_intf_net [get_bd_intf_pins MatrixVectorActivation_3/MatrixVectorActivation_3_wstrm/m_axis_0] [get_bd_intf_pins MatrixVectorActivation_3/MatrixVectorActivation_3/weights_V]
# connect_bd_net [get_bd_pins MatrixVectorActivation_3/ap_rst_n] [get_bd_pins MatrixVectorActivation_3/MatrixVectorActivation_3_wstrm/aresetn]
# connect_bd_net [get_bd_pins MatrixVectorActivation_3/ap_clk] [get_bd_pins MatrixVectorActivation_3/MatrixVectorActivation_3_wstrm/aclk]
# connect_bd_net [get_bd_pins MatrixVectorActivation_3/ap_rst_n] [get_bd_pins MatrixVectorActivation_3/MatrixVectorActivation_3/ap_rst_n]
# connect_bd_net [get_bd_pins MatrixVectorActivation_3/ap_clk] [get_bd_pins MatrixVectorActivation_3/MatrixVectorActivation_3/ap_clk]
# connect_bd_intf_net [get_bd_intf_pins MatrixVectorActivation_3/in0_V] [get_bd_intf_pins MatrixVectorActivation_3/MatrixVectorActivation_3/in0_V]
# connect_bd_intf_net [get_bd_intf_pins MatrixVectorActivation_3/out_V] [get_bd_intf_pins MatrixVectorActivation_3/MatrixVectorActivation_3/out_V]
# save_bd_design
Wrote  : </home/miguel_tfg/FINN-v0.9-Stable/notebooks/UAH_example/FINN_build/vivado_stitch_proj_eqmun3br/finn_vivado_stitch_proj.srcs/sources_1/bd/finn_design/finn_design.bd> 
# create_bd_cell -type ip -vlnv xilinx.com:hls:StreamingFIFO_6:1.0 StreamingFIFO_6
# make_bd_pins_external [get_bd_pins StreamingFIFO_0/ap_clk]
# set_property name ap_clk [get_bd_ports ap_clk_0]
# make_bd_pins_external [get_bd_pins StreamingFIFO_0/ap_rst_n]
# set_property name ap_rst_n [get_bd_ports ap_rst_n_0]
# make_bd_pins_external [get_bd_pins StreamingFIFO_0/maxcount]
# set_property name maxcount [get_bd_ports maxcount_0]
# connect_bd_net [get_bd_ports ap_rst_n] [get_bd_pins MatrixVectorActivation_0/ap_rst_n]
# connect_bd_net [get_bd_ports ap_clk] [get_bd_pins MatrixVectorActivation_0/ap_clk]
# connect_bd_intf_net [get_bd_intf_pins StreamingFIFO_0/out_V] [get_bd_intf_pins MatrixVectorActivation_0/in0_V]
# connect_bd_net [get_bd_ports ap_rst_n] [get_bd_pins StreamingFIFO_1/ap_rst_n]
# connect_bd_net [get_bd_ports ap_clk] [get_bd_pins StreamingFIFO_1/ap_clk]
# make_bd_pins_external [get_bd_pins StreamingFIFO_1/maxcount]
# set_property name maxcount [get_bd_ports maxcount_0]
WARNING: [BD 41-159] Requested name '' is already in use, renaming to 'maxcount_1'
# connect_bd_intf_net [get_bd_intf_pins MatrixVectorActivation_0/out_V] [get_bd_intf_pins StreamingFIFO_1/in0_V]
# connect_bd_net [get_bd_ports ap_rst_n] [get_bd_pins StreamingDataWidthConverter_Batch_0/ap_rst_n]
# connect_bd_net [get_bd_ports ap_clk] [get_bd_pins StreamingDataWidthConverter_Batch_0/ap_clk]
# connect_bd_intf_net [get_bd_intf_pins StreamingFIFO_1/out_V] [get_bd_intf_pins StreamingDataWidthConverter_Batch_0/in0_V]
# connect_bd_net [get_bd_ports ap_rst_n] [get_bd_pins StreamingFIFO_2/ap_rst_n]
# connect_bd_net [get_bd_ports ap_clk] [get_bd_pins StreamingFIFO_2/ap_clk]
# make_bd_pins_external [get_bd_pins StreamingFIFO_2/maxcount]
# set_property name maxcount [get_bd_ports maxcount_0]
WARNING: [BD 41-159] Requested name '' is already in use, renaming to 'maxcount_2'
# connect_bd_intf_net [get_bd_intf_pins StreamingDataWidthConverter_Batch_0/out_V] [get_bd_intf_pins StreamingFIFO_2/in0_V]
# connect_bd_net [get_bd_ports ap_rst_n] [get_bd_pins MatrixVectorActivation_1/ap_rst_n]
# connect_bd_net [get_bd_ports ap_clk] [get_bd_pins MatrixVectorActivation_1/ap_clk]
# connect_bd_intf_net [get_bd_intf_pins StreamingFIFO_2/out_V] [get_bd_intf_pins MatrixVectorActivation_1/in0_V]
# connect_bd_net [get_bd_ports ap_rst_n] [get_bd_pins StreamingFIFO_3/ap_rst_n]
# connect_bd_net [get_bd_ports ap_clk] [get_bd_pins StreamingFIFO_3/ap_clk]
# make_bd_pins_external [get_bd_pins StreamingFIFO_3/maxcount]
# set_property name maxcount [get_bd_ports maxcount_0]
WARNING: [BD 41-159] Requested name '' is already in use, renaming to 'maxcount_3'
# connect_bd_intf_net [get_bd_intf_pins MatrixVectorActivation_1/out_V] [get_bd_intf_pins StreamingFIFO_3/in0_V]
# connect_bd_net [get_bd_ports ap_rst_n] [get_bd_pins StreamingDataWidthConverter_Batch_1/ap_rst_n]
# connect_bd_net [get_bd_ports ap_clk] [get_bd_pins StreamingDataWidthConverter_Batch_1/ap_clk]
# connect_bd_intf_net [get_bd_intf_pins StreamingFIFO_3/out_V] [get_bd_intf_pins StreamingDataWidthConverter_Batch_1/in0_V]
# connect_bd_net [get_bd_ports ap_rst_n] [get_bd_pins StreamingFIFO_4/ap_rst_n]
# connect_bd_net [get_bd_ports ap_clk] [get_bd_pins StreamingFIFO_4/ap_clk]
# make_bd_pins_external [get_bd_pins StreamingFIFO_4/maxcount]
# set_property name maxcount [get_bd_ports maxcount_0]
WARNING: [BD 41-159] Requested name '' is already in use, renaming to 'maxcount_4'
# connect_bd_intf_net [get_bd_intf_pins StreamingDataWidthConverter_Batch_1/out_V] [get_bd_intf_pins StreamingFIFO_4/in0_V]
# connect_bd_net [get_bd_ports ap_rst_n] [get_bd_pins MatrixVectorActivation_2/ap_rst_n]
# connect_bd_net [get_bd_ports ap_clk] [get_bd_pins MatrixVectorActivation_2/ap_clk]
# connect_bd_intf_net [get_bd_intf_pins StreamingFIFO_4/out_V] [get_bd_intf_pins MatrixVectorActivation_2/in0_V]
# connect_bd_net [get_bd_ports ap_rst_n] [get_bd_pins StreamingFIFO_5/ap_rst_n]
# connect_bd_net [get_bd_ports ap_clk] [get_bd_pins StreamingFIFO_5/ap_clk]
# make_bd_pins_external [get_bd_pins StreamingFIFO_5/maxcount]
# set_property name maxcount [get_bd_ports maxcount_0]
WARNING: [BD 41-159] Requested name '' is already in use, renaming to 'maxcount_5'
# connect_bd_intf_net [get_bd_intf_pins MatrixVectorActivation_2/out_V] [get_bd_intf_pins StreamingFIFO_5/in0_V]
# connect_bd_net [get_bd_ports ap_rst_n] [get_bd_pins MatrixVectorActivation_3/ap_rst_n]
# connect_bd_net [get_bd_ports ap_clk] [get_bd_pins MatrixVectorActivation_3/ap_clk]
# connect_bd_intf_net [get_bd_intf_pins StreamingFIFO_5/out_V] [get_bd_intf_pins MatrixVectorActivation_3/in0_V]
# connect_bd_net [get_bd_ports ap_rst_n] [get_bd_pins StreamingFIFO_6/ap_rst_n]
# connect_bd_net [get_bd_ports ap_clk] [get_bd_pins StreamingFIFO_6/ap_clk]
# make_bd_pins_external [get_bd_pins StreamingFIFO_6/maxcount]
# set_property name maxcount [get_bd_ports maxcount_0]
WARNING: [BD 41-159] Requested name '' is already in use, renaming to 'maxcount_6'
# connect_bd_intf_net [get_bd_intf_pins MatrixVectorActivation_3/out_V] [get_bd_intf_pins StreamingFIFO_6/in0_V]
# make_bd_intf_pins_external [get_bd_intf_pins StreamingFIFO_0/in0_V]
# set_property name s_axis_0 [get_bd_intf_ports in0_V_0]
# make_bd_intf_pins_external [get_bd_intf_pins StreamingFIFO_6/out_V]
# set_property name m_axis_0 [get_bd_intf_ports out_V_0]
# set_property CONFIG.FREQ_HZ 100000000.000000 [get_bd_ports /ap_clk]
# regenerate_bd_layout
# validate_bd_design
WARNING: [BD 41-927] Following properties on pin /MatrixVectorActivation_0/MatrixVectorActivation_0_wstrm/aclk have been updated from connected ip, but BD cell '/MatrixVectorActivation_0/MatrixVectorActivation_0_wstrm' does not accept parameter changes, so they may not be synchronized with cell properties:
	FREQ_HZ = 100000000.000000 
Please resolve any mismatches by directly setting properties on BD cell </MatrixVectorActivation_0/MatrixVectorActivation_0_wstrm> to completely resolve these warnings.
WARNING: [BD 41-927] Following properties on pin /MatrixVectorActivation_1/MatrixVectorActivation_1_wstrm/aclk have been updated from connected ip, but BD cell '/MatrixVectorActivation_1/MatrixVectorActivation_1_wstrm' does not accept parameter changes, so they may not be synchronized with cell properties:
	FREQ_HZ = 100000000.000000 
Please resolve any mismatches by directly setting properties on BD cell </MatrixVectorActivation_1/MatrixVectorActivation_1_wstrm> to completely resolve these warnings.
WARNING: [BD 41-927] Following properties on pin /MatrixVectorActivation_2/MatrixVectorActivation_2_wstrm/aclk have been updated from connected ip, but BD cell '/MatrixVectorActivation_2/MatrixVectorActivation_2_wstrm' does not accept parameter changes, so they may not be synchronized with cell properties:
	FREQ_HZ = 100000000.000000 
Please resolve any mismatches by directly setting properties on BD cell </MatrixVectorActivation_2/MatrixVectorActivation_2_wstrm> to completely resolve these warnings.
WARNING: [BD 41-927] Following properties on pin /MatrixVectorActivation_3/MatrixVectorActivation_3_wstrm/aclk have been updated from connected ip, but BD cell '/MatrixVectorActivation_3/MatrixVectorActivation_3_wstrm' does not accept parameter changes, so they may not be synchronized with cell properties:
	FREQ_HZ = 100000000.000000 
Please resolve any mismatches by directly setting properties on BD cell </MatrixVectorActivation_3/MatrixVectorActivation_3_wstrm> to completely resolve these warnings.
# save_bd_design
Wrote  : </home/miguel_tfg/FINN-v0.9-Stable/notebooks/UAH_example/FINN_build/vivado_stitch_proj_eqmun3br/finn_vivado_stitch_proj.srcs/sources_1/bd/finn_design/finn_design.bd> 
# make_wrapper -files [get_files /home/miguel_tfg/FINN-v0.9-Stable/notebooks/UAH_example/FINN_build/vivado_stitch_proj_eqmun3br/finn_vivado_stitch_proj.srcs/sources_1/bd/finn_design/finn_design.bd] -top
INFO: [BD 41-1662] The design 'finn_design.bd' is already validated. Therefore parameter propagation will not be re-run.
Verilog Output written to : /home/miguel_tfg/FINN-v0.9-Stable/notebooks/UAH_example/FINN_build/vivado_stitch_proj_eqmun3br/finn_vivado_stitch_proj.gen/sources_1/bd/finn_design/synth/finn_design.v
Verilog Output written to : /home/miguel_tfg/FINN-v0.9-Stable/notebooks/UAH_example/FINN_build/vivado_stitch_proj_eqmun3br/finn_vivado_stitch_proj.gen/sources_1/bd/finn_design/sim/finn_design.v
Verilog Output written to : /home/miguel_tfg/FINN-v0.9-Stable/notebooks/UAH_example/FINN_build/vivado_stitch_proj_eqmun3br/finn_vivado_stitch_proj.gen/sources_1/bd/finn_design/hdl/finn_design_wrapper.v
# add_files -norecurse /home/miguel_tfg/FINN-v0.9-Stable/notebooks/UAH_example/FINN_build/vivado_stitch_proj_eqmun3br/finn_vivado_stitch_proj.srcs/sources_1/bd/finn_design/hdl/finn_design_wrapper.v
INFO: [Project 1-1716] Could not find the wrapper file /home/miguel_tfg/FINN-v0.9-Stable/notebooks/UAH_example/FINN_build/vivado_stitch_proj_eqmun3br/finn_vivado_stitch_proj.srcs/sources_1/bd/finn_design/hdl/finn_design_wrapper.v, checking in project .gen location instead.
INFO: [Vivado 12-12390] Found file /home/miguel_tfg/FINN-v0.9-Stable/notebooks/UAH_example/FINN_build/vivado_stitch_proj_eqmun3br/finn_vivado_stitch_proj.gen/sources_1/bd/finn_design/hdl/finn_design_wrapper.v, adding it to Project
# set_property top finn_design_wrapper [current_fileset]
# ipx::package_project -root_dir /home/miguel_tfg/FINN-v0.9-Stable/notebooks/UAH_example/FINN_build/vivado_stitch_proj_eqmun3br/ip -vendor xilinx_finn -library finn -taxonomy /UserIP -module finn_design -import_files
INFO: [BD 41-1662] The design 'finn_design.bd' is already validated. Therefore parameter propagation will not be re-run.
Verilog Output written to : /home/miguel_tfg/FINN-v0.9-Stable/notebooks/UAH_example/FINN_build/vivado_stitch_proj_eqmun3br/finn_vivado_stitch_proj.gen/sources_1/bd/finn_design/synth/finn_design.v
Verilog Output written to : /home/miguel_tfg/FINN-v0.9-Stable/notebooks/UAH_example/FINN_build/vivado_stitch_proj_eqmun3br/finn_vivado_stitch_proj.gen/sources_1/bd/finn_design/sim/finn_design.v
Verilog Output written to : /home/miguel_tfg/FINN-v0.9-Stable/notebooks/UAH_example/FINN_build/vivado_stitch_proj_eqmun3br/finn_vivado_stitch_proj.gen/sources_1/bd/finn_design/hdl/finn_design_wrapper.v
INFO: [BD 41-1029] Generation completed for the IP Integrator block StreamingFIFO_0 .
INFO: [BD 41-1029] Generation completed for the IP Integrator block MatrixVectorActivation_0/MatrixVectorActivation_0 .
INFO: [BD 41-1029] Generation completed for the IP Integrator block MatrixVectorActivation_0/MatrixVectorActivation_0_wstrm .
INFO: [BD 41-1029] Generation completed for the IP Integrator block StreamingFIFO_1 .
INFO: [BD 41-1029] Generation completed for the IP Integrator block StreamingDataWidthConverter_Batch_0/dwc .
INFO: [BD 41-1029] Generation completed for the IP Integrator block StreamingFIFO_2 .
INFO: [BD 41-1029] Generation completed for the IP Integrator block MatrixVectorActivation_1/MatrixVectorActivation_1 .
INFO: [BD 41-1029] Generation completed for the IP Integrator block MatrixVectorActivation_1/MatrixVectorActivation_1_wstrm .
INFO: [BD 41-1029] Generation completed for the IP Integrator block StreamingFIFO_3 .
INFO: [BD 41-1029] Generation completed for the IP Integrator block StreamingDataWidthConverter_Batch_1/dwc .
INFO: [BD 41-1029] Generation completed for the IP Integrator block StreamingFIFO_4 .
INFO: [BD 41-1029] Generation completed for the IP Integrator block MatrixVectorActivation_2/MatrixVectorActivation_2 .
INFO: [BD 41-1029] Generation completed for the IP Integrator block MatrixVectorActivation_2/MatrixVectorActivation_2_wstrm .
INFO: [BD 41-1029] Generation completed for the IP Integrator block StreamingFIFO_5 .
INFO: [BD 41-1029] Generation completed for the IP Integrator block MatrixVectorActivation_3/MatrixVectorActivation_3 .
INFO: [BD 41-1029] Generation completed for the IP Integrator block MatrixVectorActivation_3/MatrixVectorActivation_3_wstrm .
INFO: [BD 41-1029] Generation completed for the IP Integrator block StreamingFIFO_6 .
Exporting to file /home/miguel_tfg/FINN-v0.9-Stable/notebooks/UAH_example/FINN_build/vivado_stitch_proj_eqmun3br/finn_vivado_stitch_proj.gen/sources_1/bd/finn_design/hw_handoff/finn_design.hwh
Generated Hardware Definition File /home/miguel_tfg/FINN-v0.9-Stable/notebooks/UAH_example/FINN_build/vivado_stitch_proj_eqmun3br/finn_vivado_stitch_proj.gen/sources_1/bd/finn_design/synth/finn_design.hwdef
CRITICAL WARNING: [IP_Flow 19-5234] Found an invalid attribute: 'Misformed interface info attr: xilinx.com:interface:axis:1.0 m_axis_0'
CRITICAL WARNING: [IP_Flow 19-5234] Found an invalid attribute: 'Misformed interface info attr: xilinx.com:interface:axis:1.0 m_axis_0'
CRITICAL WARNING: [IP_Flow 19-5234] Found an invalid attribute: 'Misformed interface info attr: xilinx.com:interface:axis:1.0 m_axis_0'
CRITICAL WARNING: [IP_Flow 19-5234] Found an invalid attribute: 'Misformed interface info attr: xilinx.com:interface:axis:1.0 s_axis_0'
CRITICAL WARNING: [IP_Flow 19-5234] Found an invalid attribute: 'Misformed interface info attr: xilinx.com:interface:axis:1.0 s_axis_0'
CRITICAL WARNING: [IP_Flow 19-5234] Found an invalid attribute: 'Misformed interface info attr: xilinx.com:interface:axis:1.0 s_axis_0'
INFO: [IP_Flow 19-7067] Note that bus interface 's_axis_0' has a fixed FREQ_HZ of '100000000.000000'. This value will be respected whenever this IP is instantiated in IP Integrator.
INFO: [IP_Flow 19-7067] Note that bus interface 'm_axis_0' has a fixed FREQ_HZ of '100000000.000000'. This value will be respected whenever this IP is instantiated in IP Integrator.
INFO: [IP_Flow 19-7067] Note that bus interface 'CLK.AP_CLK' has a fixed FREQ_HZ of '100000000.000000'. This value will be respected whenever this IP is instantiated in IP Integrator.
WARNING: [IP_Flow 19-3157] Bus Interface 'RST.AP_RST_N': Bus parameter POLARITY is ACTIVE_LOW but port 'ap_rst_n' is not *resetn - please double check the POLARITY setting.
INFO: [IP_Flow 19-2181] Payment Required is not set for this core.
INFO: [IP_Flow 19-2187] The Product Guide file is missing.
# ipx::remove_segment -quiet m_axi_gmem0:APERTURE_0 [ipx::get_address_spaces m_axi_gmem0 -of_objects [ipx::current_core]]
# set_property core_revision 2 [ipx::find_open_core xilinx_finn:finn:finn_design:1.0]
# ipx::create_xgui_files [ipx::find_open_core xilinx_finn:finn:finn_design:1.0]
# set_property value_resolve_type user [ipx::get_bus_parameters -of [ipx::get_bus_interfaces -of [ipx::current_core ]]]
# file copy -force data ip/
# ipx::add_file_group -type software_driver {} [ipx::current_core]
# set_property type mdd [ipx::add_file data/finn_design.mdd [ipx::get_file_groups xilinx_softwaredriver -of_objects [ipx::current_core]]]
# set_property type tclSource [ipx::add_file data/finn_design.tcl [ipx::get_file_groups xilinx_softwaredriver -of_objects [ipx::current_core]]]
# ipx::update_checksums [ipx::find_open_core xilinx_finn:finn:finn_design:1.0]
# ipx::save_core [ipx::find_open_core xilinx_finn:finn:finn_design:1.0]
# set all_v_files [get_files -filter {USED_IN_SYNTHESIS == 1 && (FILE_TYPE == Verilog || FILE_TYPE == SystemVerilog || FILE_TYPE =="Verilog Header")}]
# set fp [open /home/miguel_tfg/FINN-v0.9-Stable/notebooks/UAH_example/FINN_build/vivado_stitch_proj_eqmun3br/all_verilog_srcs.txt w]
# foreach vf $all_v_files {puts $fp $vf}
# close $fp
INFO: [Common 17-206] Exiting Vivado at Tue Jun 16 08:27:42 2026...
